#-----------------------------------------------------------
# Vivado v2015.2 (64-bit)
# SW Build 1266856 on Fri Jun 26 16:35:25 MDT 2015
# IP Build 1264090 on Wed Jun 24 14:22:01 MDT 2015
# Start of session at: Sat Apr 14 10:59:27 2018
# Process ID: 25844
# Log file: /home/cmstestbeam/ots/otsdaq-firmware/cactus/projects/nim_plus_x/vivado.log
# Journal file: /home/cmstestbeam/ots/otsdaq-firmware/cactus/projects/nim_plus_x/vivado.jou
#-----------------------------------------------------------
start_gui
open_project /home/cmstestbeam/ots/otsdaq-firmware/cactus/projects/nim_plus_x/top/top.xpr
Scanning sources...
Finished scanning sources
INFO: [IP_Flow 19-234] Refreshing IP repositories
INFO: [IP_Flow 19-1704] No user IP repositories specified
INFO: [IP_Flow 19-2313] Loaded Vivado IP repository '/opt/local/xilinx/Vivado/2015.2/data/ip'.
launch_runs impl_1 -jobs 4
[Sat Apr 14 11:01:13 2018] Launched synth_1...
Run output will be captured here: /home/cmstestbeam/ots/otsdaq-firmware/cactus/projects/nim_plus_x/top/top.runs/synth_1/runme.log
[Sat Apr 14 11:01:13 2018] Launched impl_1...
Run output will be captured here: /home/cmstestbeam/ots/otsdaq-firmware/cactus/projects/nim_plus_x/top/top.runs/impl_1/runme.log
launch_runs impl_1 -to_step write_bitstream -jobs 4
[Sat Apr 14 11:16:43 2018] Launched impl_1...
Run output will be captured here: /home/cmstestbeam/ots/otsdaq-firmware/cactus/projects/nim_plus_x/top/top.runs/impl_1/runme.log
reset_run synth_1
launch_runs impl_1 -jobs 4
[Sat Apr 14 11:17:55 2018] Launched synth_1...
Run output will be captured here: /home/cmstestbeam/ots/otsdaq-firmware/cactus/projects/nim_plus_x/top/top.runs/synth_1/runme.log
[Sat Apr 14 11:17:55 2018] Launched impl_1...
Run output will be captured here: /home/cmstestbeam/ots/otsdaq-firmware/cactus/projects/nim_plus_x/top/top.runs/impl_1/runme.log
reset_run synth_1
launch_runs impl_1 -jobs 4
[Sat Apr 14 11:22:00 2018] Launched synth_1...
Run output will be captured here: /home/cmstestbeam/ots/otsdaq-firmware/cactus/projects/nim_plus_x/top/top.runs/synth_1/runme.log
[Sat Apr 14 11:22:00 2018] Launched impl_1...
Run output will be captured here: /home/cmstestbeam/ots/otsdaq-firmware/cactus/projects/nim_plus_x/top/top.runs/impl_1/runme.log
reset_run synth_1
launch_runs impl_1 -jobs 4
[Sat Apr 14 11:27:42 2018] Launched synth_1...
Run output will be captured here: /home/cmstestbeam/ots/otsdaq-firmware/cactus/projects/nim_plus_x/top/top.runs/synth_1/runme.log
[Sat Apr 14 11:27:42 2018] Launched impl_1...
Run output will be captured here: /home/cmstestbeam/ots/otsdaq-firmware/cactus/projects/nim_plus_x/top/top.runs/impl_1/runme.log
launch_runs impl_1 -to_step write_bitstream -jobs 4
[Sat Apr 14 11:32:47 2018] Launched impl_1...
Run output will be captured here: /home/cmstestbeam/ots/otsdaq-firmware/cactus/projects/nim_plus_x/top/top.runs/impl_1/runme.log
