#-----------------------------------------------------------
# Vivado v2015.2 (64-bit)
# SW Build 1266856 on Fri Jun 26 16:35:25 MDT 2015
# IP Build 1264090 on Wed Jun 24 14:22:01 MDT 2015
# Start of session at: Fri Mar 22 15:04:30 2019
# Process ID: 26219
# Log file: /home/rrivera/ots/srcs/otsdaq-firmware/cactus/projects/nim_plus_x_320/vivado.log
# Journal file: /home/rrivera/ots/srcs/otsdaq-firmware/cactus/projects/nim_plus_x_320/vivado.jou
#-----------------------------------------------------------
start_gui
open_project top/top.xpr
Scanning sources...
Finished scanning sources
INFO: [IP_Flow 19-234] Refreshing IP repositories
INFO: [IP_Flow 19-1704] No user IP repositories specified
INFO: [IP_Flow 19-2313] Loaded Vivado IP repository '/opt/local/xilinx/Vivado/2015.2/data/ip'.
open_project: Time (s): cpu = 00:00:18 ; elapsed = 00:00:06 . Memory (MB): peak = 5978.035 ; gain = 172.906 ; free physical = 17707 ; free virtual = 57179
close_project
****** Webtalk v2015.2 (64-bit)
  **** SW Build 1266856 on Fri Jun 26 16:35:25 MDT 2015
  **** IP Build 1264090 on Wed Jun 24 14:22:01 MDT 2015
    ** Copyright 1986-2015 Xilinx, Inc. All Rights Reserved.

source /home/rrivera/ots/srcs/otsdaq-firmware/cactus/projects/nim_plus_x_320/top/top.hw/webtalk/labtool_webtalk.tcl -notrace
INFO: [Common 17-186] '/home/rrivera/ots/srcs/otsdaq-firmware/cactus/projects/nim_plus_x_320/top/top.hw/webtalk/usage_statistics_ext_labtool.xml' has been successfully sent to Xilinx on Fri Mar 22 15:37:33 2019. For additional details about this file, please refer to the WebTalk help file at /opt/local/xilinx/Vivado/2015.2/doc/webtalk_introduction.html.
INFO: [Common 17-206] Exiting Webtalk at Fri Mar 22 15:37:33 2019...
open_project /home/rrivera/ots/srcs/otsdaq-firmware/cactus/projects/ftbf/kc705_strip_module/top/top.xpr
Scanning sources...
Finished scanning sources
INFO: [IP_Flow 19-234] Refreshing IP repositories
INFO: [IP_Flow 19-1704] No user IP repositories specified
INFO: [IP_Flow 19-2313] Loaded Vivado IP repository '/opt/local/xilinx/Vivado/2015.2/data/ip'.
add_files -norecurse /home/rrivera/ots/srcs/otsdaq-firmware/cactus/projects/ftbf/kc705_strip_module/eth_source/fifo.vhd
reset_run synth_1
launch_runs impl_1 -to_step write_bitstream -jobs 6
[Fri Mar 22 16:12:39 2019] Launched synth_1...
Run output will be captured here: /home/rrivera/ots/srcs/otsdaq-firmware/cactus/projects/ftbf/kc705_strip_module/top/top.runs/synth_1/runme.log
[Fri Mar 22 16:12:39 2019] Launched impl_1...
Run output will be captured here: /home/rrivera/ots/srcs/otsdaq-firmware/cactus/projects/ftbf/kc705_strip_module/top/top.runs/impl_1/runme.log
reset_run synth_1
launch_runs impl_1 -to_step write_bitstream -jobs 6
[Fri Mar 22 16:13:40 2019] Launched synth_1...
Run output will be captured here: /home/rrivera/ots/srcs/otsdaq-firmware/cactus/projects/ftbf/kc705_strip_module/top/top.runs/synth_1/runme.log
[Fri Mar 22 16:13:40 2019] Launched impl_1...
Run output will be captured here: /home/rrivera/ots/srcs/otsdaq-firmware/cactus/projects/ftbf/kc705_strip_module/top/top.runs/impl_1/runme.log
reset_run synth_1
launch_runs impl_1 -to_step write_bitstream -jobs 6
[Fri Mar 22 16:14:09 2019] Launched synth_1...
Run output will be captured here: /home/rrivera/ots/srcs/otsdaq-firmware/cactus/projects/ftbf/kc705_strip_module/top/top.runs/synth_1/runme.log
[Fri Mar 22 16:14:09 2019] Launched impl_1...
Run output will be captured here: /home/rrivera/ots/srcs/otsdaq-firmware/cactus/projects/ftbf/kc705_strip_module/top/top.runs/impl_1/runme.log
reset_run synth_1
launch_runs impl_1 -to_step write_bitstream -jobs 6
[Fri Mar 22 16:16:20 2019] Launched synth_1...
Run output will be captured here: /home/rrivera/ots/srcs/otsdaq-firmware/cactus/projects/ftbf/kc705_strip_module/top/top.runs/synth_1/runme.log
[Fri Mar 22 16:16:20 2019] Launched impl_1...
Run output will be captured here: /home/rrivera/ots/srcs/otsdaq-firmware/cactus/projects/ftbf/kc705_strip_module/top/top.runs/impl_1/runme.log
open_run impl_1
INFO: [Netlist 29-17] Analyzing 2125 Unisim elements for replacement
INFO: [Netlist 29-28] Unisim Transformation completed in 1 CPU seconds
INFO: [Project 1-479] Netlist was created with Vivado 2015.2
INFO: [Device 21-403] Loading part xc7k325tffg900-2
INFO: [Project 1-570] Preparing netlist for logic optimization
WARNING: [Constraints 18-1079] Register strip_imp/G[0].strip_fifo_imp/fifo_imp/U0/inst_fifo_gen/gconvfifo.rf/gbi.bi/g7ser_birst.rstbt/rsync.ric.wr_rst_reg_reg and strip_imp/G[0].strip_fifo_imp/fifo_imp/U0/inst_fifo_gen/gconvfifo.rf/gbi.bi/g7ser_birst.rstbt/rsync.ric.wr_rst_fb_reg[4] are from the same synchronizer and have the ASYNC_REG property set, but could not be placed into the same slice due to constraints or mismatched control signals on the registers.
WARNING: [Constraints 18-1079] Register strip_imp/G[1].strip_fifo_imp/fifo_imp/U0/inst_fifo_gen/gconvfifo.rf/gbi.bi/g7ser_birst.rstbt/rsync.ric.wr_rst_reg_reg and strip_imp/G[1].strip_fifo_imp/fifo_imp/U0/inst_fifo_gen/gconvfifo.rf/gbi.bi/g7ser_birst.rstbt/rsync.ric.wr_rst_fb_reg[4] are from the same synchronizer and have the ASYNC_REG property set, but could not be placed into the same slice due to constraints or mismatched control signals on the registers.
WARNING: [Constraints 18-1079] Register strip_imp/trigprim0_imp/fifo_imp/U0/inst_fifo_gen/gconvfifo.rf/gbi.bi/g7ser_birst.rstbt/rsync.ric.wr_rst_reg_reg and strip_imp/trigprim0_imp/fifo_imp/U0/inst_fifo_gen/gconvfifo.rf/gbi.bi/g7ser_birst.rstbt/rsync.ric.wr_rst_fb_reg[4] are from the same synchronizer and have the ASYNC_REG property set, but could not be placed into the same slice due to constraints or mismatched control signals on the registers.
WARNING: [Constraints 18-1079] Register strip_imp/trigprim1_imp/fifo_imp/U0/inst_fifo_gen/gconvfifo.rf/gbi.bi/g7ser_birst.rstbt/rsync.ric.wr_rst_reg_reg and strip_imp/trigprim1_imp/fifo_imp/U0/inst_fifo_gen/gconvfifo.rf/gbi.bi/g7ser_birst.rstbt/rsync.ric.wr_rst_fb_reg[4] are from the same synchronizer and have the ASYNC_REG property set, but could not be placed into the same slice due to constraints or mismatched control signals on the registers.
WARNING: [Constraints 18-1079] Register strip_imp/trigprim2_imp/fifo_imp/U0/inst_fifo_gen/gconvfifo.rf/gbi.bi/g7ser_birst.rstbt/rsync.ric.wr_rst_reg_reg and strip_imp/trigprim2_imp/fifo_imp/U0/inst_fifo_gen/gconvfifo.rf/gbi.bi/g7ser_birst.rstbt/rsync.ric.wr_rst_fb_reg[4] are from the same synchronizer and have the ASYNC_REG property set, but could not be placed into the same slice due to constraints or mismatched control signals on the registers.
WARNING: [Constraints 18-1079] Register strip_imp/trigprim3_imp/fifo_imp/U0/inst_fifo_gen/gconvfifo.rf/gbi.bi/g7ser_birst.rstbt/rsync.ric.wr_rst_reg_reg and strip_imp/trigprim3_imp/fifo_imp/U0/inst_fifo_gen/gconvfifo.rf/gbi.bi/g7ser_birst.rstbt/rsync.ric.wr_rst_fb_reg[4] are from the same synchronizer and have the ASYNC_REG property set, but could not be placed into the same slice due to constraints or mismatched control signals on the registers.
WARNING: [Constraints 18-1079] Register strip_imp/trigproc_imp/fifo_imp/U0/inst_fifo_gen/gconvfifo.rf/gbi.bi/g7ser_birst.rstbt/rsync.ric.wr_rst_reg_reg and strip_imp/trigproc_imp/fifo_imp/U0/inst_fifo_gen/gconvfifo.rf/gbi.bi/g7ser_birst.rstbt/rsync.ric.wr_rst_fb_reg[4] are from the same synchronizer and have the ASYNC_REG property set, but could not be placed into the same slice due to constraints or mismatched control signals on the registers.
WARNING: [Constraints 18-1079] Register stackGen[0].fifo_imp/U0/inst_fifo_gen/gconvfifo.rf/gbi.bi/g7ser_birst.rstbt/rsync.ric.wr_rst_reg_reg and stackGen[0].fifo_imp/U0/inst_fifo_gen/gconvfifo.rf/gbi.bi/g7ser_birst.rstbt/rsync.ric.wr_rst_fb_reg[4] are from the same synchronizer and have the ASYNC_REG property set, but could not be placed into the same slice due to constraints or mismatched control signals on the registers.
Parsing XDC File [/home/rrivera/ots/srcs/otsdaq-firmware/cactus/projects/nim_plus_x_320/.Xil/Vivado-26219-rulinux03.dhcp.fnal.gov/dcp/top_early.xdc]
Finished Parsing XDC File [/home/rrivera/ots/srcs/otsdaq-firmware/cactus/projects/nim_plus_x_320/.Xil/Vivado-26219-rulinux03.dhcp.fnal.gov/dcp/top_early.xdc]
Parsing XDC File [/home/rrivera/ots/srcs/otsdaq-firmware/cactus/projects/nim_plus_x_320/.Xil/Vivado-26219-rulinux03.dhcp.fnal.gov/dcp/top.xdc]
INFO: [Timing 38-35] Done setting XDC timing constraints. [/home/rrivera/ots/srcs/otsdaq-firmware/cactus/projects/ftbf/kc705_strip_module/top/top.srcs/constrs_1/imports/ucf/clock_constraints.tcl:28]
INFO: [Timing 38-2] Deriving generated clocks [/home/rrivera/ots/srcs/otsdaq-firmware/cactus/projects/ftbf/kc705_strip_module/top/top.srcs/constrs_1/imports/ucf/clock_constraints.tcl:28]
WARNING: [Vivado 12-627] No clocks matched 'MCLK_MULT3_strips_mclk_mmcm'. [/home/rrivera/ots/srcs/otsdaq-firmware/cactus/projects/ftbf/kc705_strip_module/top/top.srcs/constrs_1/imports/ucf/clock_constraints.tcl:28]
get_clocks: Time (s): cpu = 00:00:13 ; elapsed = 00:00:10 . Memory (MB): peak = 7042.770 ; gain = 576.672 ; free physical = 16765 ; free virtual = 56310
WARNING: [Vivado 12-627] No clocks matched 'MCLK_MULT3_strips_mclk_mmcm'. [/home/rrivera/ots/srcs/otsdaq-firmware/cactus/projects/ftbf/kc705_strip_module/top/top.srcs/constrs_1/imports/ucf/clock_constraints.tcl:29]
WARNING: [Constraints 18-401] set_max_delay: 'strip_imp/write_data[11]_i_21' is not a valid endpoint. [/home/rrivera/ots/srcs/otsdaq-firmware/cactus/projects/ftbf/kc705_strip_module/top/top.srcs/constrs_1/imports/ucf/clock_constraints.tcl:39]
Resolution: A valid end point is a data pin of a sequential cell or a primary output or inout port. Please validate that all the objects returned by your query belong to this list.
WARNING: [Constraints 18-401] set_max_delay: 'strip_imp/write_data[11]_i_20' is not a valid endpoint. [/home/rrivera/ots/srcs/otsdaq-firmware/cactus/projects/ftbf/kc705_strip_module/top/top.srcs/constrs_1/imports/ucf/clock_constraints.tcl:39]
Resolution: A valid end point is a data pin of a sequential cell or a primary output or inout port. Please validate that all the objects returned by your query belong to this list.
WARNING: [Constraints 18-401] set_max_delay: 'strip_imp/write_data[11]_i_2' is not a valid endpoint. [/home/rrivera/ots/srcs/otsdaq-firmware/cactus/projects/ftbf/kc705_strip_module/top/top.srcs/constrs_1/imports/ucf/clock_constraints.tcl:39]
Resolution: A valid end point is a data pin of a sequential cell or a primary output or inout port. Please validate that all the objects returned by your query belong to this list.
WARNING: [Constraints 18-401] set_max_delay: 'strip_imp/write_data[11]_i_19' is not a valid endpoint. [/home/rrivera/ots/srcs/otsdaq-firmware/cactus/projects/ftbf/kc705_strip_module/top/top.srcs/constrs_1/imports/ucf/clock_constraints.tcl:39]
Resolution: A valid end point is a data pin of a sequential cell or a primary output or inout port. Please validate that all the objects returned by your query belong to this list.
WARNING: [Constraints 18-401] set_max_delay: 'strip_imp/write_data[11]_i_18' is not a valid endpoint. [/home/rrivera/ots/srcs/otsdaq-firmware/cactus/projects/ftbf/kc705_strip_module/top/top.srcs/constrs_1/imports/ucf/clock_constraints.tcl:39]
Resolution: A valid end point is a data pin of a sequential cell or a primary output or inout port. Please validate that all the objects returned by your query belong to this list.
WARNING: [Constraints 18-401] set_max_delay: 'strip_imp/write_data[11]_i_17' is not a valid endpoint. [/home/rrivera/ots/srcs/otsdaq-firmware/cactus/projects/ftbf/kc705_strip_module/top/top.srcs/constrs_1/imports/ucf/clock_constraints.tcl:39]
Resolution: A valid end point is a data pin of a sequential cell or a primary output or inout port. Please validate that all the objects returned by your query belong to this list.
WARNING: [Constraints 18-401] set_max_delay: 'strip_imp/write_data[11]_i_15' is not a valid endpoint. [/home/rrivera/ots/srcs/otsdaq-firmware/cactus/projects/ftbf/kc705_strip_module/top/top.srcs/constrs_1/imports/ucf/clock_constraints.tcl:39]
Resolution: A valid end point is a data pin of a sequential cell or a primary output or inout port. Please validate that all the objects returned by your query belong to this list.
WARNING: [Constraints 18-401] set_max_delay: 'strip_imp/write_data[11]_i_14' is not a valid endpoint. [/home/rrivera/ots/srcs/otsdaq-firmware/cactus/projects/ftbf/kc705_strip_module/top/top.srcs/constrs_1/imports/ucf/clock_constraints.tcl:39]
Resolution: A valid end point is a data pin of a sequential cell or a primary output or inout port. Please validate that all the objects returned by your query belong to this list.
WARNING: [Constraints 18-401] set_max_delay: 'strip_imp/write_data[11]_i_13' is not a valid endpoint. [/home/rrivera/ots/srcs/otsdaq-firmware/cactus/projects/ftbf/kc705_strip_module/top/top.srcs/constrs_1/imports/ucf/clock_constraints.tcl:39]
Resolution: A valid end point is a data pin of a sequential cell or a primary output or inout port. Please validate that all the objects returned by your query belong to this list.
WARNING: [Constraints 18-401] set_max_delay: 'strip_imp/write_data[11]_i_12' is not a valid endpoint. [/home/rrivera/ots/srcs/otsdaq-firmware/cactus/projects/ftbf/kc705_strip_module/top/top.srcs/constrs_1/imports/ucf/clock_constraints.tcl:39]
Resolution: A valid end point is a data pin of a sequential cell or a primary output or inout port. Please validate that all the objects returned by your query belong to this list.
WARNING: [Constraints 18-401] set_max_delay: 'strip_imp/write_data[11]_i_10' is not a valid endpoint. [/home/rrivera/ots/srcs/otsdaq-firmware/cactus/projects/ftbf/kc705_strip_module/top/top.srcs/constrs_1/imports/ucf/clock_constraints.tcl:39]
Resolution: A valid end point is a data pin of a sequential cell or a primary output or inout port. Please validate that all the objects returned by your query belong to this list.
WARNING: [Constraints 18-401] set_max_delay: 'strip_imp/write_data[10]_i_9' is not a valid endpoint. [/home/rrivera/ots/srcs/otsdaq-firmware/cactus/projects/ftbf/kc705_strip_module/top/top.srcs/constrs_1/imports/ucf/clock_constraints.tcl:39]
Resolution: A valid end point is a data pin of a sequential cell or a primary output or inout port. Please validate that all the objects returned by your query belong to this list.
WARNING: [Constraints 18-401] set_max_delay: 'strip_imp/write_data[10]_i_8' is not a valid endpoint. [/home/rrivera/ots/srcs/otsdaq-firmware/cactus/projects/ftbf/kc705_strip_module/top/top.srcs/constrs_1/imports/ucf/clock_constraints.tcl:39]
Resolution: A valid end point is a data pin of a sequential cell or a primary output or inout port. Please validate that all the objects returned by your query belong to this list.
WARNING: [Constraints 18-401] set_max_delay: 'strip_imp/write_data[10]_i_7' is not a valid endpoint. [/home/rrivera/ots/srcs/otsdaq-firmware/cactus/projects/ftbf/kc705_strip_module/top/top.srcs/constrs_1/imports/ucf/clock_constraints.tcl:39]
Resolution: A valid end point is a data pin of a sequential cell or a primary output or inout port. Please validate that all the objects returned by your query belong to this list.
WARNING: [Constraints 18-401] set_max_delay: 'strip_imp/write_data[10]_i_5' is not a valid endpoint. [/home/rrivera/ots/srcs/otsdaq-firmware/cactus/projects/ftbf/kc705_strip_module/top/top.srcs/constrs_1/imports/ucf/clock_constraints.tcl:39]
Resolution: A valid end point is a data pin of a sequential cell or a primary output or inout port. Please validate that all the objects returned by your query belong to this list.
WARNING: [Constraints 18-401] set_max_delay: 'strip_imp/write_data[10]_i_33' is not a valid endpoint. [/home/rrivera/ots/srcs/otsdaq-firmware/cactus/projects/ftbf/kc705_strip_module/top/top.srcs/constrs_1/imports/ucf/clock_constraints.tcl:39]
Resolution: A valid end point is a data pin of a sequential cell or a primary output or inout port. Please validate that all the objects returned by your query belong to this list.
WARNING: [Constraints 18-401] set_max_delay: 'strip_imp/write_data[10]_i_32' is not a valid endpoint. [/home/rrivera/ots/srcs/otsdaq-firmware/cactus/projects/ftbf/kc705_strip_module/top/top.srcs/constrs_1/imports/ucf/clock_constraints.tcl:39]
Resolution: A valid end point is a data pin of a sequential cell or a primary output or inout port. Please validate that all the objects returned by your query belong to this list.
WARNING: [Constraints 18-401] set_max_delay: 'strip_imp/write_data[10]_i_31' is not a valid endpoint. [/home/rrivera/ots/srcs/otsdaq-firmware/cactus/projects/ftbf/kc705_strip_module/top/top.srcs/constrs_1/imports/ucf/clock_constraints.tcl:39]
Resolution: A valid end point is a data pin of a sequential cell or a primary output or inout port. Please validate that all the objects returned by your query belong to this list.
WARNING: [Constraints 18-401] set_max_delay: 'strip_imp/write_data[10]_i_3' is not a valid endpoint. [/home/rrivera/ots/srcs/otsdaq-firmware/cactus/projects/ftbf/kc705_strip_module/top/top.srcs/constrs_1/imports/ucf/clock_constraints.tcl:39]
Resolution: A valid end point is a data pin of a sequential cell or a primary output or inout port. Please validate that all the objects returned by your query belong to this list.
WARNING: [Constraints 18-401] set_max_delay: 'strip_imp/write_data[10]_i_24' is not a valid endpoint. [/home/rrivera/ots/srcs/otsdaq-firmware/cactus/projects/ftbf/kc705_strip_module/top/top.srcs/constrs_1/imports/ucf/clock_constraints.tcl:39]
Resolution: A valid end point is a data pin of a sequential cell or a primary output or inout port. Please validate that all the objects returned by your query belong to this list.
WARNING: [Constraints 18-401] set_max_delay: 'strip_imp/write_data[10]_i_23' is not a valid endpoint. [/home/rrivera/ots/srcs/otsdaq-firmware/cactus/projects/ftbf/kc705_strip_module/top/top.srcs/constrs_1/imports/ucf/clock_constraints.tcl:39]
Resolution: A valid end point is a data pin of a sequential cell or a primary output or inout port. Please validate that all the objects returned by your query belong to this list.
WARNING: [Constraints 18-401] set_max_delay: 'strip_imp/write_data[10]_i_22' is not a valid endpoint. [/home/rrivera/ots/srcs/otsdaq-firmware/cactus/projects/ftbf/kc705_strip_module/top/top.srcs/constrs_1/imports/ucf/clock_constraints.tcl:39]
Resolution: A valid end point is a data pin of a sequential cell or a primary output or inout port. Please validate that all the objects returned by your query belong to this list.
WARNING: [Constraints 18-401] set_max_delay: 'strip_imp/write_data[10]_i_21' is not a valid endpoint. [/home/rrivera/ots/srcs/otsdaq-firmware/cactus/projects/ftbf/kc705_strip_module/top/top.srcs/constrs_1/imports/ucf/clock_constraints.tcl:39]
Resolution: A valid end point is a data pin of a sequential cell or a primary output or inout port. Please validate that all the objects returned by your query belong to this list.
WARNING: [Constraints 18-401] set_max_delay: 'strip_imp/write_data[10]_i_20' is not a valid endpoint. [/home/rrivera/ots/srcs/otsdaq-firmware/cactus/projects/ftbf/kc705_strip_module/top/top.srcs/constrs_1/imports/ucf/clock_constraints.tcl:39]
Resolution: A valid end point is a data pin of a sequential cell or a primary output or inout port. Please validate that all the objects returned by your query belong to this list.
WARNING: [Constraints 18-401] set_max_delay: 'strip_imp/write_data[10]_i_2' is not a valid endpoint. [/home/rrivera/ots/srcs/otsdaq-firmware/cactus/projects/ftbf/kc705_strip_module/top/top.srcs/constrs_1/imports/ucf/clock_constraints.tcl:39]
Resolution: A valid end point is a data pin of a sequential cell or a primary output or inout port. Please validate that all the objects returned by your query belong to this list.
WARNING: [Constraints 18-401] set_max_delay: 'strip_imp/write_data[10]_i_19' is not a valid endpoint. [/home/rrivera/ots/srcs/otsdaq-firmware/cactus/projects/ftbf/kc705_strip_module/top/top.srcs/constrs_1/imports/ucf/clock_constraints.tcl:39]
Resolution: A valid end point is a data pin of a sequential cell or a primary output or inout port. Please validate that all the objects returned by your query belong to this list.
WARNING: [Constraints 18-401] set_max_delay: 'strip_imp/write_data[10]_i_18' is not a valid endpoint. [/home/rrivera/ots/srcs/otsdaq-firmware/cactus/projects/ftbf/kc705_strip_module/top/top.srcs/constrs_1/imports/ucf/clock_constraints.tcl:39]
Resolution: A valid end point is a data pin of a sequential cell or a primary output or inout port. Please validate that all the objects returned by your query belong to this list.
WARNING: [Constraints 18-401] set_max_delay: 'strip_imp/write_data[10]_i_17' is not a valid endpoint. [/home/rrivera/ots/srcs/otsdaq-firmware/cactus/projects/ftbf/kc705_strip_module/top/top.srcs/constrs_1/imports/ucf/clock_constraints.tcl:39]
Resolution: A valid end point is a data pin of a sequential cell or a primary output or inout port. Please validate that all the objects returned by your query belong to this list.
WARNING: [Constraints 18-401] set_max_delay: 'strip_imp/write_data[10]_i_16' is not a valid endpoint. [/home/rrivera/ots/srcs/otsdaq-firmware/cactus/projects/ftbf/kc705_strip_module/top/top.srcs/constrs_1/imports/ucf/clock_constraints.tcl:39]
Resolution: A valid end point is a data pin of a sequential cell or a primary output or inout port. Please validate that all the objects returned by your query belong to this list.
WARNING: [Constraints 18-401] set_max_delay: 'strip_imp/write_data[10]_i_15' is not a valid endpoint. [/home/rrivera/ots/srcs/otsdaq-firmware/cactus/projects/ftbf/kc705_strip_module/top/top.srcs/constrs_1/imports/ucf/clock_constraints.tcl:39]
Resolution: A valid end point is a data pin of a sequential cell or a primary output or inout port. Please validate that all the objects returned by your query belong to this list.
WARNING: [Constraints 18-401] set_max_delay: 'strip_imp/write_data[10]_i_14' is not a valid endpoint. [/home/rrivera/ots/srcs/otsdaq-firmware/cactus/projects/ftbf/kc705_strip_module/top/top.srcs/constrs_1/imports/ucf/clock_constraints.tcl:39]
Resolution: A valid end point is a data pin of a sequential cell or a primary output or inout port. Please validate that all the objects returned by your query belong to this list.
WARNING: [Constraints 18-401] set_max_delay: 'strip_imp/write_data[10]_i_13' is not a valid endpoint. [/home/rrivera/ots/srcs/otsdaq-firmware/cactus/projects/ftbf/kc705_strip_module/top/top.srcs/constrs_1/imports/ucf/clock_constraints.tcl:39]
Resolution: A valid end point is a data pin of a sequential cell or a primary output or inout port. Please validate that all the objects returned by your query belong to this list.
WARNING: [Constraints 18-401] set_max_delay: 'strip_imp/write_data[10]_i_12' is not a valid endpoint. [/home/rrivera/ots/srcs/otsdaq-firmware/cactus/projects/ftbf/kc705_strip_module/top/top.srcs/constrs_1/imports/ucf/clock_constraints.tcl:39]
Resolution: A valid end point is a data pin of a sequential cell or a primary output or inout port. Please validate that all the objects returned by your query belong to this list.
WARNING: [Constraints 18-401] set_max_delay: 'strip_imp/write_data[10]_i_10' is not a valid endpoint. [/home/rrivera/ots/srcs/otsdaq-firmware/cactus/projects/ftbf/kc705_strip_module/top/top.srcs/constrs_1/imports/ucf/clock_constraints.tcl:39]
Resolution: A valid end point is a data pin of a sequential cell or a primary output or inout port. Please validate that all the objects returned by your query belong to this list.
WARNING: [Constraints 18-401] set_max_delay: 'strip_imp/write_data[0]_i_9' is not a valid endpoint. [/home/rrivera/ots/srcs/otsdaq-firmware/cactus/projects/ftbf/kc705_strip_module/top/top.srcs/constrs_1/imports/ucf/clock_constraints.tcl:39]
Resolution: A valid end point is a data pin of a sequential cell or a primary output or inout port. Please validate that all the objects returned by your query belong to this list.
WARNING: [Constraints 18-401] set_max_delay: 'strip_imp/write_data[0]_i_8' is not a valid endpoint. [/home/rrivera/ots/srcs/otsdaq-firmware/cactus/projects/ftbf/kc705_strip_module/top/top.srcs/constrs_1/imports/ucf/clock_constraints.tcl:39]
Resolution: A valid end point is a data pin of a sequential cell or a primary output or inout port. Please validate that all the objects returned by your query belong to this list.
WARNING: [Constraints 18-401] set_max_delay: 'strip_imp/write_data[0]_i_7' is not a valid endpoint. [/home/rrivera/ots/srcs/otsdaq-firmware/cactus/projects/ftbf/kc705_strip_module/top/top.srcs/constrs_1/imports/ucf/clock_constraints.tcl:39]
Resolution: A valid end point is a data pin of a sequential cell or a primary output or inout port. Please validate that all the objects returned by your query belong to this list.
WARNING: [Constraints 18-401] set_max_delay: 'strip_imp/write_data[0]_i_6' is not a valid endpoint. [/home/rrivera/ots/srcs/otsdaq-firmware/cactus/projects/ftbf/kc705_strip_module/top/top.srcs/constrs_1/imports/ucf/clock_constraints.tcl:39]
Resolution: A valid end point is a data pin of a sequential cell or a primary output or inout port. Please validate that all the objects returned by your query belong to this list.
WARNING: [Constraints 18-401] set_max_delay: 'strip_imp/write_data[0]_i_5' is not a valid endpoint. [/home/rrivera/ots/srcs/otsdaq-firmware/cactus/projects/ftbf/kc705_strip_module/top/top.srcs/constrs_1/imports/ucf/clock_constraints.tcl:39]
Resolution: A valid end point is a data pin of a sequential cell or a primary output or inout port. Please validate that all the objects returned by your query belong to this list.
WARNING: [Constraints 18-401] set_max_delay: 'strip_imp/write_data[0]_i_4' is not a valid endpoint. [/home/rrivera/ots/srcs/otsdaq-firmware/cactus/projects/ftbf/kc705_strip_module/top/top.srcs/constrs_1/imports/ucf/clock_constraints.tcl:39]
Resolution: A valid end point is a data pin of a sequential cell or a primary output or inout port. Please validate that all the objects returned by your query belong to this list.
WARNING: [Constraints 18-401] set_max_delay: 'strip_imp/write_data[0]_i_33' is not a valid endpoint. [/home/rrivera/ots/srcs/otsdaq-firmware/cactus/projects/ftbf/kc705_strip_module/top/top.srcs/constrs_1/imports/ucf/clock_constraints.tcl:39]
Resolution: A valid end point is a data pin of a sequential cell or a primary output or inout port. Please validate that all the objects returned by your query belong to this list.
WARNING: [Constraints 18-401] set_max_delay: 'strip_imp/write_data[0]_i_32' is not a valid endpoint. [/home/rrivera/ots/srcs/otsdaq-firmware/cactus/projects/ftbf/kc705_strip_module/top/top.srcs/constrs_1/imports/ucf/clock_constraints.tcl:39]
Resolution: A valid end point is a data pin of a sequential cell or a primary output or inout port. Please validate that all the objects returned by your query belong to this list.
WARNING: [Constraints 18-401] set_max_delay: 'strip_imp/write_data[0]_i_31' is not a valid endpoint. [/home/rrivera/ots/srcs/otsdaq-firmware/cactus/projects/ftbf/kc705_strip_module/top/top.srcs/constrs_1/imports/ucf/clock_constraints.tcl:39]
Resolution: A valid end point is a data pin of a sequential cell or a primary output or inout port. Please validate that all the objects returned by your query belong to this list.
WARNING: [Constraints 18-401] set_max_delay: 'strip_imp/write_data[0]_i_30' is not a valid endpoint. [/home/rrivera/ots/srcs/otsdaq-firmware/cactus/projects/ftbf/kc705_strip_module/top/top.srcs/constrs_1/imports/ucf/clock_constraints.tcl:39]
Resolution: A valid end point is a data pin of a sequential cell or a primary output or inout port. Please validate that all the objects returned by your query belong to this list.
WARNING: [Constraints 18-401] set_max_delay: 'strip_imp/write_data[0]_i_3' is not a valid endpoint. [/home/rrivera/ots/srcs/otsdaq-firmware/cactus/projects/ftbf/kc705_strip_module/top/top.srcs/constrs_1/imports/ucf/clock_constraints.tcl:39]
Resolution: A valid end point is a data pin of a sequential cell or a primary output or inout port. Please validate that all the objects returned by your query belong to this list.
WARNING: [Constraints 18-401] set_max_delay: 'strip_imp/write_data[0]_i_29' is not a valid endpoint. [/home/rrivera/ots/srcs/otsdaq-firmware/cactus/projects/ftbf/kc705_strip_module/top/top.srcs/constrs_1/imports/ucf/clock_constraints.tcl:39]
Resolution: A valid end point is a data pin of a sequential cell or a primary output or inout port. Please validate that all the objects returned by your query belong to this list.
WARNING: [Constraints 18-401] set_max_delay: 'strip_imp/write_data[0]_i_28' is not a valid endpoint. [/home/rrivera/ots/srcs/otsdaq-firmware/cactus/projects/ftbf/kc705_strip_module/top/top.srcs/constrs_1/imports/ucf/clock_constraints.tcl:39]
Resolution: A valid end point is a data pin of a sequential cell or a primary output or inout port. Please validate that all the objects returned by your query belong to this list.
WARNING: [Constraints 18-401] set_max_delay: 'strip_imp/write_data[0]_i_27' is not a valid endpoint. [/home/rrivera/ots/srcs/otsdaq-firmware/cactus/projects/ftbf/kc705_strip_module/top/top.srcs/constrs_1/imports/ucf/clock_constraints.tcl:39]
Resolution: A valid end point is a data pin of a sequential cell or a primary output or inout port. Please validate that all the objects returned by your query belong to this list.
WARNING: [Constraints 18-401] set_max_delay: 'strip_imp/write_data[0]_i_26' is not a valid endpoint. [/home/rrivera/ots/srcs/otsdaq-firmware/cactus/projects/ftbf/kc705_strip_module/top/top.srcs/constrs_1/imports/ucf/clock_constraints.tcl:39]
Resolution: A valid end point is a data pin of a sequential cell or a primary output or inout port. Please validate that all the objects returned by your query belong to this list.
WARNING: [Constraints 18-401] set_max_delay: 'strip_imp/write_data[0]_i_25' is not a valid endpoint. [/home/rrivera/ots/srcs/otsdaq-firmware/cactus/projects/ftbf/kc705_strip_module/top/top.srcs/constrs_1/imports/ucf/clock_constraints.tcl:39]
Resolution: A valid end point is a data pin of a sequential cell or a primary output or inout port. Please validate that all the objects returned by your query belong to this list.
WARNING: [Constraints 18-401] set_max_delay: 'strip_imp/write_data[0]_i_24' is not a valid endpoint. [/home/rrivera/ots/srcs/otsdaq-firmware/cactus/projects/ftbf/kc705_strip_module/top/top.srcs/constrs_1/imports/ucf/clock_constraints.tcl:39]
Resolution: A valid end point is a data pin of a sequential cell or a primary output or inout port. Please validate that all the objects returned by your query belong to this list.
WARNING: [Constraints 18-401] set_max_delay: 'strip_imp/write_data[0]_i_23' is not a valid endpoint. [/home/rrivera/ots/srcs/otsdaq-firmware/cactus/projects/ftbf/kc705_strip_module/top/top.srcs/constrs_1/imports/ucf/clock_constraints.tcl:39]
Resolution: A valid end point is a data pin of a sequential cell or a primary output or inout port. Please validate that all the objects returned by your query belong to this list.
WARNING: [Constraints 18-401] set_max_delay: 'strip_imp/write_data[0]_i_22' is not a valid endpoint. [/home/rrivera/ots/srcs/otsdaq-firmware/cactus/projects/ftbf/kc705_strip_module/top/top.srcs/constrs_1/imports/ucf/clock_constraints.tcl:39]
Resolution: A valid end point is a data pin of a sequential cell or a primary output or inout port. Please validate that all the objects returned by your query belong to this list.
WARNING: [Constraints 18-401] set_max_delay: 'strip_imp/write_data[0]_i_21' is not a valid endpoint. [/home/rrivera/ots/srcs/otsdaq-firmware/cactus/projects/ftbf/kc705_strip_module/top/top.srcs/constrs_1/imports/ucf/clock_constraints.tcl:39]
Resolution: A valid end point is a data pin of a sequential cell or a primary output or inout port. Please validate that all the objects returned by your query belong to this list.
WARNING: [Constraints 18-401] set_max_delay: 'strip_imp/write_data[0]_i_20' is not a valid endpoint. [/home/rrivera/ots/srcs/otsdaq-firmware/cactus/projects/ftbf/kc705_strip_module/top/top.srcs/constrs_1/imports/ucf/clock_constraints.tcl:39]
Resolution: A valid end point is a data pin of a sequential cell or a primary output or inout port. Please validate that all the objects returned by your query belong to this list.
WARNING: [Constraints 18-401] set_max_delay: 'strip_imp/write_data[0]_i_2' is not a valid endpoint. [/home/rrivera/ots/srcs/otsdaq-firmware/cactus/projects/ftbf/kc705_strip_module/top/top.srcs/constrs_1/imports/ucf/clock_constraints.tcl:39]
Resolution: A valid end point is a data pin of a sequential cell or a primary output or inout port. Please validate that all the objects returned by your query belong to this list.
WARNING: [Constraints 18-401] set_max_delay: 'strip_imp/write_data[0]_i_19' is not a valid endpoint. [/home/rrivera/ots/srcs/otsdaq-firmware/cactus/projects/ftbf/kc705_strip_module/top/top.srcs/constrs_1/imports/ucf/clock_constraints.tcl:39]
Resolution: A valid end point is a data pin of a sequential cell or a primary output or inout port. Please validate that all the objects returned by your query belong to this list.
WARNING: [Constraints 18-401] set_max_delay: 'strip_imp/write_data[0]_i_18' is not a valid endpoint. [/home/rrivera/ots/srcs/otsdaq-firmware/cactus/projects/ftbf/kc705_strip_module/top/top.srcs/constrs_1/imports/ucf/clock_constraints.tcl:39]
Resolution: A valid end point is a data pin of a sequential cell or a primary output or inout port. Please validate that all the objects returned by your query belong to this list.
WARNING: [Constraints 18-401] set_max_delay: 'strip_imp/write_data[0]_i_17' is not a valid endpoint. [/home/rrivera/ots/srcs/otsdaq-firmware/cactus/projects/ftbf/kc705_strip_module/top/top.srcs/constrs_1/imports/ucf/clock_constraints.tcl:39]
Resolution: A valid end point is a data pin of a sequential cell or a primary output or inout port. Please validate that all the objects returned by your query belong to this list.
WARNING: [Constraints 18-401] set_max_delay: 'strip_imp/write_data[0]_i_16' is not a valid endpoint. [/home/rrivera/ots/srcs/otsdaq-firmware/cactus/projects/ftbf/kc705_strip_module/top/top.srcs/constrs_1/imports/ucf/clock_constraints.tcl:39]
Resolution: A valid end point is a data pin of a sequential cell or a primary output or inout port. Please validate that all the objects returned by your query belong to this list.
WARNING: [Constraints 18-401] set_max_delay: 'strip_imp/write_data[0]_i_15' is not a valid endpoint. [/home/rrivera/ots/srcs/otsdaq-firmware/cactus/projects/ftbf/kc705_strip_module/top/top.srcs/constrs_1/imports/ucf/clock_constraints.tcl:39]
Resolution: A valid end point is a data pin of a sequential cell or a primary output or inout port. Please validate that all the objects returned by your query belong to this list.
WARNING: [Constraints 18-401] set_max_delay: 'strip_imp/write_data[0]_i_14' is not a valid endpoint. [/home/rrivera/ots/srcs/otsdaq-firmware/cactus/projects/ftbf/kc705_strip_module/top/top.srcs/constrs_1/imports/ucf/clock_constraints.tcl:39]
Resolution: A valid end point is a data pin of a sequential cell or a primary output or inout port. Please validate that all the objects returned by your query belong to this list.
WARNING: [Constraints 18-401] set_max_delay: 'strip_imp/write_data[0]_i_13' is not a valid endpoint. [/home/rrivera/ots/srcs/otsdaq-firmware/cactus/projects/ftbf/kc705_strip_module/top/top.srcs/constrs_1/imports/ucf/clock_constraints.tcl:39]
Resolution: A valid end point is a data pin of a sequential cell or a primary output or inout port. Please validate that all the objects returned by your query belong to this list.
WARNING: [Constraints 18-401] set_max_delay: 'strip_imp/write_data[0]_i_12' is not a valid endpoint. [/home/rrivera/ots/srcs/otsdaq-firmware/cactus/projects/ftbf/kc705_strip_module/top/top.srcs/constrs_1/imports/ucf/clock_constraints.tcl:39]
Resolution: A valid end point is a data pin of a sequential cell or a primary output or inout port. Please validate that all the objects returned by your query belong to this list.
WARNING: [Constraints 18-401] set_max_delay: 'strip_imp/write_data[0]_i_10' is not a valid endpoint. [/home/rrivera/ots/srcs/otsdaq-firmware/cactus/projects/ftbf/kc705_strip_module/top/top.srcs/constrs_1/imports/ucf/clock_constraints.tcl:39]
Resolution: A valid end point is a data pin of a sequential cell or a primary output or inout port. Please validate that all the objects returned by your query belong to this list.
WARNING: [Constraints 18-401] set_max_delay: 'strip_imp/write_data[0]_i_1' is not a valid endpoint. [/home/rrivera/ots/srcs/otsdaq-firmware/cactus/projects/ftbf/kc705_strip_module/top/top.srcs/constrs_1/imports/ucf/clock_constraints.tcl:39]
Resolution: A valid end point is a data pin of a sequential cell or a primary output or inout port. Please validate that all the objects returned by your query belong to this list.
WARNING: [Constraints 18-401] set_max_delay: 'strip_imp/write_data[18]_i_18' is not a valid endpoint. [/home/rrivera/ots/srcs/otsdaq-firmware/cactus/projects/ftbf/kc705_strip_module/top/top.srcs/constrs_1/imports/ucf/clock_constraints.tcl:39]
Resolution: A valid end point is a data pin of a sequential cell or a primary output or inout port. Please validate that all the objects returned by your query belong to this list.
WARNING: [Constraints 18-401] set_max_delay: 'strip_imp/write_data[18]_i_17' is not a valid endpoint. [/home/rrivera/ots/srcs/otsdaq-firmware/cactus/projects/ftbf/kc705_strip_module/top/top.srcs/constrs_1/imports/ucf/clock_constraints.tcl:39]
Resolution: A valid end point is a data pin of a sequential cell or a primary output or inout port. Please validate that all the objects returned by your query belong to this list.
WARNING: [Constraints 18-401] set_max_delay: 'strip_imp/write_data[18]_i_16' is not a valid endpoint. [/home/rrivera/ots/srcs/otsdaq-firmware/cactus/projects/ftbf/kc705_strip_module/top/top.srcs/constrs_1/imports/ucf/clock_constraints.tcl:39]
Resolution: A valid end point is a data pin of a sequential cell or a primary output or inout port. Please validate that all the objects returned by your query belong to this list.
WARNING: [Constraints 18-401] set_max_delay: 'strip_imp/write_data[18]_i_15' is not a valid endpoint. [/home/rrivera/ots/srcs/otsdaq-firmware/cactus/projects/ftbf/kc705_strip_module/top/top.srcs/constrs_1/imports/ucf/clock_constraints.tcl:39]
Resolution: A valid end point is a data pin of a sequential cell or a primary output or inout port. Please validate that all the objects returned by your query belong to this list.
WARNING: [Constraints 18-401] set_max_delay: 'strip_imp/write_data[18]_i_14' is not a valid endpoint. [/home/rrivera/ots/srcs/otsdaq-firmware/cactus/projects/ftbf/kc705_strip_module/top/top.srcs/constrs_1/imports/ucf/clock_constraints.tcl:39]
Resolution: A valid end point is a data pin of a sequential cell or a primary output or inout port. Please validate that all the objects returned by your query belong to this list.
WARNING: [Constraints 18-401] set_max_delay: 'strip_imp/write_data[18]_i_13' is not a valid endpoint. [/home/rrivera/ots/srcs/otsdaq-firmware/cactus/projects/ftbf/kc705_strip_module/top/top.srcs/constrs_1/imports/ucf/clock_constraints.tcl:39]
Resolution: A valid end point is a data pin of a sequential cell or a primary output or inout port. Please validate that all the objects returned by your query belong to this list.
WARNING: [Constraints 18-401] set_max_delay: 'strip_imp/write_data[18]_i_12' is not a valid endpoint. [/home/rrivera/ots/srcs/otsdaq-firmware/cactus/projects/ftbf/kc705_strip_module/top/top.srcs/constrs_1/imports/ucf/clock_constraints.tcl:39]
Resolution: A valid end point is a data pin of a sequential cell or a primary output or inout port. Please validate that all the objects returned by your query belong to this list.
WARNING: [Constraints 18-401] set_max_delay: 'strip_imp/write_data[18]_i_11' is not a valid endpoint. [/home/rrivera/ots/srcs/otsdaq-firmware/cactus/projects/ftbf/kc705_strip_module/top/top.srcs/constrs_1/imports/ucf/clock_constraints.tcl:39]
Resolution: A valid end point is a data pin of a sequential cell or a primary output or inout port. Please validate that all the objects returned by your query belong to this list.
WARNING: [Constraints 18-401] set_max_delay: 'strip_imp/write_data[18]_i_10' is not a valid endpoint. [/home/rrivera/ots/srcs/otsdaq-firmware/cactus/projects/ftbf/kc705_strip_module/top/top.srcs/constrs_1/imports/ucf/clock_constraints.tcl:39]
Resolution: A valid end point is a data pin of a sequential cell or a primary output or inout port. Please validate that all the objects returned by your query belong to this list.
WARNING: [Constraints 18-401] set_max_delay: 'strip_imp/write_data[18]_i_1' is not a valid endpoint. [/home/rrivera/ots/srcs/otsdaq-firmware/cactus/projects/ftbf/kc705_strip_module/top/top.srcs/constrs_1/imports/ucf/clock_constraints.tcl:39]
Resolution: A valid end point is a data pin of a sequential cell or a primary output or inout port. Please validate that all the objects returned by your query belong to this list.
WARNING: [Constraints 18-401] set_max_delay: 'strip_imp/write_data[17]_i_9' is not a valid endpoint. [/home/rrivera/ots/srcs/otsdaq-firmware/cactus/projects/ftbf/kc705_strip_module/top/top.srcs/constrs_1/imports/ucf/clock_constraints.tcl:39]
Resolution: A valid end point is a data pin of a sequential cell or a primary output or inout port. Please validate that all the objects returned by your query belong to this list.
WARNING: [Constraints 18-401] set_max_delay: 'strip_imp/write_data[17]_i_8' is not a valid endpoint. [/home/rrivera/ots/srcs/otsdaq-firmware/cactus/projects/ftbf/kc705_strip_module/top/top.srcs/constrs_1/imports/ucf/clock_constraints.tcl:39]
Resolution: A valid end point is a data pin of a sequential cell or a primary output or inout port. Please validate that all the objects returned by your query belong to this list.
WARNING: [Constraints 18-401] set_max_delay: 'strip_imp/write_data[17]_i_7' is not a valid endpoint. [/home/rrivera/ots/srcs/otsdaq-firmware/cactus/projects/ftbf/kc705_strip_module/top/top.srcs/constrs_1/imports/ucf/clock_constraints.tcl:39]
Resolution: A valid end point is a data pin of a sequential cell or a primary output or inout port. Please validate that all the objects returned by your query belong to this list.
WARNING: [Constraints 18-401] set_max_delay: 'strip_imp/write_data[17]_i_6' is not a valid endpoint. [/home/rrivera/ots/srcs/otsdaq-firmware/cactus/projects/ftbf/kc705_strip_module/top/top.srcs/constrs_1/imports/ucf/clock_constraints.tcl:39]
Resolution: A valid end point is a data pin of a sequential cell or a primary output or inout port. Please validate that all the objects returned by your query belong to this list.
WARNING: [Constraints 18-401] set_max_delay: 'strip_imp/write_data[17]_i_5' is not a valid endpoint. [/home/rrivera/ots/srcs/otsdaq-firmware/cactus/projects/ftbf/kc705_strip_module/top/top.srcs/constrs_1/imports/ucf/clock_constraints.tcl:39]
Resolution: A valid end point is a data pin of a sequential cell or a primary output or inout port. Please validate that all the objects returned by your query belong to this list.
WARNING: [Constraints 18-401] set_max_delay: 'strip_imp/write_data[17]_i_4' is not a valid endpoint. [/home/rrivera/ots/srcs/otsdaq-firmware/cactus/projects/ftbf/kc705_strip_module/top/top.srcs/constrs_1/imports/ucf/clock_constraints.tcl:39]
Resolution: A valid end point is a data pin of a sequential cell or a primary output or inout port. Please validate that all the objects returned by your query belong to this list.
WARNING: [Constraints 18-401] set_max_delay: 'strip_imp/write_data[17]_i_31' is not a valid endpoint. [/home/rrivera/ots/srcs/otsdaq-firmware/cactus/projects/ftbf/kc705_strip_module/top/top.srcs/constrs_1/imports/ucf/clock_constraints.tcl:39]
Resolution: A valid end point is a data pin of a sequential cell or a primary output or inout port. Please validate that all the objects returned by your query belong to this list.
WARNING: [Constraints 18-401] set_max_delay: 'strip_imp/write_data[17]_i_30' is not a valid endpoint. [/home/rrivera/ots/srcs/otsdaq-firmware/cactus/projects/ftbf/kc705_strip_module/top/top.srcs/constrs_1/imports/ucf/clock_constraints.tcl:39]
Resolution: A valid end point is a data pin of a sequential cell or a primary output or inout port. Please validate that all the objects returned by your query belong to this list.
WARNING: [Constraints 18-401] set_max_delay: 'strip_imp/write_data[17]_i_3' is not a valid endpoint. [/home/rrivera/ots/srcs/otsdaq-firmware/cactus/projects/ftbf/kc705_strip_module/top/top.srcs/constrs_1/imports/ucf/clock_constraints.tcl:39]
Resolution: A valid end point is a data pin of a sequential cell or a primary output or inout port. Please validate that all the objects returned by your query belong to this list.
WARNING: [Constraints 18-401] set_max_delay: 'strip_imp/write_data[17]_i_29' is not a valid endpoint. [/home/rrivera/ots/srcs/otsdaq-firmware/cactus/projects/ftbf/kc705_strip_module/top/top.srcs/constrs_1/imports/ucf/clock_constraints.tcl:39]
Resolution: A valid end point is a data pin of a sequential cell or a primary output or inout port. Please validate that all the objects returned by your query belong to this list.
WARNING: [Constraints 18-401] set_max_delay: 'strip_imp/write_data[17]_i_28' is not a valid endpoint. [/home/rrivera/ots/srcs/otsdaq-firmware/cactus/projects/ftbf/kc705_strip_module/top/top.srcs/constrs_1/imports/ucf/clock_constraints.tcl:39]
Resolution: A valid end point is a data pin of a sequential cell or a primary output or inout port. Please validate that all the objects returned by your query belong to this list.
WARNING: [Constraints 18-401] set_max_delay: 'strip_imp/write_data[17]_i_27' is not a valid endpoint. [/home/rrivera/ots/srcs/otsdaq-firmware/cactus/projects/ftbf/kc705_strip_module/top/top.srcs/constrs_1/imports/ucf/clock_constraints.tcl:39]
Resolution: A valid end point is a data pin of a sequential cell or a primary output or inout port. Please validate that all the objects returned by your query belong to this list.
WARNING: [Constraints 18-401] set_max_delay: 'strip_imp/write_data[17]_i_26' is not a valid endpoint. [/home/rrivera/ots/srcs/otsdaq-firmware/cactus/projects/ftbf/kc705_strip_module/top/top.srcs/constrs_1/imports/ucf/clock_constraints.tcl:39]
Resolution: A valid end point is a data pin of a sequential cell or a primary output or inout port. Please validate that all the objects returned by your query belong to this list.
WARNING: [Constraints 18-401] set_max_delay: 'strip_imp/write_data[17]_i_25' is not a valid endpoint. [/home/rrivera/ots/srcs/otsdaq-firmware/cactus/projects/ftbf/kc705_strip_module/top/top.srcs/constrs_1/imports/ucf/clock_constraints.tcl:39]
Resolution: A valid end point is a data pin of a sequential cell or a primary output or inout port. Please validate that all the objects returned by your query belong to this list.
WARNING: [Constraints 18-401] set_max_delay: 'strip_imp/write_data[17]_i_24' is not a valid endpoint. [/home/rrivera/ots/srcs/otsdaq-firmware/cactus/projects/ftbf/kc705_strip_module/top/top.srcs/constrs_1/imports/ucf/clock_constraints.tcl:39]
Resolution: A valid end point is a data pin of a sequential cell or a primary output or inout port. Please validate that all the objects returned by your query belong to this list.
WARNING: [Constraints 18-401] set_max_delay: 'strip_imp/write_data[17]_i_23' is not a valid endpoint. [/home/rrivera/ots/srcs/otsdaq-firmware/cactus/projects/ftbf/kc705_strip_module/top/top.srcs/constrs_1/imports/ucf/clock_constraints.tcl:39]
Resolution: A valid end point is a data pin of a sequential cell or a primary output or inout port. Please validate that all the objects returned by your query belong to this list.
WARNING: [Constraints 18-401] set_max_delay: 'strip_imp/write_data[17]_i_22' is not a valid endpoint. [/home/rrivera/ots/srcs/otsdaq-firmware/cactus/projects/ftbf/kc705_strip_module/top/top.srcs/constrs_1/imports/ucf/clock_constraints.tcl:39]
Resolution: A valid end point is a data pin of a sequential cell or a primary output or inout port. Please validate that all the objects returned by your query belong to this list.
WARNING: [Constraints 18-401] set_max_delay: 'strip_imp/write_data[17]_i_21' is not a valid endpoint. [/home/rrivera/ots/srcs/otsdaq-firmware/cactus/projects/ftbf/kc705_strip_module/top/top.srcs/constrs_1/imports/ucf/clock_constraints.tcl:39]
Resolution: A valid end point is a data pin of a sequential cell or a primary output or inout port. Please validate that all the objects returned by your query belong to this list.
WARNING: [Constraints 18-401] set_max_delay: 'strip_imp/write_data[17]_i_20' is not a valid endpoint. [/home/rrivera/ots/srcs/otsdaq-firmware/cactus/projects/ftbf/kc705_strip_module/top/top.srcs/constrs_1/imports/ucf/clock_constraints.tcl:39]
Resolution: A valid end point is a data pin of a sequential cell or a primary output or inout port. Please validate that all the objects returned by your query belong to this list.
WARNING: [Constraints 18-401] set_max_delay: 'strip_imp/write_data[17]_i_2' is not a valid endpoint. [/home/rrivera/ots/srcs/otsdaq-firmware/cactus/projects/ftbf/kc705_strip_module/top/top.srcs/constrs_1/imports/ucf/clock_constraints.tcl:39]
Resolution: A valid end point is a data pin of a sequential cell or a primary output or inout port. Please validate that all the objects returned by your query belong to this list.
WARNING: [Constraints 18-401] set_max_delay: 'strip_imp/write_data[17]_i_19' is not a valid endpoint. [/home/rrivera/ots/srcs/otsdaq-firmware/cactus/projects/ftbf/kc705_strip_module/top/top.srcs/constrs_1/imports/ucf/clock_constraints.tcl:39]
Resolution: A valid end point is a data pin of a sequential cell or a primary output or inout port. Please validate that all the objects returned by your query belong to this list.
WARNING: [Constraints 18-401] set_max_delay: 'strip_imp/write_data[17]_i_18' is not a valid endpoint. [/home/rrivera/ots/srcs/otsdaq-firmware/cactus/projects/ftbf/kc705_strip_module/top/top.srcs/constrs_1/imports/ucf/clock_constraints.tcl:39]
Resolution: A valid end point is a data pin of a sequential cell or a primary output or inout port. Please validate that all the objects returned by your query belong to this list.
WARNING: [Constraints 18-401] set_max_delay: 'strip_imp/write_data[17]_i_17' is not a valid endpoint. [/home/rrivera/ots/srcs/otsdaq-firmware/cactus/projects/ftbf/kc705_strip_module/top/top.srcs/constrs_1/imports/ucf/clock_constraints.tcl:39]
Resolution: A valid end point is a data pin of a sequential cell or a primary output or inout port. Please validate that all the objects returned by your query belong to this list.
WARNING: [Constraints 18-401] set_max_delay: 'strip_imp/write_data[17]_i_16' is not a valid endpoint. [/home/rrivera/ots/srcs/otsdaq-firmware/cactus/projects/ftbf/kc705_strip_module/top/top.srcs/constrs_1/imports/ucf/clock_constraints.tcl:39]
Resolution: A valid end point is a data pin of a sequential cell or a primary output or inout port. Please validate that all the objects returned by your query belong to this list.
INFO: [Common 17-14] Message 'Constraints 18-401' appears 100 times and further instances of the messages will be disabled. Use the Tcl command set_msg_config to change the current settings. [/home/rrivera/ots/srcs/otsdaq-firmware/cactus/projects/ftbf/kc705_strip_module/top/top.srcs/constrs_1/imports/ucf/clock_constraints.tcl:39]
WARNING: [Constraints 18-402] set_max_delay: 'eth_interface/data_manager_blk/RAM_COMM_DEC/ram_wdata[63]_i_1' is not a valid startpoint. [/home/rrivera/ots/srcs/otsdaq-firmware/cactus/projects/ftbf/kc705_strip_module/top/top.srcs/constrs_1/imports/ucf/clock_constraints.tcl:41]
Resolution: A valid start point is a main or generated clock pin or port, a clock pin of a sequential cell, or a primary input or inout port. Please validate that all the objects returned by your query belong to this list.
WARNING: [Constraints 18-402] set_max_delay: 'strip_imp/G[1].chipserdes4_imp/DOUT[31]_i_1' is not a valid startpoint. [/home/rrivera/ots/srcs/otsdaq-firmware/cactus/projects/ftbf/kc705_strip_module/top/top.srcs/constrs_1/imports/ucf/clock_constraints.tcl:50]
Resolution: A valid start point is a main or generated clock pin or port, a clock pin of a sequential cell, or a primary input or inout port. Please validate that all the objects returned by your query belong to this list.
WARNING: [Constraints 18-402] set_max_delay: 'strip_imp/G[0].chipserdes0_imp/DOUT[31]_i_1' is not a valid startpoint. [/home/rrivera/ots/srcs/otsdaq-firmware/cactus/projects/ftbf/kc705_strip_module/top/top.srcs/constrs_1/imports/ucf/clock_constraints.tcl:50]
Resolution: A valid start point is a main or generated clock pin or port, a clock pin of a sequential cell, or a primary input or inout port. Please validate that all the objects returned by your query belong to this list.
WARNING: [Constraints 18-402] set_max_delay: 'strip_imp/G[0].chipserdes4_imp/DOUT[31]_i_1' is not a valid startpoint. [/home/rrivera/ots/srcs/otsdaq-firmware/cactus/projects/ftbf/kc705_strip_module/top/top.srcs/constrs_1/imports/ucf/clock_constraints.tcl:50]
Resolution: A valid start point is a main or generated clock pin or port, a clock pin of a sequential cell, or a primary input or inout port. Please validate that all the objects returned by your query belong to this list.
WARNING: [Constraints 18-402] set_max_delay: 'strip_imp/G[0].chipserdes3_imp/DOUT[31]_i_1' is not a valid startpoint. [/home/rrivera/ots/srcs/otsdaq-firmware/cactus/projects/ftbf/kc705_strip_module/top/top.srcs/constrs_1/imports/ucf/clock_constraints.tcl:50]
Resolution: A valid start point is a main or generated clock pin or port, a clock pin of a sequential cell, or a primary input or inout port. Please validate that all the objects returned by your query belong to this list.
WARNING: [Constraints 18-402] set_max_delay: 'strip_imp/G[1].chipserdes3_imp/DOUT[31]_i_1' is not a valid startpoint. [/home/rrivera/ots/srcs/otsdaq-firmware/cactus/projects/ftbf/kc705_strip_module/top/top.srcs/constrs_1/imports/ucf/clock_constraints.tcl:50]
Resolution: A valid start point is a main or generated clock pin or port, a clock pin of a sequential cell, or a primary input or inout port. Please validate that all the objects returned by your query belong to this list.
WARNING: [Constraints 18-402] set_max_delay: 'strip_imp/G[1].chipserdes2_imp/DOUT[31]_i_1' is not a valid startpoint. [/home/rrivera/ots/srcs/otsdaq-firmware/cactus/projects/ftbf/kc705_strip_module/top/top.srcs/constrs_1/imports/ucf/clock_constraints.tcl:50]
Resolution: A valid start point is a main or generated clock pin or port, a clock pin of a sequential cell, or a primary input or inout port. Please validate that all the objects returned by your query belong to this list.
WARNING: [Constraints 18-402] set_max_delay: 'strip_imp/G[1].chipserdes1_imp/DOUT[31]_i_1' is not a valid startpoint. [/home/rrivera/ots/srcs/otsdaq-firmware/cactus/projects/ftbf/kc705_strip_module/top/top.srcs/constrs_1/imports/ucf/clock_constraints.tcl:50]
Resolution: A valid start point is a main or generated clock pin or port, a clock pin of a sequential cell, or a primary input or inout port. Please validate that all the objects returned by your query belong to this list.
WARNING: [Constraints 18-402] set_max_delay: 'strip_imp/G[1].chipserdes0_imp/DOUT[31]_i_1' is not a valid startpoint. [/home/rrivera/ots/srcs/otsdaq-firmware/cactus/projects/ftbf/kc705_strip_module/top/top.srcs/constrs_1/imports/ucf/clock_constraints.tcl:50]
Resolution: A valid start point is a main or generated clock pin or port, a clock pin of a sequential cell, or a primary input or inout port. Please validate that all the objects returned by your query belong to this list.
WARNING: [Constraints 18-402] set_max_delay: 'strip_imp/G[0].chipserdes2_imp/DOUT[31]_i_1' is not a valid startpoint. [/home/rrivera/ots/srcs/otsdaq-firmware/cactus/projects/ftbf/kc705_strip_module/top/top.srcs/constrs_1/imports/ucf/clock_constraints.tcl:50]
Resolution: A valid start point is a main or generated clock pin or port, a clock pin of a sequential cell, or a primary input or inout port. Please validate that all the objects returned by your query belong to this list.
WARNING: [Constraints 18-402] set_max_delay: 'strip_imp/G[0].chipserdes1_imp/DOUT[31]_i_1' is not a valid startpoint. [/home/rrivera/ots/srcs/otsdaq-firmware/cactus/projects/ftbf/kc705_strip_module/top/top.srcs/constrs_1/imports/ucf/clock_constraints.tcl:50]
Resolution: A valid start point is a main or generated clock pin or port, a clock pin of a sequential cell, or a primary input or inout port. Please validate that all the objects returned by your query belong to this list.
Finished Parsing XDC File [/home/rrivera/ots/srcs/otsdaq-firmware/cactus/projects/nim_plus_x_320/.Xil/Vivado-26219-rulinux03.dhcp.fnal.gov/dcp/top.xdc]
Parsing XDC File [/home/rrivera/ots/srcs/otsdaq-firmware/cactus/projects/nim_plus_x_320/.Xil/Vivado-26219-rulinux03.dhcp.fnal.gov/dcp/top_late.xdc]
Finished Parsing XDC File [/home/rrivera/ots/srcs/otsdaq-firmware/cactus/projects/nim_plus_x_320/.Xil/Vivado-26219-rulinux03.dhcp.fnal.gov/dcp/top_late.xdc]
Reading XDEF placement.
Reading placer database...
Reading XDEF routing.
Read XDEF File: Time (s): cpu = 00:00:02 ; elapsed = 00:00:02 . Memory (MB): peak = 7106.840 ; gain = 0.996 ; free physical = 16697 ; free virtual = 56241
Restored from archive | CPU: 2.040000 secs | Memory: 45.437790 MB |
Finished XDEF File Restore: Time (s): cpu = 00:00:02 ; elapsed = 00:00:02 . Memory (MB): peak = 7106.840 ; gain = 0.996 ; free physical = 16697 ; free virtual = 56241
INFO: [Project 1-111] Unisim Transformation Summary:
  A total of 1258 instances were transformed.
  CFGLUT5 => CFGLUT5 (SRLC32E, SRL16E): 1240 instances
  OBUFDS => OBUFDS: 12 instances
  RAM32M => RAM32M (RAMD32, RAMD32, RAMD32, RAMD32, RAMD32, RAMD32, RAMS32, RAMS32): 6 instances

open_run: Time (s): cpu = 00:00:47 ; elapsed = 00:00:32 . Memory (MB): peak = 7255.855 ; gain = 1189.223 ; free physical = 16626 ; free virtual = 56109
CRITICAL WARNING: [Timing 38-282] The design failed to meet the timing requirements. Please see the timing summary report for details on the timing violations.
close_project
open_project /home/rrivera/ots/srcs/otsdaq-firmware/captan_plus_x_eth_datagen/top/top.xpr
Scanning sources...
Finished scanning sources
INFO: [IP_Flow 19-234] Refreshing IP repositories
INFO: [IP_Flow 19-1704] No user IP repositories specified
INFO: [IP_Flow 19-2313] Loaded Vivado IP repository '/opt/local/xilinx/Vivado/2015.2/data/ip'.
launch_runs impl_1 -to_step write_bitstream -jobs 6
[Sun Mar 24 15:48:34 2019] Launched synth_1...
Run output will be captured here: /home/rrivera/ots/srcs/otsdaq-firmware/captan_plus_x_eth_datagen/top/top.runs/synth_1/runme.log
[Sun Mar 24 15:48:34 2019] Launched impl_1...
Run output will be captured here: /home/rrivera/ots/srcs/otsdaq-firmware/captan_plus_x_eth_datagen/top/top.runs/impl_1/runme.log
reset_run synth_1
launch_runs impl_1 -to_step write_bitstream -jobs 6
[Sun Mar 24 15:49:03 2019] Launched synth_1...
Run output will be captured here: /home/rrivera/ots/srcs/otsdaq-firmware/captan_plus_x_eth_datagen/top/top.runs/synth_1/runme.log
[Sun Mar 24 15:49:03 2019] Launched impl_1...
Run output will be captured here: /home/rrivera/ots/srcs/otsdaq-firmware/captan_plus_x_eth_datagen/top/top.runs/impl_1/runme.log
reset_run synth_1
launch_runs impl_1 -to_step write_bitstream -jobs 6
[Sun Mar 24 15:50:13 2019] Launched synth_1...
Run output will be captured here: /home/rrivera/ots/srcs/otsdaq-firmware/captan_plus_x_eth_datagen/top/top.runs/synth_1/runme.log
[Sun Mar 24 15:50:13 2019] Launched impl_1...
Run output will be captured here: /home/rrivera/ots/srcs/otsdaq-firmware/captan_plus_x_eth_datagen/top/top.runs/impl_1/runme.log
open_run synth_1 -name synth_1
Design is defaulting to impl run constrset: constrs_1
Design is defaulting to synth run part: xc7k325tffg900-2
INFO: [Netlist 29-17] Analyzing 149 Unisim elements for replacement
INFO: [Netlist 29-28] Unisim Transformation completed in 0 CPU seconds
INFO: [Project 1-479] Netlist was created with Vivado 2015.2
INFO: [Project 1-570] Preparing netlist for logic optimization
Sourcing Tcl File [/home/rrivera/ots/srcs/otsdaq-firmware/captan_plus_x_eth_datagen/top/top.srcs/constrs_1/imports/ucf/ethernet_pins25.tcl]
WARNING: [Vivado 12-584] No ports matched 'FLASH_CLK'. [/home/rrivera/ots/srcs/otsdaq-firmware/captan_plus_x_eth_datagen/top/top.srcs/constrs_1/imports/ucf/ethernet_pins25.tcl:81]
ERROR: [Common 17-55] 'set_property' expects at least one object. [/home/rrivera/ots/srcs/otsdaq-firmware/captan_plus_x_eth_datagen/top/top.srcs/constrs_1/imports/ucf/ethernet_pins25.tcl:81]
Resolution: If [get_<value>] was used to populate the object, check to make sure this command returns at least one valid object.
WARNING: [Vivado 12-584] No ports matched 'FLASH_CLK'. [/home/rrivera/ots/srcs/otsdaq-firmware/captan_plus_x_eth_datagen/top/top.srcs/constrs_1/imports/ucf/ethernet_pins25.tcl:82]
ERROR: [Common 17-55] 'set_property' expects at least one object. [/home/rrivera/ots/srcs/otsdaq-firmware/captan_plus_x_eth_datagen/top/top.srcs/constrs_1/imports/ucf/ethernet_pins25.tcl:82]
Resolution: If [get_<value>] was used to populate the object, check to make sure this command returns at least one valid object.
Finished Sourcing Tcl File [/home/rrivera/ots/srcs/otsdaq-firmware/captan_plus_x_eth_datagen/top/top.srcs/constrs_1/imports/ucf/ethernet_pins25.tcl]
Sourcing Tcl File [/home/rrivera/ots/srcs/otsdaq-firmware/captan_plus_x_eth_datagen/top/top.srcs/constrs_1/imports/ucf/clock_constraints.tcl]
Finished Sourcing Tcl File [/home/rrivera/ots/srcs/otsdaq-firmware/captan_plus_x_eth_datagen/top/top.srcs/constrs_1/imports/ucf/clock_constraints.tcl]
INFO: [Designutils 20-663] Invalid constraints found, use command 'write_xdc -constraints invalid <file>' to save all the invalid constraints to a file
INFO: [Opt 31-138] Pushed 0 inverter(s) to 0 load pin(s).
INFO: [Project 1-111] Unisim Transformation Summary:
No Unisim elements were transformed.

show_objects -name NET_ONLY [get_nets -hierarchical -top_net_of_hierarchical_group -filter { NAME =~  "*rx_*" } ]
show_objects -name NET_ONLY [get_nets -hierarchical -top_net_of_hierarchical_group -filter { NAME =~  "*is_*" } ]
create_debug_core u_ila_0 ila
set_property C_DATA_DEPTH 1024 [get_debug_cores u_ila_0]
set_property C_TRIGIN_EN false [get_debug_cores u_ila_0]
set_property C_TRIGOUT_EN false [get_debug_cores u_ila_0]
set_property C_ADV_TRIGGER false [get_debug_cores u_ila_0]
set_property C_INPUT_PIPE_STAGES 6 [get_debug_cores u_ila_0]
set_property C_EN_STRG_QUAL false [get_debug_cores u_ila_0]
set_property ALL_PROBE_SAME_MU true [get_debug_cores u_ila_0]
set_property ALL_PROBE_SAME_MU_CNT 1 [get_debug_cores u_ila_0]
set_property port_width 1 [get_debug_ports u_ila_0/clk]
connect_debug_port u_ila_0/clk [get_nets [list MASTER_CLK ]]
set_property port_width 32 [get_debug_ports u_ila_0/probe0]
connect_debug_port u_ila_0/probe0 [get_nets [list {rx_addr[0]} {rx_addr[1]} {rx_addr[2]} {rx_addr[3]} {rx_addr[4]} {rx_addr[5]} {rx_addr[6]} {rx_addr[7]} {rx_addr[8]} {rx_addr[9]} {rx_addr[10]} {rx_addr[11]} {rx_addr[12]} {rx_addr[13]} {rx_addr[14]} {rx_addr[15]} {rx_addr[16]} {rx_addr[17]} {rx_addr[18]} {rx_addr[19]} {rx_addr[20]} {rx_addr[21]} {rx_addr[22]} {rx_addr[23]} {rx_addr[24]} {rx_addr[25]} {rx_addr[26]} {rx_addr[27]} {rx_addr[28]} {rx_addr[29]} {rx_addr[30]} {rx_addr[31]} ]]
create_debug_port u_ila_0 probe
set_property port_width 64 [get_debug_ports u_ila_0/probe1]
connect_debug_port u_ila_0/probe1 [get_nets [list {rx_data[0]} {rx_data[1]} {rx_data[2]} {rx_data[3]} {rx_data[4]} {rx_data[5]} {rx_data[6]} {rx_data[7]} {rx_data[8]} {rx_data[9]} {rx_data[10]} {rx_data[11]} {rx_data[12]} {rx_data[13]} {rx_data[14]} {rx_data[15]} {rx_data[16]} {rx_data[17]} {rx_data[18]} {rx_data[19]} {rx_data[20]} {rx_data[21]} {rx_data[22]} {rx_data[23]} {rx_data[24]} {rx_data[25]} {rx_data[26]} {rx_data[27]} {rx_data[28]} {rx_data[29]} {rx_data[30]} {rx_data[31]} {rx_data[32]} {rx_data[33]} {rx_data[34]} {rx_data[35]} {rx_data[36]} {rx_data[37]} {rx_data[38]} {rx_data[39]} {rx_data[40]} {rx_data[41]} {rx_data[42]} {rx_data[43]} {rx_data[44]} {rx_data[45]} {rx_data[46]} {rx_data[47]} {rx_data[48]} {rx_data[49]} {rx_data[50]} {rx_data[51]} {rx_data[52]} {rx_data[53]} {rx_data[54]} {rx_data[55]} {rx_data[56]} {rx_data[57]} {rx_data[58]} {rx_data[59]} {rx_data[60]} {rx_data[61]} {rx_data[62]} {rx_data[63]} ]]
create_debug_port u_ila_0 probe
set_property port_width 64 [get_debug_ports u_ila_0/probe2]
connect_debug_port u_ila_0/probe2 [get_nets [list {tx_data[0]} {tx_data[1]} {tx_data[2]} {tx_data[3]} {tx_data[4]} {tx_data[5]} {tx_data[6]} {tx_data[7]} {tx_data[8]} {tx_data[9]} {tx_data[10]} {tx_data[11]} {tx_data[12]} {tx_data[13]} {tx_data[14]} {tx_data[15]} {tx_data[16]} {tx_data[17]} {tx_data[18]} {tx_data[19]} {tx_data[20]} {tx_data[21]} {tx_data[22]} {tx_data[23]} {tx_data[24]} {tx_data[25]} {tx_data[26]} {tx_data[27]} {tx_data[28]} {tx_data[29]} {tx_data[30]} {tx_data[31]} {tx_data[32]} {tx_data[33]} {tx_data[34]} {tx_data[35]} {tx_data[36]} {tx_data[37]} {tx_data[38]} {tx_data[39]} {tx_data[40]} {tx_data[41]} {tx_data[42]} {tx_data[43]} {tx_data[44]} {tx_data[45]} {tx_data[46]} {tx_data[47]} {tx_data[48]} {tx_data[49]} {tx_data[50]} {tx_data[51]} {tx_data[52]} {tx_data[53]} {tx_data[54]} {tx_data[55]} {tx_data[56]} {tx_data[57]} {tx_data[58]} {tx_data[59]} {tx_data[60]} {tx_data[61]} {tx_data[62]} {tx_data[63]} ]]
create_debug_port u_ila_0 probe
set_property port_width 64 [get_debug_ports u_ila_0/probe3]
connect_debug_port u_ila_0/probe3 [get_nets [list {b_data[0]} {b_data[1]} {b_data[2]} {b_data[3]} {b_data[4]} {b_data[5]} {b_data[6]} {b_data[7]} {b_data[8]} {b_data[9]} {b_data[10]} {b_data[11]} {b_data[12]} {b_data[13]} {b_data[14]} {b_data[15]} {b_data[16]} {b_data[17]} {b_data[18]} {b_data[19]} {b_data[20]} {b_data[21]} {b_data[22]} {b_data[23]} {b_data[24]} {b_data[25]} {b_data[26]} {b_data[27]} {b_data[28]} {b_data[29]} {b_data[30]} {b_data[31]} {b_data[32]} {b_data[33]} {b_data[34]} {b_data[35]} {b_data[36]} {b_data[37]} {b_data[38]} {b_data[39]} {b_data[40]} {b_data[41]} {b_data[42]} {b_data[43]} {b_data[44]} {b_data[45]} {b_data[46]} {b_data[47]} {b_data[48]} {b_data[49]} {b_data[50]} {b_data[51]} {b_data[52]} {b_data[53]} {b_data[54]} {b_data[55]} {b_data[56]} {b_data[57]} {b_data[58]} {b_data[59]} {b_data[60]} {b_data[61]} {b_data[62]} {b_data[63]} ]]
create_debug_port u_ila_0 probe
set_property port_width 8 [get_debug_ports u_ila_0/probe4]
connect_debug_port u_ila_0/probe4 [get_nets [list {PHY_TXD_sig[0]} {PHY_TXD_sig[1]} {PHY_TXD_sig[2]} {PHY_TXD_sig[3]} {PHY_TXD_sig[4]} {PHY_TXD_sig[5]} {PHY_TXD_sig[6]} {PHY_TXD_sig[7]} ]]
create_debug_port u_ila_0 probe
set_property port_width 8 [get_debug_ports u_ila_0/probe5]
connect_debug_port u_ila_0/probe5 [get_nets [list {eth_interface/ec_wrapper/rx_data_handled[0]} {eth_interface/ec_wrapper/rx_data_handled[1]} {eth_interface/ec_wrapper/rx_data_handled[2]} {eth_interface/ec_wrapper/rx_data_handled[3]} {eth_interface/ec_wrapper/rx_data_handled[4]} {eth_interface/ec_wrapper/rx_data_handled[5]} {eth_interface/ec_wrapper/rx_data_handled[6]} {eth_interface/ec_wrapper/rx_data_handled[7]} ]]
create_debug_port u_ila_0 probe
set_property port_width 1 [get_debug_ports u_ila_0/probe6]
connect_debug_port u_ila_0/probe6 [get_nets [list b_data_we ]]
create_debug_port u_ila_0 probe
set_property port_width 1 [get_debug_ports u_ila_0/probe7]
connect_debug_port u_ila_0/probe7 [get_nets [list PHY_TXEN_sig ]]
create_debug_port u_ila_0 probe
set_property port_width 1 [get_debug_ports u_ila_0/probe8]
connect_debug_port u_ila_0/probe8 [get_nets [list rx_wren ]]
create_debug_port u_ila_0 probe
set_property port_width 1 [get_debug_ports u_ila_0/probe9]
connect_debug_port u_ila_0/probe9 [get_nets [list eth_interface/ec_wrapper/rx_dv_handled ]]
create_debug_port u_ila_0 probe
set_property port_width 1 [get_debug_ports u_ila_0/probe10]
connect_debug_port u_ila_0/probe10 [get_nets [list eth_interface/data_manager_blk/rx_info_fifo_empty ]]
create_debug_port u_ila_0 probe
set_property port_width 1 [get_debug_ports u_ila_0/probe11]
connect_debug_port u_ila_0/probe11 [get_nets [list eth_interface/data_manager_blk/rx_info_fifo_full ]]
create_debug_port u_ila_0 probe
set_property port_width 1 [get_debug_ports u_ila_0/probe12]
connect_debug_port u_ila_0/probe12 [get_nets [list eth_interface/data_manager_blk/rx_info_fifo_rden ]]
create_debug_port u_ila_0 probe
set_property port_width 1 [get_debug_ports u_ila_0/probe13]
connect_debug_port u_ila_0/probe13 [get_nets [list eth_interface/data_manager_blk/rx_info_fifo_wren ]]
create_debug_port u_ila_0 probe
set_property port_width 1 [get_debug_ports u_ila_0/probe14]
connect_debug_port u_ila_0/probe14 [get_nets [list eth_interface/data_manager_blk/rx_fifo_watchdog_reset ]]
create_debug_port u_ila_0 probe
set_property port_width 1 [get_debug_ports u_ila_0/probe15]
connect_debug_port u_ila_0/probe15 [get_nets [list eth_interface/data_manager_blk/rx_fifo_reset_sig ]]
create_debug_port u_ila_0 probe
set_property port_width 1 [get_debug_ports u_ila_0/probe16]
connect_debug_port u_ila_0/probe16 [get_nets [list eth_interface/data_manager_blk/rx_fifo_reset ]]
create_debug_port u_ila_0 probe
set_property port_width 1 [get_debug_ports u_ila_0/probe17]
connect_debug_port u_ila_0/probe17 [get_nets [list eth_interface/ec_wrapper/ethernet_controller/DecipherBlock/is_arp_reply ]]
create_debug_port u_ila_0 probe
set_property port_width 1 [get_debug_ports u_ila_0/probe18]
connect_debug_port u_ila_0/probe18 [get_nets [list eth_interface/ec_wrapper/ethernet_controller/DecipherBlock/is_arp_sig ]]
create_debug_port u_ila_0 probe
set_property port_width 1 [get_debug_ports u_ila_0/probe19]
connect_debug_port u_ila_0/probe19 [get_nets [list eth_interface/ec_wrapper/ethernet_controller/DecipherBlock/is_icmp_ping_sig_reg_n_0 ]]
create_debug_port u_ila_0 probe
set_property port_width 1 [get_debug_ports u_ila_0/probe20]
connect_debug_port u_ila_0/probe20 [get_nets [list eth_interface/ec_wrapper/ethernet_controller/DecipherBlock/is_ip_sig ]]
create_debug_port u_ila_0 probe
set_property port_width 1 [get_debug_ports u_ila_0/probe21]
connect_debug_port u_ila_0/probe21 [get_nets [list eth_interface/ec_wrapper/ethernet_controller/DecipherBlock/is_udp_sig_reg_n_0 ]]
create_debug_port u_ila_0 probe
set_property port_width 1 [get_debug_ports u_ila_0/probe22]
connect_debug_port u_ila_0/probe22 [get_nets [list eth_interface/ec_wrapper/ethernet_controller/DecipherBlock/is_udp_sig23_out ]]
create_debug_port u_ila_0 probe
set_property port_width 1 [get_debug_ports u_ila_0/probe23]
connect_debug_port u_ila_0/probe23 [get_nets [list eth_interface/ec_wrapper/ethernet_controller/DecipherBlock/is_arp_sig_reg_n_0 ]]
create_debug_port u_ila_0 probe
set_property port_width 1 [get_debug_ports u_ila_0/probe24]
connect_debug_port u_ila_0/probe24 [get_nets [list eth_interface/ec_wrapper/ethernet_controller/is_arp_req ]]
create_debug_port u_ila_0 probe
set_property port_width 1 [get_debug_ports u_ila_0/probe25]
connect_debug_port u_ila_0/probe25 [get_nets [list eth_interface/ec_wrapper/ethernet_controller/is_icmp_ping ]]
create_debug_port u_ila_0 probe
set_property port_width 1 [get_debug_ports u_ila_0/probe26]
connect_debug_port u_ila_0/probe26 [get_nets [list eth_interface/ec_wrapper/ethernet_controller/is_ip ]]
save_constraints -force
INFO: [Project 1-239] Creating target file '/home/rrivera/ots/srcs/otsdaq-firmware/captan_plus_x_eth_datagen/top/top.srcs/constrs_1/new/top.xdc' for the 'constrs_1' constraints set.
INFO: [Project 1-96] Target constrs file set to '/home/rrivera/ots/srcs/otsdaq-firmware/captan_plus_x_eth_datagen/top/top.srcs/constrs_1/new/top.xdc' for the 'constrs_1' constraints set.
close_design
open_run synth_1 -name synth_1
Design is defaulting to impl run constrset: constrs_1
Design is defaulting to synth run part: xc7k325tffg900-2
INFO: [Netlist 29-17] Analyzing 149 Unisim elements for replacement
INFO: [Netlist 29-28] Unisim Transformation completed in 0 CPU seconds
INFO: [Project 1-479] Netlist was created with Vivado 2015.2
INFO: [Project 1-570] Preparing netlist for logic optimization
Sourcing Tcl File [/home/rrivera/ots/srcs/otsdaq-firmware/captan_plus_x_eth_datagen/top/top.srcs/constrs_1/imports/ucf/ethernet_pins25.tcl]
Finished Sourcing Tcl File [/home/rrivera/ots/srcs/otsdaq-firmware/captan_plus_x_eth_datagen/top/top.srcs/constrs_1/imports/ucf/ethernet_pins25.tcl]
Sourcing Tcl File [/home/rrivera/ots/srcs/otsdaq-firmware/captan_plus_x_eth_datagen/top/top.srcs/constrs_1/imports/ucf/clock_constraints.tcl]
Finished Sourcing Tcl File [/home/rrivera/ots/srcs/otsdaq-firmware/captan_plus_x_eth_datagen/top/top.srcs/constrs_1/imports/ucf/clock_constraints.tcl]
Parsing XDC File [/home/rrivera/ots/srcs/otsdaq-firmware/captan_plus_x_eth_datagen/top/top.srcs/constrs_1/new/top.xdc]
Finished Parsing XDC File [/home/rrivera/ots/srcs/otsdaq-firmware/captan_plus_x_eth_datagen/top/top.srcs/constrs_1/new/top.xdc]
INFO: [Opt 31-138] Pushed 0 inverter(s) to 0 load pin(s).
INFO: [Project 1-111] Unisim Transformation Summary:
No Unisim elements were transformed.

delete_debug_core [get_debug_cores {u_ila_0 }]
create_debug_core u_ila_0_0 ila
set_property C_DATA_DEPTH 1024 [get_debug_cores u_ila_0_0]
set_property C_TRIGIN_EN false [get_debug_cores u_ila_0_0]
set_property C_TRIGOUT_EN false [get_debug_cores u_ila_0_0]
set_property C_ADV_TRIGGER false [get_debug_cores u_ila_0_0]
set_property C_INPUT_PIPE_STAGES 6 [get_debug_cores u_ila_0_0]
set_property C_EN_STRG_QUAL false [get_debug_cores u_ila_0_0]
set_property ALL_PROBE_SAME_MU true [get_debug_cores u_ila_0_0]
set_property ALL_PROBE_SAME_MU_CNT 1 [get_debug_cores u_ila_0_0]
set_property port_width 1 [get_debug_ports u_ila_0_0/clk]
connect_debug_port u_ila_0_0/clk [get_nets [list MASTER_CLK ]]
set_property port_width 32 [get_debug_ports u_ila_0_0/probe0]
connect_debug_port u_ila_0_0/probe0 [get_nets [list {rx_addr[0]} {rx_addr[1]} {rx_addr[2]} {rx_addr[3]} {rx_addr[4]} {rx_addr[5]} {rx_addr[6]} {rx_addr[7]} {rx_addr[8]} {rx_addr[9]} {rx_addr[10]} {rx_addr[11]} {rx_addr[12]} {rx_addr[13]} {rx_addr[14]} {rx_addr[15]} {rx_addr[16]} {rx_addr[17]} {rx_addr[18]} {rx_addr[19]} {rx_addr[20]} {rx_addr[21]} {rx_addr[22]} {rx_addr[23]} {rx_addr[24]} {rx_addr[25]} {rx_addr[26]} {rx_addr[27]} {rx_addr[28]} {rx_addr[29]} {rx_addr[30]} {rx_addr[31]} ]]
create_debug_port u_ila_0_0 probe
set_property port_width 64 [get_debug_ports u_ila_0_0/probe1]
connect_debug_port u_ila_0_0/probe1 [get_nets [list {tx_data[0]} {tx_data[1]} {tx_data[2]} {tx_data[3]} {tx_data[4]} {tx_data[5]} {tx_data[6]} {tx_data[7]} {tx_data[8]} {tx_data[9]} {tx_data[10]} {tx_data[11]} {tx_data[12]} {tx_data[13]} {tx_data[14]} {tx_data[15]} {tx_data[16]} {tx_data[17]} {tx_data[18]} {tx_data[19]} {tx_data[20]} {tx_data[21]} {tx_data[22]} {tx_data[23]} {tx_data[24]} {tx_data[25]} {tx_data[26]} {tx_data[27]} {tx_data[28]} {tx_data[29]} {tx_data[30]} {tx_data[31]} {tx_data[32]} {tx_data[33]} {tx_data[34]} {tx_data[35]} {tx_data[36]} {tx_data[37]} {tx_data[38]} {tx_data[39]} {tx_data[40]} {tx_data[41]} {tx_data[42]} {tx_data[43]} {tx_data[44]} {tx_data[45]} {tx_data[46]} {tx_data[47]} {tx_data[48]} {tx_data[49]} {tx_data[50]} {tx_data[51]} {tx_data[52]} {tx_data[53]} {tx_data[54]} {tx_data[55]} {tx_data[56]} {tx_data[57]} {tx_data[58]} {tx_data[59]} {tx_data[60]} {tx_data[61]} {tx_data[62]} {tx_data[63]} ]]
create_debug_port u_ila_0_0 probe
set_property port_width 64 [get_debug_ports u_ila_0_0/probe2]
connect_debug_port u_ila_0_0/probe2 [get_nets [list {rx_data[0]} {rx_data[1]} {rx_data[2]} {rx_data[3]} {rx_data[4]} {rx_data[5]} {rx_data[6]} {rx_data[7]} {rx_data[8]} {rx_data[9]} {rx_data[10]} {rx_data[11]} {rx_data[12]} {rx_data[13]} {rx_data[14]} {rx_data[15]} {rx_data[16]} {rx_data[17]} {rx_data[18]} {rx_data[19]} {rx_data[20]} {rx_data[21]} {rx_data[22]} {rx_data[23]} {rx_data[24]} {rx_data[25]} {rx_data[26]} {rx_data[27]} {rx_data[28]} {rx_data[29]} {rx_data[30]} {rx_data[31]} {rx_data[32]} {rx_data[33]} {rx_data[34]} {rx_data[35]} {rx_data[36]} {rx_data[37]} {rx_data[38]} {rx_data[39]} {rx_data[40]} {rx_data[41]} {rx_data[42]} {rx_data[43]} {rx_data[44]} {rx_data[45]} {rx_data[46]} {rx_data[47]} {rx_data[48]} {rx_data[49]} {rx_data[50]} {rx_data[51]} {rx_data[52]} {rx_data[53]} {rx_data[54]} {rx_data[55]} {rx_data[56]} {rx_data[57]} {rx_data[58]} {rx_data[59]} {rx_data[60]} {rx_data[61]} {rx_data[62]} {rx_data[63]} ]]
create_debug_port u_ila_0_0 probe
set_property port_width 8 [get_debug_ports u_ila_0_0/probe3]
connect_debug_port u_ila_0_0/probe3 [get_nets [list {PHY_TXD_sig[0]} {PHY_TXD_sig[1]} {PHY_TXD_sig[2]} {PHY_TXD_sig[3]} {PHY_TXD_sig[4]} {PHY_TXD_sig[5]} {PHY_TXD_sig[6]} {PHY_TXD_sig[7]} ]]
create_debug_port u_ila_0_0 probe
set_property port_width 64 [get_debug_ports u_ila_0_0/probe4]
connect_debug_port u_ila_0_0/probe4 [get_nets [list {b_data[0]} {b_data[1]} {b_data[2]} {b_data[3]} {b_data[4]} {b_data[5]} {b_data[6]} {b_data[7]} {b_data[8]} {b_data[9]} {b_data[10]} {b_data[11]} {b_data[12]} {b_data[13]} {b_data[14]} {b_data[15]} {b_data[16]} {b_data[17]} {b_data[18]} {b_data[19]} {b_data[20]} {b_data[21]} {b_data[22]} {b_data[23]} {b_data[24]} {b_data[25]} {b_data[26]} {b_data[27]} {b_data[28]} {b_data[29]} {b_data[30]} {b_data[31]} {b_data[32]} {b_data[33]} {b_data[34]} {b_data[35]} {b_data[36]} {b_data[37]} {b_data[38]} {b_data[39]} {b_data[40]} {b_data[41]} {b_data[42]} {b_data[43]} {b_data[44]} {b_data[45]} {b_data[46]} {b_data[47]} {b_data[48]} {b_data[49]} {b_data[50]} {b_data[51]} {b_data[52]} {b_data[53]} {b_data[54]} {b_data[55]} {b_data[56]} {b_data[57]} {b_data[58]} {b_data[59]} {b_data[60]} {b_data[61]} {b_data[62]} {b_data[63]} ]]
create_debug_port u_ila_0_0 probe
set_property port_width 8 [get_debug_ports u_ila_0_0/probe5]
connect_debug_port u_ila_0_0/probe5 [get_nets [list {eth_interface/ec_wrapper/rx_data_handled[0]} {eth_interface/ec_wrapper/rx_data_handled[1]} {eth_interface/ec_wrapper/rx_data_handled[2]} {eth_interface/ec_wrapper/rx_data_handled[3]} {eth_interface/ec_wrapper/rx_data_handled[4]} {eth_interface/ec_wrapper/rx_data_handled[5]} {eth_interface/ec_wrapper/rx_data_handled[6]} {eth_interface/ec_wrapper/rx_data_handled[7]} ]]
create_debug_port u_ila_0_0 probe
set_property port_width 1 [get_debug_ports u_ila_0_0/probe6]
connect_debug_port u_ila_0_0/probe6 [get_nets [list b_data_we ]]
create_debug_port u_ila_0_0 probe
set_property port_width 1 [get_debug_ports u_ila_0_0/probe7]
connect_debug_port u_ila_0_0/probe7 [get_nets [list eth_interface/ec_wrapper/ethernet_controller/DecipherBlock/is_arp_reply ]]
create_debug_port u_ila_0_0 probe
set_property port_width 1 [get_debug_ports u_ila_0_0/probe8]
connect_debug_port u_ila_0_0/probe8 [get_nets [list eth_interface/ec_wrapper/ethernet_controller/is_arp_req ]]
create_debug_port u_ila_0_0 probe
set_property port_width 1 [get_debug_ports u_ila_0_0/probe9]
connect_debug_port u_ila_0_0/probe9 [get_nets [list eth_interface/ec_wrapper/ethernet_controller/DecipherBlock/is_arp_sig ]]
create_debug_port u_ila_0_0 probe
set_property port_width 1 [get_debug_ports u_ila_0_0/probe10]
connect_debug_port u_ila_0_0/probe10 [get_nets [list eth_interface/ec_wrapper/ethernet_controller/DecipherBlock/is_arp_sig_reg_n_0 ]]
create_debug_port u_ila_0_0 probe
set_property port_width 1 [get_debug_ports u_ila_0_0/probe11]
connect_debug_port u_ila_0_0/probe11 [get_nets [list eth_interface/ec_wrapper/ethernet_controller/is_icmp_ping ]]
create_debug_port u_ila_0_0 probe
set_property port_width 1 [get_debug_ports u_ila_0_0/probe12]
connect_debug_port u_ila_0_0/probe12 [get_nets [list eth_interface/ec_wrapper/ethernet_controller/DecipherBlock/is_icmp_ping_sig_reg_n_0 ]]
create_debug_port u_ila_0_0 probe
set_property port_width 1 [get_debug_ports u_ila_0_0/probe13]
connect_debug_port u_ila_0_0/probe13 [get_nets [list eth_interface/ec_wrapper/ethernet_controller/is_ip ]]
create_debug_port u_ila_0_0 probe
set_property port_width 1 [get_debug_ports u_ila_0_0/probe14]
connect_debug_port u_ila_0_0/probe14 [get_nets [list eth_interface/ec_wrapper/ethernet_controller/DecipherBlock/is_ip_sig ]]
create_debug_port u_ila_0_0 probe
set_property port_width 1 [get_debug_ports u_ila_0_0/probe15]
connect_debug_port u_ila_0_0/probe15 [get_nets [list eth_interface/ec_wrapper/ethernet_controller/DecipherBlock/is_udp_sig23_out ]]
create_debug_port u_ila_0_0 probe
set_property port_width 1 [get_debug_ports u_ila_0_0/probe16]
connect_debug_port u_ila_0_0/probe16 [get_nets [list eth_interface/ec_wrapper/ethernet_controller/DecipherBlock/is_udp_sig_reg_n_0 ]]
create_debug_port u_ila_0_0 probe
set_property port_width 1 [get_debug_ports u_ila_0_0/probe17]
connect_debug_port u_ila_0_0/probe17 [get_nets [list PHY_TXEN_sig ]]
create_debug_port u_ila_0_0 probe
set_property port_width 1 [get_debug_ports u_ila_0_0/probe18]
connect_debug_port u_ila_0_0/probe18 [get_nets [list eth_interface/ec_wrapper/rx_dv_handled ]]
create_debug_port u_ila_0_0 probe
set_property port_width 1 [get_debug_ports u_ila_0_0/probe19]
connect_debug_port u_ila_0_0/probe19 [get_nets [list eth_interface/data_manager_blk/rx_fifo_reset ]]
create_debug_port u_ila_0_0 probe
set_property port_width 1 [get_debug_ports u_ila_0_0/probe20]
connect_debug_port u_ila_0_0/probe20 [get_nets [list eth_interface/data_manager_blk/rx_fifo_reset_sig ]]
create_debug_port u_ila_0_0 probe
set_property port_width 1 [get_debug_ports u_ila_0_0/probe21]
connect_debug_port u_ila_0_0/probe21 [get_nets [list eth_interface/data_manager_blk/rx_fifo_watchdog_reset ]]
create_debug_port u_ila_0_0 probe
set_property port_width 1 [get_debug_ports u_ila_0_0/probe22]
connect_debug_port u_ila_0_0/probe22 [get_nets [list eth_interface/data_manager_blk/rx_info_fifo_empty ]]
create_debug_port u_ila_0_0 probe
set_property port_width 1 [get_debug_ports u_ila_0_0/probe23]
connect_debug_port u_ila_0_0/probe23 [get_nets [list eth_interface/data_manager_blk/rx_info_fifo_full ]]
create_debug_port u_ila_0_0 probe
set_property port_width 1 [get_debug_ports u_ila_0_0/probe24]
connect_debug_port u_ila_0_0/probe24 [get_nets [list eth_interface/data_manager_blk/rx_info_fifo_rden ]]
create_debug_port u_ila_0_0 probe
set_property port_width 1 [get_debug_ports u_ila_0_0/probe25]
connect_debug_port u_ila_0_0/probe25 [get_nets [list eth_interface/data_manager_blk/rx_info_fifo_wren ]]
create_debug_port u_ila_0_0 probe
set_property port_width 1 [get_debug_ports u_ila_0_0/probe26]
connect_debug_port u_ila_0_0/probe26 [get_nets [list rx_wren ]]
save_constraints
close_design
close_project
open_project /home/rrivera/ots/srcs/otsdaq-firmware/cactus/projects/ftbf/kc705_strip_module/top/top.xpr
Scanning sources...
Finished scanning sources
INFO: [IP_Flow 19-234] Refreshing IP repositories
INFO: [IP_Flow 19-1704] No user IP repositories specified
INFO: [IP_Flow 19-2313] Loaded Vivado IP repository '/opt/local/xilinx/Vivado/2015.2/data/ip'.
