
****** Vivado v2015.2 (64-bit)
  **** SW Build 1266856 on Fri Jun 26 16:35:25 MDT 2015
  **** IP Build 1264090 on Wed Jun 24 14:22:01 MDT 2015
    ** Copyright 1986-2015 Xilinx, Inc. All Rights Reserved.

source get_cs_ip.tcl
# debug::add_scope template.lib 1
# set_param chipscope.flow 0
# set part xc7a200tffg1156-2
# set ip_vlnv xilinx.com:ip:ila:5.1
# set ip_module_name u_ila_0_0_CV
# set params [list {PARAM_VALUE.ALL_PROBE_SAME_MU} {true} {PARAM_VALUE.ALL_PROBE_SAME_MU_CNT} {1} {PARAM_VALUE.C_ADV_TRIGGER} {false} {PARAM_VALUE.C_DATA_DEPTH} {1024} {PARAM_VALUE.C_EN_STRG_QUAL} {false} {PARAM_VALUE.C_INPUT_PIPE_STAGES} {0} {PARAM_VALUE.C_NUM_OF_PROBES} {33} {PARAM_VALUE.C_PROBE0_WIDTH} {32} {PARAM_VALUE.C_PROBE10_WIDTH} {1} {PARAM_VALUE.C_PROBE11_WIDTH} {1} {PARAM_VALUE.C_PROBE12_WIDTH} {1} {PARAM_VALUE.C_PROBE13_WIDTH} {1} {PARAM_VALUE.C_PROBE14_WIDTH} {1} {PARAM_VALUE.C_PROBE15_WIDTH} {1} {PARAM_VALUE.C_PROBE16_WIDTH} {1} {PARAM_VALUE.C_PROBE17_WIDTH} {1} {PARAM_VALUE.C_PROBE18_WIDTH} {1} {PARAM_VALUE.C_PROBE19_WIDTH} {1} {PARAM_VALUE.C_PROBE1_WIDTH} {4} {PARAM_VALUE.C_PROBE20_WIDTH} {1} {PARAM_VALUE.C_PROBE21_WIDTH} {1} {PARAM_VALUE.C_PROBE22_WIDTH} {1} {PARAM_VALUE.C_PROBE23_WIDTH} {1} {PARAM_VALUE.C_PROBE24_WIDTH} {1} {PARAM_VALUE.C_PROBE25_WIDTH} {1} {PARAM_VALUE.C_PROBE26_WIDTH} {1} {PARAM_VALUE.C_PROBE27_WIDTH} {1} {PARAM_VALUE.C_PROBE28_WIDTH} {1} {PARAM_VALUE.C_PROBE29_WIDTH} {1} {PARAM_VALUE.C_PROBE2_WIDTH} {4} {PARAM_VALUE.C_PROBE30_WIDTH} {1} {PARAM_VALUE.C_PROBE31_WIDTH} {1} {PARAM_VALUE.C_PROBE32_WIDTH} {1} {PARAM_VALUE.C_PROBE3_WIDTH} {4} {PARAM_VALUE.C_PROBE4_WIDTH} {1} {PARAM_VALUE.C_PROBE5_WIDTH} {1} {PARAM_VALUE.C_PROBE6_WIDTH} {1} {PARAM_VALUE.C_PROBE7_WIDTH} {1} {PARAM_VALUE.C_PROBE8_WIDTH} {1} {PARAM_VALUE.C_PROBE9_WIDTH} {1} {PARAM_VALUE.C_TRIGIN_EN} {0} {PARAM_VALUE.C_TRIGOUT_EN} {0}]
# set output_xci {/home/rrivera/ots/srcs/otsdaq-firmware/cactus/projects/nim_plus/top/top.runs/impl_1/.Xil/Vivado-12770-rulinux03.dhcp.fnal.gov/u_ila_0_0_CV.0/out/result.xci}
# set output_dcp {/home/rrivera/ots/srcs/otsdaq-firmware/cactus/projects/nim_plus/top/top.runs/impl_1/.Xil/Vivado-12770-rulinux03.dhcp.fnal.gov/u_ila_0_0_CV.0/out/result.dcp}
# set output_dir {/home/rrivera/ots/srcs/otsdaq-firmware/cactus/projects/nim_plus/top/top.runs/impl_1/.Xil/Vivado-12770-rulinux03.dhcp.fnal.gov/u_ila_0_0_CV.0/out}
# set ip_repo_paths /home/rrivera/ots/srcs/otsdaq-firmware/cactus/projects/nim_plus/top/top.cache/ip
# set ip_output_repo /home/rrivera/ots/srcs/otsdaq-firmware/cactus/projects/nim_plus/top/top.cache/ip
# set ip_cache_permissions {read write}
# set oopbus_ip_repo_paths [get_param chipscope.oopbus_ip_repo_paths]
# source {/opt/local/xilinx/Vivado/2015.2/scripts/ip/ipxchipscope.tcl}
INFO: [IP_Flow 19-234] Refreshing IP repositories
INFO: [IP_Flow 19-1700] Loaded user IP repository '/home/rrivera/ots/srcs/otsdaq-firmware/cactus/projects/nim_plus/top/top.cache/ip'.
INFO: [IP_Flow 19-2313] Loaded Vivado IP repository '/opt/local/xilinx/Vivado/2015.2/data/ip'.
INFO: [IP_Flow 19-1686] Generating 'Instantiation Template' target for IP 'u_ila_0_0_CV'...
INFO: [IP_Flow 19-1686] Generating 'Synthesis' target for IP 'u_ila_0_0_CV'...
INFO: [IP_Flow 19-1686] Generating 'Simulation' target for IP 'u_ila_0_0_CV'...
INFO: [IP_Flow 19-1686] Generating 'Change Log' target for IP 'u_ila_0_0_CV'...
INFO: [Netlist 29-17] Analyzing 275 Unisim elements for replacement
INFO: [Netlist 29-28] Unisim Transformation completed in 0 CPU seconds
INFO: [Project 1-479] Netlist was created with Vivado 2015.2
INFO: [Device 21-403] Loading part xc7a200tffg1156-2
INFO: [Project 1-570] Preparing netlist for logic optimization
INFO: [Project 1-111] Unisim Transformation Summary:
  A total of 188 instances were transformed.
  CFGLUT5 => CFGLUT5 (SRLC32E, SRL16E): 188 instances

INFO: [Project 1-484] Checkpoint was created with build 1266856
INFO: [Coretcl 2-1485] Using cached IP synthesis design for IP /home/rrivera/ots/srcs/otsdaq-firmware/cactus/projects/nim_plus/top/top.runs/impl_1/.Xil/Vivado-12770-rulinux03.dhcp.fnal.gov/u_ila_0_0_CV.0/run/prj_ip.srcs/sources_1/ip/u_ila_0_0_CV/u_ila_0_0_CV.xci : /home/rrivera/ots/srcs/otsdaq-firmware/cactus/projects/nim_plus/top/top.cache/ip/d77071642eeb6f8f/u_ila_0_0_CV.dcp
check_ip_cache: Time (s): cpu = 00:00:05 ; elapsed = 00:00:05 . Memory (MB): peak = 1514.633 ; gain = 337.117 ; free physical = 3882 ; free virtual = 39797
Running: write_checkpoint -force u_ila_0_0_CV.dcp
INFO: [Timing 38-35] Done setting XDC timing constraints.
write_checkpoint: Time (s): cpu = 00:00:10 ; elapsed = 00:00:11 . Memory (MB): peak = 2087.320 ; gain = 572.688 ; free physical = 3523 ; free virtual = 39438
# set failed [catch {ipx::chipscope::gen_and_synth_ip $part $ip_vlnv $ip_module_name $params $output_xci $output_dcp $output_dir $ip_repo_paths $ip_output_repo $ip_cache_permissions $oopbus_ip_repo_paths} errMessage]
# if { $failed } {
#   puts "Caught exception:"
#   puts "$errMessage"
#   exit 1
# }
INFO: [Common 17-206] Exiting Vivado at Wed May 16 08:52:47 2018...
