#
# An unexpected error has occurred (11)
#
Stack:
/lib64/libc.so.6(+0x35250) [0x7fbbcd3f6250]
/opt/local/xilinx/Vivado/2015.2/lib/lnx64.o/librdi_dlyest.so(HADE4UnplacedPinMapperCache::getSiteFromCache(HDLHInstance const&, HDDMSite const&, bool) const+0xd6) [0x7fbba39d9606]
/opt/local/xilinx/Vivado/2015.2/lib/lnx64.o/librdi_dlyest.so(HADE4UnplacedPinMapperV7::getLocNearSite(HDLHInstance const&, HDDMSite const&, int, bool, bool) const+0x159) [0x7fbba39db909]
/opt/local/xilinx/Vivado/2015.2/lib/lnx64.o/librdi_place.so(HAPLFPhyPinMapper::getLocNearSite(HDLHInstance const&, HDDMSite const&, int, bool, bool) const+0x48) [0x7fbbab4658f8]
/opt/local/xilinx/Vivado/2015.2/lib/lnx64.o/librdi_dlyest.so(HADEPinMapper::getLocs(HDLHInstance const&, HDLHInstance const&, HDPLLoc&, HDPLLoc&, int, bool, HDLHInstTerm const&) const+0x28d) [0x7fbba39dd20d]
/opt/local/xilinx/Vivado/2015.2/lib/lnx64.o/librdi_dlyest.so(HADEPinMapper::getPhyPins(HDLHInstTerm const&, HDLHInstTerm const&, HSTVector<HDPLPhyPin, std::allocator<HDPLPhyPin> >&, HSTVector<HDPLPhyPin, std::allocator<HDPLPhyPin> >&, bool&, bool&, bool, bool&) const+0x1b6) [0x7fbba39dee36]
/opt/local/xilinx/Vivado/2015.2/lib/lnx64.o/librdi_dlyest.so(HADE4WireDlyCalc::getDelay(HDLHElement const&, HDLHElement const&, bool, bool, bool, bool, bool, int) const+0xbb7) [0x7fbba3a3aa97]
/opt/local/xilinx/Vivado/2015.2/lib/lnx64.o/librdi_dlyest.so(HADE4WireDlyCalc::getDelay(HDLHElement const&, HDLHElement const&, int, bool, bool, bool, bool) const+0x74) [0x7fbba3a3d984]
/opt/local/xilinx/Vivado/2015.2/lib/lnx64.o/librdi_dlyest.so(HADE4WireDlyCalc::getDelay(HDLHElement const&, HDLHElement const&, int) const+0x391) [0x7fbba3a37471]
/opt/local/xilinx/Vivado/2015.2/lib/lnx64.o/librdi_dlyest.so(HADE4WireDlyCalc::getDelay(HDLHElement const&, HDLHElement const&, sta::TimingArc const*, int) const+0xc) [0x7fbba3a3753c]
/opt/local/xilinx/Vivado/2015.2/lib/lnx64.o/librdi_dlyest.so(HADEDlyMediator::fallBackWireDlyCalc(HDLHNet const*, HDLHInstTerm const*, int, std::vector<HADEDlyMediatorPacket, std::allocator<HADEDlyMediatorPacket> >&, HADEDlyMediatorPacket::HADEDLYMED_DLYTYPE) const+0x112) [0x7fbba3a55c42]
/opt/local/xilinx/Vivado/2015.2/lib/lnx64.o/librdi_dlyest.so(HADEDlyMediator::oldGetDelay(HDLHNet const*, HDLHInstTerm const*, std::vector<HADEDlyMediatorPacket, std::allocator<HADEDlyMediatorPacket> >&, int) const+0x3f6) [0x7fbba3a736a6]
/opt/local/xilinx/Vivado/2015.2/lib/lnx64.o/librdi_dlyest.so(HADEDlyMediator::getDelay(HDLHNet const*, HDLHInstTerm const*, std::vector<HADEDlyMediatorPacket, std::allocator<HADEDlyMediatorPacket> >&, int) const+0x464) [0x7fbba3a6d634]
/opt/local/xilinx/Vivado/2015.2/lib/lnx64.o/librdi_timing.so(HAST3Sta::setWireDelayOnVertex(sta::Vertex*, HSTVector<sta::Edge*, std::allocator<sta::Edge*> > const*, HAST3TimingParams const&)+0x64c) [0x7fbba7c4af0c]
/opt/local/xilinx/Vivado/2015.2/lib/lnx64.o/librdi_timing.so(void* HCTThreadUtils::forEachStart<__gnu_cxx::__normal_iterator<std::pair<sta::Vertex*, unsigned int>*, std::vector<std::pair<sta::Vertex*, unsigned int>, std::allocator<std::pair<sta::Vertex*, unsigned int> > > >, boost::function<void (std::pair<sta::Vertex*, unsigned int>&)> >(void*)+0x91) [0x7fbba7c53601]
/opt/local/xilinx/Vivado/2015.2/lib/lnx64.o/librdi_timing.so(void HCTThreadUtils::forEach<__gnu_cxx::__normal_iterator<std::pair<sta::Vertex*, unsigned int>*, std::vector<std::pair<sta::Vertex*, unsigned int>, std::allocator<std::pair<sta::Vertex*, unsigned int> > > >, boost::function<void (std::pair<sta::Vertex*, unsigned int>&)> >(__gnu_cxx::__normal_iterator<std::pair<sta::Vertex*, unsigned int>*, std::vector<std::pair<sta::Vertex*, unsigned int>, std::allocator<std::pair<sta::Vertex*, unsigned int> > > >, __gnu_cxx::__normal_iterator<std::pair<sta::Vertex*, unsigned int>*, std::vector<std::pair<sta::Vertex*, unsigned int>, std::allocator<std::pair<sta::Vertex*, unsigned int> > > >, boost::function<void (std::pair<sta::Vertex*, unsigned int>&)>&, int, int)+0x10a) [0x7fbba7c5400a]
/opt/local/xilinx/Vivado/2015.2/lib/lnx64.o/librdi_timing.so(void HAST3Sta::executeInMT<std::vector<std::pair<sta::Vertex*, unsigned int>, std::allocator<std::pair<sta::Vertex*, unsigned int> > >, boost::function<void (std::pair<sta::Vertex*, unsigned int>&)> >(std::vector<std::pair<sta::Vertex*, unsigned int>, std::allocator<std::pair<sta::Vertex*, unsigned int> > >&, boost::function<void (std::pair<sta::Vertex*, unsigned int>&)>&, int, char const*)+0xfa) [0x7fbba7c5419a]
/opt/local/xilinx/Vivado/2015.2/lib/lnx64.o/librdi_timing.so(HAST3Sta::setWireDelaysNetByNet(HAST3TimingParams const&)+0x33c) [0x7fbba7c45a7c]
/opt/local/xilinx/Vivado/2015.2/lib/lnx64.o/librdi_timing.so(HAST3Sta::setDelays(HAST3TimingParams const&)+0x5e6) [0x7fbba7c50256]
/opt/local/xilinx/Vivado/2015.2/lib/lnx64.o/librdi_timing.so(HAST3TimeAhead::setDelays()+0x3d) [0x7fbba7c5c40d]
/opt/local/xilinx/Vivado/2015.2/lib/lnx64.o/librdi_timing.so(HAST3TimeAhead::updateDelays(HDGUIStatus*, HASTUpdateTimingParams const&)+0x2ec) [0x7fbba7c72dec]
/opt/local/xilinx/Vivado/2015.2/lib/lnx64.o/librdi_timing.so(HAST3TimeAhead::updateTiming1(HASTUpdateTimingParams const&, HDGUIStatus*)+0x1c0) [0x7fbba7c75b10]
/opt/local/xilinx/Vivado/2015.2/lib/lnx64.o/librdi_timing.so(HAST3TimeAhead::updateTiming(HASTUpdateTimingParams const&, HDGUIStatus*)+0x536) [0x7fbba7c76526]
/opt/local/xilinx/Vivado/2015.2/lib/lnx64.o/librdi_place.so(HAPLFTiming::updateTimingTa(HASTUpdateTimingParams const&)+0x351) [0x7fbbab549dd1]
/opt/local/xilinx/Vivado/2015.2/lib/lnx64.o/librdi_place.so(HAPLFTiming::updateTimingAll(bool)+0x95) [0x7fbbab5598a5]
/opt/local/xilinx/Vivado/2015.2/lib/lnx64.o/librdi_place.so(HAPLFTimingHelper::updateTimingAndCritPaths(double, bool, bool, bool, bool, std::string const&, bool, bool)+0xc9) [0x7fbbab572699]
/opt/local/xilinx/Vivado/2015.2/lib/lnx64.o/librdi_place.so(HAPLFFlowInitializer::placeInitDesign(bool, bool, HSTDList<HDPLUndoInfo, std::allocator<HDPLUndoInfo> >*, bool)+0x48b) [0x7fbbab3df3db]
/opt/local/xilinx/Vivado/2015.2/lib/lnx64.o/librdi_place.so(HAPLFFlowInitializer::placeInitPart2(bool&)+0x50) [0x7fbbab3df7f0]
/opt/local/xilinx/Vivado/2015.2/lib/lnx64.o/librdi_place.so(HAPLFFlowInitializer::placeIOClockAndInit()+0x32a) [0x7fbbab3e074a]
/opt/local/xilinx/Vivado/2015.2/lib/lnx64.o/librdi_place.so(HAPLFFlowInitializer::run()+0xaf) [0x7fbbab3e119f]
/opt/local/xilinx/Vivado/2015.2/lib/lnx64.o/librdi_implflow.so(HAPLFFastPlace3::initialize(HAPLPlaceApi&, HFLFloorplan&, HDPLTask&, HAPLFFastFlowParam const&)+0x53) [0x7fbb99517a63]
/opt/local/xilinx/Vivado/2015.2/lib/lnx64.o/librdi_implflow.so(HAPLFFastPlace3::place(HAPLPlaceApi&, HFLFloorplan&, HAPLFFastFlowParam const&, HDPLTask&)+0x25) [0x7fbb9952f685]
/opt/local/xilinx/Vivado/2015.2/lib/lnx64.o/librdi_implflow.so(HAPLFFastFlow3::place(HAPLFFastFlowParam const&)+0x7db) [0x7fbb9950919b]
/opt/local/xilinx/Vivado/2015.2/lib/lnx64.o/librdi_vivadotasks.so(+0x1bb4f3) [0x7fbb99c694f3]
/opt/local/xilinx/Vivado/2015.2/lib/lnx64.o/librdi_vivadotasks.so(+0x1bead3) [0x7fbb99c6cad3]
/opt/local/xilinx/Vivado/2015.2/lib/lnx64.o/librdi_common.so(+0x62104f) [0x7fbbce4c704f]
/opt/local/xilinx/Vivado/2015.2/lib/lnx64.o/libtcl8.5.so(+0x331f5) [0x7fbbc94711f5]
/opt/local/xilinx/Vivado/2015.2/lib/lnx64.o/libtcl8.5.so(+0x76bbe) [0x7fbbc94b4bbe]
/opt/local/xilinx/Vivado/2015.2/lib/lnx64.o/libtcl8.5.so(+0x7e767) [0x7fbbc94bc767]
/opt/local/xilinx/Vivado/2015.2/lib/lnx64.o/libtcl8.5.so(TclEvalObjEx+0x77) [0x7fbbc9473327]
/opt/local/xilinx/Vivado/2015.2/lib/lnx64.o/librdi_commontasks.so(+0x2d30f4) [0x7fbbbfaad0f4]
/opt/local/xilinx/Vivado/2015.2/lib/lnx64.o/libtcl8.5.so(+0x331f5) [0x7fbbc94711f5]
/opt/local/xilinx/Vivado/2015.2/lib/lnx64.o/libtcl8.5.so(+0x34d6b) [0x7fbbc9472d6b]
/opt/local/xilinx/Vivado/2015.2/lib/lnx64.o/libtcl8.5.so(+0xad531) [0x7fbbc94eb531]
/opt/local/xilinx/Vivado/2015.2/lib/lnx64.o/libtcl8.5.so(+0x3491c) [0x7fbbc947291c]
/opt/local/xilinx/Vivado/2015.2/lib/lnx64.o/libtcl8.5.so(Tcl_EvalEx+0x16) [0x7fbbc9473276]
/opt/local/xilinx/Vivado/2015.2/lib/lnx64.o/libtcl8.5.so(Tcl_FSEvalFileEx+0x1d2) [0x7fbbc94d7d02]
/opt/local/xilinx/Vivado/2015.2/lib/lnx64.o/librdi_commontasks.so(+0x2f0425) [0x7fbbbfaca425]
/opt/local/xilinx/Vivado/2015.2/lib/lnx64.o/librdi_common.so(+0x62104f) [0x7fbbce4c704f]
/opt/local/xilinx/Vivado/2015.2/lib/lnx64.o/libtcl8.5.so(+0x331f5) [0x7fbbc94711f5]
/opt/local/xilinx/Vivado/2015.2/lib/lnx64.o/libtcl8.5.so(Tcl_EvalObjv+0x32) [0x7fbbc94717e2]
/opt/local/xilinx/Vivado/2015.2/lib/lnx64.o/libtcl8.5.so(TclEvalObjEx+0x322) [0x7fbbc94735d2]
/opt/local/xilinx/Vivado/2015.2/lib/lnx64.o/librdi_commontasks.so(+0x3074a2) [0x7fbbbfae14a2]
/opt/local/xilinx/Vivado/2015.2/lib/lnx64.o/librdi_commontasks.so(+0x30dd9d) [0x7fbbbfae7d9d]
/opt/local/xilinx/Vivado/2015.2/lib/lnx64.o/librdi_commontasks.so(+0x3078e3) [0x7fbbbfae18e3]
/opt/local/xilinx/Vivado/2015.2/lib/lnx64.o/librdi_common.so(+0x62104f) [0x7fbbce4c704f]
/opt/local/xilinx/Vivado/2015.2/lib/lnx64.o/libtcl8.5.so(+0x331f5) [0x7fbbc94711f5]
/opt/local/xilinx/Vivado/2015.2/lib/lnx64.o/libtcl8.5.so(Tcl_EvalObjv+0x32) [0x7fbbc94717e2]
/opt/local/xilinx/Vivado/2015.2/lib/lnx64.o/libtcl8.5.so(TclEvalObjEx+0x322) [0x7fbbc94735d2]
/opt/local/xilinx/Vivado/2015.2/lib/lnx64.o/librdi_commonmain.so(+0x7110) [0x7fbbcdca1110]
/opt/local/xilinx/Vivado/2015.2/lib/lnx64.o/libtcl8.5.so(Tcl_Main+0x1d5) [0x7fbbc94de175]
/opt/local/xilinx/Vivado/2015.2/lib/lnx64.o/librdi_common.so(+0x659c89) [0x7fbbce4ffc89]
/lib64/libpthread.so.0(+0x7dc5) [0x7fbbcceaadc5]
/lib64/libc.so.6(clone+0x6d) [0x7fbbcd4b873d]
