Copyright 1986-2015 Xilinx, Inc. All Rights Reserved.
----------------------------------------------------------------------------------------------------
| Tool Version : Vivado v.2015.2 (lin64) Build 1266856 Fri Jun 26 16:35:25 MDT 2015
| Date         : Mon May 13 11:23:36 2019
| Host         : rulinux03.dhcp.fnal.gov running 64-bit Scientific Linux Fermi release 6.9 (Ramsey)
| Command      : report_drc
----------------------------------------------------------------------------------------------------

Report DRC

Table of Contents
-----------------
1. REPORT SUMMARY
2. REPORT DETAILS

1. REPORT SUMMARY
-----------------
            Netlist: netlist
          Floorplan: design_1
      Design limits: <entire design considered>
           Ruledeck: default
             Max violations: <unlimited>
             Violations found: 10

2. REPORT DETAILS
-----------------
PDRC-157#1 Warning
Slice clock routing  
For SLICE_X71Y150: more than 2 non-clock pins of the SLICE are driven by different global clocks. This condition should be corrected as it easily becomes congested and will fail to route.
Related violations: <none>

PDRC-157#2 Warning
Slice clock routing  
For SLICE_X82Y149: more than 2 non-clock pins of the SLICE are driven by different global clocks. This condition should be corrected as it easily becomes congested and will fail to route.
Related violations: <none>

PDRC-190#1 Warning
Suboptimally placed synchronized register chain  
The FDCE cell dbg_hub/inst/CORE_XSDB.UUT_MASTER/U_ICON_INTERFACE/U_CMD4/shift_reg_in_reg[12] in site SLICE_X39Y30 is part of a synchronized register chain that is suboptimally placed as the load FDCE cell dbg_hub/inst/CORE_XSDB.UUT_MASTER/U_ICON_INTERFACE/U_CMD4/shift_reg_in_reg[11] is not placed in the same (SLICE) site.
Related violations: <none>

PDRC-190#2 Warning
Suboptimally placed synchronized register chain  
The FDCE cell dbg_hub/inst/CORE_XSDB.UUT_MASTER/U_ICON_INTERFACE/U_CMD4/shift_reg_in_reg[20] in site SLICE_X39Y29 is part of a synchronized register chain that is suboptimally placed as the load FDCE cell dbg_hub/inst/CORE_XSDB.UUT_MASTER/U_ICON_INTERFACE/U_CMD4/shift_reg_in_reg[19] is not placed in the same (SLICE) site.
Related violations: <none>

PDRC-190#3 Warning
Suboptimally placed synchronized register chain  
The FDCE cell dbg_hub/inst/CORE_XSDB.UUT_MASTER/U_ICON_INTERFACE/U_CMD4/shift_reg_in_reg[4] in site SLICE_X39Y31 is part of a synchronized register chain that is suboptimally placed as the load FDCE cell dbg_hub/inst/CORE_XSDB.UUT_MASTER/U_ICON_INTERFACE/U_CMD4/shift_reg_in_reg[3] is not placed in the same (SLICE) site.
Related violations: <none>

PDRC-190#4 Warning
Suboptimally placed synchronized register chain  
The FDCE cell dbg_hub/inst/CORE_XSDB.UUT_MASTER/U_ICON_INTERFACE/U_CMD5/shift_reg_in_reg[10] in site SLICE_X37Y33 is part of a synchronized register chain that is suboptimally placed as the load FDCE cell dbg_hub/inst/CORE_XSDB.UUT_MASTER/U_ICON_INTERFACE/U_CMD5/shift_reg_in_reg[9] is not placed in the same (SLICE) site.
Related violations: <none>

PDRC-190#5 Warning
Suboptimally placed synchronized register chain  
The FDCE cell dbg_hub/inst/CORE_XSDB.UUT_MASTER/U_ICON_INTERFACE/U_CMD5/shift_reg_in_reg[2] in site SLICE_X37Y34 is part of a synchronized register chain that is suboptimally placed as the load FDCE cell dbg_hub/inst/CORE_XSDB.UUT_MASTER/U_ICON_INTERFACE/U_CMD5/shift_reg_in_reg[1] is not placed in the same (SLICE) site.
Related violations: <none>

PDRC-190#6 Warning
Suboptimally placed synchronized register chain  
The FDCE cell dbg_hub/inst/CORE_XSDB.UUT_MASTER/U_ICON_INTERFACE/U_CMD7_CTL/shift_reg_in_reg[0] in site SLICE_X34Y25 is part of a synchronized register chain that is suboptimally placed as the load FDRE cell dbg_hub/inst/CORE_XSDB.UUT_MASTER/U_ICON_INTERFACE/U_CMD7_STAT/stat_reg_reg[0] is not placed in the same (SLICE) site.
Related violations: <none>

RTRES-2#1 Warning
BounceAcross resources  
8 GLOBAL_CLOCK net(s) have at least one node with COST_CODE_NAME equal to BOUNCEACROSS (COST_CODE 12). This situation occurs when a global clock net must enter a clock region where all global clock routing resources are occupied. Check the report from report_clock_utilization to determine which clock regions are traversed by the problem net and use floorplanning or other physical constraints to ensure a maximum of 12 global clock nets occupy each clock region. The problem net(s) are internal_clk_BLOCK/U0/clk_out_internal160, internal_clk_BLOCK/U0/clk_out_internal26, NIM_CLKS_BLOCK/U0/clk_out_internal40, clk_wiz_1_BLOCK/U0/clk_out_external160, clk_wiz_1_BLOCK/U0/clk_out_external6, clk_wiz_1_BLOCK/U0/clk_out_external13, selected_ext_clkg, bmx_40.
Related violations: <none>

RTSTAT-10#1 Warning
No routable loads  
2 net(s) have no routable loads. The problem bus(es) and/or net(s) are u_ila_0_0/inst/clk2x, eth_interface/data_manager_blk/GEC_TX_SEQ_CTL/data_fifo_empty.
Related violations: <none>


