Copyright 1986-2015 Xilinx, Inc. All Rights Reserved.
----------------------------------------------------------------------------------------------------
| Tool Version : Vivado v.2015.2 (lin64) Build 1266856 Fri Jun 26 16:35:25 MDT 2015
| Date         : Thu May  2 11:25:01 2019
| Host         : rulinux03.dhcp.fnal.gov running 64-bit Scientific Linux Fermi release 6.9 (Ramsey)
| Command      : report_drc
----------------------------------------------------------------------------------------------------

Report DRC

Table of Contents
-----------------
1. REPORT SUMMARY
2. REPORT DETAILS

1. REPORT SUMMARY
-----------------
            Netlist: netlist
          Floorplan: design_1
      Design limits: <entire design considered>
           Ruledeck: default
             Max violations: <unlimited>
             Violations found: 3

2. REPORT DETAILS
-----------------
REQP-1709#1 Warning
Clock output buffering  
PLLE2_ADV connectivity violation. The signal clk_wiz_0_BLOCK/U0/clkout13 on the clk_wiz_0_BLOCK/U0/plle2_adv_inst/CLKOUT4 pin of clk_wiz_0_BLOCK/U0/plle2_adv_inst does not drive the same kind of BUFFER load as the other CLKOUT pins. Routing from the different buffer types will not be phase aligned.
Related violations: <none>

REQP-1709#2 Warning
Clock output buffering  
PLLE2_ADV connectivity violation. The signal clk_wiz_0_BLOCK/U0/clkout26 on the clk_wiz_0_BLOCK/U0/plle2_adv_inst/CLKOUT3 pin of clk_wiz_0_BLOCK/U0/plle2_adv_inst does not drive the same kind of BUFFER load as the other CLKOUT pins. Routing from the different buffer types will not be phase aligned.
Related violations: <none>

REQP-1709#3 Warning
Clock output buffering  
PLLE2_ADV connectivity violation. The signal clk_wiz_0_BLOCK/U0/clkout53 on the clk_wiz_0_BLOCK/U0/plle2_adv_inst/CLKOUT2 pin of clk_wiz_0_BLOCK/U0/plle2_adv_inst does not drive the same kind of BUFFER load as the other CLKOUT pins. Routing from the different buffer types will not be phase aligned.
Related violations: <none>


