Copyright 1986-2015 Xilinx, Inc. All Rights Reserved.
-----------------------------------------------------------------------------------------------------
| Tool Version     : Vivado v.2015.2 (lin64) Build 1266856 Fri Jun 26 16:35:25 MDT 2015
| Date             : Tue Jan 30 15:38:36 2018
| Host             : rulinux04.dhcp.fnal.gov running 64-bit Scientific Linux release 7.2 (Nitrogen)
| Command          : report_power -file top_power_routed.rpt -pb top_power_summary_routed.pb
| Design           : top
| Device           : xc7a200tffg1156-2
| Design State     : Routed
| Grade            : commercial
| Process          : typical
| Characterization : Production
-----------------------------------------------------------------------------------------------------

Power Report

Table of Contents
-----------------
1. Summary
1.1 On-Chip Components
1.2 Power Supply Summary
1.3 Confidence Level
2. Settings
2.1 Environment
2.2 Clock Constraints
3. Detailed Reports
3.1 By Hierarchy

1. Summary
----------

+--------------------------+-------+
| Total On-Chip Power (W)  | 0.820 |
| Dynamic (W)              | 0.684 |
| Device Static (W)        | 0.136 |
| Total Off-Chip Power (W) | 0.010 |
| Effective TJA (C/W)      | 1.5   |
| Max Ambient (C)          | 83.8  |
| Junction Temperature (C) | 26.2  |
| Confidence Level         | Low   |
| Setting File             | ---   |
| Simulation Activity File | ---   |
| Design Nets Matched      | NA    |
+--------------------------+-------+


1.1 On-Chip Components
----------------------

+--------------------------+-----------+----------+-----------+-----------------+
| On-Chip                  | Power (W) | Used     | Available | Utilization (%) |
+--------------------------+-----------+----------+-----------+-----------------+
| Clocks                   |     0.051 |       14 |       --- |             --- |
| Slice Logic              |     0.022 |    18230 |       --- |             --- |
|   LUT as Logic           |     0.019 |     6849 |    133800 |            5.12 |
|   Register               |     0.001 |     7675 |    267600 |            2.87 |
|   CARRY4                 |    <0.001 |      388 |     33450 |            1.16 |
|   F7/F8 Muxes            |    <0.001 |      803 |    133800 |            0.60 |
|   LUT as Distributed RAM |    <0.001 |       24 |     46200 |            0.05 |
|   BUFG                   |    <0.001 |        6 |        32 |           18.75 |
|   LUT as Shift Register  |    <0.001 |      139 |     46200 |            0.30 |
|   Others                 |     0.000 |     1563 |       --- |             --- |
| Signals                  |     0.028 |    12601 |       --- |             --- |
| Block RAM                |     0.019 |       10 |       365 |            2.74 |
| PLL                      |     0.252 |        3 |        10 |           30.00 |
| I/O                      |     0.312 |       56 |       500 |           11.20 |
| Static Power             |     0.136 |          |           |                 |
| Total                    |     0.820 |          |           |                 |
+--------------------------+-----------+----------+-----------+-----------------+


1.2 Power Supply Summary
------------------------

+-----------+-------------+-----------+-------------+------------+
| Source    | Voltage (V) | Total (A) | Dynamic (A) | Static (A) |
+-----------+-------------+-----------+-------------+------------+
| Vccint    |       1.000 |     0.171 |       0.139 |      0.032 |
| Vccaux    |       1.800 |     0.169 |       0.139 |      0.031 |
| Vcco33    |       3.300 |     0.000 |       0.000 |      0.000 |
| Vcco25    |       2.500 |     0.127 |       0.122 |      0.005 |
| Vcco18    |       1.800 |     0.000 |       0.000 |      0.000 |
| Vcco15    |       1.500 |     0.000 |       0.000 |      0.000 |
| Vcco135   |       1.350 |     0.000 |       0.000 |      0.000 |
| Vcco12    |       1.200 |     0.000 |       0.000 |      0.000 |
| Vccaux_io |       1.800 |     0.000 |       0.000 |      0.000 |
| Vccbram   |       1.000 |     0.002 |       0.001 |      0.001 |
| MGTAVcc   |       1.000 |     0.000 |       0.000 |      0.000 |
| MGTAVtt   |       1.200 |     0.000 |       0.000 |      0.000 |
| Vccadc    |       1.800 |     0.020 |       0.000 |      0.020 |
+-----------+-------------+-----------+-------------+------------+


1.3 Confidence Level
--------------------

+-----------------------------+------------+--------------------------------------------------------+------------------------------------------------------------------------------------------------------------+
| User Input Data             | Confidence | Details                                                | Action                                                                                                     |
+-----------------------------+------------+--------------------------------------------------------+------------------------------------------------------------------------------------------------------------+
| Design implementation state | High       | Design is routed                                       |                                                                                                            |
| Clock nodes activity        | High       | User specified more than 95% of clocks                 |                                                                                                            |
| I/O nodes activity          | Low        | More than 75% of inputs are missing user specification | Provide missing input activity with simulation results or by editing the "By Resource Type -> I/Os" view   |
| Internal nodes activity     | Medium     | User specified less than 25% of internal nodes         | Provide missing internal nodes activity with simulation results or by editing the "By Resource Type" views |
| Device models               | High       | Device models are Production                           |                                                                                                            |
|                             |            |                                                        |                                                                                                            |
| Overall confidence level    | Low        |                                                        |                                                                                                            |
+-----------------------------+------------+--------------------------------------------------------+------------------------------------------------------------------------------------------------------------+


2. Settings
-----------

2.1 Environment
---------------

+-----------------------+--------------------------+
| Ambient Temp (C)      | 25.0                     |
| ThetaJA (C/W)         | 1.5                      |
| Airflow (LFM)         | 250                      |
| Heat Sink             | medium (Medium Profile)  |
| ThetaSA (C/W)         | 2.4                      |
| Board Selection       | medium (10"x10")         |
| # of Board Layers     | 12to15 (12 to 15 Layers) |
| Board Temperature (C) | 25.0                     |
+-----------------------+--------------------------+


2.2 Clock Constraints
---------------------

+---------------------------------------------------------------------+--------------------------------------------+-----------------+
| Clock                                                               | Domain                                     | Constraint (ns) |
+---------------------------------------------------------------------+--------------------------------------------+-----------------+
| CLK_bmx_320                                                         | bmx_320                                    |             6.2 |
| CLK_bmx_40                                                          | bmx_40                                     |            25.0 |
| DAC_IN_CLK                                                          | DAC_CLK_bufg_n_322                         |            80.0 |
| PHY_RXCLK                                                           | PHY_RXCLK                                  |             8.0 |
| clk_out0_NIM_CLKS                                                   | NIM_CLKS_BLOCK/U0/clk_out0_NIM_CLKS        |             8.0 |
| clkfbout_NIM_CLKS                                                   | NIM_CLKS_BLOCK/U0/clkfbout_NIM_CLKS        |             8.0 |
| clkfbout_clk_wiz_0                                                  | clk_wiz_0_BLOCK/U0/clkfbout_clk_wiz_0      |            40.0 |
| clkout320_clk_wiz_0                                                 | clk_wiz_0_BLOCK/U0/clkout320_clk_wiz_0     |             6.2 |
| clkout40_clk_wiz_0                                                  | clk_wiz_0_BLOCK/U0/clkout40_clk_wiz_0      |            25.0 |
| dbg_hub/inst/N_EXT_BSCAN.bscan_inst/SERIES7_BSCAN.bscan_inst/DRCK   | dbg_hub/inst/N_EXT_BSCAN.bscan_inst/DRCK   |            30.0 |
| dbg_hub/inst/N_EXT_BSCAN.bscan_inst/SERIES7_BSCAN.bscan_inst/UPDATE | dbg_hub/inst/N_EXT_BSCAN.bscan_inst/UPDATE |            60.0 |
+---------------------------------------------------------------------+--------------------------------------------+-----------------+


3. Detailed Reports
-------------------

3.1 By Hierarchy
----------------

+-----------------------------------------------------------------------+-----------+
| Name                                                                  | Power (W) |
+-----------------------------------------------------------------------+-----------+
| top                                                                   |     0.684 |
|   CLK_MUX                                                             |     0.001 |
|   NIM_BLOCK                                                           |     0.043 |
|     U1                                                                |    <0.001 |
|     U10                                                               |    <0.001 |
|     U11                                                               |    <0.001 |
|     U112                                                              |    <0.001 |
|     U113                                                              |    <0.001 |
|     U115                                                              |    <0.001 |
|       U1                                                              |    <0.001 |
|         U1                                                            |    <0.001 |
|         U10                                                           |    <0.001 |
|         U11                                                           |    <0.001 |
|         U12                                                           |    <0.001 |
|         U13                                                           |    <0.001 |
|         U14                                                           |    <0.001 |
|         U15                                                           |    <0.001 |
|         U16                                                           |    <0.001 |
|         U2                                                            |    <0.001 |
|         U3                                                            |    <0.001 |
|         U4                                                            |    <0.001 |
|         U5                                                            |    <0.001 |
|         U6                                                            |    <0.001 |
|         U7                                                            |    <0.001 |
|         U8                                                            |    <0.001 |
|         U9                                                            |    <0.001 |
|       U2                                                              |    <0.001 |
|         U1                                                            |    <0.001 |
|         U10                                                           |    <0.001 |
|         U11                                                           |    <0.001 |
|         U12                                                           |    <0.001 |
|         U13                                                           |    <0.001 |
|         U14                                                           |    <0.001 |
|         U15                                                           |    <0.001 |
|         U16                                                           |    <0.001 |
|         U2                                                            |    <0.001 |
|         U3                                                            |    <0.001 |
|         U4                                                            |    <0.001 |
|         U5                                                            |    <0.001 |
|         U6                                                            |    <0.001 |
|         U7                                                            |    <0.001 |
|         U8                                                            |    <0.001 |
|         U9                                                            |    <0.001 |
|       U3                                                              |    <0.001 |
|         U1                                                            |    <0.001 |
|         U10                                                           |    <0.001 |
|         U11                                                           |    <0.001 |
|         U12                                                           |    <0.001 |
|         U13                                                           |    <0.001 |
|         U14                                                           |    <0.001 |
|         U15                                                           |    <0.001 |
|         U16                                                           |    <0.001 |
|         U2                                                            |    <0.001 |
|         U3                                                            |    <0.001 |
|         U4                                                            |    <0.001 |
|         U5                                                            |    <0.001 |
|         U6                                                            |    <0.001 |
|         U7                                                            |    <0.001 |
|         U8                                                            |    <0.001 |
|         U9                                                            |    <0.001 |
|       U4                                                              |    <0.001 |
|         U1                                                            |    <0.001 |
|         U10                                                           |    <0.001 |
|         U11                                                           |    <0.001 |
|         U12                                                           |    <0.001 |
|         U13                                                           |    <0.001 |
|         U14                                                           |    <0.001 |
|         U15                                                           |    <0.001 |
|         U16                                                           |    <0.001 |
|         U2                                                            |    <0.001 |
|         U3                                                            |    <0.001 |
|         U4                                                            |    <0.001 |
|         U5                                                            |    <0.001 |
|         U6                                                            |    <0.001 |
|         U7                                                            |    <0.001 |
|         U8                                                            |    <0.001 |
|         U9                                                            |    <0.001 |
|       U9                                                              |    <0.001 |
|     U117                                                              |    <0.001 |
|       U1                                                              |    <0.001 |
|         U1                                                            |    <0.001 |
|         U10                                                           |    <0.001 |
|         U11                                                           |    <0.001 |
|         U12                                                           |    <0.001 |
|         U13                                                           |    <0.001 |
|         U14                                                           |    <0.001 |
|         U15                                                           |    <0.001 |
|         U16                                                           |    <0.001 |
|         U2                                                            |    <0.001 |
|         U3                                                            |    <0.001 |
|         U4                                                            |    <0.001 |
|         U5                                                            |    <0.001 |
|         U6                                                            |    <0.001 |
|         U7                                                            |    <0.001 |
|         U8                                                            |    <0.001 |
|         U9                                                            |    <0.001 |
|       U2                                                              |    <0.001 |
|         U1                                                            |    <0.001 |
|         U10                                                           |    <0.001 |
|         U11                                                           |    <0.001 |
|         U12                                                           |    <0.001 |
|         U13                                                           |    <0.001 |
|         U14                                                           |    <0.001 |
|         U15                                                           |    <0.001 |
|         U16                                                           |    <0.001 |
|         U2                                                            |    <0.001 |
|         U3                                                            |    <0.001 |
|         U4                                                            |    <0.001 |
|         U5                                                            |    <0.001 |
|         U6                                                            |    <0.001 |
|         U7                                                            |    <0.001 |
|         U8                                                            |    <0.001 |
|         U9                                                            |    <0.001 |
|       U3                                                              |    <0.001 |
|         U1                                                            |    <0.001 |
|         U10                                                           |    <0.001 |
|         U11                                                           |    <0.001 |
|         U12                                                           |    <0.001 |
|         U13                                                           |    <0.001 |
|         U14                                                           |    <0.001 |
|         U15                                                           |    <0.001 |
|         U16                                                           |    <0.001 |
|         U2                                                            |    <0.001 |
|         U3                                                            |    <0.001 |
|         U4                                                            |    <0.001 |
|         U5                                                            |    <0.001 |
|         U6                                                            |    <0.001 |
|         U7                                                            |    <0.001 |
|         U8                                                            |    <0.001 |
|         U9                                                            |    <0.001 |
|       U4                                                              |    <0.001 |
|         U1                                                            |    <0.001 |
|         U10                                                           |    <0.001 |
|         U11                                                           |    <0.001 |
|         U12                                                           |    <0.001 |
|         U13                                                           |    <0.001 |
|         U14                                                           |    <0.001 |
|         U15                                                           |    <0.001 |
|         U16                                                           |    <0.001 |
|         U2                                                            |    <0.001 |
|         U3                                                            |    <0.001 |
|         U4                                                            |    <0.001 |
|         U5                                                            |    <0.001 |
|         U6                                                            |    <0.001 |
|         U7                                                            |    <0.001 |
|         U8                                                            |    <0.001 |
|         U9                                                            |    <0.001 |
|       U9                                                              |    <0.001 |
|     U121                                                              |    <0.001 |
|     U122                                                              |    <0.001 |
|     U123                                                              |    <0.001 |
|     U124                                                              |    <0.001 |
|     U127                                                              |    <0.001 |
|     U128                                                              |    <0.001 |
|     U13                                                               |    <0.001 |
|     U14                                                               |    <0.001 |
|     U141                                                              |    <0.001 |
|     U145                                                              |    <0.001 |
|     U148                                                              |    <0.001 |
|     U15                                                               |    <0.001 |
|     U151                                                              |    <0.001 |
|     U154                                                              |    <0.001 |
|     U155                                                              |    <0.001 |
|     U157                                                              |    <0.001 |
|     U16                                                               |    <0.001 |
|     U162                                                              |    <0.001 |
|     U166                                                              |    <0.001 |
|     U167                                                              |    <0.001 |
|     U17                                                               |    <0.001 |
|     U177                                                              |    <0.001 |
|     U178                                                              |    <0.001 |
|     U179                                                              |    <0.001 |
|     U18                                                               |    <0.001 |
|     U180                                                              |    <0.001 |
|     U181                                                              |    <0.001 |
|     U182                                                              |    <0.001 |
|     U187                                                              |    <0.001 |
|     U188                                                              |    <0.001 |
|     U19                                                               |    <0.001 |
|     U197                                                              |    <0.001 |
|     U198                                                              |    <0.001 |
|     U2                                                                |    <0.001 |
|     U208                                                              |    <0.001 |
|     U21                                                               |    <0.001 |
|     U210                                                              |    <0.001 |
|     U211                                                              |    <0.001 |
|     U213                                                              |    <0.001 |
|     U214                                                              |    <0.001 |
|     U216                                                              |    <0.001 |
|     U219                                                              |    <0.001 |
|     U22                                                               |    <0.001 |
|     U223                                                              |    <0.001 |
|     U224                                                              |    <0.001 |
|     U225                                                              |    <0.001 |
|     U226                                                              |    <0.001 |
|     U227                                                              |    <0.001 |
|     U228                                                              |    <0.001 |
|     U229                                                              |    <0.001 |
|     U23                                                               |    <0.001 |
|     U230                                                              |    <0.001 |
|     U24                                                               |    <0.001 |
|       U1                                                              |    <0.001 |
|         U1                                                            |    <0.001 |
|         U10                                                           |    <0.001 |
|         U11                                                           |    <0.001 |
|         U12                                                           |    <0.001 |
|         U13                                                           |    <0.001 |
|         U14                                                           |    <0.001 |
|         U15                                                           |    <0.001 |
|         U16                                                           |    <0.001 |
|         U2                                                            |    <0.001 |
|         U3                                                            |    <0.001 |
|         U4                                                            |    <0.001 |
|         U5                                                            |    <0.001 |
|         U6                                                            |    <0.001 |
|         U7                                                            |    <0.001 |
|         U8                                                            |    <0.001 |
|         U9                                                            |    <0.001 |
|       U2                                                              |    <0.001 |
|         U1                                                            |    <0.001 |
|         U10                                                           |    <0.001 |
|         U11                                                           |    <0.001 |
|         U12                                                           |    <0.001 |
|         U13                                                           |    <0.001 |
|         U14                                                           |    <0.001 |
|         U15                                                           |    <0.001 |
|         U16                                                           |    <0.001 |
|         U2                                                            |    <0.001 |
|         U3                                                            |    <0.001 |
|         U4                                                            |    <0.001 |
|         U5                                                            |    <0.001 |
|         U6                                                            |    <0.001 |
|         U7                                                            |    <0.001 |
|         U8                                                            |    <0.001 |
|         U9                                                            |    <0.001 |
|       U3                                                              |    <0.001 |
|         U1                                                            |    <0.001 |
|         U10                                                           |    <0.001 |
|         U11                                                           |    <0.001 |
|         U12                                                           |    <0.001 |
|         U13                                                           |    <0.001 |
|         U14                                                           |    <0.001 |
|         U15                                                           |    <0.001 |
|         U16                                                           |    <0.001 |
|         U2                                                            |    <0.001 |
|         U3                                                            |    <0.001 |
|         U4                                                            |    <0.001 |
|         U5                                                            |    <0.001 |
|         U6                                                            |    <0.001 |
|         U7                                                            |    <0.001 |
|         U8                                                            |    <0.001 |
|         U9                                                            |    <0.001 |
|       U4                                                              |    <0.001 |
|         U1                                                            |    <0.001 |
|         U10                                                           |    <0.001 |
|         U11                                                           |    <0.001 |
|         U12                                                           |    <0.001 |
|         U13                                                           |    <0.001 |
|         U14                                                           |    <0.001 |
|         U15                                                           |    <0.001 |
|         U16                                                           |    <0.001 |
|         U2                                                            |    <0.001 |
|         U3                                                            |    <0.001 |
|         U4                                                            |    <0.001 |
|         U5                                                            |    <0.001 |
|         U6                                                            |    <0.001 |
|         U7                                                            |    <0.001 |
|         U8                                                            |    <0.001 |
|         U9                                                            |    <0.001 |
|       U9                                                              |    <0.001 |
|     U243                                                              |    <0.001 |
|     U244                                                              |    <0.001 |
|     U245                                                              |    <0.001 |
|     U246                                                              |    <0.001 |
|     U248                                                              |     0.001 |
|     U250                                                              |    <0.001 |
|     U252                                                              |    <0.001 |
|     U255                                                              |    <0.001 |
|     U26                                                               |    <0.001 |
|     U266                                                              |    <0.001 |
|       U1                                                              |    <0.001 |
|         U1                                                            |    <0.001 |
|         U10                                                           |    <0.001 |
|         U11                                                           |    <0.001 |
|         U12                                                           |    <0.001 |
|         U13                                                           |    <0.001 |
|         U14                                                           |    <0.001 |
|         U15                                                           |    <0.001 |
|         U16                                                           |    <0.001 |
|         U2                                                            |    <0.001 |
|         U3                                                            |    <0.001 |
|         U4                                                            |    <0.001 |
|         U5                                                            |    <0.001 |
|         U6                                                            |    <0.001 |
|         U7                                                            |    <0.001 |
|         U8                                                            |    <0.001 |
|         U9                                                            |    <0.001 |
|       U2                                                              |    <0.001 |
|         U1                                                            |    <0.001 |
|         U10                                                           |    <0.001 |
|         U11                                                           |    <0.001 |
|         U12                                                           |    <0.001 |
|         U13                                                           |    <0.001 |
|         U14                                                           |    <0.001 |
|         U15                                                           |    <0.001 |
|         U16                                                           |    <0.001 |
|         U2                                                            |    <0.001 |
|         U3                                                            |    <0.001 |
|         U4                                                            |    <0.001 |
|         U5                                                            |    <0.001 |
|         U6                                                            |    <0.001 |
|         U7                                                            |    <0.001 |
|         U8                                                            |    <0.001 |
|         U9                                                            |    <0.001 |
|       U3                                                              |    <0.001 |
|         U1                                                            |    <0.001 |
|         U10                                                           |    <0.001 |
|         U11                                                           |    <0.001 |
|         U12                                                           |    <0.001 |
|         U13                                                           |    <0.001 |
|         U14                                                           |    <0.001 |
|         U15                                                           |    <0.001 |
|         U16                                                           |    <0.001 |
|         U2                                                            |    <0.001 |
|         U3                                                            |    <0.001 |
|         U4                                                            |    <0.001 |
|         U5                                                            |    <0.001 |
|         U6                                                            |    <0.001 |
|         U7                                                            |    <0.001 |
|         U8                                                            |    <0.001 |
|         U9                                                            |    <0.001 |
|       U4                                                              |    <0.001 |
|         U1                                                            |    <0.001 |
|         U10                                                           |    <0.001 |
|         U11                                                           |    <0.001 |
|         U12                                                           |    <0.001 |
|         U13                                                           |    <0.001 |
|         U14                                                           |    <0.001 |
|         U15                                                           |    <0.001 |
|         U16                                                           |    <0.001 |
|         U2                                                            |    <0.001 |
|         U3                                                            |    <0.001 |
|         U4                                                            |    <0.001 |
|         U5                                                            |    <0.001 |
|         U6                                                            |    <0.001 |
|         U7                                                            |    <0.001 |
|         U8                                                            |    <0.001 |
|         U9                                                            |    <0.001 |
|       U9                                                              |    <0.001 |
|     U269                                                              |    <0.001 |
|     U27                                                               |    <0.001 |
|       U1                                                              |    <0.001 |
|         U1                                                            |    <0.001 |
|         U10                                                           |    <0.001 |
|         U11                                                           |    <0.001 |
|         U12                                                           |    <0.001 |
|         U13                                                           |    <0.001 |
|         U14                                                           |    <0.001 |
|         U15                                                           |    <0.001 |
|         U16                                                           |    <0.001 |
|         U2                                                            |    <0.001 |
|         U3                                                            |    <0.001 |
|         U4                                                            |    <0.001 |
|         U5                                                            |    <0.001 |
|         U6                                                            |    <0.001 |
|         U7                                                            |    <0.001 |
|         U8                                                            |    <0.001 |
|         U9                                                            |    <0.001 |
|       U2                                                              |    <0.001 |
|         U1                                                            |    <0.001 |
|         U10                                                           |    <0.001 |
|         U11                                                           |    <0.001 |
|         U12                                                           |    <0.001 |
|         U13                                                           |    <0.001 |
|         U14                                                           |    <0.001 |
|         U15                                                           |    <0.001 |
|         U16                                                           |    <0.001 |
|         U2                                                            |    <0.001 |
|         U3                                                            |    <0.001 |
|         U4                                                            |    <0.001 |
|         U5                                                            |    <0.001 |
|         U6                                                            |    <0.001 |
|         U7                                                            |    <0.001 |
|         U8                                                            |    <0.001 |
|         U9                                                            |    <0.001 |
|       U3                                                              |    <0.001 |
|         U1                                                            |    <0.001 |
|         U10                                                           |    <0.001 |
|         U11                                                           |    <0.001 |
|         U12                                                           |    <0.001 |
|         U13                                                           |    <0.001 |
|         U14                                                           |    <0.001 |
|         U15                                                           |    <0.001 |
|         U16                                                           |    <0.001 |
|         U2                                                            |    <0.001 |
|         U3                                                            |    <0.001 |
|         U4                                                            |    <0.001 |
|         U5                                                            |    <0.001 |
|         U6                                                            |    <0.001 |
|         U7                                                            |    <0.001 |
|         U8                                                            |    <0.001 |
|         U9                                                            |    <0.001 |
|       U4                                                              |    <0.001 |
|         U1                                                            |    <0.001 |
|         U10                                                           |    <0.001 |
|         U11                                                           |    <0.001 |
|         U12                                                           |    <0.001 |
|         U13                                                           |    <0.001 |
|         U14                                                           |    <0.001 |
|         U15                                                           |    <0.001 |
|         U16                                                           |    <0.001 |
|         U2                                                            |    <0.001 |
|         U3                                                            |    <0.001 |
|         U4                                                            |    <0.001 |
|         U5                                                            |    <0.001 |
|         U6                                                            |    <0.001 |
|         U7                                                            |    <0.001 |
|         U8                                                            |    <0.001 |
|         U9                                                            |    <0.001 |
|       U9                                                              |    <0.001 |
|     U270                                                              |    <0.001 |
|     U271                                                              |    <0.001 |
|     U273                                                              |    <0.001 |
|     U274                                                              |    <0.001 |
|     U275                                                              |    <0.001 |
|     U288                                                              |    <0.001 |
|     U289                                                              |    <0.001 |
|     U29                                                               |    <0.001 |
|     U3                                                                |    <0.001 |
|       U1                                                              |    <0.001 |
|         U1                                                            |    <0.001 |
|         U10                                                           |    <0.001 |
|         U11                                                           |    <0.001 |
|         U12                                                           |    <0.001 |
|         U13                                                           |    <0.001 |
|         U14                                                           |    <0.001 |
|         U15                                                           |    <0.001 |
|         U16                                                           |    <0.001 |
|         U2                                                            |    <0.001 |
|         U3                                                            |    <0.001 |
|         U4                                                            |    <0.001 |
|         U5                                                            |    <0.001 |
|         U6                                                            |    <0.001 |
|         U7                                                            |    <0.001 |
|         U8                                                            |    <0.001 |
|         U9                                                            |    <0.001 |
|       U2                                                              |    <0.001 |
|         U1                                                            |    <0.001 |
|         U10                                                           |    <0.001 |
|         U11                                                           |    <0.001 |
|         U12                                                           |    <0.001 |
|         U13                                                           |    <0.001 |
|         U14                                                           |    <0.001 |
|         U15                                                           |    <0.001 |
|         U16                                                           |    <0.001 |
|         U2                                                            |    <0.001 |
|         U3                                                            |    <0.001 |
|         U4                                                            |    <0.001 |
|         U5                                                            |    <0.001 |
|         U6                                                            |    <0.001 |
|         U7                                                            |    <0.001 |
|         U8                                                            |    <0.001 |
|         U9                                                            |    <0.001 |
|       U3                                                              |    <0.001 |
|         U1                                                            |    <0.001 |
|         U10                                                           |    <0.001 |
|         U11                                                           |    <0.001 |
|         U12                                                           |    <0.001 |
|         U13                                                           |    <0.001 |
|         U14                                                           |    <0.001 |
|         U15                                                           |    <0.001 |
|         U16                                                           |    <0.001 |
|         U2                                                            |    <0.001 |
|         U3                                                            |    <0.001 |
|         U4                                                            |    <0.001 |
|         U5                                                            |    <0.001 |
|         U6                                                            |    <0.001 |
|         U7                                                            |    <0.001 |
|         U8                                                            |    <0.001 |
|         U9                                                            |    <0.001 |
|       U4                                                              |    <0.001 |
|         U1                                                            |    <0.001 |
|         U10                                                           |    <0.001 |
|         U11                                                           |    <0.001 |
|         U12                                                           |    <0.001 |
|         U13                                                           |    <0.001 |
|         U14                                                           |    <0.001 |
|         U15                                                           |    <0.001 |
|         U16                                                           |    <0.001 |
|         U2                                                            |    <0.001 |
|         U3                                                            |    <0.001 |
|         U4                                                            |    <0.001 |
|         U5                                                            |    <0.001 |
|         U6                                                            |    <0.001 |
|         U7                                                            |    <0.001 |
|         U8                                                            |    <0.001 |
|         U9                                                            |    <0.001 |
|       U9                                                              |    <0.001 |
|     U30                                                               |    <0.001 |
|       U1                                                              |    <0.001 |
|         U1                                                            |    <0.001 |
|         U10                                                           |    <0.001 |
|         U11                                                           |    <0.001 |
|         U12                                                           |    <0.001 |
|         U13                                                           |    <0.001 |
|         U14                                                           |    <0.001 |
|         U15                                                           |    <0.001 |
|         U16                                                           |    <0.001 |
|         U2                                                            |    <0.001 |
|         U3                                                            |    <0.001 |
|         U4                                                            |    <0.001 |
|         U5                                                            |    <0.001 |
|         U6                                                            |    <0.001 |
|         U7                                                            |    <0.001 |
|         U8                                                            |    <0.001 |
|         U9                                                            |    <0.001 |
|       U2                                                              |    <0.001 |
|         U1                                                            |    <0.001 |
|         U10                                                           |    <0.001 |
|         U11                                                           |    <0.001 |
|         U12                                                           |    <0.001 |
|         U13                                                           |    <0.001 |
|         U14                                                           |    <0.001 |
|         U15                                                           |    <0.001 |
|         U16                                                           |    <0.001 |
|         U2                                                            |    <0.001 |
|         U3                                                            |    <0.001 |
|         U4                                                            |    <0.001 |
|         U5                                                            |    <0.001 |
|         U6                                                            |    <0.001 |
|         U7                                                            |    <0.001 |
|         U8                                                            |    <0.001 |
|         U9                                                            |    <0.001 |
|       U3                                                              |    <0.001 |
|         U1                                                            |    <0.001 |
|         U10                                                           |    <0.001 |
|         U11                                                           |    <0.001 |
|         U12                                                           |    <0.001 |
|         U13                                                           |    <0.001 |
|         U14                                                           |    <0.001 |
|         U15                                                           |    <0.001 |
|         U16                                                           |    <0.001 |
|         U2                                                            |    <0.001 |
|         U3                                                            |    <0.001 |
|         U4                                                            |    <0.001 |
|         U5                                                            |    <0.001 |
|         U6                                                            |    <0.001 |
|         U7                                                            |    <0.001 |
|         U8                                                            |    <0.001 |
|         U9                                                            |    <0.001 |
|       U4                                                              |    <0.001 |
|         U1                                                            |    <0.001 |
|         U10                                                           |    <0.001 |
|         U11                                                           |    <0.001 |
|         U12                                                           |    <0.001 |
|         U13                                                           |    <0.001 |
|         U14                                                           |    <0.001 |
|         U15                                                           |    <0.001 |
|         U16                                                           |    <0.001 |
|         U2                                                            |    <0.001 |
|         U3                                                            |    <0.001 |
|         U4                                                            |    <0.001 |
|         U5                                                            |    <0.001 |
|         U6                                                            |    <0.001 |
|         U7                                                            |    <0.001 |
|         U8                                                            |    <0.001 |
|         U9                                                            |    <0.001 |
|       U9                                                              |    <0.001 |
|     U307                                                              |    <0.001 |
|     U308                                                              |    <0.001 |
|     U309                                                              |    <0.001 |
|     U310                                                              |    <0.001 |
|     U311                                                              |     0.011 |
|       U1                                                              |     0.002 |
|       U10                                                             |    <0.001 |
|       U11                                                             |    <0.001 |
|       U12                                                             |    <0.001 |
|       U13                                                             |    <0.001 |
|       U14                                                             |    <0.001 |
|       U15                                                             |    <0.001 |
|       U16                                                             |    <0.001 |
|       U17                                                             |    <0.001 |
|       U18                                                             |    <0.001 |
|       U19                                                             |    <0.001 |
|       U2                                                              |    <0.001 |
|       U20                                                             |    <0.001 |
|       U21                                                             |    <0.001 |
|       U22                                                             |     0.000 |
|       U23                                                             |     0.000 |
|       U24                                                             |     0.000 |
|       U25                                                             |     0.000 |
|       U26                                                             |     0.000 |
|       U27                                                             |     0.000 |
|       U28                                                             |     0.000 |
|       U29                                                             |     0.000 |
|       U30                                                             |     0.000 |
|       U31                                                             |     0.000 |
|       U32                                                             |     0.000 |
|       U33                                                             |     0.000 |
|       U34                                                             |     0.000 |
|       U35                                                             |     0.000 |
|       U5                                                              |    <0.001 |
|       U6                                                              |    <0.001 |
|       U7                                                              |    <0.001 |
|       U8                                                              |    <0.001 |
|       U9                                                              |    <0.001 |
|     U32                                                               |    <0.001 |
|     U322                                                              |     0.003 |
|       U1                                                              |     0.001 |
|       U10                                                             |     0.000 |
|       U11                                                             |     0.000 |
|       U12                                                             |     0.000 |
|       U13                                                             |     0.000 |
|       U14                                                             |     0.000 |
|       U15                                                             |     0.000 |
|       U16                                                             |     0.000 |
|       U17                                                             |     0.000 |
|       U18                                                             |     0.000 |
|       U19                                                             |     0.000 |
|       U2                                                              |    <0.001 |
|       U20                                                             |     0.000 |
|       U21                                                             |     0.000 |
|       U22                                                             |    <0.001 |
|       U23                                                             |     0.000 |
|       U24                                                             |     0.000 |
|       U25                                                             |     0.000 |
|       U26                                                             |     0.000 |
|       U27                                                             |     0.000 |
|       U28                                                             |     0.000 |
|       U29                                                             |     0.000 |
|       U30                                                             |     0.000 |
|       U31                                                             |     0.000 |
|       U32                                                             |     0.000 |
|       U33                                                             |     0.000 |
|       U34                                                             |     0.000 |
|       U35                                                             |     0.000 |
|       U5                                                              |    <0.001 |
|       U6                                                              |    <0.001 |
|       U7                                                              |    <0.001 |
|       U8                                                              |     0.000 |
|       U9                                                              |     0.000 |
|     U327                                                              |    <0.001 |
|     U328                                                              |    <0.001 |
|     U334                                                              |     0.001 |
|     U335                                                              |    <0.001 |
|     U341                                                              |    <0.001 |
|     U348                                                              |    <0.001 |
|     U349                                                              |    <0.001 |
|     U35                                                               |    <0.001 |
|     U351                                                              |     0.001 |
|     U353                                                              |     0.001 |
|     U355                                                              |     0.001 |
|     U357                                                              |     0.001 |
|     U38                                                               |    <0.001 |
|     U4                                                                |    <0.001 |
|     U43                                                               |    <0.001 |
|     U5                                                                |    <0.001 |
|     U54                                                               |    <0.001 |
|     U56                                                               |    <0.001 |
|     U57                                                               |    <0.001 |
|     U58                                                               |    <0.001 |
|     U6                                                                |    <0.001 |
|     U66                                                               |    <0.001 |
|     U68                                                               |    <0.001 |
|     U69                                                               |    <0.001 |
|     U7                                                                |    <0.001 |
|     U73                                                               |    <0.001 |
|     U74                                                               |    <0.001 |
|     U75                                                               |    <0.001 |
|     U76                                                               |    <0.001 |
|     U77                                                               |    <0.001 |
|     U83                                                               |    <0.001 |
|   NIM_CLKS_BLOCK                                                      |     0.102 |
|     U0                                                                |     0.102 |
|   clk_wiz_0_BLOCK                                                     |     0.093 |
|     U0                                                                |     0.093 |
|   clk_wiz_1_BLOCK                                                     |     0.058 |
|     U0                                                                |     0.058 |
|   dbg_hub                                                             |     0.003 |
|     inst                                                              |     0.003 |
|       CORE_XSDB.UUT_MASTER                                            |     0.003 |
|         U_ICON_INTERFACE                                              |     0.002 |
|           U_CMD1                                                      |    <0.001 |
|           U_CMD2                                                      |    <0.001 |
|           U_CMD3                                                      |    <0.001 |
|           U_CMD4                                                      |    <0.001 |
|           U_CMD5                                                      |    <0.001 |
|           U_CMD6_RD                                                   |    <0.001 |
|             U_RD_FIFO                                                 |    <0.001 |
|               SUBCORE_FIFO.xsdbm_v1_1_rdfifo_inst                     |    <0.001 |
|                 inst_fifo_gen                                         |    <0.001 |
|                   gconvfifo.rf                                        |    <0.001 |
|                     grf.rf                                            |    <0.001 |
|                       gntv_or_sync_fifo.gcx.clkx                      |    <0.001 |
|                         gsync_stage[1].rd_stg_inst                    |    <0.001 |
|                         gsync_stage[1].wr_stg_inst                    |    <0.001 |
|                         gsync_stage[2].rd_stg_inst                    |    <0.001 |
|                         gsync_stage[2].wr_stg_inst                    |    <0.001 |
|                       gntv_or_sync_fifo.gl0.rd                        |    <0.001 |
|                         gr1.rfwft                                     |    <0.001 |
|                         gras.rsts                                     |    <0.001 |
|                         rpntr                                         |    <0.001 |
|                       gntv_or_sync_fifo.gl0.wr                        |    <0.001 |
|                         gwas.wsts                                     |    <0.001 |
|                         wpntr                                         |    <0.001 |
|                       gntv_or_sync_fifo.mem                           |    <0.001 |
|                         gdm.dm                                        |    <0.001 |
|                           RAM_reg_0_15_0_5                            |    <0.001 |
|                           RAM_reg_0_15_12_15                          |    <0.001 |
|                           RAM_reg_0_15_6_11                           |    <0.001 |
|                       rstblk                                          |    <0.001 |
|           U_CMD6_WR                                                   |    <0.001 |
|             U_WR_FIFO                                                 |    <0.001 |
|               SUBCORE_FIFO.xsdbm_v1_1_wrfifo_inst                     |    <0.001 |
|                 inst_fifo_gen                                         |    <0.001 |
|                   gconvfifo.rf                                        |    <0.001 |
|                     grf.rf                                            |    <0.001 |
|                       gntv_or_sync_fifo.gcx.clkx                      |    <0.001 |
|                         gsync_stage[1].rd_stg_inst                    |    <0.001 |
|                         gsync_stage[1].wr_stg_inst                    |    <0.001 |
|                         gsync_stage[2].rd_stg_inst                    |    <0.001 |
|                         gsync_stage[2].wr_stg_inst                    |    <0.001 |
|                       gntv_or_sync_fifo.gl0.rd                        |    <0.001 |
|                         gras.rsts                                     |    <0.001 |
|                         rpntr                                         |    <0.001 |
|                       gntv_or_sync_fifo.gl0.wr                        |    <0.001 |
|                         gwas.wsts                                     |    <0.001 |
|                         wpntr                                         |    <0.001 |
|                       gntv_or_sync_fifo.mem                           |    <0.001 |
|                         gdm.dm                                        |    <0.001 |
|                           RAM_reg_0_15_0_5                            |    <0.001 |
|                           RAM_reg_0_15_12_15                          |    <0.001 |
|                           RAM_reg_0_15_6_11                           |    <0.001 |
|                       rstblk                                          |    <0.001 |
|           U_CMD7_CTL                                                  |    <0.001 |
|           U_CMD7_STAT                                                 |    <0.001 |
|           U_STATIC_STATUS                                             |    <0.001 |
|         U_XSDB_ADDRESS_CONTROLLER                                     |    <0.001 |
|         U_XSDB_BURST_WD_LEN_CONTROLLER                                |    <0.001 |
|         U_XSDB_BUS_CONTROLLER                                         |    <0.001 |
|           U_RD_ABORT_FLAG                                             |    <0.001 |
|           U_RD_REQ_FLAG                                               |    <0.001 |
|           U_TIMER                                                     |    <0.001 |
|         U_XSDB_BUS_MSTR2SL_PORT_IFACE                                 |    <0.001 |
|       CORE_XSDB.U_ICON                                                |    <0.001 |
|         U_CMD                                                         |    <0.001 |
|         U_STAT                                                        |    <0.001 |
|         U_SYNC                                                        |    <0.001 |
|       N_EXT_BSCAN.bscan_inst                                          |    <0.001 |
|   eth_interface                                                       |     0.050 |
|     burst_traffic_controller_blk                                      |    <0.001 |
|     data_manager_blk                                                  |     0.022 |
|       GEC_RX_CTRL                                                     |    <0.001 |
|       GEC_TX_SEQ_CTL                                                  |     0.001 |
|       RAM_COMM_DEC                                                    |     0.007 |
|       RX_DATA_FIFO                                                    |     0.006 |
|         FIFO_SYNC_MACRO_inst                                          |     0.006 |
|       RX_DATA_INFO_FIFO                                               |    <0.001 |
|         FIFO_SYNC_MACRO_inst                                          |    <0.001 |
|       RX_SRC_ADDR_FIFO                                                |     0.002 |
|         FIFO_SYNC_MACRO_inst                                          |     0.002 |
|       RX_SRC_MAC_FIFO                                                 |     0.002 |
|         FIFO_SYNC_MACRO_inst                                          |     0.002 |
|       TX_CTRL_ADDR_FIFO                                               |    <0.001 |
|         FIFO_SYNC_MACRO_inst                                          |    <0.001 |
|       TX_CTRL_FIFO                                                    |    <0.001 |
|         FIFO_SYNC_MACRO_inst                                          |    <0.001 |
|       TX_CTRL_INFO_FIFO                                               |    <0.001 |
|         FIFO_SYNC_MACRO_inst                                          |    <0.001 |
|       TX_CTRL_MAC_FIFO                                                |    <0.001 |
|         FIFO_SYNC_MACRO_inst                                          |    <0.001 |
|       TX_DATA_FIFO                                                    |    <0.001 |
|         FIFO_SYNC_MACRO_inst                                          |    <0.001 |
|       TX_DATA_INFO_FIFO                                               |    <0.001 |
|         FIFO_SYNC_MACRO_inst                                          |    <0.001 |
|       burst_controller_sm                                             |    <0.001 |
|     ec_wrapper                                                        |     0.024 |
|       crcChk                                                          |    <0.001 |
|       crcGen                                                          |     0.001 |
|       crcSplice                                                       |    <0.001 |
|       ethernet_controller                                             |     0.022 |
|         AddressContainer                                              |    <0.001 |
|         ArpReplyBlock                                                 |     0.004 |
|         CRC_OR                                                        |    <0.001 |
|         ChecksumCalcBlock                                             |     0.002 |
|         CreatePacketBlock                                             |     0.005 |
|         DataoutMux                                                    |    <0.001 |
|         DecipherBlock                                                 |     0.010 |
|         FilterDataOutBlock                                            |    <0.001 |
|         ICMPPingChecksumCalcBlock                                     |    <0.001 |
|         ICMPPingShiftRegBlock                                         |    <0.001 |
|         UDPDataSplicer                                                |    <0.001 |
|         UdpLengthMux                                                  |    <0.001 |
|       xgmii                                                           |     0.000 |
|     reset_mgr                                                         |    <0.001 |
|   genNimPlusAndBurstFifo[0].FIFO_DUALCLOCK_MACRO_inst                 |     0.006 |
|   u_ila_0_0                                                           |     0.014 |
|     inst                                                              |     0.014 |
|       ila_core_inst                                                   |     0.014 |
|         ila_trace_memory_inst                                         |    <0.001 |
|           SUBCORE_RAM_BLK_MEM_1.trace_block_memory                    |    <0.001 |
|             inst_blk_mem_gen                                          |    <0.001 |
|               gnativebmg.native_blk_mem_gen                           |    <0.001 |
|                 valid.cstr                                            |    <0.001 |
|                   ramloop[0].ram.r                                    |    <0.001 |
|                     prim_noinit.ram                                   |    <0.001 |
|         u_ila_cap_ctrl                                                |     0.001 |
|           U_CDONE                                                     |    <0.001 |
|           U_NS0                                                       |    <0.001 |
|           U_NS1                                                       |    <0.001 |
|           u_cap_addrgen                                               |     0.001 |
|             U_CMPRESET                                                |    <0.001 |
|             u_cap_sample_counter                                      |    <0.001 |
|               U_SCE                                                   |    <0.001 |
|               U_SCMPCE                                                |    <0.001 |
|               U_SCRST                                                 |    <0.001 |
|               u_scnt_cmp                                              |    <0.001 |
|                 allx_typeA_match_detection.ltlib_v1_0_allx_typeA_inst |    <0.001 |
|                   DUT                                                 |    <0.001 |
|                     I_WHOLE_SLICE.G_SLICE_IDX[0].U_ALL_SRL_SLICE      |    <0.001 |
|                       u_srlA                                          |    <0.001 |
|                       u_srlB                                          |    <0.001 |
|                       u_srlC                                          |    <0.001 |
|                       u_srlD                                          |    <0.001 |
|                     I_WHOLE_SLICE.G_SLICE_IDX[1].U_ALL_SRL_SLICE      |    <0.001 |
|                       u_srlA                                          |    <0.001 |
|                       u_srlB                                          |    <0.001 |
|                       u_srlC                                          |    <0.001 |
|                       u_srlD                                          |    <0.001 |
|             u_cap_window_counter                                      |    <0.001 |
|               U_WCE                                                   |    <0.001 |
|               U_WHCMPCE                                               |    <0.001 |
|               U_WLCMPCE                                               |    <0.001 |
|               u_wcnt_hcmp                                             |    <0.001 |
|                 allx_typeA_match_detection.ltlib_v1_0_allx_typeA_inst |    <0.001 |
|                   DUT                                                 |    <0.001 |
|                     I_WHOLE_SLICE.G_SLICE_IDX[0].U_ALL_SRL_SLICE      |    <0.001 |
|                       u_srlA                                          |    <0.001 |
|                       u_srlB                                          |    <0.001 |
|                       u_srlC                                          |    <0.001 |
|                       u_srlD                                          |    <0.001 |
|                     I_WHOLE_SLICE.G_SLICE_IDX[1].U_ALL_SRL_SLICE      |    <0.001 |
|                       u_srlA                                          |    <0.001 |
|                       u_srlB                                          |    <0.001 |
|                       u_srlC                                          |    <0.001 |
|                       u_srlD                                          |    <0.001 |
|               u_wcnt_lcmp                                             |    <0.001 |
|                 allx_typeA_match_detection.ltlib_v1_0_allx_typeA_inst |    <0.001 |
|                   DUT                                                 |    <0.001 |
|                     I_WHOLE_SLICE.G_SLICE_IDX[0].U_ALL_SRL_SLICE      |    <0.001 |
|                       u_srlA                                          |    <0.001 |
|                       u_srlB                                          |    <0.001 |
|                       u_srlC                                          |    <0.001 |
|                       u_srlD                                          |    <0.001 |
|                     I_WHOLE_SLICE.G_SLICE_IDX[1].U_ALL_SRL_SLICE      |    <0.001 |
|                       u_srlA                                          |    <0.001 |
|                       u_srlB                                          |    <0.001 |
|                       u_srlC                                          |    <0.001 |
|                       u_srlD                                          |    <0.001 |
|         u_ila_regs                                                    |     0.010 |
|           MU_SRL[0].mu_srl_reg                                        |    <0.001 |
|           MU_SRL[10].mu_srl_reg                                       |    <0.001 |
|           MU_SRL[1].mu_srl_reg                                        |    <0.001 |
|           MU_SRL[2].mu_srl_reg                                        |    <0.001 |
|           MU_SRL[3].mu_srl_reg                                        |    <0.001 |
|           MU_SRL[4].mu_srl_reg                                        |    <0.001 |
|           MU_SRL[5].mu_srl_reg                                        |    <0.001 |
|           MU_SRL[6].mu_srl_reg                                        |    <0.001 |
|           MU_SRL[7].mu_srl_reg                                        |    <0.001 |
|           MU_SRL[8].mu_srl_reg                                        |    <0.001 |
|           MU_SRL[9].mu_srl_reg                                        |    <0.001 |
|           TC_SRL[0].tc_srl_reg                                        |    <0.001 |
|           U_XSDB_SLAVE                                                |     0.002 |
|           reg_15                                                      |    <0.001 |
|             I_EN_CTL_EQ1.U_CTL                                        |    <0.001 |
|           reg_16                                                      |    <0.001 |
|             I_EN_CTL_EQ1.U_CTL                                        |    <0.001 |
|           reg_17                                                      |    <0.001 |
|             I_EN_CTL_EQ1.U_CTL                                        |    <0.001 |
|           reg_18                                                      |    <0.001 |
|             I_EN_CTL_EQ1.U_CTL                                        |    <0.001 |
|           reg_19                                                      |    <0.001 |
|             I_EN_CTL_EQ1.U_CTL                                        |    <0.001 |
|           reg_1a                                                      |    <0.001 |
|             I_EN_CTL_EQ1.U_CTL                                        |    <0.001 |
|           reg_6                                                       |    <0.001 |
|             I_EN_CTL_EQ1.U_CTL                                        |    <0.001 |
|           reg_7                                                       |    <0.001 |
|             I_EN_CTL_EQ1.U_CTL                                        |    <0.001 |
|           reg_8                                                       |    <0.001 |
|             I_EN_STAT_EQ1.U_STAT                                      |    <0.001 |
|           reg_80                                                      |    <0.001 |
|             I_EN_CTL_EQ1.U_CTL                                        |    <0.001 |
|           reg_81                                                      |    <0.001 |
|             I_EN_CTL_EQ1.U_CTL                                        |    <0.001 |
|           reg_82                                                      |    <0.001 |
|             I_EN_CTL_EQ1.U_CTL                                        |    <0.001 |
|           reg_83                                                      |    <0.001 |
|             I_EN_CTL_EQ1.U_CTL                                        |    <0.001 |
|           reg_84                                                      |    <0.001 |
|             I_EN_CTL_EQ1.U_CTL                                        |    <0.001 |
|           reg_85                                                      |    <0.001 |
|             I_EN_CTL_EQ1.U_CTL                                        |    <0.001 |
|           reg_88d                                                     |    <0.001 |
|             I_EN_STAT_EQ1.U_STAT                                      |    <0.001 |
|           reg_890                                                     |    <0.001 |
|             I_EN_STAT_EQ1.U_STAT                                      |    <0.001 |
|           reg_9                                                       |    <0.001 |
|             I_EN_STAT_EQ1.U_STAT                                      |    <0.001 |
|           reg_srl_fff                                                 |    <0.001 |
|           reg_stream_ffd                                              |    <0.001 |
|             I_EN_CTL_EQ1.U_CTL                                        |    <0.001 |
|           reg_stream_ffe                                              |    <0.001 |
|             I_EN_STAT_EQ1.U_STAT                                      |    <0.001 |
|         u_ila_reset_ctrl                                              |    <0.001 |
|           arm_detection_inst                                          |    <0.001 |
|           asyncrounous_transfer.arm_in_transfer_inst                  |    <0.001 |
|           asyncrounous_transfer.arm_out_transfer_inst                 |    <0.001 |
|           asyncrounous_transfer.halt_in_transfer_inst                 |    <0.001 |
|           asyncrounous_transfer.halt_out_transfer_inst                |    <0.001 |
|           halt_detection_inst                                         |    <0.001 |
|         u_trig                                                        |     0.001 |
|           N_DDR_TC.N_DDR_TC_INST[0].U_TC                              |    <0.001 |
|             allx_typeA_match_detection.ltlib_v1_0_allx_typeA_inst     |    <0.001 |
|               DUT                                                     |    <0.001 |
|                 I_WHOLE_SLICE.G_SLICE_IDX[0].U_ALL_SRL_SLICE          |    <0.001 |
|                   u_srlA                                              |    <0.001 |
|                   u_srlB                                              |    <0.001 |
|                   u_srlC                                              |    <0.001 |
|                   u_srlD                                              |    <0.001 |
|                 I_WHOLE_SLICE.G_SLICE_IDX[1].U_ALL_SRL_SLICE          |    <0.001 |
|                   u_srlA                                              |    <0.001 |
|                   u_srlB                                              |    <0.001 |
|                   u_srlC                                              |    <0.001 |
|                   u_srlD                                              |    <0.001 |
|           U_TM                                                        |    <0.001 |
|             N_DDR_MODE.G_NMU[0].U_M                                   |    <0.001 |
|               allx_typeA_match_detection.ltlib_v1_0_allx_typeA_inst   |    <0.001 |
|                 DUT                                                   |    <0.001 |
|                   I_WHOLE_SLICE.G_SLICE_IDX[0].U_ALL_SRL_SLICE        |    <0.001 |
|                     u_srlA                                            |    <0.001 |
|                     u_srlB                                            |    <0.001 |
|                     u_srlC                                            |    <0.001 |
|                     u_srlD                                            |    <0.001 |
|             N_DDR_MODE.G_NMU[10].U_M                                  |    <0.001 |
|               allx_typeA_match_detection.ltlib_v1_0_allx_typeA_inst   |    <0.001 |
|                 DUT                                                   |    <0.001 |
|                   I_WHOLE_SLICE.G_SLICE_IDX[0].U_ALL_SRL_SLICE        |    <0.001 |
|                     u_srlA                                            |    <0.001 |
|                     u_srlB                                            |    <0.001 |
|                     u_srlC                                            |    <0.001 |
|                     u_srlD                                            |    <0.001 |
|             N_DDR_MODE.G_NMU[1].U_M                                   |    <0.001 |
|               allx_typeA_match_detection.ltlib_v1_0_allx_typeA_inst   |    <0.001 |
|                 DUT                                                   |    <0.001 |
|                   I_WHOLE_SLICE.G_SLICE_IDX[0].U_ALL_SRL_SLICE        |    <0.001 |
|                     u_srlA                                            |    <0.001 |
|                     u_srlB                                            |    <0.001 |
|                     u_srlC                                            |    <0.001 |
|                     u_srlD                                            |    <0.001 |
|             N_DDR_MODE.G_NMU[2].U_M                                   |    <0.001 |
|               allx_typeA_match_detection.ltlib_v1_0_allx_typeA_inst   |    <0.001 |
|                 DUT                                                   |    <0.001 |
|                   I_WHOLE_SLICE.G_SLICE_IDX[0].U_ALL_SRL_SLICE        |    <0.001 |
|                     u_srlA                                            |    <0.001 |
|                     u_srlB                                            |    <0.001 |
|                     u_srlC                                            |    <0.001 |
|                     u_srlD                                            |    <0.001 |
|             N_DDR_MODE.G_NMU[3].U_M                                   |    <0.001 |
|               allx_typeA_match_detection.ltlib_v1_0_allx_typeA_inst   |    <0.001 |
|                 DUT                                                   |    <0.001 |
|                   I_WHOLE_SLICE.G_SLICE_IDX[0].U_ALL_SRL_SLICE        |    <0.001 |
|                     u_srlA                                            |    <0.001 |
|                     u_srlB                                            |    <0.001 |
|                     u_srlC                                            |    <0.001 |
|                     u_srlD                                            |    <0.001 |
|             N_DDR_MODE.G_NMU[4].U_M                                   |    <0.001 |
|               allx_typeA_match_detection.ltlib_v1_0_allx_typeA_inst   |    <0.001 |
|                 DUT                                                   |    <0.001 |
|                   I_WHOLE_SLICE.G_SLICE_IDX[0].U_ALL_SRL_SLICE        |    <0.001 |
|                     u_srlA                                            |    <0.001 |
|                     u_srlB                                            |    <0.001 |
|                     u_srlC                                            |    <0.001 |
|                     u_srlD                                            |    <0.001 |
|             N_DDR_MODE.G_NMU[5].U_M                                   |    <0.001 |
|               allx_typeA_match_detection.ltlib_v1_0_allx_typeA_inst   |    <0.001 |
|                 DUT                                                   |    <0.001 |
|                   I_WHOLE_SLICE.G_SLICE_IDX[0].U_ALL_SRL_SLICE        |    <0.001 |
|                     u_srlA                                            |    <0.001 |
|                     u_srlB                                            |    <0.001 |
|                     u_srlC                                            |    <0.001 |
|                     u_srlD                                            |    <0.001 |
|             N_DDR_MODE.G_NMU[6].U_M                                   |    <0.001 |
|               allx_typeA_match_detection.ltlib_v1_0_allx_typeA_inst   |    <0.001 |
|                 DUT                                                   |    <0.001 |
|                   I_WHOLE_SLICE.G_SLICE_IDX[0].U_ALL_SRL_SLICE        |    <0.001 |
|                     u_srlA                                            |    <0.001 |
|                     u_srlB                                            |    <0.001 |
|                     u_srlC                                            |    <0.001 |
|                     u_srlD                                            |    <0.001 |
|             N_DDR_MODE.G_NMU[7].U_M                                   |    <0.001 |
|               allx_typeA_match_detection.ltlib_v1_0_allx_typeA_inst   |    <0.001 |
|                 DUT                                                   |    <0.001 |
|                   I_WHOLE_SLICE.G_SLICE_IDX[0].U_ALL_SRL_SLICE        |    <0.001 |
|                     u_srlA                                            |    <0.001 |
|                     u_srlB                                            |    <0.001 |
|                     u_srlC                                            |    <0.001 |
|                     u_srlD                                            |    <0.001 |
|             N_DDR_MODE.G_NMU[8].U_M                                   |    <0.001 |
|               allx_typeA_match_detection.ltlib_v1_0_allx_typeA_inst   |    <0.001 |
|                 DUT                                                   |    <0.001 |
|                   I_WHOLE_SLICE.G_SLICE_IDX[0].U_ALL_SRL_SLICE        |    <0.001 |
|                     u_srlA                                            |    <0.001 |
|                     u_srlB                                            |    <0.001 |
|                     u_srlC                                            |    <0.001 |
|                     u_srlD                                            |    <0.001 |
|             N_DDR_MODE.G_NMU[9].U_M                                   |    <0.001 |
|               allx_typeA_match_detection.ltlib_v1_0_allx_typeA_inst   |    <0.001 |
|                 DUT                                                   |    <0.001 |
|                   I_WHOLE_SLICE.G_SLICE_IDX[0].U_ALL_SRL_SLICE        |    <0.001 |
|                     u_srlA                                            |    <0.001 |
|                     u_srlB                                            |    <0.001 |
|                     u_srlC                                            |    <0.001 |
|                     u_srlD                                            |    <0.001 |
|         xsdb_memory_read_inst                                         |    <0.001 |
+-----------------------------------------------------------------------+-----------+


