# Design Explorer: Shortcut to "C:\AGP_2019_03_22_NIMPlus_T_C_RJ45\NIMPlus\NIMPlus.aws" design added.
acom -O3 -e 100 -work NIMPlus -2002  $dsn/src/nim_plus_blk_1_phase_4ps.bde
# DRC: Checking file 'C:\AGP_2019_03_22_NIMPlus_T_C_RJ45\NIMPlus\NIMPlus\src\nim_plus_blk_1_phase_4ps.bde'.
# DRC: Warning: nim_plus_blk_1_phase_4ps.bde - 0 error(s), 24 warning(s)
# DRC: DRC process completed in 6 second(s).
# DRC: The results have been written to the log file. Double click on this line to view the log.
# Generating C:\AGP_2019_03_22_NIMPlus_T_C_RJ45\NIMPlus\NIMPlus\compile\nim_plus_blk_1_phase_4ps.vhd from C:\AGP_2019_03_22_NIMPlus_T_C_RJ45\NIMPlus\NIMPlus\src\nim_plus_blk_1_phase_4ps.bde ...
# Generation successful
# Warning: DAGGEN_0523: The source is compiled without the -dbg switch. Line breakpoints and assertion debug will not be available.
# File: .\..\compile\nim_plus_blk_1_phase_4ps.vhd
# Compile Entity "nim_plus_blk_1_phase_4ps"
# Compile Architecture "nim_plus_blk_1_phase_4ps" of Entity "nim_plus_blk_1_phase_4ps"
# Compile success 0 Errors 0 Warnings  Analysis time :  0.1 [s]
# Preparing list of files to export. Please wait...
# Finished preparing list of files to export.
# Exporting single document to pdf...
# Destination folder is [C:\AGP_2019_03_22_NIMPlus_T_C_RJ45\NIMPlus\NIMPlus\pdf\]
# Exporting C:\AGP_2019_03_22_NIMPlus_T_C_RJ45\NIMPlus\NIMPlus\src\nim_plus_blk_1_phase_4ps.bde (1 of 1)
# Exporting block diagram [c:\agp_2019_03_22_nimplus_t_c_rj45\nimplus\nimplus\pdf\nim_plus_blk_1_phase_4ps.bde]...
# Exporting page #1 of 58... 
# Export of block diagram to graphics started...
# Export of block diagram to graphics finished.
# Exporting page #2 of 58... 
# Export of block diagram to graphics started...
# Export of block diagram to graphics finished.
# Exporting page #3 of 58... 
# Export of block diagram to graphics started...
# Export of block diagram to graphics finished.
# Exporting page #4 of 58... 
# Export of block diagram to graphics started...
# Export of block diagram to graphics finished.
# Exporting page #5 of 58... 
# Export of block diagram to graphics started...
# Export of block diagram to graphics finished.
# Exporting page #6 of 58... 
# Export of block diagram to graphics started...
# Export of block diagram to graphics finished.
# Exporting page #7 of 58... 
# Export of block diagram to graphics started...
# Export of block diagram to graphics finished.
# Exporting page #8 of 58... 
# Export of block diagram to graphics started...
# Export of block diagram to graphics finished.
# Exporting page #9 of 58... 
# Export of block diagram to graphics started...
# Export of block diagram to graphics finished.
# Exporting page #10 of 58... 
# Export of block diagram to graphics started...
# Export of block diagram to graphics finished.
# Exporting page #11 of 58... 
# Export of block diagram to graphics started...
# Export of block diagram to graphics finished.
# Exporting page #12 of 58... 
# Export of block diagram to graphics started...
# Export of block diagram to graphics finished.
# Exporting page #13 of 58... 
# Export of block diagram to graphics started...
# Export of block diagram to graphics finished.
# Exporting page #14 of 58... 
# Export of block diagram to graphics started...
# Export of block diagram to graphics finished.
# Exporting page #15 of 58... 
# Export of block diagram to graphics started...
# Export of block diagram to graphics finished.
# Exporting page #16 of 58... 
# Export of block diagram to graphics started...
# Export of block diagram to graphics finished.
# Exporting page #17 of 58... 
# Export of block diagram to graphics started...
# Export of block diagram to graphics finished.
# Exporting page #18 of 58... 
# Export of block diagram to graphics started...
# Export of block diagram to graphics finished.
# Exporting page #19 of 58... 
# Export of block diagram to graphics started...
# Export of block diagram to graphics finished.
# Exporting page #20 of 58... 
# Export of block diagram to graphics started...
# Export of block diagram to graphics finished.
# Exporting page #21 of 58... 
# Export of block diagram to graphics started...
# Export of block diagram to graphics finished.
# Exporting page #22 of 58... 
# Export of block diagram to graphics started...
# Export of block diagram to graphics finished.
# Exporting page #23 of 58... 
# Export of block diagram to graphics started...
# Export of block diagram to graphics finished.
# Exporting page #24 of 58... 
# Export of block diagram to graphics started...
# Export of block diagram to graphics finished.
# Exporting page #25 of 58... 
# Export of block diagram to graphics started...
# Export of block diagram to graphics finished.
# Exporting page #26 of 58... 
# Export of block diagram to graphics started...
# Export of block diagram to graphics finished.
# Exporting page #27 of 58... 
# Export of block diagram to graphics started...
# Export of block diagram to graphics finished.
# Exporting page #28 of 58... 
# Export of block diagram to graphics started...
# Export of block diagram to graphics finished.
# Exporting page #29 of 58... 
# Export of block diagram to graphics started...
# Export of block diagram to graphics finished.
# Exporting page #30 of 58... 
# Export of block diagram to graphics started...
# Export of block diagram to graphics finished.
# Exporting page #31 of 58... 
# Export of block diagram to graphics started...
# Export of block diagram to graphics finished.
# Exporting page #32 of 58... 
# Export of block diagram to graphics started...
# Export of block diagram to graphics finished.
# Exporting page #33 of 58... 
# Export of block diagram to graphics started...
# Export of block diagram to graphics finished.
# Exporting page #34 of 58... 
# Export of block diagram to graphics started...
# Export of block diagram to graphics finished.
# Exporting page #35 of 58... 
# Export of block diagram to graphics started...
# Export of block diagram to graphics finished.
# Exporting page #36 of 58... 
# Export of block diagram to graphics started...
# Export of block diagram to graphics finished.
# Exporting page #37 of 58... 
# Export of block diagram to graphics started...
# Export of block diagram to graphics finished.
# Exporting page #38 of 58... 
# Export of block diagram to graphics started...
# Export of block diagram to graphics finished.
# Exporting page #39 of 58... 
# Export of block diagram to graphics started...
# Export of block diagram to graphics finished.
# Exporting page #40 of 58... 
# Export of block diagram to graphics started...
# Export of block diagram to graphics finished.
# Exporting page #41 of 58... 
# Export of block diagram to graphics started...
# Export of block diagram to graphics finished.
# Exporting page #42 of 58... 
# Export of block diagram to graphics started...
# Export of block diagram to graphics finished.
# Exporting page #43 of 58... 
# Export of block diagram to graphics started...
# Export of block diagram to graphics finished.
# Exporting page #44 of 58... 
# Export of block diagram to graphics started...
# Export of block diagram to graphics finished.
# Exporting page #45 of 58... 
# Export of block diagram to graphics started...
# Export of block diagram to graphics finished.
# Exporting page #46 of 58... 
# Export of block diagram to graphics started...
# Export of block diagram to graphics finished.
# Exporting page #47 of 58... 
# Export of block diagram to graphics started...
# Export of block diagram to graphics finished.
# Exporting page #48 of 58... 
# Export of block diagram to graphics started...
# Export of block diagram to graphics finished.
# Exporting page #49 of 58... 
# Export of block diagram to graphics started...
# Export of block diagram to graphics finished.
# Exporting page #50 of 58... 
# Export of block diagram to graphics started...
# Export of block diagram to graphics finished.
# Exporting page #51 of 58... 
# Export of block diagram to graphics started...
# Export of block diagram to graphics finished.
# Exporting page #52 of 58... 
# Export of block diagram to graphics started...
# Export of block diagram to graphics finished.
# Exporting 