Copyright 1986-2015 Xilinx, Inc. All Rights Reserved.
---------------------------------------------------------------------------------------------------------
| Tool Version      : Vivado v.2015.2 (lin64) Build 1266856 Fri Jun 26 16:35:25 MDT 2015
| Date              : Thu Dec 20 14:12:58 2018
| Host              : rulinux03.dhcp.fnal.gov running 64-bit Scientific Linux Fermi release 6.9 (Ramsey)
| Command           : report_clock_utilization -file top_clock_utilization_routed.rpt
| Design            : top
| Device            : 7k325t-ffg900
| Speed File        : -2  PRODUCTION 1.12 2014-09-11
| Temperature Grade : C
---------------------------------------------------------------------------------------------------------

Clock Utilization Report

Table of Contents
-----------------
1. Clock Primitive Utilization
2. Details of Global Clocks
3. Details of Regional Clocks
4. Details of Multi-Regional Clocks
5. Details of I/O Clocks
6. Details of Local Clocks
7. Clock Regions : Key Resource Utilization
8. Net wise resources used in clock region X0Y2
9. Net wise resources used in clock region X0Y3
10. Net wise resources used in clock region X1Y3

1. Clock Primitive Utilization
------------------------------

+-------+------+-----------+-----------+
| Type  | Used | Available | Num Fixed |
+-------+------+-----------+-----------+
| BUFG  |    5 |        32 |         0 |
| BUFH  |    0 |       168 |         0 |
| BUFIO |    0 |        40 |         0 |
| MMCM  |    0 |        10 |         0 |
| PLL   |    0 |        10 |         0 |
| BUFR  |    0 |        40 |         0 |
| BUFMR |    0 |        20 |         0 |
+-------+------+-----------+-----------+


2. Details of Global Clocks
---------------------------

+-------+---------------------------------------------+--------------------------+--------------+-------+
|       |                                             |                          |   Num Loads  |       |
+-------+---------------------------------------------+--------------------------+------+-------+-------+
| Index | BUFG Cell                                   | Net Name                 | BELs | Sites | Fixed |
+-------+---------------------------------------------+--------------------------+------+-------+-------+
|     1 | dbg_hub/inst/N_EXT_BSCAN.u_bufg_icon_update | dbg_hub/inst/UPDATE_temp |    1 |     1 |    no |
|     2 | CLK15NS_bufg                                | CLK15NS                  |    8 |     4 |    no |
|     3 | CLK5MHz_bufg                                | secondary_clk            |    8 |     4 |    no |
|     4 | dbg_hub/inst/N_EXT_BSCAN.u_bufg_icon        | dbg_hub/inst/idrck       |  269 |    61 |    no |
|     5 | IBUF_PHY_RXCLK                              | MASTER_CLK               | 6604 |  1720 |    no |
+-------+---------------------------------------------+--------------------------+------+-------+-------+


3. Details of Regional Clocks
-----------------------------

4. Details of Multi-Regional Clocks
-----------------------------------

5. Details of I/O Clocks
------------------------

6. Details of Local Clocks
--------------------------

+-------+----------------+--------------------+--------------+-------+
|       |                |                    |   Num Loads  |       |
+-------+----------------+--------------------+------+-------+-------+
| Index | Local Clk Src  | Net Name           | BELs | Sites | Fixed |
+-------+----------------+--------------------+------+-------+-------+
|     1 | IBUFG_USER_CLK | IBUFG_USER_CLK_n_0 |   18 |     6 |   yes |
+-------+----------------+--------------------+------+-------+-------+


7. Clock Regions : Key Resource Utilization
-------------------------------------------

+-------------------+--------------+--------------+--------------+--------------+--------------+--------------+--------------+--------------+--------------+--------------+--------------+--------------+--------------+--------------+--------------+
|                   | Global Clock |     BUFRs    |    BUFMRs    |    BUFIOs    |     MMCM     |      PLL     |      GT      |      PCI     |    ILOGIC    |    OLOGIC    |      FF      |     LUTM     |    RAMB18    |    RAMB36    |    DSP48E1   |
+-------------------+------+-------+------+-------+------+-------+------+-------+------+-------+------+-------+------+-------+------+-------+------+-------+------+-------+------+-------+------+-------+------+-------+------+-------+------+-------+
| Clock Region Name | Used | Avail | Used | Avail | Used | Avail | Used | Avail | Used | Avail | Used | Avail | Used | Avail | Used | Avail | Used | Avail | Used | Avail | Used | Avail | Used | Avail | Used | Avail | Used | Avail | Used | Avail |
+-------------------+------+-------+------+-------+------+-------+------+-------+------+-------+------+-------+------+-------+------+-------+------+-------+------+-------+------+-------+------+-------+------+-------+------+-------+------+-------+
| X0Y0              |    0 |    12 |    0 |     4 |    0 |     2 |    0 |     4 |    0 |     1 |    0 |     1 |    0 |     0 |    0 |     0 |    0 |    50 |    0 |    50 |    0 | 32000 |    0 |  4600 |    0 |    60 |    0 |    30 |    0 |    60 |
| X1Y0              |    0 |    12 |    0 |     4 |    0 |     2 |    0 |     4 |    0 |     1 |    0 |     1 |    0 |     0 |    0 |     0 |    0 |    50 |    0 |    50 |    0 | 29600 |    0 |  4800 |    0 |    80 |    0 |    40 |    0 |    60 |
| X0Y1              |    0 |    12 |    0 |     4 |    0 |     2 |    0 |     4 |    0 |     1 |    0 |     1 |    0 |     0 |    0 |     0 |    0 |    50 |    0 |    50 |    0 | 32000 |    0 |  4600 |    0 |    60 |    0 |    30 |    0 |    60 |
| X1Y1              |    0 |    12 |    0 |     4 |    0 |     2 |    0 |     4 |    0 |     1 |    0 |     1 |    0 |     0 |    0 |     0 |    0 |    50 |    0 |    50 |    0 | 29600 |    0 |  4800 |    0 |    80 |    0 |    40 |    0 |    60 |
| X0Y2              |    4 |    12 |    0 |     4 |    0 |     2 |    0 |     4 |    0 |     1 |    0 |     1 |    0 |     0 |    0 |     0 |    0 |    50 |    0 |    50 | 3979 | 27200 | 1013 |  4600 |    1 |    60 |   19 |    30 |    0 |    60 |
| X1Y2              |    0 |    12 |    0 |     4 |    0 |     2 |    0 |     4 |    0 |     1 |    0 |     1 |    0 |     0 |    0 |     0 |    0 |    50 |    0 |    50 |    0 | 29600 |    0 |  4800 |    0 |    80 |    0 |    40 |    0 |    60 |
| X0Y3              |    3 |    12 |    0 |     4 |    0 |     2 |    0 |     4 |    0 |     1 |    0 |     1 |    0 |     0 |    0 |     0 |    0 |    50 |    0 |    50 | 1753 | 27200 |  133 |  4600 |    3 |    60 |    1 |    30 |    0 |    60 |
| X1Y3              |    1 |    12 |    0 |     0 |    0 |     0 |    0 |     0 |    0 |     0 |    0 |     0 |    0 |     5 |    0 |     1 |    0 |     0 |    0 |     0 |    5 | 25200 |    0 |  4200 |    0 |    50 |    0 |    25 |    0 |    60 |
| X0Y4              |    0 |    12 |    0 |     4 |    0 |     2 |    0 |     4 |    0 |     1 |    0 |     1 |    0 |     0 |    0 |     0 |    0 |    50 |    0 |    50 |    0 | 32000 |    0 |  4600 |    0 |    60 |    0 |    30 |    0 |    60 |
| X1Y4              |    0 |    12 |    0 |     0 |    0 |     0 |    0 |     0 |    0 |     0 |    0 |     0 |    0 |     5 |    0 |     0 |    0 |     0 |    0 |     0 |    0 | 26400 |    0 |  4400 |    0 |    60 |    0 |    30 |    0 |    60 |
| X0Y5              |    0 |    12 |    0 |     4 |    0 |     2 |    0 |     4 |    0 |     1 |    0 |     1 |    0 |     0 |    0 |     0 |    0 |    50 |    0 |    50 |    0 | 32000 |    0 |  4600 |    0 |    60 |    0 |    30 |    0 |    60 |
| X1Y5              |    0 |    12 |    0 |     0 |    0 |     0 |    0 |     0 |    0 |     0 |    0 |     0 |    0 |     5 |    0 |     0 |    0 |     0 |    0 |     0 |    0 | 26400 |    0 |  4400 |    0 |    60 |    0 |    30 |    0 |    60 |
| X0Y6              |    0 |    12 |    0 |     4 |    0 |     2 |    0 |     4 |    0 |     1 |    0 |     1 |    0 |     0 |    0 |     0 |    0 |    50 |    0 |    50 |    0 | 32000 |    0 |  4600 |    0 |    60 |    0 |    30 |    0 |    60 |
| X1Y6              |    0 |    12 |    0 |     0 |    0 |     0 |    0 |     0 |    0 |     0 |    0 |     0 |    0 |     5 |    0 |     0 |    0 |     0 |    0 |     0 |    0 | 26400 |    0 |  4400 |    0 |    60 |    0 |    30 |    0 |    60 |
+-------------------+------+-------+------+-------+------+-------+------+-------+------+-------+------+-------+------+-------+------+-------+------+-------+------+-------+------+-------+------+-------+------+-------+------+-------+------+-------+
* RAMB36 site can be used as two RAMB18/FIFO18 sites.


8. Net wise resources used in clock region X0Y2
-----------------------------------------------

+-------------+--------------+-------+-----------+----------+---------+-----------+---------+---------+------+-------+----------+--------------------+
| Source Type | BUFHCE Site  | Fixed | MMCM Pins | PLL Pins | GT Pins | BRAM Pins | ILOGICs | OLOGICs |  FFs | LUTMs | DSP48E1s |   Clock Net Name   |
+-------------+--------------+-------+-----------+----------+---------+-----------+---------+---------+------+-------+----------+--------------------+
| BUFG        | BUFHCE_X0Y32 |   no  |         0 |        0 |       0 |         0 |       0 |       0 |    1 |     0 |        0 | dbg_hub/inst/idrck |
| BUFG        | BUFHCE_X0Y33 |   no  |         0 |        0 |       0 |         0 |       0 |       0 |    8 |     0 |        0 | CLK15NS            |
| BUFG        | BUFHCE_X0Y34 |   no  |         0 |        0 |       0 |         0 |       0 |       0 |    8 |     0 |        0 | secondary_clk      |
| BUFG        | BUFHCE_X0Y35 |   no  |         0 |        0 |       0 |        40 |       0 |       0 | 3944 |  1013 |        0 | MASTER_CLK         |
+-------------+--------------+-------+-----------+----------+---------+-----------+---------+---------+------+-------+----------+--------------------+


9. Net wise resources used in clock region X0Y3
-----------------------------------------------

+-------------+--------------+-------+-----------+----------+---------+-----------+---------+---------+------+-------+----------+--------------------------+
| Source Type | BUFHCE Site  | Fixed | MMCM Pins | PLL Pins | GT Pins | BRAM Pins | ILOGICs | OLOGICs |  FFs | LUTMs | DSP48E1s |      Clock Net Name      |
+-------------+--------------+-------+-----------+----------+---------+-----------+---------+---------+------+-------+----------+--------------------------+
| BUFG        | BUFHCE_X0Y45 |   no  |         0 |        0 |       0 |         0 |       0 |       0 |    1 |     0 |        0 | dbg_hub/inst/UPDATE_temp |
| BUFG        | BUFHCE_X0Y44 |   no  |         0 |        0 |       0 |         0 |       0 |       0 |  244 |    24 |        0 | dbg_hub/inst/idrck       |
| BUFG        | BUFHCE_X0Y46 |   no  |         0 |        0 |       0 |         8 |       0 |       0 | 1508 |   109 |        0 | MASTER_CLK               |
+-------------+--------------+-------+-----------+----------+---------+-----------+---------+---------+------+-------+----------+--------------------------+


10. Net wise resources used in clock region X1Y3
------------------------------------------------

+-------------+--------------+-------+-----------+----------+---------+-----------+---------+---------+-----+-------+----------+----------------+
| Source Type | BUFHCE Site  | Fixed | MMCM Pins | PLL Pins | GT Pins | BRAM Pins | ILOGICs | OLOGICs | FFs | LUTMs | DSP48E1s | Clock Net Name |
+-------------+--------------+-------+-----------+----------+---------+-----------+---------+---------+-----+-------+----------+----------------+
| BUFG        | BUFHCE_X1Y44 |   no  |         0 |        0 |       0 |         0 |       0 |       0 |   5 |     0 |        0 | MASTER_CLK     |
+-------------+--------------+-------+-----------+----------+---------+-----------+---------+---------+-----+-------+----------+----------------+



# Location of BUFG Primitives 
set_property LOC BUFGCTRL_X0Y2 [get_cells CLK15NS_bufg]
set_property LOC BUFGCTRL_X0Y0 [get_cells IBUF_PHY_RXCLK]
set_property LOC BUFGCTRL_X0Y4 [get_cells dbg_hub/inst/N_EXT_BSCAN.u_bufg_icon_update]
set_property LOC BUFGCTRL_X0Y1 [get_cells dbg_hub/inst/N_EXT_BSCAN.u_bufg_icon]
set_property LOC BUFGCTRL_X0Y3 [get_cells CLK5MHz_bufg]

# Location of IO Clock Primitives

# Location of MMCM Clock Primitives

# Location of BUFH Clock Primitives

# Location of BUFR Clock Primitives

# Location of BUFMR Clock Primitives

# Location of PLL Clock Primitives

# Location of IO Primitives which is load of clock spine
set_property LOC IOB_X0Y125 [get_cells OBUF_PHY_TXCLK]

# Location of clock ports
set_property LOC IOB_X0Y126 [get_ports PHY_RXCLK]

# Clock net "CLK15NS" driven by instance "CLK15NS_bufg" located at site "BUFGCTRL_X0Y2"
#startgroup
create_pblock {CLKAG_CLK15NS}
add_cells_to_pblock [get_pblocks  {CLKAG_CLK15NS}] [get_cells -filter { PRIMITIVE_GROUP != I/O && IS_PRIMITIVE==1 && PRIMITIVE_LEVEL !=INTERNAL } -of_object [get_pins -filter {DIRECTION==IN} -of_objects [get_nets -hierarchical -filter {PARENT=="CLK15NS"}]]]
resize_pblock [get_pblocks {CLKAG_CLK15NS}] -add {CLOCKREGION_X0Y2:CLOCKREGION_X0Y2}
#endgroup

# Clock net "IBUFG_USER_CLK_n_0" driven by instance "IBUFG_USER_CLK" located at site "IOB_X0Y124"
#startgroup
create_pblock {CLKAG_IBUFG_USER_CLK_n_0}
add_cells_to_pblock [get_pblocks  {CLKAG_IBUFG_USER_CLK_n_0}] [get_cells -filter { PRIMITIVE_GROUP != I/O && IS_PRIMITIVE==1 && PRIMITIVE_LEVEL !=INTERNAL } -of_object [get_pins -filter {DIRECTION==IN} -of_objects [get_nets -hierarchical -filter {PARENT=="IBUFG_USER_CLK_n_0"}]]]
resize_pblock [get_pblocks {CLKAG_IBUFG_USER_CLK_n_0}] -add {CLOCKREGION_X0Y2:CLOCKREGION_X0Y2}
#endgroup

# Clock net "MASTER_CLK" driven by instance "IBUF_PHY_RXCLK" located at site "BUFGCTRL_X0Y0"
#startgroup
create_pblock {CLKAG_MASTER_CLK}
add_cells_to_pblock [get_pblocks  {CLKAG_MASTER_CLK}] [get_cells -filter { PRIMITIVE_GROUP != I/O && IS_PRIMITIVE==1 && PRIMITIVE_LEVEL !=INTERNAL && NAME!=OBUF_PHY_TXCLK} -of_object [get_pins -filter {DIRECTION==IN} -of_objects [get_nets -hierarchical -filter {PARENT=="MASTER_CLK"}]]]
resize_pblock [get_pblocks {CLKAG_MASTER_CLK}] -add {CLOCKREGION_X0Y2:CLOCKREGION_X0Y2 CLOCKREGION_X0Y3:CLOCKREGION_X0Y3 CLOCKREGION_X1Y3:CLOCKREGION_X1Y3}
#endgroup

# Clock net "dbg_hub/inst/UPDATE_temp" driven by instance "dbg_hub/inst/N_EXT_BSCAN.u_bufg_icon_update" located at site "BUFGCTRL_X0Y4"
#startgroup
create_pblock {CLKAG_dbg_hub/inst/UPDATE_temp}
add_cells_to_pblock [get_pblocks  {CLKAG_dbg_hub/inst/UPDATE_temp}] [get_cells -filter { PRIMITIVE_GROUP != I/O && IS_PRIMITIVE==1 && PRIMITIVE_LEVEL !=INTERNAL } -of_object [get_pins -filter {DIRECTION==IN} -of_objects [get_nets -hierarchical -filter {PARENT=="dbg_hub/inst/UPDATE_temp"}]]]
resize_pblock [get_pblocks {CLKAG_dbg_hub/inst/UPDATE_temp}] -add {CLOCKREGION_X0Y3:CLOCKREGION_X0Y3}
#endgroup

# Clock net "dbg_hub/inst/idrck" driven by instance "dbg_hub/inst/N_EXT_BSCAN.u_bufg_icon" located at site "BUFGCTRL_X0Y1"
#startgroup
create_pblock {CLKAG_dbg_hub/inst/idrck}
add_cells_to_pblock [get_pblocks  {CLKAG_dbg_hub/inst/idrck}] [get_cells -filter { PRIMITIVE_GROUP != I/O && IS_PRIMITIVE==1 && PRIMITIVE_LEVEL !=INTERNAL } -of_object [get_pins -filter {DIRECTION==IN} -of_objects [get_nets -hierarchical -filter {PARENT=="dbg_hub/inst/idrck"}]]]
resize_pblock [get_pblocks {CLKAG_dbg_hub/inst/idrck}] -add {CLOCKREGION_X0Y2:CLOCKREGION_X0Y2 CLOCKREGION_X0Y3:CLOCKREGION_X0Y3}
#endgroup

# Clock net "secondary_clk" driven by instance "CLK5MHz_bufg" located at site "BUFGCTRL_X0Y3"
#startgroup
create_pblock {CLKAG_secondary_clk}
add_cells_to_pblock [get_pblocks  {CLKAG_secondary_clk}] [get_cells -filter { PRIMITIVE_GROUP != I/O && IS_PRIMITIVE==1 && PRIMITIVE_LEVEL !=INTERNAL } -of_object [get_pins -filter {DIRECTION==IN} -of_objects [get_nets -hierarchical -filter {PARENT=="secondary_clk"}]]]
resize_pblock [get_pblocks {CLKAG_secondary_clk}] -add {CLOCKREGION_X0Y2:CLOCKREGION_X0Y2}
#endgroup
