Copyright 1986-2015 Xilinx, Inc. All Rights Reserved.
------------------------------------------------------------------------------------------------
| Tool Version : Vivado v.2015.2 (lin64) Build 1266856 Fri Jun 26 16:35:25 MDT 2015
| Date         : Fri Mar  9 11:26:56 2018
| Host         : rulinux04.dhcp.fnal.gov running 64-bit Scientific Linux release 7.2 (Nitrogen)
| Command      : report_drc
------------------------------------------------------------------------------------------------

Report DRC

Table of Contents
-----------------
1. REPORT SUMMARY
2. REPORT DETAILS

1. REPORT SUMMARY
-----------------
            Netlist: netlist
          Floorplan: design_1
      Design limits: <entire design considered>
           Ruledeck: default
             Max violations: <unlimited>
             Violations found: 2

2. REPORT DETAILS
-----------------
REQP-1709#1 Warning
Clock output buffering  
PLLE2_ADV connectivity violation. The signal genExtClkMux[0].clk_wiz_1_BLOCK/U0/clk_out1325 on the genExtClkMux[0].clk_wiz_1_BLOCK/U0/plle2_adv_inst/CLKOUT2 pin of genExtClkMux[0].clk_wiz_1_BLOCK/U0/plle2_adv_inst does not drive the same kind of BUFFER load as the other CLKOUT pins. Routing from the different buffer types will not be phase aligned.
Related violations: <none>

REQP-1709#2 Warning
Clock output buffering  
PLLE2_ADV connectivity violation. The signal genExtClkMux[0].clk_wiz_1_BLOCK/U0/clk_out265 on the genExtClkMux[0].clk_wiz_1_BLOCK/U0/plle2_adv_inst/CLKOUT1 pin of genExtClkMux[0].clk_wiz_1_BLOCK/U0/plle2_adv_inst does not drive the same kind of BUFFER load as the other CLKOUT pins. Routing from the different buffer types will not be phase aligned.
Related violations: <none>


