#
# An unexpected error has occurred (11)
#
Stack:
/lib64/libc.so.6(+0x35250) [0x7f5361bea250]
/opt/local/xilinx/Vivado/2015.2/lib/lnx64.o/librdi_dlyest.so(HADE4UnplacedPinMapperCache::getSiteFromCache(HDLHInstance const&, HDDMSite const&, bool) const+0xd3) [0x7f53381cd603]
/opt/local/xilinx/Vivado/2015.2/lib/lnx64.o/librdi_dlyest.so(HADE4UnplacedPinMapperV7::getLocNearSite(HDLHInstance const&, HDDMSite const&, int, bool, bool) const+0x159) [0x7f53381cf909]
/opt/local/xilinx/Vivado/2015.2/lib/lnx64.o/librdi_place.so(HAPLFPhyPinMapper::getLocNearSite(HDLHInstance const&, HDDMSite const&, int, bool, bool) const+0x48) [0x7f533fc598f8]
/opt/local/xilinx/Vivado/2015.2/lib/lnx64.o/librdi_dlyest.so(HADEPinMapper::getLocs(HDLHInstance const&, HDLHInstance const&, HDPLLoc&, HDPLLoc&, int, bool, HDLHInstTerm const&) const+0x28d) [0x7f53381d120d]
/opt/local/xilinx/Vivado/2015.2/lib/lnx64.o/librdi_dlyest.so(HADEPinMapper::getPhyPins(HDLHInstTerm const&, HDLHInstTerm const&, HSTVector<HDPLPhyPin, std::allocator<HDPLPhyPin> >&, HSTVector<HDPLPhyPin, std::allocator<HDPLPhyPin> >&, bool&, bool&, bool, bool&) const+0x1b6) [0x7f53381d2e36]
/opt/local/xilinx/Vivado/2015.2/lib/lnx64.o/librdi_dlyest.so(HADE4WireDlyCalc::getDelay(HDLHElement const&, HDLHElement const&, bool, bool, bool, bool, bool, int) const+0xbb7) [0x7f533822ea97]
/opt/local/xilinx/Vivado/2015.2/lib/lnx64.o/librdi_dlyest.so(HADE4WireDlyCalc::getDelay(HDLHElement const&, HDLHElement const&, int, bool, bool, bool, bool) const+0x74) [0x7f5338231984]
/opt/local/xilinx/Vivado/2015.2/lib/lnx64.o/librdi_dlyest.so(HADE4WireDlyCalc::getDelay(HDLHElement const&, HDLHElement const&, int) const+0x391) [0x7f533822b471]
/opt/local/xilinx/Vivado/2015.2/lib/lnx64.o/librdi_dlyest.so(HADE4WireDlyCalc::getDelay(HDLHElement const&, HDLHElement const&, sta::TimingArc const*, int) const+0xc) [0x7f533822b53c]
/opt/local/xilinx/Vivado/2015.2/lib/lnx64.o/librdi_dlyest.so(HADEDlyMediator::fallBackWireDlyCalc(HDLHNet const*, HDLHInstTerm const*, int, std::vector<HADEDlyMediatorPacket, std::allocator<HADEDlyMediatorPacket> >&, HADEDlyMediatorPacket::HADEDLYMED_DLYTYPE) const+0x112) [0x7f5338249c42]
/opt/local/xilinx/Vivado/2015.2/lib/lnx64.o/librdi_dlyest.so(HADEDlyMediator::oldGetDelay(HDLHNet const*, HDLHInstTerm const*, std::vector<HADEDlyMediatorPacket, std::allocator<HADEDlyMediatorPacket> >&, int) const+0x3f6) [0x7f53382676a6]
/opt/local/xilinx/Vivado/2015.2/lib/lnx64.o/librdi_dlyest.so(HADEDlyMediator::getDelay(HDLHNet const*, HDLHInstTerm const*, std::vector<HADEDlyMediatorPacket, std::allocator<HADEDlyMediatorPacket> >&, int) const+0x464) [0x7f5338261634]
/opt/local/xilinx/Vivado/2015.2/lib/lnx64.o/librdi_timing.so(HAST3Sta::setWireDelayOnVertex(sta::Vertex*, HSTVector<sta::Edge*, std::allocator<sta::Edge*> > const*, HAST3TimingParams const&)+0x64c) [0x7f533c43ef0c]
/opt/local/xilinx/Vivado/2015.2/lib/lnx64.o/librdi_timing.so(void* HCTThreadUtils::forEachStart<__gnu_cxx::__normal_iterator<std::pair<sta::Vertex*, unsigned int>*, std::vector<std::pair<sta::Vertex*, unsigned int>, std::allocator<std::pair<sta::Vertex*, unsigned int> > > >, boost::function<void (std::pair<sta::Vertex*, unsigned int>&)> >(void*)+0x91) [0x7f533c447601]
/opt/local/xilinx/Vivado/2015.2/lib/lnx64.o/librdi_timing.so(void HCTThreadUtils::forEach<__gnu_cxx::__normal_iterator<std::pair<sta::Vertex*, unsigned int>*, std::vector<std::pair<sta::Vertex*, unsigned int>, std::allocator<std::pair<sta::Vertex*, unsigned int> > > >, boost::function<void (std::pair<sta::Vertex*, unsigned int>&)> >(__gnu_cxx::__normal_iterator<std::pair<sta::Vertex*, unsigned int>*, std::vector<std::pair<sta::Vertex*, unsigned int>, std::allocator<std::pair<sta::Vertex*, unsigned int> > > >, __gnu_cxx::__normal_iterator<std::pair<sta::Vertex*, unsigned int>*, std::vector<std::pair<sta::Vertex*, unsigned int>, std::allocator<std::pair<sta::Vertex*, unsigned int> > > >, boost::function<void (std::pair<sta::Vertex*, unsigned int>&)>&, int, int)+0x10a) [0x7f533c44800a]
/opt/local/xilinx/Vivado/2015.2/lib/lnx64.o/librdi_timing.so(void HAST3Sta::executeInMT<std::vector<std::pair<sta::Vertex*, unsigned int>, std::allocator<std::pair<sta::Vertex*, unsigned int> > >, boost::function<void (std::pair<sta::Vertex*, unsigned int>&)> >(std::vector<std::pair<sta::Vertex*, unsigned int>, std::allocator<std::pair<sta::Vertex*, unsigned int> > >&, boost::function<void (std::pair<sta::Vertex*, unsigned int>&)>&, int, char const*)+0xfa) [0x7f533c44819a]
/opt/local/xilinx/Vivado/2015.2/lib/lnx64.o/librdi_timing.so(HAST3Sta::setWireDelaysNetByNet(HAST3TimingParams const&)+0x33c) [0x7f533c439a7c]
/opt/local/xilinx/Vivado/2015.2/lib/lnx64.o/librdi_timing.so(HAST3Sta::setDelays(HAST3TimingParams const&)+0x5e6) [0x7f533c444256]
/opt/local/xilinx/Vivado/2015.2/lib/lnx64.o/librdi_timing.so(HAST3TimeAhead::setDelays()+0x3d) [0x7f533c45040d]
/opt/local/xilinx/Vivado/2015.2/lib/lnx64.o/librdi_timing.so(HAST3TimeAhead::updateDelays(HDGUIStatus*, HASTUpdateTimingParams const&)+0x2ec) [0x7f533c466dec]
/opt/local/xilinx/Vivado/2015.2/lib/lnx64.o/librdi_timing.so(HAST3TimeAhead::updateTiming1(HASTUpdateTimingParams const&, HDGUIStatus*)+0x1c0) [0x7f533c469b10]
/opt/local/xilinx/Vivado/2015.2/lib/lnx64.o/librdi_timing.so(HAST3TimeAhead::updateTiming(HASTUpdateTimingParams const&, HDGUIStatus*)+0x536) [0x7f533c46a526]
/opt/local/xilinx/Vivado/2015.2/lib/lnx64.o/librdi_place.so(HAPLFTiming::updateTimingTa(HASTUpdateTimingParams const&)+0x351) [0x7f533fd3ddd1]
/opt/local/xilinx/Vivado/2015.2/lib/lnx64.o/librdi_place.so(HAPLFTiming::updateTimingAll(bool)+0x95) [0x7f533fd4d8a5]
/opt/local/xilinx/Vivado/2015.2/lib/lnx64.o/librdi_place.so(HAPLFTimingHelper::updateTimingAndCritPaths(double, bool, bool, bool, bool, std::string const&, bool, bool)+0xc9) [0x7f533fd66699]
/opt/local/xilinx/Vivado/2015.2/lib/lnx64.o/librdi_place.so(HAPLFFlowInitializer::placeInitDesign(bool, bool, HSTDList<HDPLUndoInfo, std::allocator<HDPLUndoInfo> >*, bool)+0x48b) [0x7f533fbd33db]
/opt/local/xilinx/Vivado/2015.2/lib/lnx64.o/librdi_place.so(HAPLFFlowInitializer::placeInitPart2(bool&)+0x50) [0x7f533fbd37f0]
/opt/local/xilinx/Vivado/2015.2/lib/lnx64.o/librdi_place.so(HAPLFFlowInitializer::placeIOClockAndInit()+0x32a) [0x7f533fbd474a]
/opt/local/xilinx/Vivado/2015.2/lib/lnx64.o/librdi_place.so(HAPLFFlowInitializer::run()+0xaf) [0x7f533fbd519f]
/opt/local/xilinx/Vivado/2015.2/lib/lnx64.o/librdi_implflow.so(HAPLFFastPlace3::initialize(HAPLPlaceApi&, HFLFloorplan&, HDPLTask&, HAPLFFastFlowParam const&)+0x53) [0x7f532dd0ba63]
/opt/local/xilinx/Vivado/2015.2/lib/lnx64.o/librdi_implflow.so(HAPLFFastPlace3::place(HAPLPlaceApi&, HFLFloorplan&, HAPLFFastFlowParam const&, HDPLTask&)+0x25) [0x7f532dd23685]
/opt/local/xilinx/Vivado/2015.2/lib/lnx64.o/librdi_implflow.so(HAPLFFastFlow3::place(HAPLFFastFlowParam const&)+0x7db) [0x7f532dcfd19b]
/opt/local/xilinx/Vivado/2015.2/lib/lnx64.o/librdi_vivadotasks.so(+0x1bb4f3) [0x7f532e45d4f3]
/opt/local/xilinx/Vivado/2015.2/lib/lnx64.o/librdi_vivadotasks.so(+0x1bead3) [0x7f532e460ad3]
/opt/local/xilinx/Vivado/2015.2/lib/lnx64.o/librdi_common.so(+0x62104f) [0x7f5362cbb04f]
/opt/local/xilinx/Vivado/2015.2/lib/lnx64.o/libtcl8.5.so(+0x331f5) [0x7f535dc651f5]
/opt/local/xilinx/Vivado/2015.2/lib/lnx64.o/libtcl8.5.so(+0x76bbe) [0x7f535dca8bbe]
/opt/local/xilinx/Vivado/2015.2/lib/lnx64.o/libtcl8.5.so(+0x7e767) [0x7f535dcb0767]
/opt/local/xilinx/Vivado/2015.2/lib/lnx64.o/libtcl8.5.so(TclEvalObjEx+0x77) [0x7f535dc67327]
/opt/local/xilinx/Vivado/2015.2/lib/lnx64.o/librdi_commontasks.so(+0x2d30f4) [0x7f53542a10f4]
/opt/local/xilinx/Vivado/2015.2/lib/lnx64.o/libtcl8.5.so(+0x331f5) [0x7f535dc651f5]
/opt/local/xilinx/Vivado/2015.2/lib/lnx64.o/libtcl8.5.so(+0x34d6b) [0x7f535dc66d6b]
/opt/local/xilinx/Vivado/2015.2/lib/lnx64.o/libtcl8.5.so(+0xad531) [0x7f535dcdf531]
/opt/local/xilinx/Vivado/2015.2/lib/lnx64.o/libtcl8.5.so(+0x3491c) [0x7f535dc6691c]
/opt/local/xilinx/Vivado/2015.2/lib/lnx64.o/libtcl8.5.so(Tcl_EvalEx+0x16) [0x7f535dc67276]
/opt/local/xilinx/Vivado/2015.2/lib/lnx64.o/libtcl8.5.so(Tcl_FSEvalFileEx+0x1d2) [0x7f535dccbd02]
/opt/local/xilinx/Vivado/2015.2/lib/lnx64.o/librdi_commontasks.so(+0x2f0425) [0x7f53542be425]
/opt/local/xilinx/Vivado/2015.2/lib/lnx64.o/librdi_common.so(+0x62104f) [0x7f5362cbb04f]
/opt/local/xilinx/Vivado/2015.2/lib/lnx64.o/libtcl8.5.so(+0x331f5) [0x7f535dc651f5]
/opt/local/xilinx/Vivado/2015.2/lib/lnx64.o/libtcl8.5.so(Tcl_EvalObjv+0x32) [0x7f535dc657e2]
/opt/local/xilinx/Vivado/2015.2/lib/lnx64.o/libtcl8.5.so(TclEvalObjEx+0x322) [0x7f535dc675d2]
/opt/local/xilinx/Vivado/2015.2/lib/lnx64.o/librdi_commontasks.so(+0x3074a2) [0x7f53542d54a2]
/opt/local/xilinx/Vivado/2015.2/lib/lnx64.o/librdi_commontasks.so(+0x30dd9d) [0x7f53542dbd9d]
/opt/local/xilinx/Vivado/2015.2/lib/lnx64.o/librdi_commontasks.so(+0x3078e3) [0x7f53542d58e3]
/opt/local/xilinx/Vivado/2015.2/lib/lnx64.o/librdi_common.so(+0x62104f) [0x7f5362cbb04f]
/opt/local/xilinx/Vivado/2015.2/lib/lnx64.o/libtcl8.5.so(+0x331f5) [0x7f535dc651f5]
/opt/local/xilinx/Vivado/2015.2/lib/lnx64.o/libtcl8.5.so(Tcl_EvalObjv+0x32) [0x7f535dc657e2]
/opt/local/xilinx/Vivado/2015.2/lib/lnx64.o/libtcl8.5.so(TclEvalObjEx+0x322) [0x7f535dc675d2]
/opt/local/xilinx/Vivado/2015.2/lib/lnx64.o/librdi_commonmain.so(+0x7110) [0x7f5362495110]
/opt/local/xilinx/Vivado/2015.2/lib/lnx64.o/libtcl8.5.so(Tcl_Main+0x1d5) [0x7f535dcd2175]
/opt/local/xilinx/Vivado/2015.2/lib/lnx64.o/librdi_common.so(+0x659c89) [0x7f5362cf3c89]
/lib64/libpthread.so.0(+0x7dc5) [0x7f536169edc5]
/lib64/libc.so.6(clone+0x6d) [0x7f5361cac73d]
