
*** Running vivado
    with args -log clk_wiz_2.vds -m64 -mode batch -messageDb vivado.pb -notrace -source clk_wiz_2.tcl


****** Vivado v2015.2 (64-bit)
  **** SW Build 1266856 on Fri Jun 26 16:35:25 MDT 2015
  **** IP Build 1264090 on Wed Jun 24 14:22:01 MDT 2015
    ** Copyright 1986-2015 Xilinx, Inc. All Rights Reserved.

source clk_wiz_2.tcl -notrace
INFO: [IP_Flow 19-234] Refreshing IP repositories
INFO: [IP_Flow 19-1704] No user IP repositories specified
INFO: [IP_Flow 19-2313] Loaded Vivado IP repository '/opt/local/xilinx/Vivado/2015.2/data/ip'.
WARNING: [IP_Flow 19-3664] IP 'clk_wiz_2' generated file not found '/home/aprosser/ftbf_april2018/otsdaq-firmware/cactus/projects/nim_plus_x/top/top.srcs/sources_1/ip/clk_wiz_2/clk_wiz_2.dcp'. Please regenerate to continue.
WARNING: [IP_Flow 19-3664] IP 'clk_wiz_2' generated file not found '/home/aprosser/ftbf_april2018/otsdaq-firmware/cactus/projects/nim_plus_x/top/top.srcs/sources_1/ip/clk_wiz_2/clk_wiz_2_stub.v'. Please regenerate to continue.
WARNING: [IP_Flow 19-3664] IP 'clk_wiz_2' generated file not found '/home/aprosser/ftbf_april2018/otsdaq-firmware/cactus/projects/nim_plus_x/top/top.srcs/sources_1/ip/clk_wiz_2/clk_wiz_2_stub.vhdl'. Please regenerate to continue.
WARNING: [IP_Flow 19-3664] IP 'clk_wiz_2' generated file not found '/home/aprosser/ftbf_april2018/otsdaq-firmware/cactus/projects/nim_plus_x/top/top.srcs/sources_1/ip/clk_wiz_2/clk_wiz_2_funcsim.v'. Please regenerate to continue.
WARNING: [IP_Flow 19-3664] IP 'clk_wiz_2' generated file not found '/home/aprosser/ftbf_april2018/otsdaq-firmware/cactus/projects/nim_plus_x/top/top.srcs/sources_1/ip/clk_wiz_2/clk_wiz_2_funcsim.vhdl'. Please regenerate to continue.
Command: synth_design -top clk_wiz_2 -part xc7k325tffg900-2 -mode out_of_context
Starting synth_design
Attempting to get a license for feature 'Synthesis' and/or device 'xc7k325t'
INFO: [Common 17-349] Got license for feature 'Synthesis' and/or device 'xc7k325t'
INFO: [Common 17-1223] The version limit for your license is '2018.05' and will expire in 28 days. A version limit expiration means that, although you may be able to continue to use the current version of tools or IP with this license, you will not be eligible for any updates or new releases.
---------------------------------------------------------------------------------
Starting RTL Elaboration : Time (s): cpu = 00:00:08 ; elapsed = 00:00:11 . Memory (MB): peak = 1034.281 ; gain = 164.520 ; free physical = 2450 ; free virtual = 33883
---------------------------------------------------------------------------------
INFO: [Synth 8-638] synthesizing module 'clk_wiz_2' [/home/aprosser/ftbf_april2018/otsdaq-firmware/cactus/projects/nim_plus_x/top/top.srcs/sources_1/ip/clk_wiz_2/clk_wiz_2.vhd:91]
INFO: [Synth 8-3491] module 'clk_wiz_2_clk_wiz' declared at '/home/aprosser/ftbf_april2018/otsdaq-firmware/cactus/projects/nim_plus_x/top/top.srcs/sources_1/ip/clk_wiz_2/clk_wiz_2_clk_wiz.vhd:74' bound to instance 'U0' of component 'clk_wiz_2_clk_wiz' [/home/aprosser/ftbf_april2018/otsdaq-firmware/cactus/projects/nim_plus_x/top/top.srcs/sources_1/ip/clk_wiz_2/clk_wiz_2.vhd:114]
INFO: [Synth 8-638] synthesizing module 'clk_wiz_2_clk_wiz' [/home/aprosser/ftbf_april2018/otsdaq-firmware/cactus/projects/nim_plus_x/top/top.srcs/sources_1/ip/clk_wiz_2/clk_wiz_2_clk_wiz.vhd:91]
	Parameter CAPACITANCE bound to: DONT_CARE - type: string 
	Parameter IBUF_DELAY_VALUE bound to: 0 - type: string 
	Parameter IBUF_LOW_PWR bound to: 1 - type: bool 
	Parameter IFD_DELAY_VALUE bound to: AUTO - type: string 
	Parameter IOSTANDARD bound to: DEFAULT - type: string 
INFO: [Synth 8-113] binding component instance 'clkin1_ibufg' to cell 'IBUF' [/home/aprosser/ftbf_april2018/otsdaq-firmware/cactus/projects/nim_plus_x/top/top.srcs/sources_1/ip/clk_wiz_2/clk_wiz_2_clk_wiz.vhd:123]
	Parameter BANDWIDTH bound to: OPTIMIZED - type: string 
	Parameter CLKFBOUT_MULT_F bound to: 25.000000 - type: float 
	Parameter CLKFBOUT_PHASE bound to: 0.000000 - type: float 
	Parameter CLKFBOUT_USE_FINE_PS bound to: 0 - type: bool 
	Parameter CLKIN1_PERIOD bound to: 25.157000 - type: float 
	Parameter CLKIN2_PERIOD bound to: 0.000000 - type: float 
	Parameter CLKOUT0_DIVIDE_F bound to: 25.000000 - type: float 
	Parameter CLKOUT0_DUTY_CYCLE bound to: 0.500000 - type: float 
	Parameter CLKOUT0_PHASE bound to: 0.000000 - type: float 
	Parameter CLKOUT0_USE_FINE_PS bound to: 0 - type: bool 
	Parameter CLKOUT1_DIVIDE bound to: 1 - type: integer 
	Parameter CLKOUT1_DUTY_CYCLE bound to: 0.500000 - type: float 
	Parameter CLKOUT1_PHASE bound to: 0.000000 - type: float 
	Parameter CLKOUT1_USE_FINE_PS bound to: 0 - type: bool 
	Parameter CLKOUT2_DIVIDE bound to: 1 - type: integer 
	Parameter CLKOUT2_DUTY_CYCLE bound to: 0.500000 - type: float 
	Parameter CLKOUT2_PHASE bound to: 0.000000 - type: float 
	Parameter CLKOUT2_USE_FINE_PS bound to: 0 - type: bool 
	Parameter CLKOUT3_DIVIDE bound to: 1 - type: integer 
	Parameter CLKOUT3_DUTY_CYCLE bound to: 0.500000 - type: float 
	Parameter CLKOUT3_PHASE bound to: 0.000000 - type: float 
	Parameter CLKOUT3_USE_FINE_PS bound to: 0 - type: bool 
	Parameter CLKOUT4_CASCADE bound to: 0 - type: bool 
	Parameter CLKOUT4_DIVIDE bound to: 1 - type: integer 
	Parameter CLKOUT4_DUTY_CYCLE bound to: 0.500000 - type: float 
	Parameter CLKOUT4_PHASE bound to: 0.000000 - type: float 
	Parameter CLKOUT4_USE_FINE_PS bound to: 0 - type: bool 
	Parameter CLKOUT5_DIVIDE bound to: 1 - type: integer 
	Parameter CLKOUT5_DUTY_CYCLE bound to: 0.500000 - type: float 
	Parameter CLKOUT5_PHASE bound to: 0.000000 - type: float 
	Parameter CLKOUT5_USE_FINE_PS bound to: 0 - type: bool 
	Parameter CLKOUT6_DIVIDE bound to: 1 - type: integer 
	Parameter CLKOUT6_DUTY_CYCLE bound to: 0.500000 - type: float 
	Parameter CLKOUT6_PHASE bound to: 0.000000 - type: float 
	Parameter CLKOUT6_USE_FINE_PS bound to: 0 - type: bool 
	Parameter COMPENSATION bound to: ZHOLD - type: string 
	Parameter DIVCLK_DIVIDE bound to: 1 - type: integer 
	Parameter IS_CLKINSEL_INVERTED bound to: 1'b0 
	Parameter IS_PSEN_INVERTED bound to: 1'b0 
	Parameter IS_PSINCDEC_INVERTED bound to: 1'b0 
	Parameter IS_PWRDWN_INVERTED bound to: 1'b0 
	Parameter IS_RST_INVERTED bound to: 1'b0 
	Parameter REF_JITTER1 bound to: 0.000000 - type: float 
	Parameter REF_JITTER2 bound to: 0.000000 - type: float 
	Parameter SS_EN bound to: FALSE - type: string 
	Parameter SS_MODE bound to: CENTER_HIGH - type: string 
	Parameter SS_MOD_PERIOD bound to: 10000 - type: integer 
	Parameter STARTUP_WAIT bound to: 0 - type: bool 
INFO: [Synth 8-113] binding component instance 'mmcm_adv_inst' to cell 'MMCME2_ADV' [/home/aprosser/ftbf_april2018/otsdaq-firmware/cactus/projects/nim_plus_x/top/top.srcs/sources_1/ip/clk_wiz_2/clk_wiz_2_clk_wiz.vhd:136]
INFO: [Synth 8-113] binding component instance 'clkf_buf' to cell 'BUFG' [/home/aprosser/ftbf_april2018/otsdaq-firmware/cactus/projects/nim_plus_x/top/top.srcs/sources_1/ip/clk_wiz_2/clk_wiz_2_clk_wiz.vhd:201]
INFO: [Synth 8-113] binding component instance 'clkout1_buf' to cell 'BUFG' [/home/aprosser/ftbf_april2018/otsdaq-firmware/cactus/projects/nim_plus_x/top/top.srcs/sources_1/ip/clk_wiz_2/clk_wiz_2_clk_wiz.vhd:208]
INFO: [Synth 8-256] done synthesizing module 'clk_wiz_2_clk_wiz' (1#1) [/home/aprosser/ftbf_april2018/otsdaq-firmware/cactus/projects/nim_plus_x/top/top.srcs/sources_1/ip/clk_wiz_2/clk_wiz_2_clk_wiz.vhd:91]
INFO: [Synth 8-256] done synthesizing module 'clk_wiz_2' (2#1) [/home/aprosser/ftbf_april2018/otsdaq-firmware/cactus/projects/nim_plus_x/top/top.srcs/sources_1/ip/clk_wiz_2/clk_wiz_2.vhd:91]
---------------------------------------------------------------------------------
Finished RTL Elaboration : Time (s): cpu = 00:00:09 ; elapsed = 00:00:13 . Memory (MB): peak = 1070.570 ; gain = 200.809 ; free physical = 1769 ; free virtual = 33217
---------------------------------------------------------------------------------

Report Check Netlist: 
+------+------------------+-------+---------+-------+------------------+
|      |Item              |Errors |Warnings |Status |Description       |
+------+------------------+-------+---------+-------+------------------+
|1     |multi_driven_nets |      0|        0|Passed |Multi driven nets |
+------+------------------+-------+---------+-------+------------------+
---------------------------------------------------------------------------------
Finished RTL Optimization Phase 1 : Time (s): cpu = 00:00:09 ; elapsed = 00:00:13 . Memory (MB): peak = 1070.570 ; gain = 200.809 ; free physical = 1682 ; free virtual = 33128
---------------------------------------------------------------------------------
INFO: [Netlist 29-17] Analyzing 2 Unisim elements for replacement
INFO: [Netlist 29-28] Unisim Transformation completed in 0 CPU seconds
INFO: [Device 21-403] Loading part xc7k325tffg900-2
INFO: [Project 1-570] Preparing netlist for logic optimization

Processing XDC Constraints
Initializing timing engine
Parsing XDC File [/home/aprosser/ftbf_april2018/otsdaq-firmware/cactus/projects/nim_plus_x/top/top.srcs/sources_1/ip/clk_wiz_2/clk_wiz_2_ooc.xdc] for cell 'U0'
Finished Parsing XDC File [/home/aprosser/ftbf_april2018/otsdaq-firmware/cactus/projects/nim_plus_x/top/top.srcs/sources_1/ip/clk_wiz_2/clk_wiz_2_ooc.xdc] for cell 'U0'
Parsing XDC File [/home/aprosser/ftbf_april2018/otsdaq-firmware/cactus/projects/nim_plus_x/top/top.srcs/sources_1/ip/clk_wiz_2/clk_wiz_2_board.xdc] for cell 'U0'
Finished Parsing XDC File [/home/aprosser/ftbf_april2018/otsdaq-firmware/cactus/projects/nim_plus_x/top/top.srcs/sources_1/ip/clk_wiz_2/clk_wiz_2_board.xdc] for cell 'U0'
Parsing XDC File [/home/aprosser/ftbf_april2018/otsdaq-firmware/cactus/projects/nim_plus_x/top/top.srcs/sources_1/ip/clk_wiz_2/clk_wiz_2.xdc] for cell 'U0'
Finished Parsing XDC File [/home/aprosser/ftbf_april2018/otsdaq-firmware/cactus/projects/nim_plus_x/top/top.srcs/sources_1/ip/clk_wiz_2/clk_wiz_2.xdc] for cell 'U0'
INFO: [Timing 38-2] Deriving generated clocks
INFO: [Project 1-236] Implementation specific constraints were found while reading constraint file [/home/aprosser/ftbf_april2018/otsdaq-firmware/cactus/projects/nim_plus_x/top/top.srcs/sources_1/ip/clk_wiz_2/clk_wiz_2.xdc]. These constraints will be ignored for synthesis but will be used in implementation. Impacted constraints are listed in the file [.Xil/clk_wiz_2_propImpl.xdc].
Resolution: To avoid this warning, move constraints listed in [.Xil/clk_wiz_2_propImpl.xdc] to another XDC file and exclude this new file from synthesis with the used_in_synthesis property (File Properties dialog in GUI) and re-run elaboration/synthesis.
Parsing XDC File [/home/aprosser/ftbf_april2018/otsdaq-firmware/cactus/projects/nim_plus_x/top/top.runs/clk_wiz_2_synth_1/dont_touch.xdc]
Finished Parsing XDC File [/home/aprosser/ftbf_april2018/otsdaq-firmware/cactus/projects/nim_plus_x/top/top.runs/clk_wiz_2_synth_1/dont_touch.xdc]
Completed Processing XDC Constraints

INFO: [Project 1-111] Unisim Transformation Summary:
No Unisim elements were transformed.

Constraint Validation Runtime : Time (s): cpu = 00:00:00.03 ; elapsed = 00:00:00.05 . Memory (MB): peak = 1386.602 ; gain = 0.000 ; free physical = 2239 ; free virtual = 33325
---------------------------------------------------------------------------------
Finished Constraint Validation : Time (s): cpu = 00:00:21 ; elapsed = 00:00:28 . Memory (MB): peak = 1386.602 ; gain = 516.840 ; free physical = 672 ; free virtual = 31768
---------------------------------------------------------------------------------
---------------------------------------------------------------------------------
Start Loading Part and Timing Information
---------------------------------------------------------------------------------
Loading part: xc7k325tffg900-2
---------------------------------------------------------------------------------
Finished Loading Part and Timing Information : Time (s): cpu = 00:00:21 ; elapsed = 00:00:28 . Memory (MB): peak = 1386.602 ; gain = 516.840 ; free physical = 667 ; free virtual = 31764
---------------------------------------------------------------------------------
---------------------------------------------------------------------------------
Start Applying 'set_property' XDC Constraints
---------------------------------------------------------------------------------
Applied set_property DONT_TOUCH = true for U0. (constraint file  auto generated constraint, line ).
---------------------------------------------------------------------------------
Finished applying 'set_property' XDC Constraints : Time (s): cpu = 00:00:21 ; elapsed = 00:00:28 . Memory (MB): peak = 1386.602 ; gain = 516.840 ; free physical = 657 ; free virtual = 31754
---------------------------------------------------------------------------------
---------------------------------------------------------------------------------
Finished RTL Optimization Phase 2 : Time (s): cpu = 00:00:21 ; elapsed = 00:00:28 . Memory (MB): peak = 1386.602 ; gain = 516.840 ; free physical = 702 ; free virtual = 31799
---------------------------------------------------------------------------------

Report RTL Partitions: 
+-+--------------+------------+----------+
| |RTL Partition |Replication |Instances |
+-+--------------+------------+----------+
+-+--------------+------------+----------+
---------------------------------------------------------------------------------
Start RTL Component Statistics 
---------------------------------------------------------------------------------
Detailed RTL Component Info : 
---------------------------------------------------------------------------------
Finished RTL Component Statistics 
---------------------------------------------------------------------------------
---------------------------------------------------------------------------------
Start RTL Hierarchical Component Statistics 
---------------------------------------------------------------------------------
Hierarchical RTL Component report 
---------------------------------------------------------------------------------
Finished RTL Hierarchical Component Statistics
---------------------------------------------------------------------------------
---------------------------------------------------------------------------------
Start Part Resource Summary
---------------------------------------------------------------------------------
Part Resources:
DSPs: 840 (col length:140)
BRAMs: 890 (col length: RAMB18 140 RAMB36 70)
---------------------------------------------------------------------------------
Finished Part Resource Summary
---------------------------------------------------------------------------------
Start Parallel Synthesis Optimization  : Time (s): cpu = 00:00:21 ; elapsed = 00:00:28 . Memory (MB): peak = 1386.602 ; gain = 516.840 ; free physical = 802 ; free virtual = 31900
---------------------------------------------------------------------------------
Start Cross Boundary Optimization
---------------------------------------------------------------------------------
---------------------------------------------------------------------------------
Finished Cross Boundary Optimization : Time (s): cpu = 00:00:21 ; elapsed = 00:00:28 . Memory (MB): peak = 1386.602 ; gain = 516.840 ; free physical = 786 ; free virtual = 31884
---------------------------------------------------------------------------------
Finished Parallel Reinference  : Time (s): cpu = 00:00:21 ; elapsed = 00:00:28 . Memory (MB): peak = 1386.602 ; gain = 516.840 ; free physical = 786 ; free virtual = 31884

Report RTL Partitions: 
+-+--------------+------------+----------+
| |RTL Partition |Replication |Instances |
+-+--------------+------------+----------+
+-+--------------+------------+----------+
---------------------------------------------------------------------------------
Start Area Optimization
---------------------------------------------------------------------------------
---------------------------------------------------------------------------------
Finished Area Optimization : Time (s): cpu = 00:00:22 ; elapsed = 00:00:28 . Memory (MB): peak = 1386.602 ; gain = 516.840 ; free physical = 994 ; free virtual = 32093
---------------------------------------------------------------------------------
Finished Parallel Area Optimization  : Time (s): cpu = 00:00:22 ; elapsed = 00:00:28 . Memory (MB): peak = 1386.602 ; gain = 516.840 ; free physical = 996 ; free virtual = 32096

Report RTL Partitions: 
+-+--------------+------------+----------+
| |RTL Partition |Replication |Instances |
+-+--------------+------------+----------+
+-+--------------+------------+----------+
Finished Parallel Synthesis Optimization  : Time (s): cpu = 00:00:22 ; elapsed = 00:00:28 . Memory (MB): peak = 1386.602 ; gain = 516.840 ; free physical = 1047 ; free virtual = 32147
---------------------------------------------------------------------------------
Start Timing Optimization
---------------------------------------------------------------------------------
---------------------------------------------------------------------------------
Start Applying XDC Timing Constraints
---------------------------------------------------------------------------------
---------------------------------------------------------------------------------
Finished Applying XDC Timing Constraints : Time (s): cpu = 00:00:36 ; elapsed = 00:00:44 . Memory (MB): peak = 1386.602 ; gain = 516.840 ; free physical = 319 ; free virtual = 30233
---------------------------------------------------------------------------------
---------------------------------------------------------------------------------
Finished Timing Optimization : Time (s): cpu = 00:00:36 ; elapsed = 00:00:44 . Memory (MB): peak = 1386.602 ; gain = 516.840 ; free physical = 317 ; free virtual = 30228
---------------------------------------------------------------------------------

Report RTL Partitions: 
+-+--------------+------------+----------+
| |RTL Partition |Replication |Instances |
+-+--------------+------------+----------+
+-+--------------+------------+----------+
---------------------------------------------------------------------------------
Start Technology Mapping
---------------------------------------------------------------------------------
---------------------------------------------------------------------------------
Finished Technology Mapping : Time (s): cpu = 00:00:36 ; elapsed = 00:00:44 . Memory (MB): peak = 1386.602 ; gain = 516.840 ; free physical = 296 ; free virtual = 30207
---------------------------------------------------------------------------------

Report RTL Partitions: 
+-+--------------+------------+----------+
| |RTL Partition |Replication |Instances |
+-+--------------+------------+----------+
+-+--------------+------------+----------+
---------------------------------------------------------------------------------
Start IO Insertion
---------------------------------------------------------------------------------
---------------------------------------------------------------------------------
Start Final Netlist Cleanup
---------------------------------------------------------------------------------
---------------------------------------------------------------------------------
Finished Final Netlist Cleanup
---------------------------------------------------------------------------------
---------------------------------------------------------------------------------
Finished IO Insertion : Time (s): cpu = 00:00:36 ; elapsed = 00:00:45 . Memory (MB): peak = 1386.602 ; gain = 516.840 ; free physical = 255 ; free virtual = 29897
---------------------------------------------------------------------------------

Report Check Netlist: 
+------+------------------+-------+---------+-------+------------------+
|      |Item              |Errors |Warnings |Status |Description       |
+------+------------------+-------+---------+-------+------------------+
|1     |multi_driven_nets |      0|        0|Passed |Multi driven nets |
+------+------------------+-------+---------+-------+------------------+
---------------------------------------------------------------------------------
Start Renaming Generated Instances
---------------------------------------------------------------------------------
---------------------------------------------------------------------------------
Finished Renaming Generated Instances : Time (s): cpu = 00:00:36 ; elapsed = 00:00:45 . Memory (MB): peak = 1386.602 ; gain = 516.840 ; free physical = 272 ; free virtual = 29895
---------------------------------------------------------------------------------

Report RTL Partitions: 
+-+--------------+------------+----------+
| |RTL Partition |Replication |Instances |
+-+--------------+------------+----------+
+-+--------------+------------+----------+
---------------------------------------------------------------------------------
Start Rebuilding User Hierarchy
---------------------------------------------------------------------------------
---------------------------------------------------------------------------------
Finished Rebuilding User Hierarchy : Time (s): cpu = 00:00:36 ; elapsed = 00:00:45 . Memory (MB): peak = 1386.602 ; gain = 516.840 ; free physical = 271 ; free virtual = 29893
---------------------------------------------------------------------------------
---------------------------------------------------------------------------------
Start Renaming Generated Ports : Time (s): cpu = 00:00:36 ; elapsed = 00:00:45 . Memory (MB): peak = 1386.602 ; gain = 516.840 ; free physical = 271 ; free virtual = 29893
---------------------------------------------------------------------------------
---------------------------------------------------------------------------------
Finished Renaming Generated Ports : Time (s): cpu = 00:00:36 ; elapsed = 00:00:45 . Memory (MB): peak = 1386.602 ; gain = 516.840 ; free physical = 271 ; free virtual = 29893
---------------------------------------------------------------------------------
---------------------------------------------------------------------------------
Start Writing Synthesis Report
---------------------------------------------------------------------------------

Report BlackBoxes: 
+-+--------------+----------+
| |BlackBox name |Instances |
+-+--------------+----------+
+-+--------------+----------+

Report Cell Usage: 
+------+-----------+------+
|      |Cell       |Count |
+------+-----------+------+
|1     |BUFG       |     2|
|2     |MMCME2_ADV |     1|
|3     |IBUF       |     1|
+------+-----------+------+

Report Instance Areas: 
+------+---------+------------------+------+
|      |Instance |Module            |Cells |
+------+---------+------------------+------+
|1     |top      |                  |     4|
|2     |  U0     |clk_wiz_2_clk_wiz |     4|
+------+---------+------------------+------+
---------------------------------------------------------------------------------
Finished Writing Synthesis Report : Time (s): cpu = 00:00:37 ; elapsed = 00:00:45 . Memory (MB): peak = 1386.602 ; gain = 516.840 ; free physical = 380 ; free virtual = 29868
---------------------------------------------------------------------------------
Synthesis finished with 0 errors, 0 critical warnings and 0 warnings.
Synthesis Optimization Runtime : Time (s): cpu = 00:00:24 ; elapsed = 00:00:28 . Memory (MB): peak = 1386.602 ; gain = 82.285 ; free physical = 1013 ; free virtual = 30314
Synthesis Optimization Complete : Time (s): cpu = 00:00:37 ; elapsed = 00:00:46 . Memory (MB): peak = 1386.602 ; gain = 516.840 ; free physical = 1004 ; free virtual = 30305
INFO: [Project 1-571] Translating synthesized netlist
INFO: [Netlist 29-17] Analyzing 2 Unisim elements for replacement
INFO: [Netlist 29-28] Unisim Transformation completed in 0 CPU seconds
INFO: [Project 1-570] Preparing netlist for logic optimization
Parsing XDC File [/home/aprosser/ftbf_april2018/otsdaq-firmware/cactus/projects/nim_plus_x/top/top.srcs/sources_1/ip/clk_wiz_2/clk_wiz_2_ooc.xdc] for cell 'U0'
Finished Parsing XDC File [/home/aprosser/ftbf_april2018/otsdaq-firmware/cactus/projects/nim_plus_x/top/top.srcs/sources_1/ip/clk_wiz_2/clk_wiz_2_ooc.xdc] for cell 'U0'
Parsing XDC File [/home/aprosser/ftbf_april2018/otsdaq-firmware/cactus/projects/nim_plus_x/top/top.srcs/sources_1/ip/clk_wiz_2/clk_wiz_2_board.xdc] for cell 'U0'
Finished Parsing XDC File [/home/aprosser/ftbf_april2018/otsdaq-firmware/cactus/projects/nim_plus_x/top/top.srcs/sources_1/ip/clk_wiz_2/clk_wiz_2_board.xdc] for cell 'U0'
Parsing XDC File [/home/aprosser/ftbf_april2018/otsdaq-firmware/cactus/projects/nim_plus_x/top/top.srcs/sources_1/ip/clk_wiz_2/clk_wiz_2.xdc] for cell 'U0'
INFO: [Timing 38-35] Done setting XDC timing constraints. [/home/aprosser/ftbf_april2018/otsdaq-firmware/cactus/projects/nim_plus_x/top/top.srcs/sources_1/ip/clk_wiz_2/clk_wiz_2.xdc:56]
INFO: [Timing 38-2] Deriving generated clocks [/home/aprosser/ftbf_april2018/otsdaq-firmware/cactus/projects/nim_plus_x/top/top.srcs/sources_1/ip/clk_wiz_2/clk_wiz_2.xdc:56]
get_clocks: Time (s): cpu = 00:00:14 ; elapsed = 00:00:16 . Memory (MB): peak = 1769.262 ; gain = 382.660 ; free physical = 6127 ; free virtual = 35625
WARNING: [Vivado 12-2489] -input_jitter contains time 0.251570 which will be rounded to 0.252 to ensure it is an integer multiple of 1 picosecond [/home/aprosser/ftbf_april2018/otsdaq-firmware/cactus/projects/nim_plus_x/top/top.srcs/sources_1/ip/clk_wiz_2/clk_wiz_2.xdc:56]
Finished Parsing XDC File [/home/aprosser/ftbf_april2018/otsdaq-firmware/cactus/projects/nim_plus_x/top/top.srcs/sources_1/ip/clk_wiz_2/clk_wiz_2.xdc] for cell 'U0'
INFO: [Opt 31-138] Pushed 0 inverter(s) to 0 load pin(s).
INFO: [Project 1-111] Unisim Transformation Summary:
No Unisim elements were transformed.

INFO: [Common 17-83] Releasing license: Synthesis
30 Infos, 6 Warnings, 0 Critical Warnings and 0 Errors encountered.
synth_design completed successfully
synth_design: Time (s): cpu = 00:00:48 ; elapsed = 00:00:59 . Memory (MB): peak = 1772.371 ; gain = 794.090 ; free physical = 5906 ; free virtual = 35405
report_utilization: Time (s): cpu = 00:00:00.12 ; elapsed = 00:00:00.24 . Memory (MB): peak = 1812.387 ; gain = 0.000 ; free physical = 5792 ; free virtual = 35291
INFO: [Common 17-206] Exiting Vivado at Thu May  3 12:12:13 2018...
