
*** Running vivado
    with args -log clk_wiz_0.vds -m64 -mode batch -messageDb vivado.pb -notrace -source clk_wiz_0.tcl


****** Vivado v2015.2 (64-bit)
  **** SW Build 1266856 on Fri Jun 26 16:35:25 MDT 2015
  **** IP Build 1264090 on Wed Jun 24 14:22:01 MDT 2015
    ** Copyright 1986-2015 Xilinx, Inc. All Rights Reserved.

source clk_wiz_0.tcl -notrace
INFO: [IP_Flow 19-234] Refreshing IP repositories
INFO: [IP_Flow 19-1704] No user IP repositories specified
INFO: [IP_Flow 19-2313] Loaded Vivado IP repository '/opt/local/xilinx/Vivado/2015.2/data/ip'.
WARNING: [IP_Flow 19-3664] IP 'clk_wiz_0' generated file not found '/home/cmstestbeam/ots/otsdaq-firmware/cactus/projects/nim_plus/top/top.srcs/sources_1/ip/clk_wiz_0/clk_wiz_0.dcp'. Please regenerate to continue.
WARNING: [IP_Flow 19-3664] IP 'clk_wiz_0' generated file not found '/home/cmstestbeam/ots/otsdaq-firmware/cactus/projects/nim_plus/top/top.srcs/sources_1/ip/clk_wiz_0/clk_wiz_0_stub.v'. Please regenerate to continue.
WARNING: [IP_Flow 19-3664] IP 'clk_wiz_0' generated file not found '/home/cmstestbeam/ots/otsdaq-firmware/cactus/projects/nim_plus/top/top.srcs/sources_1/ip/clk_wiz_0/clk_wiz_0_stub.vhdl'. Please regenerate to continue.
WARNING: [IP_Flow 19-3664] IP 'clk_wiz_0' generated file not found '/home/cmstestbeam/ots/otsdaq-firmware/cactus/projects/nim_plus/top/top.srcs/sources_1/ip/clk_wiz_0/clk_wiz_0_funcsim.v'. Please regenerate to continue.
WARNING: [IP_Flow 19-3664] IP 'clk_wiz_0' generated file not found '/home/cmstestbeam/ots/otsdaq-firmware/cactus/projects/nim_plus/top/top.srcs/sources_1/ip/clk_wiz_0/clk_wiz_0_funcsim.vhdl'. Please regenerate to continue.
Command: synth_design -top clk_wiz_0 -part xc7a200tffg1156-2 -mode out_of_context
Starting synth_design
Attempting to get a license for feature 'Synthesis' and/or device 'xc7a200t'
INFO: [Common 17-349] Got license for feature 'Synthesis' and/or device 'xc7a200t'
---------------------------------------------------------------------------------
Starting RTL Elaboration : Time (s): cpu = 00:00:03 ; elapsed = 00:00:03 . Memory (MB): peak = 1059.676 ; gain = 162.520 ; free physical = 2668 ; free virtual = 43039
---------------------------------------------------------------------------------
INFO: [Synth 8-638] synthesizing module 'clk_wiz_0' [/home/cmstestbeam/ots/otsdaq-firmware/cactus/projects/nim_plus/top/top.srcs/sources_1/ip/clk_wiz_0/clk_wiz_0.vhd:88]
INFO: [Synth 8-3491] module 'clk_wiz_0_clk_wiz' declared at '/home/cmstestbeam/ots/otsdaq-firmware/cactus/projects/nim_plus/top/top.srcs/sources_1/ip/clk_wiz_0/clk_wiz_0_clk_wiz.vhd:75' bound to instance 'U0' of component 'clk_wiz_0_clk_wiz' [/home/cmstestbeam/ots/otsdaq-firmware/cactus/projects/nim_plus/top/top.srcs/sources_1/ip/clk_wiz_0/clk_wiz_0.vhd:107]
INFO: [Synth 8-638] synthesizing module 'clk_wiz_0_clk_wiz' [/home/cmstestbeam/ots/otsdaq-firmware/cactus/projects/nim_plus/top/top.srcs/sources_1/ip/clk_wiz_0/clk_wiz_0_clk_wiz.vhd:88]
INFO: [Synth 8-113] binding component instance 'clkin1_bufg' to cell 'BUFG' [/home/cmstestbeam/ots/otsdaq-firmware/cactus/projects/nim_plus/top/top.srcs/sources_1/ip/clk_wiz_0/clk_wiz_0_clk_wiz.vhd:122]
	Parameter BANDWIDTH bound to: OPTIMIZED - type: string 
	Parameter CLKFBOUT_MULT bound to: 32 - type: integer 
	Parameter CLKFBOUT_PHASE bound to: 0.000000 - type: float 
	Parameter CLKIN1_PERIOD bound to: 8.000000 - type: float 
	Parameter CLKIN2_PERIOD bound to: 0.000000 - type: float 
	Parameter CLKOUT0_DIVIDE bound to: 5 - type: integer 
	Parameter CLKOUT0_DUTY_CYCLE bound to: 0.500000 - type: float 
	Parameter CLKOUT0_PHASE bound to: 0.000000 - type: float 
	Parameter CLKOUT1_DIVIDE bound to: 20 - type: integer 
	Parameter CLKOUT1_DUTY_CYCLE bound to: 0.500000 - type: float 
	Parameter CLKOUT1_PHASE bound to: 0.000000 - type: float 
	Parameter CLKOUT2_DIVIDE bound to: 1 - type: integer 
	Parameter CLKOUT2_DUTY_CYCLE bound to: 0.500000 - type: float 
	Parameter CLKOUT2_PHASE bound to: 0.000000 - type: float 
	Parameter CLKOUT3_DIVIDE bound to: 1 - type: integer 
	Parameter CLKOUT3_DUTY_CYCLE bound to: 0.500000 - type: float 
	Parameter CLKOUT3_PHASE bound to: 0.000000 - type: float 
	Parameter CLKOUT4_DIVIDE bound to: 1 - type: integer 
	Parameter CLKOUT4_DUTY_CYCLE bound to: 0.500000 - type: float 
	Parameter CLKOUT4_PHASE bound to: 0.000000 - type: float 
	Parameter CLKOUT5_DIVIDE bound to: 1 - type: integer 
	Parameter CLKOUT5_DUTY_CYCLE bound to: 0.500000 - type: float 
	Parameter CLKOUT5_PHASE bound to: 0.000000 - type: float 
	Parameter COMPENSATION bound to: ZHOLD - type: string 
	Parameter DIVCLK_DIVIDE bound to: 5 - type: integer 
	Parameter IS_CLKINSEL_INVERTED bound to: 1'b0 
	Parameter IS_PWRDWN_INVERTED bound to: 1'b0 
	Parameter IS_RST_INVERTED bound to: 1'b0 
	Parameter REF_JITTER1 bound to: 0.000000 - type: float 
	Parameter REF_JITTER2 bound to: 0.000000 - type: float 
	Parameter STARTUP_WAIT bound to: FALSE - type: string 
INFO: [Synth 8-113] binding component instance 'plle2_adv_inst' to cell 'PLLE2_ADV' [/home/cmstestbeam/ots/otsdaq-firmware/cactus/projects/nim_plus/top/top.srcs/sources_1/ip/clk_wiz_0/clk_wiz_0_clk_wiz.vhd:135]
INFO: [Synth 8-113] binding component instance 'clkf_buf' to cell 'BUFG' [/home/cmstestbeam/ots/otsdaq-firmware/cactus/projects/nim_plus/top/top.srcs/sources_1/ip/clk_wiz_0/clk_wiz_0_clk_wiz.vhd:186]
INFO: [Synth 8-113] binding component instance 'clkout1_buf' to cell 'BUFG' [/home/cmstestbeam/ots/otsdaq-firmware/cactus/projects/nim_plus/top/top.srcs/sources_1/ip/clk_wiz_0/clk_wiz_0_clk_wiz.vhd:193]
INFO: [Synth 8-113] binding component instance 'clkout2_buf' to cell 'BUFG' [/home/cmstestbeam/ots/otsdaq-firmware/cactus/projects/nim_plus/top/top.srcs/sources_1/ip/clk_wiz_0/clk_wiz_0_clk_wiz.vhd:200]
INFO: [Synth 8-256] done synthesizing module 'clk_wiz_0_clk_wiz' (1#1) [/home/cmstestbeam/ots/otsdaq-firmware/cactus/projects/nim_plus/top/top.srcs/sources_1/ip/clk_wiz_0/clk_wiz_0_clk_wiz.vhd:88]
INFO: [Synth 8-256] done synthesizing module 'clk_wiz_0' (2#1) [/home/cmstestbeam/ots/otsdaq-firmware/cactus/projects/nim_plus/top/top.srcs/sources_1/ip/clk_wiz_0/clk_wiz_0.vhd:88]
---------------------------------------------------------------------------------
Finished RTL Elaboration : Time (s): cpu = 00:00:04 ; elapsed = 00:00:04 . Memory (MB): peak = 1094.965 ; gain = 197.809 ; free physical = 2560 ; free virtual = 42932
---------------------------------------------------------------------------------

Report Check Netlist: 
+------+------------------+-------+---------+-------+------------------+
|      |Item              |Errors |Warnings |Status |Description       |
+------+------------------+-------+---------+-------+------------------+
|1     |multi_driven_nets |      0|        0|Passed |Multi driven nets |
+------+------------------+-------+---------+-------+------------------+
---------------------------------------------------------------------------------
Finished RTL Optimization Phase 1 : Time (s): cpu = 00:00:04 ; elapsed = 00:00:04 . Memory (MB): peak = 1094.965 ; gain = 197.809 ; free physical = 2557 ; free virtual = 42929
---------------------------------------------------------------------------------
INFO: [Netlist 29-17] Analyzing 1 Unisim elements for replacement
INFO: [Netlist 29-28] Unisim Transformation completed in 0 CPU seconds
INFO: [Device 21-403] Loading part xc7a200tffg1156-2
INFO: [Project 1-570] Preparing netlist for logic optimization

Processing XDC Constraints
Initializing timing engine
Parsing XDC File [/home/cmstestbeam/ots/otsdaq-firmware/cactus/projects/nim_plus/top/top.srcs/sources_1/ip/clk_wiz_0/clk_wiz_0_ooc.xdc] for cell 'U0'
Finished Parsing XDC File [/home/cmstestbeam/ots/otsdaq-firmware/cactus/projects/nim_plus/top/top.srcs/sources_1/ip/clk_wiz_0/clk_wiz_0_ooc.xdc] for cell 'U0'
Parsing XDC File [/home/cmstestbeam/ots/otsdaq-firmware/cactus/projects/nim_plus/top/top.srcs/sources_1/ip/clk_wiz_0/clk_wiz_0_board.xdc] for cell 'U0'
Finished Parsing XDC File [/home/cmstestbeam/ots/otsdaq-firmware/cactus/projects/nim_plus/top/top.srcs/sources_1/ip/clk_wiz_0/clk_wiz_0_board.xdc] for cell 'U0'
Parsing XDC File [/home/cmstestbeam/ots/otsdaq-firmware/cactus/projects/nim_plus/top/top.srcs/sources_1/ip/clk_wiz_0/clk_wiz_0.xdc] for cell 'U0'
Finished Parsing XDC File [/home/cmstestbeam/ots/otsdaq-firmware/cactus/projects/nim_plus/top/top.srcs/sources_1/ip/clk_wiz_0/clk_wiz_0.xdc] for cell 'U0'
Parsing XDC File [/home/cmstestbeam/ots/otsdaq-firmware/cactus/projects/nim_plus/top/top.runs/clk_wiz_0_synth_1/dont_touch.xdc]
Finished Parsing XDC File [/home/cmstestbeam/ots/otsdaq-firmware/cactus/projects/nim_plus/top/top.runs/clk_wiz_0_synth_1/dont_touch.xdc]
Completed Processing XDC Constraints

INFO: [Project 1-111] Unisim Transformation Summary:
No Unisim elements were transformed.

INFO: [Timing 38-2] Deriving generated clocks
Constraint Validation Runtime : Time (s): cpu = 00:00:00.03 ; elapsed = 00:00:00.04 . Memory (MB): peak = 1388.582 ; gain = 0.000 ; free physical = 1919 ; free virtual = 42301
---------------------------------------------------------------------------------
Finished Constraint Validation : Time (s): cpu = 00:00:08 ; elapsed = 00:00:08 . Memory (MB): peak = 1388.582 ; gain = 491.426 ; free physical = 1919 ; free virtual = 42300
---------------------------------------------------------------------------------
---------------------------------------------------------------------------------
Start Loading Part and Timing Information
---------------------------------------------------------------------------------
Loading part: xc7a200tffg1156-2
---------------------------------------------------------------------------------
Finished Loading Part and Timing Information : Time (s): cpu = 00:00:08 ; elapsed = 00:00:08 . Memory (MB): peak = 1388.582 ; gain = 491.426 ; free physical = 1919 ; free virtual = 42300
---------------------------------------------------------------------------------
---------------------------------------------------------------------------------
Start Applying 'set_property' XDC Constraints
---------------------------------------------------------------------------------
Applied set_property DONT_TOUCH = true for U0. (constraint file  auto generated constraint, line ).
---------------------------------------------------------------------------------
Finished applying 'set_property' XDC Constraints : Time (s): cpu = 00:00:08 ; elapsed = 00:00:08 . Memory (MB): peak = 1388.582 ; gain = 491.426 ; free physical = 1919 ; free virtual = 42300
---------------------------------------------------------------------------------
---------------------------------------------------------------------------------
Finished RTL Optimization Phase 2 : Time (s): cpu = 00:00:08 ; elapsed = 00:00:08 . Memory (MB): peak = 1388.582 ; gain = 491.426 ; free physical = 1919 ; free virtual = 42300
---------------------------------------------------------------------------------

Report RTL Partitions: 
+-+--------------+------------+----------+
| |RTL Partition |Replication |Instances |
+-+--------------+------------+----------+
+-+--------------+------------+----------+
---------------------------------------------------------------------------------
Start RTL Component Statistics 
---------------------------------------------------------------------------------
Detailed RTL Component Info : 
---------------------------------------------------------------------------------
Finished RTL Component Statistics 
---------------------------------------------------------------------------------
---------------------------------------------------------------------------------
Start RTL Hierarchical Component Statistics 
---------------------------------------------------------------------------------
Hierarchical RTL Component report 
---------------------------------------------------------------------------------
Finished RTL Hierarchical Component Statistics
---------------------------------------------------------------------------------
---------------------------------------------------------------------------------
Start Part Resource Summary
---------------------------------------------------------------------------------
Part Resources:
DSPs: 740 (col length:100)
BRAMs: 730 (col length: RAMB18 100 RAMB36 50)
---------------------------------------------------------------------------------
Finished Part Resource Summary
---------------------------------------------------------------------------------
Start Parallel Synthesis Optimization  : Time (s): cpu = 00:00:08 ; elapsed = 00:00:08 . Memory (MB): peak = 1388.582 ; gain = 491.426 ; free physical = 1918 ; free virtual = 42300
---------------------------------------------------------------------------------
Start Cross Boundary Optimization
---------------------------------------------------------------------------------
---------------------------------------------------------------------------------
Finished Cross Boundary Optimization : Time (s): cpu = 00:00:08 ; elapsed = 00:00:08 . Memory (MB): peak = 1388.582 ; gain = 491.426 ; free physical = 1918 ; free virtual = 42300
---------------------------------------------------------------------------------
Finished Parallel Reinference  : Time (s): cpu = 00:00:08 ; elapsed = 00:00:08 . Memory (MB): peak = 1388.582 ; gain = 491.426 ; free physical = 1918 ; free virtual = 42300

Report RTL Partitions: 
+-+--------------+------------+----------+
| |RTL Partition |Replication |Instances |
+-+--------------+------------+----------+
+-+--------------+------------+----------+
---------------------------------------------------------------------------------
Start Area Optimization
---------------------------------------------------------------------------------
---------------------------------------------------------------------------------
Finished Area Optimization : Time (s): cpu = 00:00:08 ; elapsed = 00:00:08 . Memory (MB): peak = 1388.582 ; gain = 491.426 ; free physical = 1918 ; free virtual = 42300
---------------------------------------------------------------------------------
Finished Parallel Area Optimization  : Time (s): cpu = 00:00:08 ; elapsed = 00:00:08 . Memory (MB): peak = 1388.582 ; gain = 491.426 ; free physical = 1918 ; free virtual = 42300

Report RTL Partitions: 
+-+--------------+------------+----------+
| |RTL Partition |Replication |Instances |
+-+--------------+------------+----------+
+-+--------------+------------+----------+
Finished Parallel Synthesis Optimization  : Time (s): cpu = 00:00:08 ; elapsed = 00:00:08 . Memory (MB): peak = 1388.582 ; gain = 491.426 ; free physical = 1918 ; free virtual = 42300
---------------------------------------------------------------------------------
Start Timing Optimization
---------------------------------------------------------------------------------
---------------------------------------------------------------------------------
Start Applying XDC Timing Constraints
---------------------------------------------------------------------------------
---------------------------------------------------------------------------------
Finished Applying XDC Timing Constraints : Time (s): cpu = 00:00:13 ; elapsed = 00:00:13 . Memory (MB): peak = 1388.582 ; gain = 491.426 ; free physical = 1785 ; free virtual = 42174
---------------------------------------------------------------------------------
---------------------------------------------------------------------------------
Finished Timing Optimization : Time (s): cpu = 00:00:13 ; elapsed = 00:00:13 . Memory (MB): peak = 1388.582 ; gain = 491.426 ; free physical = 1785 ; free virtual = 42174
---------------------------------------------------------------------------------

Report RTL Partitions: 
+-+--------------+------------+----------+
| |RTL Partition |Replication |Instances |
+-+--------------+------------+----------+
+-+--------------+------------+----------+
---------------------------------------------------------------------------------
Start Technology Mapping
---------------------------------------------------------------------------------
---------------------------------------------------------------------------------
Finished Technology Mapping : Time (s): cpu = 00:00:13 ; elapsed = 00:00:13 . Memory (MB): peak = 1392.582 ; gain = 495.426 ; free physical = 1775 ; free virtual = 42164
---------------------------------------------------------------------------------

Report RTL Partitions: 
+-+--------------+------------+----------+
| |RTL Partition |Replication |Instances |
+-+--------------+------------+----------+
+-+--------------+------------+----------+
---------------------------------------------------------------------------------
Start IO Insertion
---------------------------------------------------------------------------------
---------------------------------------------------------------------------------
Start Final Netlist Cleanup
---------------------------------------------------------------------------------
---------------------------------------------------------------------------------
Finished Final Netlist Cleanup
---------------------------------------------------------------------------------
---------------------------------------------------------------------------------
Finished IO Insertion : Time (s): cpu = 00:00:13 ; elapsed = 00:00:14 . Memory (MB): peak = 1392.582 ; gain = 495.426 ; free physical = 1747 ; free virtual = 42136
---------------------------------------------------------------------------------

Report Check Netlist: 
+------+------------------+-------+---------+-------+------------------+
|      |Item              |Errors |Warnings |Status |Description       |
+------+------------------+-------+---------+-------+------------------+
|1     |multi_driven_nets |      0|        0|Passed |Multi driven nets |
+------+------------------+-------+---------+-------+------------------+
---------------------------------------------------------------------------------
Start Renaming Generated Instances
---------------------------------------------------------------------------------
---------------------------------------------------------------------------------
Finished Renaming Generated Instances : Time (s): cpu = 00:00:13 ; elapsed = 00:00:14 . Memory (MB): peak = 1392.582 ; gain = 495.426 ; free physical = 1747 ; free virtual = 42136
---------------------------------------------------------------------------------

Report RTL Partitions: 
+-+--------------+------------+----------+
| |RTL Partition |Replication |Instances |
+-+--------------+------------+----------+
+-+--------------+------------+----------+
---------------------------------------------------------------------------------
Start Rebuilding User Hierarchy
---------------------------------------------------------------------------------
---------------------------------------------------------------------------------
Finished Rebuilding User Hierarchy : Time (s): cpu = 00:00:13 ; elapsed = 00:00:14 . Memory (MB): peak = 1392.582 ; gain = 495.426 ; free physical = 1747 ; free virtual = 42136
---------------------------------------------------------------------------------
---------------------------------------------------------------------------------
Start Renaming Generated Ports : Time (s): cpu = 00:00:13 ; elapsed = 00:00:14 . Memory (MB): peak = 1392.582 ; gain = 495.426 ; free physical = 1747 ; free virtual = 42136
---------------------------------------------------------------------------------
---------------------------------------------------------------------------------
Finished Renaming Generated Ports : Time (s): cpu = 00:00:13 ; elapsed = 00:00:14 . Memory (MB): peak = 1392.582 ; gain = 495.426 ; free physical = 1747 ; free virtual = 42136
---------------------------------------------------------------------------------
---------------------------------------------------------------------------------
Start Writing Synthesis Report
---------------------------------------------------------------------------------

Report BlackBoxes: 
+-+--------------+----------+
| |BlackBox name |Instances |
+-+--------------+----------+
+-+--------------+----------+

Report Cell Usage: 
+------+----------+------+
|      |Cell      |Count |
+------+----------+------+
|1     |BUFG      |     4|
|2     |PLLE2_ADV |     1|
+------+----------+------+

Report Instance Areas: 
+------+---------+------------------+------+
|      |Instance |Module            |Cells |
+------+---------+------------------+------+
|1     |top      |                  |     5|
|2     |  U0     |clk_wiz_0_clk_wiz |     5|
+------+---------+------------------+------+
---------------------------------------------------------------------------------
Finished Writing Synthesis Report : Time (s): cpu = 00:00:13 ; elapsed = 00:00:14 . Memory (MB): peak = 1392.582 ; gain = 495.426 ; free physical = 1747 ; free virtual = 42136
---------------------------------------------------------------------------------
Synthesis finished with 0 errors, 0 critical warnings and 0 warnings.
Synthesis Optimization Runtime : Time (s): cpu = 00:00:09 ; elapsed = 00:00:09 . Memory (MB): peak = 1392.582 ; gain = 85.289 ; free physical = 1747 ; free virtual = 42136
Synthesis Optimization Complete : Time (s): cpu = 00:00:13 ; elapsed = 00:00:14 . Memory (MB): peak = 1392.582 ; gain = 495.426 ; free physical = 1747 ; free virtual = 42136
INFO: [Project 1-571] Translating synthesized netlist
INFO: [Netlist 29-17] Analyzing 1 Unisim elements for replacement
INFO: [Netlist 29-28] Unisim Transformation completed in 0 CPU seconds
INFO: [Project 1-570] Preparing netlist for logic optimization
Parsing XDC File [/home/cmstestbeam/ots/otsdaq-firmware/cactus/projects/nim_plus/top/top.srcs/sources_1/ip/clk_wiz_0/clk_wiz_0_ooc.xdc] for cell 'U0'
Finished Parsing XDC File [/home/cmstestbeam/ots/otsdaq-firmware/cactus/projects/nim_plus/top/top.srcs/sources_1/ip/clk_wiz_0/clk_wiz_0_ooc.xdc] for cell 'U0'
Parsing XDC File [/home/cmstestbeam/ots/otsdaq-firmware/cactus/projects/nim_plus/top/top.srcs/sources_1/ip/clk_wiz_0/clk_wiz_0_board.xdc] for cell 'U0'
Finished Parsing XDC File [/home/cmstestbeam/ots/otsdaq-firmware/cactus/projects/nim_plus/top/top.srcs/sources_1/ip/clk_wiz_0/clk_wiz_0_board.xdc] for cell 'U0'
Parsing XDC File [/home/cmstestbeam/ots/otsdaq-firmware/cactus/projects/nim_plus/top/top.srcs/sources_1/ip/clk_wiz_0/clk_wiz_0.xdc] for cell 'U0'
Finished Parsing XDC File [/home/cmstestbeam/ots/otsdaq-firmware/cactus/projects/nim_plus/top/top.srcs/sources_1/ip/clk_wiz_0/clk_wiz_0.xdc] for cell 'U0'
INFO: [Opt 31-138] Pushed 0 inverter(s) to 0 load pin(s).
INFO: [Project 1-111] Unisim Transformation Summary:
No Unisim elements were transformed.

INFO: [Common 17-83] Releasing license: Synthesis
27 Infos, 5 Warnings, 0 Critical Warnings and 0 Errors encountered.
synth_design completed successfully
synth_design: Time (s): cpu = 00:00:12 ; elapsed = 00:00:13 . Memory (MB): peak = 1392.586 ; gain = 386.910 ; free physical = 1746 ; free virtual = 42135
report_utilization: Time (s): cpu = 00:00:00.02 ; elapsed = 00:00:00.05 . Memory (MB): peak = 1400.590 ; gain = 0.000 ; free physical = 1744 ; free virtual = 42133
INFO: [Common 17-206] Exiting Vivado at Tue Jan 30 13:52:58 2018...
