#-----------------------------------------------------------
# Vivado v2015.2 (64-bit)
# SW Build 1266856 on Fri Jun 26 16:35:25 MDT 2015
# IP Build 1264090 on Wed Jun 24 14:22:01 MDT 2015
# Start of session at: Thu Nov 30 14:13:38 2017
# Process ID: 6734
# Log file: /home/cmstestbeam/NIMPlus/nimPlus_/nimPlus_nov16_2017_t0923/nimPlus_/vivado.log
# Journal file: /home/cmstestbeam/NIMPlus/nimPlus_/nimPlus_nov16_2017_t0923/nimPlus_/vivado.jou
#-----------------------------------------------------------
start_gui
open_project top/top.xpr
INFO: [Project 1-313] Project file moved from 'C:/nimPlus_nov16_2017_t0923/nimPlus_/top' since last save.
CRITICAL WARNING: [Project 1-19] Could not find the file 'U:/PREP/PREP_Modernization/Firmware_Backups/Aldec_Backups/One_Phase_Designs/AGP_2017_11_16_NIMPlus_jw121_320MHz_1Phase_Accel_Sync/NIMPlus/NIMPlus/compile/divide_by_8.vhd'.
CRITICAL WARNING: [Project 1-19] Could not find the file 'U:/PREP/PREP_Modernization/Firmware_Backups/Aldec_Backups/One_Phase_Designs/AGP_2017_11_16_NIMPlus_jw121_320MHz_1Phase_Accel_Sync/NIMPlus/NIMPlus/compile/section_counter.vhd'.
CRITICAL WARNING: [Project 1-19] Could not find the file 'U:/PREP/PREP_Modernization/Firmware_Backups/Aldec_Backups/One_Phase_Designs/AGP_2017_11_16_NIMPlus_jw121_320MHz_1Phase_Accel_Sync/NIMPlus/NIMPlus/compile/acc_sync.vhd'.
CRITICAL WARNING: [Project 1-19] Could not find the file 'U:/PREP/PREP_Modernization/Firmware_Backups/Aldec_Backups/One_Phase_Designs/AGP_2017_11_16_NIMPlus_jw121_320MHz_1Phase_Accel_Sync/NIMPlus/NIMPlus/compile/trig_sync.vhd'.
CRITICAL WARNING: [Project 1-19] Could not find the file 'U:/PREP/PREP_Modernization/Firmware_Backups/Aldec_Backups/One_Phase_Designs/AGP_2017_11_16_NIMPlus_jw121_320MHz_1Phase_Accel_Sync/NIMPlus/NIMPlus/compile/nim_plus_blk_1_phase_4ps.vhd'.
Scanning sources...
Finished scanning sources
INFO: [IP_Flow 19-234] Refreshing IP repositories
INFO: [IP_Flow 19-1704] No user IP repositories specified
INFO: [IP_Flow 19-2313] Loaded Vivado IP repository '/opt/local/xilinx/Vivado/2015.2/data/ip'.
ERROR: [Vivado 12-106] *** Exception: java.lang.ClassCastException: sun.awt.image.BufImgSurfaceData cannot be cast to sun.java2d.xr.XRSurfaceData (See /home/cmstestbeam/NIMPlus/nimPlus_/nimPlus_nov16_2017_t0923/nimPlus_/vivado_pid6734.debug)
ERROR: [Vivado 12-106] *** Exception: java.lang.ClassCastException: sun.awt.image.BufImgSurfaceData cannot be cast to sun.java2d.xr.XRSurfaceData (See /home/cmstestbeam/NIMPlus/nimPlus_/nimPlus_nov16_2017_t0923/nimPlus_/vivado_pid6734.debug)
open_project: Time (s): cpu = 00:00:16 ; elapsed = 00:00:32 . Memory (MB): peak = 5957.707 ; gain = 191.699 ; free physical = 8788 ; free virtual = 27391
ERROR: [Common 17-39] 'open_project' failed due to earlier errors.
add_files -norecurse {/home/cmstestbeam/NIMPlus/nimPlus_/divide_by_8.vhd /home/cmstestbeam/NIMPlus/nimPlus_/trig_sync.vhd /home/cmstestbeam/NIMPlus/nimPlus_/nim_plus_blk_1_phase_4ps.vhd /home/cmstestbeam/NIMPlus/nimPlus_/acc_sync.vhd /home/cmstestbeam/NIMPlus/nimPlus_/section_counter.vhd}
reset_run synth_1
launch_runs synth_1 -jobs 4
[Thu Nov 30 14:31:15 2017] Launched synth_1...
Run output will be captured here: /home/cmstestbeam/NIMPlus/nimPlus_/nimPlus_nov16_2017_t0923/nimPlus_/top/top.runs/synth_1/runme.log
reset_run synth_1
reset_run NIM_CLKS_synth_1
reset_run clk_wiz_0_synth_1
reset_run clk_wiz_1_synth_1
launch_runs synth_1 -jobs 4
[Thu Nov 30 14:31:59 2017] Launched NIM_CLKS_synth_1, clk_wiz_0_synth_1, clk_wiz_1_synth_1...
Run output will be captured here:
NIM_CLKS_synth_1: /home/cmstestbeam/NIMPlus/nimPlus_/nimPlus_nov16_2017_t0923/nimPlus_/top/top.runs/NIM_CLKS_synth_1/runme.log
clk_wiz_0_synth_1: /home/cmstestbeam/NIMPlus/nimPlus_/nimPlus_nov16_2017_t0923/nimPlus_/top/top.runs/clk_wiz_0_synth_1/runme.log
clk_wiz_1_synth_1: /home/cmstestbeam/NIMPlus/nimPlus_/nimPlus_nov16_2017_t0923/nimPlus_/top/top.runs/clk_wiz_1_synth_1/runme.log
[Thu Nov 30 14:32:00 2017] Launched synth_1...
Run output will be captured here: /home/cmstestbeam/NIMPlus/nimPlus_/nimPlus_nov16_2017_t0923/nimPlus_/top/top.runs/synth_1/runme.log
remove_files {/home/cmstestbeam/NIMPlus/nimPlus_/nimPlus_nov16_2017_t0923/nimPlus_/U:/PREP/PREP_Modernization/Firmware_Backups/Aldec_Backups/One_Phase_Designs/AGP_2017_11_16_NIMPlus_jw121_320MHz_1Phase_Accel_Sync/NIMPlus/NIMPlus/compile/divide_by_8.vhd /home/cmstestbeam/NIMPlus/nimPlus_/nimPlus_nov16_2017_t0923/nimPlus_/U:/PREP/PREP_Modernization/Firmware_Backups/Aldec_Backups/One_Phase_Designs/AGP_2017_11_16_NIMPlus_jw121_320MHz_1Phase_Accel_Sync/NIMPlus/NIMPlus/compile/section_counter.vhd /home/cmstestbeam/NIMPlus/nimPlus_/nimPlus_nov16_2017_t0923/nimPlus_/U:/PREP/PREP_Modernization/Firmware_Backups/Aldec_Backups/One_Phase_Designs/AGP_2017_11_16_NIMPlus_jw121_320MHz_1Phase_Accel_Sync/NIMPlus/NIMPlus/compile/acc_sync.vhd /home/cmstestbeam/NIMPlus/nimPlus_/nimPlus_nov16_2017_t0923/nimPlus_/U:/PREP/PREP_Modernization/Firmware_Backups/Aldec_Backups/One_Phase_Designs/AGP_2017_11_16_NIMPlus_jw121_320MHz_1Phase_Accel_Sync/NIMPlus/NIMPlus/compile/trig_sync.vhd /home/cmstestbeam/NIMPlus/nimPlus_/nimPlus_nov16_2017_t0923/nimPlus_/U:/PREP/PREP_Modernization/Firmware_Backups/Aldec_Backups/One_Phase_Designs/AGP_2017_11_16_NIMPlus_jw121_320MHz_1Phase_Accel_Sync/NIMPlus/NIMPlus/compile/nim_plus_blk_1_phase_4ps.vhd}
reset_run synth_1
launch_runs synth_1 -jobs 4
[Thu Nov 30 14:33:57 2017] Launched synth_1...
Run output will be captured here: /home/cmstestbeam/NIMPlus/nimPlus_/nimPlus_nov16_2017_t0923/nimPlus_/top/top.runs/synth_1/runme.log
open_run synth_1 -name synth_1
Design is defaulting to impl run constrset: constrs_1
Design is defaulting to synth run part: xc7k325tffg900-2
INFO: [Project 1-454] Reading design checkpoint '/home/cmstestbeam/NIMPlus/nimPlus_/nimPlus_nov16_2017_t0923/nimPlus_/top/top.runs/NIM_CLKS_synth_1/NIM_CLKS.dcp' for cell 'NIM_CLKS_BLOCK'
INFO: [Project 1-454] Reading design checkpoint '/home/cmstestbeam/NIMPlus/nimPlus_/nimPlus_nov16_2017_t0923/nimPlus_/top/top.runs/clk_wiz_0_synth_1/clk_wiz_0.dcp' for cell 'clk_wiz_0_BLOCK'
INFO: [Project 1-454] Reading design checkpoint '/home/cmstestbeam/NIMPlus/nimPlus_/nimPlus_nov16_2017_t0923/nimPlus_/top/top.runs/clk_wiz_1_synth_1/clk_wiz_1.dcp' for cell 'clk_wiz_1_BLOCK'
INFO: [Netlist 29-17] Analyzing 384 Unisim elements for replacement
INFO: [Netlist 29-28] Unisim Transformation completed in 0 CPU seconds
INFO: [Project 1-479] Netlist was created with Vivado 2015.2
INFO: [Device 21-403] Loading part xc7k325tffg900-2
INFO: [Project 1-570] Preparing netlist for logic optimization
Parsing XDC File [/home/cmstestbeam/NIMPlus/nimPlus_/nimPlus_nov16_2017_t0923/nimPlus_/top/top.srcs/sources_1/ip/NIM_CLKS/NIM_CLKS_board.xdc] for cell 'NIM_CLKS_BLOCK/U0'
Finished Parsing XDC File [/home/cmstestbeam/NIMPlus/nimPlus_/nimPlus_nov16_2017_t0923/nimPlus_/top/top.srcs/sources_1/ip/NIM_CLKS/NIM_CLKS_board.xdc] for cell 'NIM_CLKS_BLOCK/U0'
Parsing XDC File [/home/cmstestbeam/NIMPlus/nimPlus_/nimPlus_nov16_2017_t0923/nimPlus_/top/top.srcs/sources_1/ip/NIM_CLKS/NIM_CLKS.xdc] for cell 'NIM_CLKS_BLOCK/U0'
Finished Parsing XDC File [/home/cmstestbeam/NIMPlus/nimPlus_/nimPlus_nov16_2017_t0923/nimPlus_/top/top.srcs/sources_1/ip/NIM_CLKS/NIM_CLKS.xdc] for cell 'NIM_CLKS_BLOCK/U0'
Parsing XDC File [/home/cmstestbeam/NIMPlus/nimPlus_/nimPlus_nov16_2017_t0923/nimPlus_/top/top.srcs/sources_1/ip/clk_wiz_0/clk_wiz_0_board.xdc] for cell 'clk_wiz_0_BLOCK/U0'
Finished Parsing XDC File [/home/cmstestbeam/NIMPlus/nimPlus_/nimPlus_nov16_2017_t0923/nimPlus_/top/top.srcs/sources_1/ip/clk_wiz_0/clk_wiz_0_board.xdc] for cell 'clk_wiz_0_BLOCK/U0'
Parsing XDC File [/home/cmstestbeam/NIMPlus/nimPlus_/nimPlus_nov16_2017_t0923/nimPlus_/top/top.srcs/sources_1/ip/clk_wiz_0/clk_wiz_0.xdc] for cell 'clk_wiz_0_BLOCK/U0'
Finished Parsing XDC File [/home/cmstestbeam/NIMPlus/nimPlus_/nimPlus_nov16_2017_t0923/nimPlus_/top/top.srcs/sources_1/ip/clk_wiz_0/clk_wiz_0.xdc] for cell 'clk_wiz_0_BLOCK/U0'
Parsing XDC File [/home/cmstestbeam/NIMPlus/nimPlus_/nimPlus_nov16_2017_t0923/nimPlus_/top/top.srcs/sources_1/ip/clk_wiz_1/clk_wiz_1_board.xdc] for cell 'clk_wiz_1_BLOCK/U0'
Finished Parsing XDC File [/home/cmstestbeam/NIMPlus/nimPlus_/nimPlus_nov16_2017_t0923/nimPlus_/top/top.srcs/sources_1/ip/clk_wiz_1/clk_wiz_1_board.xdc] for cell 'clk_wiz_1_BLOCK/U0'
Parsing XDC File [/home/cmstestbeam/NIMPlus/nimPlus_/nimPlus_nov16_2017_t0923/nimPlus_/top/top.srcs/sources_1/ip/clk_wiz_1/clk_wiz_1.xdc] for cell 'clk_wiz_1_BLOCK/U0'
Finished Parsing XDC File [/home/cmstestbeam/NIMPlus/nimPlus_/nimPlus_nov16_2017_t0923/nimPlus_/top/top.srcs/sources_1/ip/clk_wiz_1/clk_wiz_1.xdc] for cell 'clk_wiz_1_BLOCK/U0'
Sourcing Tcl File [/home/cmstestbeam/NIMPlus/nimPlus_/nimPlus_nov16_2017_t0923/nimPlus_/top/top.srcs/constrs_1/imports/ucf/pins.tcl]
Finished Sourcing Tcl File [/home/cmstestbeam/NIMPlus/nimPlus_/nimPlus_nov16_2017_t0923/nimPlus_/top/top.srcs/constrs_1/imports/ucf/pins.tcl]
Sourcing Tcl File [/home/cmstestbeam/NIMPlus/nimPlus_/nimPlus_nov16_2017_t0923/nimPlus_/top/top.srcs/constrs_1/imports/ucf/clock_constraints.tcl]
WARNING: [Vivado 12-2489] -period contains time 3.144650 which will be rounded to 3.145 to ensure it is an integer multiple of 1 picosecond [/home/cmstestbeam/NIMPlus/nimPlus_/nimPlus_nov16_2017_t0923/nimPlus_/top/top.srcs/constrs_1/imports/ucf/clock_constraints.tcl:17]
WARNING: [Vivado 12-2489] -period contains time 25.157200 which will be rounded to 25.157 to ensure it is an integer multiple of 1 picosecond [/home/cmstestbeam/NIMPlus/nimPlus_/nimPlus_nov16_2017_t0923/nimPlus_/top/top.srcs/constrs_1/imports/ucf/clock_constraints.tcl:19]
Finished Sourcing Tcl File [/home/cmstestbeam/NIMPlus/nimPlus_/nimPlus_nov16_2017_t0923/nimPlus_/top/top.srcs/constrs_1/imports/ucf/clock_constraints.tcl]
Parsing XDC File [/home/cmstestbeam/NIMPlus/nimPlus_/nimPlus_nov16_2017_t0923/nimPlus_/top/top.srcs/constrs_1/new/top_11.xdc]
Finished Parsing XDC File [/home/cmstestbeam/NIMPlus/nimPlus_/nimPlus_nov16_2017_t0923/nimPlus_/top/top.srcs/constrs_1/new/top_11.xdc]
INFO: [Project 1-538] Using original IP XDC constraints instead of the XDC constraints in dcp '/home/cmstestbeam/NIMPlus/nimPlus_/nimPlus_nov16_2017_t0923/nimPlus_/top/top.runs/NIM_CLKS_synth_1/NIM_CLKS.dcp'
INFO: [Project 1-538] Using original IP XDC constraints instead of the XDC constraints in dcp '/home/cmstestbeam/NIMPlus/nimPlus_/nimPlus_nov16_2017_t0923/nimPlus_/top/top.runs/clk_wiz_0_synth_1/clk_wiz_0.dcp'
INFO: [Project 1-538] Using original IP XDC constraints instead of the XDC constraints in dcp '/home/cmstestbeam/NIMPlus/nimPlus_/nimPlus_nov16_2017_t0923/nimPlus_/top/top.runs/clk_wiz_1_synth_1/clk_wiz_1.dcp'
INFO: [Opt 31-138] Pushed 0 inverter(s) to 0 load pin(s).
INFO: [Project 1-111] Unisim Transformation Summary:
  A total of 8 instances were transformed.
  OBUFDS => OBUFDS: 8 instances

open_run: Time (s): cpu = 00:00:14 ; elapsed = 00:00:08 . Memory (MB): peak = 6423.230 ; gain = 421.930 ; free physical = 8727 ; free virtual = 30811
show_objects -name NET_ONLY [get_nets -hierarchical -top_net_of_hierarchical_group -filter { NAME =~  "*lock*" } ]
delete_debug_core [get_debug_cores {u_ila_0 }]
create_debug_core u_ila_0_0 ila
set_property C_DATA_DEPTH 1024 [get_debug_cores u_ila_0_0]
set_property C_TRIGIN_EN false [get_debug_cores u_ila_0_0]
set_property C_TRIGOUT_EN false [get_debug_cores u_ila_0_0]
set_property C_ADV_TRIGGER false [get_debug_cores u_ila_0_0]
set_property C_INPUT_PIPE_STAGES 0 [get_debug_cores u_ila_0_0]
set_property C_EN_STRG_QUAL false [get_debug_cores u_ila_0_0]
set_property ALL_PROBE_SAME_MU true [get_debug_cores u_ila_0_0]
set_property ALL_PROBE_SAME_MU_CNT 1 [get_debug_cores u_ila_0_0]
set_property port_width 1 [get_debug_ports u_ila_0_0/clk]
connect_debug_port u_ila_0_0/clk [get_nets [list MASTER_CLK ]]
set_property port_width 4 [get_debug_ports u_ila_0_0/probe0]
connect_debug_port u_ila_0_0/probe0 [get_nets [list {nim_input[0]} {nim_input[1]} {nim_input[2]} {nim_input[3]} ]]
create_debug_port u_ila_0_0 probe
set_property port_width 16 [get_debug_ports u_ila_0_0/probe1]
connect_debug_port u_ila_0_0/probe1 [get_nets [list {NIM_BLOCK/logterm[0]} {NIM_BLOCK/logterm[1]} {NIM_BLOCK/logterm[2]} {NIM_BLOCK/logterm[3]} {NIM_BLOCK/logterm[4]} {NIM_BLOCK/logterm[5]} {NIM_BLOCK/logterm[6]} {NIM_BLOCK/logterm[7]} {NIM_BLOCK/logterm[8]} {NIM_BLOCK/logterm[9]} {NIM_BLOCK/logterm[10]} {NIM_BLOCK/logterm[11]} {NIM_BLOCK/logterm[12]} {NIM_BLOCK/logterm[13]} {NIM_BLOCK/logterm[14]} {NIM_BLOCK/logterm[15]} ]]
create_debug_port u_ila_0_0 probe
set_property port_width 8 [get_debug_ports u_ila_0_0/probe2]
connect_debug_port u_ila_0_0/probe2 [get_nets [list {NIM_BLOCK/log_lat_sel[0]} {NIM_BLOCK/log_lat_sel[1]} {NIM_BLOCK/log_lat_sel[2]} {NIM_BLOCK/log_lat_sel[3]} {NIM_BLOCK/log_lat_sel[4]} {NIM_BLOCK/log_lat_sel[5]} {NIM_BLOCK/log_lat_sel[6]} {NIM_BLOCK/log_lat_sel[7]} ]]
create_debug_port u_ila_0_0 probe
set_property port_width 4 [get_debug_ports u_ila_0_0/probe3]
connect_debug_port u_ila_0_0/probe3 [get_nets [list {NIM_BLOCK/sig_mod[0]} {NIM_BLOCK/sig_mod[1]} {NIM_BLOCK/sig_mod[2]} {NIM_BLOCK/sig_mod[3]} ]]
create_debug_port u_ila_0_0 probe
set_property port_width 3 [get_debug_ports u_ila_0_0/probe4]
connect_debug_port u_ila_0_0/probe4 [get_nets [list {NIM_BLOCK/z0_sel[0]} {NIM_BLOCK/z0_sel[1]} {NIM_BLOCK/z0_sel[2]} ]]
create_debug_port u_ila_0_0 probe
set_property port_width 1 [get_debug_ports u_ila_0_0/probe5]
connect_debug_port u_ila_0_0/probe5 [get_nets [list NIM_BLOCK/acc_release ]]
create_debug_port u_ila_0_0 probe
set_property port_width 1 [get_debug_ports u_ila_0_0/probe6]
connect_debug_port u_ila_0_0/probe6 [get_nets [list b_data_we ]]
create_debug_port u_ila_0_0 probe
set_property port_width 1 [get_debug_ports u_ila_0_0/probe7]
connect_debug_port u_ila_0_0/probe7 [get_nets [list NIM_BLOCK/bkprout ]]
create_debug_port u_ila_0_0 probe
set_property port_width 1 [get_debug_ports u_ila_0_0/probe8]
connect_debug_port u_ila_0_0/probe8 [get_nets [list NIM_BLOCK/clk_13_25 ]]
create_debug_port u_ila_0_0 probe
set_property port_width 1 [get_debug_ports u_ila_0_0/probe9]
connect_debug_port u_ila_0_0/probe9 [get_nets [list NIM_BLOCK/clk_39_out ]]
create_debug_port u_ila_0_0 probe
set_property port_width 1 [get_debug_ports u_ila_0_0/probe10]
connect_debug_port u_ila_0_0/probe10 [get_nets [list ei40_gen_lock ]]
create_debug_port u_ila_0_0 probe
set_property port_width 1 [get_debug_ports u_ila_0_0/probe11]
connect_debug_port u_ila_0_0/probe11 [get_nets [list NIM_BLOCK/fin_wr_out ]]
create_debug_port u_ila_0_0 probe
set_property port_width 1 [get_debug_ports u_ila_0_0/probe12]
connect_debug_port u_ila_0_0/probe12 [get_nets [list NIM_BLOCK/muxout_1 ]]
create_debug_port u_ila_0_0 probe
set_property port_width 1 [get_debug_ports u_ila_0_0/probe13]
connect_debug_port u_ila_0_0/probe13 [get_nets [list NIM_BLOCK/muxout_3 ]]
create_debug_port u_ila_0_0 probe
set_property port_width 1 [get_debug_ports u_ila_0_0/probe14]
connect_debug_port u_ila_0_0/probe14 [get_nets [list NIM_BLOCK/muxout_4 ]]
create_debug_port u_ila_0_0 probe
set_property port_width 1 [get_debug_ports u_ila_0_0/probe15]
connect_debug_port u_ila_0_0/probe15 [get_nets [list NIM_BLOCK/NET28194 ]]
create_debug_port u_ila_0_0 probe
set_property port_width 1 [get_debug_ports u_ila_0_0/probe16]
connect_debug_port u_ila_0_0/probe16 [get_nets [list nim_b_fifo_empty ]]
create_debug_port u_ila_0_0 probe
set_property port_width 1 [get_debug_ports u_ila_0_0/probe17]
connect_debug_port u_ila_0_0/probe17 [get_nets [list nim_b_fifo_full ]]
create_debug_port u_ila_0_0 probe
set_property port_width 1 [get_debug_ports u_ila_0_0/probe18]
connect_debug_port u_ila_0_0/probe18 [get_nets [list nim_b_fifo_rden ]]
create_debug_port u_ila_0_0 probe
set_property port_width 1 [get_debug_ports u_ila_0_0/probe19]
connect_debug_port u_ila_0_0/probe19 [get_nets [list NIM_BLOCK/ps_hold_0 ]]
create_debug_port u_ila_0_0 probe
set_property port_width 1 [get_debug_ports u_ila_0_0/probe20]
connect_debug_port u_ila_0_0/probe20 [get_nets [list NIM_BLOCK/reset_out ]]
create_debug_port u_ila_0_0 probe
set_property port_width 1 [get_debug_ports u_ila_0_0/probe21]
connect_debug_port u_ila_0_0/probe21 [get_nets [list s_clk25_6e ]]
create_debug_port u_ila_0_0 probe
set_property port_width 1 [get_debug_ports u_ila_0_0/probe22]
connect_debug_port u_ila_0_0/probe22 [get_nets [list NIM_BLOCK/sig_cms1 ]]
create_debug_port u_ila_0_0 probe
set_property port_width 1 [get_debug_ports u_ila_0_0/probe23]
connect_debug_port u_ila_0_0/probe23 [get_nets [list NIM_BLOCK/sig_cms2 ]]
create_debug_port u_ila_0_0 probe
set_property port_width 1 [get_debug_ports u_ila_0_0/probe24]
connect_debug_port u_ila_0_0/probe24 [get_nets [list NIM_BLOCK/sig_log ]]
create_debug_port u_ila_0_0 probe
set_property port_width 1 [get_debug_ports u_ila_0_0/probe25]
connect_debug_port u_ila_0_0/probe25 [get_nets [list NIM_BLOCK/sig_norm ]]
create_debug_port u_ila_0_0 probe
set_property port_width 1 [get_debug_ports u_ila_0_0/probe26]
connect_debug_port u_ila_0_0/probe26 [get_nets [list NIM_BLOCK/sig_out ]]
create_debug_port u_ila_0_0 probe
set_property port_width 1 [get_debug_ports u_ila_0_0/probe27]
connect_debug_port u_ila_0_0/probe27 [get_nets [list NIM_BLOCK/sync_w_40MHz ]]
create_debug_port u_ila_0_0 probe
set_property port_width 1 [get_debug_ports u_ila_0_0/probe28]
connect_debug_port u_ila_0_0/probe28 [get_nets [list NIM_BLOCK/sync_w_accel ]]
create_debug_port u_ila_0_0 probe
set_property port_width 1 [get_debug_ports u_ila_0_0/probe29]
connect_debug_port u_ila_0_0/probe29 [get_nets [list NIM_BLOCK/veto_out_p0 ]]
create_debug_port u_ila_0_0 probe
set_property port_width 1 [get_debug_ports u_ila_0_0/probe30]
connect_debug_port u_ila_0_0/probe30 [get_nets [list NIM_BLOCK/w_out ]]
create_debug_port u_ila_0_0 probe
set_property port_width 1 [get_debug_ports u_ila_0_0/probe31]
connect_debug_port u_ila_0_0/probe31 [get_nets [list NIM_CLKS_BLOCK/locked ]]
save_constraints
launch_runs impl_1 -to_step write_bitstream -jobs 4
Writing placer database...
Writing XDEF routing.
Writing XDEF routing logical nets.
Writing XDEF routing special nets.
Write XDEF Complete: Time (s): cpu = 00:00:00.06 ; elapsed = 00:00:00.02 . Memory (MB): peak = 6435.703 ; gain = 0.000 ; free physical = 8703 ; free virtual = 30799
[Thu Nov 30 14:40:31 2017] Launched impl_1...
Run output will be captured here: /home/cmstestbeam/NIMPlus/nimPlus_/nimPlus_nov16_2017_t0923/nimPlus_/top/top.runs/impl_1/runme.log
close_design
open_run synth_1 -name synth_1
Design is defaulting to impl run constrset: constrs_1
Design is defaulting to synth run part: xc7k325tffg900-2
INFO: [Project 1-454] Reading design checkpoint '/home/cmstestbeam/NIMPlus/nimPlus_/nimPlus_nov16_2017_t0923/nimPlus_/top/top.runs/NIM_CLKS_synth_1/NIM_CLKS.dcp' for cell 'NIM_CLKS_BLOCK'
INFO: [Project 1-454] Reading design checkpoint '/home/cmstestbeam/NIMPlus/nimPlus_/nimPlus_nov16_2017_t0923/nimPlus_/top/top.runs/clk_wiz_0_synth_1/clk_wiz_0.dcp' for cell 'clk_wiz_0_BLOCK'
INFO: [Project 1-454] Reading design checkpoint '/home/cmstestbeam/NIMPlus/nimPlus_/nimPlus_nov16_2017_t0923/nimPlus_/top/top.runs/clk_wiz_1_synth_1/clk_wiz_1.dcp' for cell 'clk_wiz_1_BLOCK'
INFO: [Netlist 29-17] Analyzing 384 Unisim elements for replacement
INFO: [Netlist 29-28] Unisim Transformation completed in 0 CPU seconds
INFO: [Project 1-479] Netlist was created with Vivado 2015.2
INFO: [Project 1-570] Preparing netlist for logic optimization
Parsing XDC File [/home/cmstestbeam/NIMPlus/nimPlus_/nimPlus_nov16_2017_t0923/nimPlus_/top/top.srcs/sources_1/ip/NIM_CLKS/NIM_CLKS_board.xdc] for cell 'NIM_CLKS_BLOCK/U0'
Finished Parsing XDC File [/home/cmstestbeam/NIMPlus/nimPlus_/nimPlus_nov16_2017_t0923/nimPlus_/top/top.srcs/sources_1/ip/NIM_CLKS/NIM_CLKS_board.xdc] for cell 'NIM_CLKS_BLOCK/U0'
Parsing XDC File [/home/cmstestbeam/NIMPlus/nimPlus_/nimPlus_nov16_2017_t0923/nimPlus_/top/top.srcs/sources_1/ip/NIM_CLKS/NIM_CLKS.xdc] for cell 'NIM_CLKS_BLOCK/U0'
Finished Parsing XDC File [/home/cmstestbeam/NIMPlus/nimPlus_/nimPlus_nov16_2017_t0923/nimPlus_/top/top.srcs/sources_1/ip/NIM_CLKS/NIM_CLKS.xdc] for cell 'NIM_CLKS_BLOCK/U0'
Parsing XDC File [/home/cmstestbeam/NIMPlus/nimPlus_/nimPlus_nov16_2017_t0923/nimPlus_/top/top.srcs/sources_1/ip/clk_wiz_0/clk_wiz_0_board.xdc] for cell 'clk_wiz_0_BLOCK/U0'
Finished Parsing XDC File [/home/cmstestbeam/NIMPlus/nimPlus_/nimPlus_nov16_2017_t0923/nimPlus_/top/top.srcs/sources_1/ip/clk_wiz_0/clk_wiz_0_board.xdc] for cell 'clk_wiz_0_BLOCK/U0'
Parsing XDC File [/home/cmstestbeam/NIMPlus/nimPlus_/nimPlus_nov16_2017_t0923/nimPlus_/top/top.srcs/sources_1/ip/clk_wiz_0/clk_wiz_0.xdc] for cell 'clk_wiz_0_BLOCK/U0'
Finished Parsing XDC File [/home/cmstestbeam/NIMPlus/nimPlus_/nimPlus_nov16_2017_t0923/nimPlus_/top/top.srcs/sources_1/ip/clk_wiz_0/clk_wiz_0.xdc] for cell 'clk_wiz_0_BLOCK/U0'
Parsing XDC File [/home/cmstestbeam/NIMPlus/nimPlus_/nimPlus_nov16_2017_t0923/nimPlus_/top/top.srcs/sources_1/ip/clk_wiz_1/clk_wiz_1_board.xdc] for cell 'clk_wiz_1_BLOCK/U0'
Finished Parsing XDC File [/home/cmstestbeam/NIMPlus/nimPlus_/nimPlus_nov16_2017_t0923/nimPlus_/top/top.srcs/sources_1/ip/clk_wiz_1/clk_wiz_1_board.xdc] for cell 'clk_wiz_1_BLOCK/U0'
Parsing XDC File [/home/cmstestbeam/NIMPlus/nimPlus_/nimPlus_nov16_2017_t0923/nimPlus_/top/top.srcs/sources_1/ip/clk_wiz_1/clk_wiz_1.xdc] for cell 'clk_wiz_1_BLOCK/U0'
Finished Parsing XDC File [/home/cmstestbeam/NIMPlus/nimPlus_/nimPlus_nov16_2017_t0923/nimPlus_/top/top.srcs/sources_1/ip/clk_wiz_1/clk_wiz_1.xdc] for cell 'clk_wiz_1_BLOCK/U0'
Sourcing Tcl File [/home/cmstestbeam/NIMPlus/nimPlus_/nimPlus_nov16_2017_t0923/nimPlus_/top/top.srcs/constrs_1/imports/ucf/pins.tcl]
Finished Sourcing Tcl File [/home/cmstestbeam/NIMPlus/nimPlus_/nimPlus_nov16_2017_t0923/nimPlus_/top/top.srcs/constrs_1/imports/ucf/pins.tcl]
Sourcing Tcl File [/home/cmstestbeam/NIMPlus/nimPlus_/nimPlus_nov16_2017_t0923/nimPlus_/top/top.srcs/constrs_1/imports/ucf/clock_constraints.tcl]
WARNING: [Vivado 12-2489] -period contains time 3.144650 which will be rounded to 3.145 to ensure it is an integer multiple of 1 picosecond [/home/cmstestbeam/NIMPlus/nimPlus_/nimPlus_nov16_2017_t0923/nimPlus_/top/top.srcs/constrs_1/imports/ucf/clock_constraints.tcl:17]
WARNING: [Vivado 12-2489] -period contains time 25.157200 which will be rounded to 25.157 to ensure it is an integer multiple of 1 picosecond [/home/cmstestbeam/NIMPlus/nimPlus_/nimPlus_nov16_2017_t0923/nimPlus_/top/top.srcs/constrs_1/imports/ucf/clock_constraints.tcl:19]
Finished Sourcing Tcl File [/home/cmstestbeam/NIMPlus/nimPlus_/nimPlus_nov16_2017_t0923/nimPlus_/top/top.srcs/constrs_1/imports/ucf/clock_constraints.tcl]
Parsing XDC File [/home/cmstestbeam/NIMPlus/nimPlus_/nimPlus_nov16_2017_t0923/nimPlus_/top/top.srcs/constrs_1/new/top_11.xdc]
Finished Parsing XDC File [/home/cmstestbeam/NIMPlus/nimPlus_/nimPlus_nov16_2017_t0923/nimPlus_/top/top.srcs/constrs_1/new/top_11.xdc]
INFO: [Project 1-538] Using original IP XDC constraints instead of the XDC constraints in dcp '/home/cmstestbeam/NIMPlus/nimPlus_/nimPlus_nov16_2017_t0923/nimPlus_/top/top.runs/NIM_CLKS_synth_1/NIM_CLKS.dcp'
INFO: [Project 1-538] Using original IP XDC constraints instead of the XDC constraints in dcp '/home/cmstestbeam/NIMPlus/nimPlus_/nimPlus_nov16_2017_t0923/nimPlus_/top/top.runs/clk_wiz_0_synth_1/clk_wiz_0.dcp'
INFO: [Project 1-538] Using original IP XDC constraints instead of the XDC constraints in dcp '/home/cmstestbeam/NIMPlus/nimPlus_/nimPlus_nov16_2017_t0923/nimPlus_/top/top.runs/clk_wiz_1_synth_1/clk_wiz_1.dcp'
INFO: [Opt 31-138] Pushed 0 inverter(s) to 0 load pin(s).
INFO: [Project 1-111] Unisim Transformation Summary:
  A total of 8 instances were transformed.
  OBUFDS => OBUFDS: 8 instances

open_run: Time (s): cpu = 00:00:10 ; elapsed = 00:00:07 . Memory (MB): peak = 6463.445 ; gain = 27.738 ; free physical = 2341 ; free virtual = 28829
show_objects -name NET_ONLY [get_nets -hierarchical -top_net_of_hierarchical_group -filter { NAME =~  "*bmx*" } ]
delete_debug_core [get_debug_cores {u_ila_0_0 }]
create_debug_core u_ila_0 ila
set_property C_DATA_DEPTH 1024 [get_debug_cores u_ila_0]
set_property C_TRIGIN_EN false [get_debug_cores u_ila_0]
set_property C_TRIGOUT_EN false [get_debug_cores u_ila_0]
set_property C_ADV_TRIGGER false [get_debug_cores u_ila_0]
set_property C_INPUT_PIPE_STAGES 0 [get_debug_cores u_ila_0]
set_property C_EN_STRG_QUAL false [get_debug_cores u_ila_0]
set_property ALL_PROBE_SAME_MU true [get_debug_cores u_ila_0]
set_property ALL_PROBE_SAME_MU_CNT 1 [get_debug_cores u_ila_0]
set_property port_width 1 [get_debug_ports u_ila_0/clk]
connect_debug_port u_ila_0/clk [get_nets [list MASTER_CLK ]]
set_property port_width 3 [get_debug_ports u_ila_0/probe0]
connect_debug_port u_ila_0/probe0 [get_nets [list {NIM_BLOCK/z0_sel[0]} {NIM_BLOCK/z0_sel[1]} {NIM_BLOCK/z0_sel[2]} ]]
create_debug_port u_ila_0 probe
set_property port_width 4 [get_debug_ports u_ila_0/probe1]
connect_debug_port u_ila_0/probe1 [get_nets [list {NIM_BLOCK/sig_mod[0]} {NIM_BLOCK/sig_mod[1]} {NIM_BLOCK/sig_mod[2]} {NIM_BLOCK/sig_mod[3]} ]]
create_debug_port u_ila_0 probe
set_property port_width 16 [get_debug_ports u_ila_0/probe2]
connect_debug_port u_ila_0/probe2 [get_nets [list {NIM_BLOCK/logterm[0]} {NIM_BLOCK/logterm[1]} {NIM_BLOCK/logterm[2]} {NIM_BLOCK/logterm[3]} {NIM_BLOCK/logterm[4]} {NIM_BLOCK/logterm[5]} {NIM_BLOCK/logterm[6]} {NIM_BLOCK/logterm[7]} {NIM_BLOCK/logterm[8]} {NIM_BLOCK/logterm[9]} {NIM_BLOCK/logterm[10]} {NIM_BLOCK/logterm[11]} {NIM_BLOCK/logterm[12]} {NIM_BLOCK/logterm[13]} {NIM_BLOCK/logterm[14]} {NIM_BLOCK/logterm[15]} ]]
create_debug_port u_ila_0 probe
set_property port_width 8 [get_debug_ports u_ila_0/probe3]
connect_debug_port u_ila_0/probe3 [get_nets [list {NIM_BLOCK/log_lat_sel[0]} {NIM_BLOCK/log_lat_sel[1]} {NIM_BLOCK/log_lat_sel[2]} {NIM_BLOCK/log_lat_sel[3]} {NIM_BLOCK/log_lat_sel[4]} {NIM_BLOCK/log_lat_sel[5]} {NIM_BLOCK/log_lat_sel[6]} {NIM_BLOCK/log_lat_sel[7]} ]]
create_debug_port u_ila_0 probe
set_property port_width 4 [get_debug_ports u_ila_0/probe4]
connect_debug_port u_ila_0/probe4 [get_nets [list {nim_input[0]} {nim_input[1]} {nim_input[2]} {nim_input[3]} ]]
create_debug_port u_ila_0 probe
set_property port_width 1 [get_debug_ports u_ila_0/probe5]
connect_debug_port u_ila_0/probe5 [get_nets [list NIM_BLOCK/acc_release ]]
create_debug_port u_ila_0 probe
set_property port_width 1 [get_debug_ports u_ila_0/probe6]
connect_debug_port u_ila_0/probe6 [get_nets [list b_data_we ]]
create_debug_port u_ila_0 probe
set_property port_width 1 [get_debug_ports u_ila_0/probe7]
connect_debug_port u_ila_0/probe7 [get_nets [list NIM_BLOCK/bkprout ]]
create_debug_port u_ila_0 probe
set_property port_width 1 [get_debug_ports u_ila_0/probe8]
connect_debug_port u_ila_0/probe8 [get_nets [list NIM_BLOCK/clk_13_25 ]]
create_debug_port u_ila_0 probe
set_property port_width 1 [get_debug_ports u_ila_0/probe9]
connect_debug_port u_ila_0/probe9 [get_nets [list NIM_BLOCK/clk_39_out ]]
create_debug_port u_ila_0 probe
set_property port_width 1 [get_debug_ports u_ila_0/probe10]
connect_debug_port u_ila_0/probe10 [get_nets [list ei40_gen_lock ]]
create_debug_port u_ila_0 probe
set_property port_width 1 [get_debug_ports u_ila_0/probe11]
connect_debug_port u_ila_0/probe11 [get_nets [list NIM_BLOCK/fin_wr_out ]]
create_debug_port u_ila_0 probe
set_property port_width 1 [get_debug_ports u_ila_0/probe12]
create_debug_port u_ila_0 probe
set_property port_width 1 [get_debug_ports u_ila_0/probe13]
connect_debug_port u_ila_0/probe13 [get_nets [list NIM_BLOCK/muxout_1 ]]
create_debug_port u_ila_0 probe
set_property port_width 1 [get_debug_ports u_ila_0/probe14]
connect_debug_port u_ila_0/probe14 [get_nets [list NIM_BLOCK/muxout_3 ]]
create_debug_port u_ila_0 probe
set_property port_width 1 [get_debug_ports u_ila_0/probe15]
connect_debug_port u_ila_0/probe15 [get_nets [list NIM_BLOCK/muxout_4 ]]
create_debug_port u_ila_0 probe
set_property port_width 1 [get_debug_ports u_ila_0/probe16]
connect_debug_port u_ila_0/probe16 [get_nets [list NIM_BLOCK/NET28194 ]]
create_debug_port u_ila_0 probe
set_property port_width 1 [get_debug_ports u_ila_0/probe17]
connect_debug_port u_ila_0/probe17 [get_nets [list nim_b_fifo_empty ]]
create_debug_port u_ila_0 probe
set_property port_width 1 [get_debug_ports u_ila_0/probe18]
connect_debug_port u_ila_0/probe18 [get_nets [list nim_b_fifo_full ]]
create_debug_port u_ila_0 probe
set_property port_width 1 [get_debug_ports u_ila_0/probe19]
connect_debug_port u_ila_0/probe19 [get_nets [list nim_b_fifo_rden ]]
create_debug_port u_ila_0 probe
set_property port_width 1 [get_debug_ports u_ila_0/probe20]
connect_debug_port u_ila_0/probe20 [get_nets [list NIM_BLOCK/ps_hold_0 ]]
create_debug_port u_ila_0 probe
set_property port_width 1 [get_debug_ports u_ila_0/probe21]
connect_debug_port u_ila_0/probe21 [get_nets [list NIM_BLOCK/reset_out ]]
create_debug_port u_ila_0 probe
set_property port_width 1 [get_debug_ports u_ila_0/probe22]
connect_debug_port u_ila_0/probe22 [get_nets [list s_clk25_6e ]]
create_debug_port u_ila_0 probe
set_property port_width 1 [get_debug_ports u_ila_0/probe23]
connect_debug_port u_ila_0/probe23 [get_nets [list NIM_BLOCK/sig_cms1 ]]
create_debug_port u_ila_0 probe
set_property port_width 1 [get_debug_ports u_ila_0/probe24]
connect_debug_port u_ila_0/probe24 [get_nets [list NIM_BLOCK/sig_cms2 ]]
create_debug_port u_ila_0 probe
set_property port_width 1 [get_debug_ports u_ila_0/probe25]
connect_debug_port u_ila_0/probe25 [get_nets [list NIM_BLOCK/sig_log ]]
create_debug_port u_ila_0 probe
set_property port_width 1 [get_debug_ports u_ila_0/probe26]
connect_debug_port u_ila_0/probe26 [get_nets [list NIM_BLOCK/sig_norm ]]
create_debug_port u_ila_0 probe
set_property port_width 1 [get_debug_ports u_ila_0/probe27]
connect_debug_port u_ila_0/probe27 [get_nets [list NIM_BLOCK/sig_out ]]
create_debug_port u_ila_0 probe
set_property port_width 1 [get_debug_ports u_ila_0/probe28]
connect_debug_port u_ila_0/probe28 [get_nets [list NIM_BLOCK/sync_w_40MHz ]]
create_debug_port u_ila_0 probe
set_property port_width 1 [get_debug_ports u_ila_0/probe29]
connect_debug_port u_ila_0/probe29 [get_nets [list NIM_BLOCK/sync_w_accel ]]
create_debug_port u_ila_0 probe
set_property port_width 1 [get_debug_ports u_ila_0/probe30]
connect_debug_port u_ila_0/probe30 [get_nets [list NIM_BLOCK/veto_out_p0 ]]
create_debug_port u_ila_0 probe
set_property port_width 1 [get_debug_ports u_ila_0/probe31]
connect_debug_port u_ila_0/probe31 [get_nets [list NIM_BLOCK/w_out ]]
create_debug_port u_ila_0 probe
set_property port_width 1 [get_debug_ports u_ila_0/probe32]
connect_debug_port u_ila_0/probe32 [get_nets [list bmx_40 ]]
save_constraints
close_design
reset_run impl_1
launch_runs impl_1 -to_step write_bitstream -jobs 4
[Thu Nov 30 15:09:53 2017] Launched impl_1...
Run output will be captured here: /home/cmstestbeam/NIMPlus/nimPlus_/nimPlus_nov16_2017_t0923/nimPlus_/top/top.runs/impl_1/runme.log
reset_run synth_1
launch_runs synth_1 -jobs 4
[Thu Nov 30 15:12:31 2017] Launched synth_1...
Run output will be captured here: /home/cmstestbeam/NIMPlus/nimPlus_/nimPlus_nov16_2017_t0923/nimPlus_/top/top.runs/synth_1/runme.log
open_run synth_1 -name synth_1
Design is defaulting to impl run constrset: constrs_1
Design is defaulting to synth run part: xc7k325tffg900-2
INFO: [Project 1-454] Reading design checkpoint '/home/cmstestbeam/NIMPlus/nimPlus_/nimPlus_nov16_2017_t0923/nimPlus_/top/top.runs/NIM_CLKS_synth_1/NIM_CLKS.dcp' for cell 'NIM_CLKS_BLOCK'
INFO: [Project 1-454] Reading design checkpoint '/home/cmstestbeam/NIMPlus/nimPlus_/nimPlus_nov16_2017_t0923/nimPlus_/top/top.runs/clk_wiz_0_synth_1/clk_wiz_0.dcp' for cell 'clk_wiz_0_BLOCK'
INFO: [Project 1-454] Reading design checkpoint '/home/cmstestbeam/NIMPlus/nimPlus_/nimPlus_nov16_2017_t0923/nimPlus_/top/top.runs/clk_wiz_1_synth_1/clk_wiz_1.dcp' for cell 'clk_wiz_1_BLOCK'
INFO: [Netlist 29-17] Analyzing 384 Unisim elements for replacement
INFO: [Netlist 29-28] Unisim Transformation completed in 0 CPU seconds
INFO: [Project 1-479] Netlist was created with Vivado 2015.2
INFO: [Project 1-570] Preparing netlist for logic optimization
Parsing XDC File [/home/cmstestbeam/NIMPlus/nimPlus_/nimPlus_nov16_2017_t0923/nimPlus_/top/top.srcs/sources_1/ip/NIM_CLKS/NIM_CLKS_board.xdc] for cell 'NIM_CLKS_BLOCK/U0'
Finished Parsing XDC File [/home/cmstestbeam/NIMPlus/nimPlus_/nimPlus_nov16_2017_t0923/nimPlus_/top/top.srcs/sources_1/ip/NIM_CLKS/NIM_CLKS_board.xdc] for cell 'NIM_CLKS_BLOCK/U0'
Parsing XDC File [/home/cmstestbeam/NIMPlus/nimPlus_/nimPlus_nov16_2017_t0923/nimPlus_/top/top.srcs/sources_1/ip/NIM_CLKS/NIM_CLKS.xdc] for cell 'NIM_CLKS_BLOCK/U0'
Finished Parsing XDC File [/home/cmstestbeam/NIMPlus/nimPlus_/nimPlus_nov16_2017_t0923/nimPlus_/top/top.srcs/sources_1/ip/NIM_CLKS/NIM_CLKS.xdc] for cell 'NIM_CLKS_BLOCK/U0'
Parsing XDC File [/home/cmstestbeam/NIMPlus/nimPlus_/nimPlus_nov16_2017_t0923/nimPlus_/top/top.srcs/sources_1/ip/clk_wiz_0/clk_wiz_0_board.xdc] for cell 'clk_wiz_0_BLOCK/U0'
Finished Parsing XDC File [/home/cmstestbeam/NIMPlus/nimPlus_/nimPlus_nov16_2017_t0923/nimPlus_/top/top.srcs/sources_1/ip/clk_wiz_0/clk_wiz_0_board.xdc] for cell 'clk_wiz_0_BLOCK/U0'
Parsing XDC File [/home/cmstestbeam/NIMPlus/nimPlus_/nimPlus_nov16_2017_t0923/nimPlus_/top/top.srcs/sources_1/ip/clk_wiz_0/clk_wiz_0.xdc] for cell 'clk_wiz_0_BLOCK/U0'
Finished Parsing XDC File [/home/cmstestbeam/NIMPlus/nimPlus_/nimPlus_nov16_2017_t0923/nimPlus_/top/top.srcs/sources_1/ip/clk_wiz_0/clk_wiz_0.xdc] for cell 'clk_wiz_0_BLOCK/U0'
Parsing XDC File [/home/cmstestbeam/NIMPlus/nimPlus_/nimPlus_nov16_2017_t0923/nimPlus_/top/top.srcs/sources_1/ip/clk_wiz_1/clk_wiz_1_board.xdc] for cell 'clk_wiz_1_BLOCK/U0'
Finished Parsing XDC File [/home/cmstestbeam/NIMPlus/nimPlus_/nimPlus_nov16_2017_t0923/nimPlus_/top/top.srcs/sources_1/ip/clk_wiz_1/clk_wiz_1_board.xdc] for cell 'clk_wiz_1_BLOCK/U0'
Parsing XDC File [/home/cmstestbeam/NIMPlus/nimPlus_/nimPlus_nov16_2017_t0923/nimPlus_/top/top.srcs/sources_1/ip/clk_wiz_1/clk_wiz_1.xdc] for cell 'clk_wiz_1_BLOCK/U0'
Finished Parsing XDC File [/home/cmstestbeam/NIMPlus/nimPlus_/nimPlus_nov16_2017_t0923/nimPlus_/top/top.srcs/sources_1/ip/clk_wiz_1/clk_wiz_1.xdc] for cell 'clk_wiz_1_BLOCK/U0'
Sourcing Tcl File [/home/cmstestbeam/NIMPlus/nimPlus_/nimPlus_nov16_2017_t0923/nimPlus_/top/top.srcs/constrs_1/imports/ucf/pins.tcl]
Finished Sourcing Tcl File [/home/cmstestbeam/NIMPlus/nimPlus_/nimPlus_nov16_2017_t0923/nimPlus_/top/top.srcs/constrs_1/imports/ucf/pins.tcl]
Sourcing Tcl File [/home/cmstestbeam/NIMPlus/nimPlus_/nimPlus_nov16_2017_t0923/nimPlus_/top/top.srcs/constrs_1/imports/ucf/clock_constraints.tcl]
WARNING: [Vivado 12-2489] -period contains time 3.144650 which will be rounded to 3.145 to ensure it is an integer multiple of 1 picosecond [/home/cmstestbeam/NIMPlus/nimPlus_/nimPlus_nov16_2017_t0923/nimPlus_/top/top.srcs/constrs_1/imports/ucf/clock_constraints.tcl:17]
WARNING: [Vivado 12-2489] -period contains time 25.157200 which will be rounded to 25.157 to ensure it is an integer multiple of 1 picosecond [/home/cmstestbeam/NIMPlus/nimPlus_/nimPlus_nov16_2017_t0923/nimPlus_/top/top.srcs/constrs_1/imports/ucf/clock_constraints.tcl:19]
Finished Sourcing Tcl File [/home/cmstestbeam/NIMPlus/nimPlus_/nimPlus_nov16_2017_t0923/nimPlus_/top/top.srcs/constrs_1/imports/ucf/clock_constraints.tcl]
Parsing XDC File [/home/cmstestbeam/NIMPlus/nimPlus_/nimPlus_nov16_2017_t0923/nimPlus_/top/top.srcs/constrs_1/new/top_11.xdc]
Finished Parsing XDC File [/home/cmstestbeam/NIMPlus/nimPlus_/nimPlus_nov16_2017_t0923/nimPlus_/top/top.srcs/constrs_1/new/top_11.xdc]
INFO: [Project 1-538] Using original IP XDC constraints instead of the XDC constraints in dcp '/home/cmstestbeam/NIMPlus/nimPlus_/nimPlus_nov16_2017_t0923/nimPlus_/top/top.runs/NIM_CLKS_synth_1/NIM_CLKS.dcp'
INFO: [Project 1-538] Using original IP XDC constraints instead of the XDC constraints in dcp '/home/cmstestbeam/NIMPlus/nimPlus_/nimPlus_nov16_2017_t0923/nimPlus_/top/top.runs/clk_wiz_0_synth_1/clk_wiz_0.dcp'
INFO: [Project 1-538] Using original IP XDC constraints instead of the XDC constraints in dcp '/home/cmstestbeam/NIMPlus/nimPlus_/nimPlus_nov16_2017_t0923/nimPlus_/top/top.runs/clk_wiz_1_synth_1/clk_wiz_1.dcp'
INFO: [Opt 31-138] Pushed 0 inverter(s) to 0 load pin(s).
INFO: [Project 1-111] Unisim Transformation Summary:
  A total of 8 instances were transformed.
  OBUFDS => OBUFDS: 8 instances

open_run: Time (s): cpu = 00:00:10 ; elapsed = 00:00:08 . Memory (MB): peak = 6463.449 ; gain = 0.004 ; free physical = 2029 ; free virtual = 26973
delete_debug_core [get_debug_cores {u_ila_0 }]
create_debug_core u_ila_0_0 ila
set_property C_DATA_DEPTH 1024 [get_debug_cores u_ila_0_0]
set_property C_TRIGIN_EN false [get_debug_cores u_ila_0_0]
set_property C_TRIGOUT_EN false [get_debug_cores u_ila_0_0]
set_property C_ADV_TRIGGER false [get_debug_cores u_ila_0_0]
set_property C_INPUT_PIPE_STAGES 0 [get_debug_cores u_ila_0_0]
set_property C_EN_STRG_QUAL false [get_debug_cores u_ila_0_0]
set_property ALL_PROBE_SAME_MU true [get_debug_cores u_ila_0_0]
set_property ALL_PROBE_SAME_MU_CNT 1 [get_debug_cores u_ila_0_0]
set_property port_width 1 [get_debug_ports u_ila_0_0/clk]
connect_debug_port u_ila_0_0/clk [get_nets [list MASTER_CLK ]]
set_property port_width 3 [get_debug_ports u_ila_0_0/probe0]
connect_debug_port u_ila_0_0/probe0 [get_nets [list {NIM_BLOCK/z0_sel[0]} {NIM_BLOCK/z0_sel[1]} {NIM_BLOCK/z0_sel[2]} ]]
create_debug_port u_ila_0_0 probe
set_property port_width 4 [get_debug_ports u_ila_0_0/probe1]
connect_debug_port u_ila_0_0/probe1 [get_nets [list {NIM_BLOCK/sig_mod[0]} {NIM_BLOCK/sig_mod[1]} {NIM_BLOCK/sig_mod[2]} {NIM_BLOCK/sig_mod[3]} ]]
create_debug_port u_ila_0_0 probe
set_property port_width 8 [get_debug_ports u_ila_0_0/probe2]
connect_debug_port u_ila_0_0/probe2 [get_nets [list {NIM_BLOCK/log_lat_sel[0]} {NIM_BLOCK/log_lat_sel[1]} {NIM_BLOCK/log_lat_sel[2]} {NIM_BLOCK/log_lat_sel[3]} {NIM_BLOCK/log_lat_sel[4]} {NIM_BLOCK/log_lat_sel[5]} {NIM_BLOCK/log_lat_sel[6]} {NIM_BLOCK/log_lat_sel[7]} ]]
create_debug_port u_ila_0_0 probe
set_property port_width 16 [get_debug_ports u_ila_0_0/probe3]
connect_debug_port u_ila_0_0/probe3 [get_nets [list {NIM_BLOCK/logterm[0]} {NIM_BLOCK/logterm[1]} {NIM_BLOCK/logterm[2]} {NIM_BLOCK/logterm[3]} {NIM_BLOCK/logterm[4]} {NIM_BLOCK/logterm[5]} {NIM_BLOCK/logterm[6]} {NIM_BLOCK/logterm[7]} {NIM_BLOCK/logterm[8]} {NIM_BLOCK/logterm[9]} {NIM_BLOCK/logterm[10]} {NIM_BLOCK/logterm[11]} {NIM_BLOCK/logterm[12]} {NIM_BLOCK/logterm[13]} {NIM_BLOCK/logterm[14]} {NIM_BLOCK/logterm[15]} ]]
create_debug_port u_ila_0_0 probe
set_property port_width 4 [get_debug_ports u_ila_0_0/probe4]
connect_debug_port u_ila_0_0/probe4 [get_nets [list {nim_input[0]} {nim_input[1]} {nim_input[2]} {nim_input[3]} ]]
create_debug_port u_ila_0_0 probe
set_property port_width 1 [get_debug_ports u_ila_0_0/probe5]
connect_debug_port u_ila_0_0/probe5 [get_nets [list NIM_BLOCK/acc_release ]]
create_debug_port u_ila_0_0 probe
set_property port_width 1 [get_debug_ports u_ila_0_0/probe6]
connect_debug_port u_ila_0_0/probe6 [get_nets [list b_data_we ]]
create_debug_port u_ila_0_0 probe
set_property port_width 1 [get_debug_ports u_ila_0_0/probe7]
connect_debug_port u_ila_0_0/probe7 [get_nets [list NIM_BLOCK/bkprout ]]
create_debug_port u_ila_0_0 probe
set_property port_width 1 [get_debug_ports u_ila_0_0/probe8]
connect_debug_port u_ila_0_0/probe8 [get_nets [list bmx_40 ]]
create_debug_port u_ila_0_0 probe
set_property port_width 1 [get_debug_ports u_ila_0_0/probe9]
connect_debug_port u_ila_0_0/probe9 [get_nets [list NIM_BLOCK/clk_13_25 ]]
create_debug_port u_ila_0_0 probe
set_property port_width 1 [get_debug_ports u_ila_0_0/probe10]
connect_debug_port u_ila_0_0/probe10 [get_nets [list NIM_BLOCK/clk_39_out ]]
create_debug_port u_ila_0_0 probe
set_property port_width 1 [get_debug_ports u_ila_0_0/probe11]
connect_debug_port u_ila_0_0/probe11 [get_nets [list ei40_gen_lock ]]
create_debug_port u_ila_0_0 probe
set_property port_width 1 [get_debug_ports u_ila_0_0/probe12]
connect_debug_port u_ila_0_0/probe12 [get_nets [list NIM_BLOCK/fin_wr_out ]]
create_debug_port u_ila_0_0 probe
set_property port_width 1 [get_debug_ports u_ila_0_0/probe13]
connect_debug_port u_ila_0_0/probe13 [get_nets [list NIM_BLOCK/muxout_1 ]]
create_debug_port u_ila_0_0 probe
set_property port_width 1 [get_debug_ports u_ila_0_0/probe14]
connect_debug_port u_ila_0_0/probe14 [get_nets [list NIM_BLOCK/muxout_3 ]]
create_debug_port u_ila_0_0 probe
set_property port_width 1 [get_debug_ports u_ila_0_0/probe15]
connect_debug_port u_ila_0_0/probe15 [get_nets [list NIM_BLOCK/muxout_4 ]]
create_debug_port u_ila_0_0 probe
set_property port_width 1 [get_debug_ports u_ila_0_0/probe16]
connect_debug_port u_ila_0_0/probe16 [get_nets [list NIM_BLOCK/NET28194 ]]
create_debug_port u_ila_0_0 probe
set_property port_width 1 [get_debug_ports u_ila_0_0/probe17]
connect_debug_port u_ila_0_0/probe17 [get_nets [list nim_b_fifo_empty ]]
create_debug_port u_ila_0_0 probe
set_property port_width 1 [get_debug_ports u_ila_0_0/probe18]
connect_debug_port u_ila_0_0/probe18 [get_nets [list nim_b_fifo_full ]]
create_debug_port u_ila_0_0 probe
set_property port_width 1 [get_debug_ports u_ila_0_0/probe19]
connect_debug_port u_ila_0_0/probe19 [get_nets [list nim_b_fifo_rden ]]
create_debug_port u_ila_0_0 probe
set_property port_width 1 [get_debug_ports u_ila_0_0/probe20]
connect_debug_port u_ila_0_0/probe20 [get_nets [list NIM_BLOCK/ps_hold_0 ]]
create_debug_port u_ila_0_0 probe
set_property port_width 1 [get_debug_ports u_ila_0_0/probe21]
connect_debug_port u_ila_0_0/probe21 [get_nets [list NIM_BLOCK/reset_out ]]
create_debug_port u_ila_0_0 probe
set_property port_width 1 [get_debug_ports u_ila_0_0/probe22]
connect_debug_port u_ila_0_0/probe22 [get_nets [list s_clk25_6e ]]
create_debug_port u_ila_0_0 probe
set_property port_width 1 [get_debug_ports u_ila_0_0/probe23]
connect_debug_port u_ila_0_0/probe23 [get_nets [list NIM_BLOCK/sig_cms1 ]]
create_debug_port u_ila_0_0 probe
set_property port_width 1 [get_debug_ports u_ila_0_0/probe24]
connect_debug_port u_ila_0_0/probe24 [get_nets [list NIM_BLOCK/sig_cms2 ]]
create_debug_port u_ila_0_0 probe
set_property port_width 1 [get_debug_ports u_ila_0_0/probe25]
connect_debug_port u_ila_0_0/probe25 [get_nets [list NIM_BLOCK/sig_log ]]
create_debug_port u_ila_0_0 probe
set_property port_width 1 [get_debug_ports u_ila_0_0/probe26]
connect_debug_port u_ila_0_0/probe26 [get_nets [list NIM_BLOCK/sig_norm ]]
create_debug_port u_ila_0_0 probe
set_property port_width 1 [get_debug_ports u_ila_0_0/probe27]
connect_debug_port u_ila_0_0/probe27 [get_nets [list NIM_BLOCK/sig_out ]]
create_debug_port u_ila_0_0 probe
set_property port_width 1 [get_debug_ports u_ila_0_0/probe28]
connect_debug_port u_ila_0_0/probe28 [get_nets [list NIM_BLOCK/sync_w_40MHz ]]
create_debug_port u_ila_0_0 probe
set_property port_width 1 [get_debug_ports u_ila_0_0/probe29]
connect_debug_port u_ila_0_0/probe29 [get_nets [list NIM_BLOCK/sync_w_accel ]]
create_debug_port u_ila_0_0 probe
set_property port_width 1 [get_debug_ports u_ila_0_0/probe30]
connect_debug_port u_ila_0_0/probe30 [get_nets [list NIM_BLOCK/veto_out_p0 ]]
create_debug_port u_ila_0_0 probe
set_property port_width 1 [get_debug_ports u_ila_0_0/probe31]
connect_debug_port u_ila_0_0/probe31 [get_nets [list NIM_BLOCK/w_out ]]
save_constraints
close_design
launch_runs impl_1 -to_step write_bitstream -jobs 4
[Thu Nov 30 15:16:11 2017] Launched impl_1...
Run output will be captured here: /home/cmstestbeam/NIMPlus/nimPlus_/nimPlus_nov16_2017_t0923/nimPlus_/top/top.runs/impl_1/runme.log
ERROR: [Vivado 12-106] *** Exception: java.lang.ClassCastException (See /home/cmstestbeam/NIMPlus/nimPlus_/nimPlus_nov16_2017_t0923/nimPlus_/vivado_pid6734.debug)
ERROR: [Vivado 12-106] *** Exception: java.lang.ClassCastException (See /home/cmstestbeam/NIMPlus/nimPlus_/nimPlus_nov16_2017_t0923/nimPlus_/vivado_pid6734.debug)
ERROR: [Vivado 12-106] *** Exception: java.lang.ClassCastException (See /home/cmstestbeam/NIMPlus/nimPlus_/nimPlus_nov16_2017_t0923/nimPlus_/vivado_pid6734.debug)
ERROR: [Vivado 12-106] *** Exception: java.lang.ClassCastException (See /home/cmstestbeam/NIMPlus/nimPlus_/nimPlus_nov16_2017_t0923/nimPlus_/vivado_pid6734.debug)
ERROR: [Vivado 12-106] *** Exception: java.lang.ClassCastException (See /home/cmstestbeam/NIMPlus/nimPlus_/nimPlus_nov16_2017_t0923/nimPlus_/vivado_pid6734.debug)
ERROR: [Vivado 12-106] *** Exception: java.lang.ClassCastException (See /home/cmstestbeam/NIMPlus/nimPlus_/nimPlus_nov16_2017_t0923/nimPlus_/vivado_pid6734.debug)
ERROR: [Vivado 12-106] *** Exception: java.lang.ClassCastException (See /home/cmstestbeam/NIMPlus/nimPlus_/nimPlus_nov16_2017_t0923/nimPlus_/vivado_pid6734.debug)
ERROR: [Vivado 12-106] *** Exception: java.lang.ClassCastException (See /home/cmstestbeam/NIMPlus/nimPlus_/nimPlus_nov16_2017_t0923/nimPlus_/vivado_pid6734.debug)
ERROR: [Vivado 12-106] *** Exception: java.lang.ClassCastException (See /home/cmstestbeam/NIMPlus/nimPlus_/nimPlus_nov16_2017_t0923/nimPlus_/vivado_pid6734.debug)
ERROR: [Vivado 12-106] *** Exception: java.lang.ClassCastException (See /home/cmstestbeam/NIMPlus/nimPlus_/nimPlus_nov16_2017_t0923/nimPlus_/vivado_pid6734.debug)
ERROR: [Vivado 12-106] *** Exception: java.lang.ClassCastException (See /home/cmstestbeam/NIMPlus/nimPlus_/nimPlus_nov16_2017_t0923/nimPlus_/vivado_pid6734.debug)
ERROR: [Vivado 12-106] *** Exception: java.lang.ClassCastException (See /home/cmstestbeam/NIMPlus/nimPlus_/nimPlus_nov16_2017_t0923/nimPlus_/vivado_pid6734.debug)
ERROR: [Vivado 12-106] *** Exception: java.lang.ClassCastException (See /home/cmstestbeam/NIMPlus/nimPlus_/nimPlus_nov16_2017_t0923/nimPlus_/vivado_pid6734.debug)
ERROR: [Vivado 12-106] *** Exception: java.lang.ClassCastException (See /home/cmstestbeam/NIMPlus/nimPlus_/nimPlus_nov16_2017_t0923/nimPlus_/vivado_pid6734.debug)
ERROR: [Vivado 12-106] *** Exception: java.lang.ClassCastException (See /home/cmstestbeam/NIMPlus/nimPlus_/nimPlus_nov16_2017_t0923/nimPlus_/vivado_pid6734.debug)
ERROR: [Vivado 12-106] *** Exception: java.lang.ClassCastException (See /home/cmstestbeam/NIMPlus/nimPlus_/nimPlus_nov16_2017_t0923/nimPlus_/vivado_pid6734.debug)
ERROR: [Vivado 12-106] *** Exception: java.lang.ClassCastException (See /home/cmstestbeam/NIMPlus/nimPlus_/nimPlus_nov16_2017_t0923/nimPlus_/vivado_pid6734.debug)
ERROR: [Vivado 12-106] *** Exception: java.lang.ClassCastException (See /home/cmstestbeam/NIMPlus/nimPlus_/nimPlus_nov16_2017_t0923/nimPlus_/vivado_pid6734.debug)
ERROR: [Vivado 12-106] *** Exception: java.lang.ClassCastException (See /home/cmstestbeam/NIMPlus/nimPlus_/nimPlus_nov16_2017_t0923/nimPlus_/vivado_pid6734.debug)
ERROR: [Vivado 12-106] *** Exception: java.lang.ClassCastException (See /home/cmstestbeam/NIMPlus/nimPlus_/nimPlus_nov16_2017_t0923/nimPlus_/vivado_pid6734.debug)
ERROR: [Vivado 12-106] *** Exception: java.lang.ClassCastException (See /home/cmstestbeam/NIMPlus/nimPlus_/nimPlus_nov16_2017_t0923/nimPlus_/vivado_pid6734.debug)
ERROR: [Vivado 12-106] *** Exception: java.lang.ClassCastException (See /home/cmstestbeam/NIMPlus/nimPlus_/nimPlus_nov16_2017_t0923/nimPlus_/vivado_pid6734.debug)
ERROR: [Vivado 12-106] *** Exception: java.lang.ClassCastException (See /home/cmstestbeam/NIMPlus/nimPlus_/nimPlus_nov16_2017_t0923/nimPlus_/vivado_pid6734.debug)
ERROR: [Vivado 12-106] *** Exception: java.lang.ClassCastException (See /home/cmstestbeam/NIMPlus/nimPlus_/nimPlus_nov16_2017_t0923/nimPlus_/vivado_pid6734.debug)
ERROR: [Vivado 12-106] *** Exception: java.lang.ClassCastException (See /home/cmstestbeam/NIMPlus/nimPlus_/nimPlus_nov16_2017_t0923/nimPlus_/vivado_pid6734.debug)
ERROR: [Vivado 12-106] *** Exception: java.lang.ClassCastException (See /home/cmstestbeam/NIMPlus/nimPlus_/nimPlus_nov16_2017_t0923/nimPlus_/vivado_pid6734.debug)
ERROR: [Vivado 12-106] *** Exception: java.lang.ClassCastException (See /home/cmstestbeam/NIMPlus/nimPlus_/nimPlus_nov16_2017_t0923/nimPlus_/vivado_pid6734.debug)
ERROR: [Vivado 12-106] *** Exception: java.lang.ClassCastException (See /home/cmstestbeam/NIMPlus/nimPlus_/nimPlus_nov16_2017_t0923/nimPlus_/vivado_pid6734.debug)
ERROR: [Vivado 12-106] *** Exception: java.lang.ClassCastException (See /home/cmstestbeam/NIMPlus/nimPlus_/nimPlus_nov16_2017_t0923/nimPlus_/vivado_pid6734.debug)
ERROR: [Vivado 12-106] *** Exception: java.lang.ClassCastException (See /home/cmstestbeam/NIMPlus/nimPlus_/nimPlus_nov16_2017_t0923/nimPlus_/vivado_pid6734.debug)
ERROR: [Vivado 12-106] *** Exception: java.lang.ClassCastException (See /home/cmstestbeam/NIMPlus/nimPlus_/nimPlus_nov16_2017_t0923/nimPlus_/vivado_pid6734.debug)
ERROR: [Vivado 12-106] *** Exception: java.lang.ClassCastException (See /home/cmstestbeam/NIMPlus/nimPlus_/nimPlus_nov16_2017_t0923/nimPlus_/vivado_pid6734.debug)
ERROR: [Vivado 12-106] *** Exception: java.lang.ClassCastException (See /home/cmstestbeam/NIMPlus/nimPlus_/nimPlus_nov16_2017_t0923/nimPlus_/vivado_pid6734.debug)
ERROR: [Vivado 12-106] *** Exception: java.lang.ClassCastException (See /home/cmstestbeam/NIMPlus/nimPlus_/nimPlus_nov16_2017_t0923/nimPlus_/vivado_pid6734.debug)
ERROR: [Vivado 12-106] *** Exception: java.lang.ClassCastException (See /home/cmstestbeam/NIMPlus/nimPlus_/nimPlus_nov16_2017_t0923/nimPlus_/vivado_pid6734.debug)
ERROR: [Vivado 12-106] *** Exception: java.lang.ClassCastException (See /home/cmstestbeam/NIMPlus/nimPlus_/nimPlus_nov16_2017_t0923/nimPlus_/vivado_pid6734.debug)
ERROR: [Vivado 12-106] *** Exception: java.lang.ClassCastException (See /home/cmstestbeam/NIMPlus/nimPlus_/nimPlus_nov16_2017_t0923/nimPlus_/vivado_pid6734.debug)
ERROR: [Vivado 12-106] *** Exception: java.lang.ClassCastException (See /home/cmstestbeam/NIMPlus/nimPlus_/nimPlus_nov16_2017_t0923/nimPlus_/vivado_pid6734.debug)
ERROR: [Vivado 12-106] *** Exception: java.lang.ClassCastException (See /home/cmstestbeam/NIMPlus/nimPlus_/nimPlus_nov16_2017_t0923/nimPlus_/vivado_pid6734.debug)
ERROR: [Vivado 12-106] *** Exception: java.lang.ClassCastException (See /home/cmstestbeam/NIMPlus/nimPlus_/nimPlus_nov16_2017_t0923/nimPlus_/vivado_pid6734.debug)
ERROR: [Vivado 12-106] *** Exception: java.lang.ClassCastException (See /home/cmstestbeam/NIMPlus/nimPlus_/nimPlus_nov16_2017_t0923/nimPlus_/vivado_pid6734.debug)
ERROR: [Vivado 12-106] *** Exception: java.lang.ClassCastException (See /home/cmstestbeam/NIMPlus/nimPlus_/nimPlus_nov16_2017_t0923/nimPlus_/vivado_pid6734.debug)
ERROR: [Vivado 12-106] *** Exception: java.lang.ClassCastException (See /home/cmstestbeam/NIMPlus/nimPlus_/nimPlus_nov16_2017_t0923/nimPlus_/vivado_pid6734.debug)
ERROR: [Vivado 12-106] *** Exception: java.lang.ClassCastException (See /home/cmstestbeam/NIMPlus/nimPlus_/nimPlus_nov16_2017_t0923/nimPlus_/vivado_pid6734.debug)
ERROR: [Vivado 12-106] *** Exception: java.lang.ClassCastException (See /home/cmstestbeam/NIMPlus/nimPlus_/nimPlus_nov16_2017_t0923/nimPlus_/vivado_pid6734.debug)
ERROR: [Vivado 12-106] *** Exception: java.lang.ClassCastException (See /home/cmstestbeam/NIMPlus/nimPlus_/nimPlus_nov16_2017_t0923/nimPlus_/vivado_pid6734.debug)
ERROR: [Vivado 12-106] *** Exception: java.lang.ClassCastException (See /home/cmstestbeam/NIMPlus/nimPlus_/nimPlus_nov16_2017_t0923/nimPlus_/vivado_pid6734.debug)
ERROR: [Vivado 12-106] *** Exception: java.lang.ClassCastException (See /home/cmstestbeam/NIMPlus/nimPlus_/nimPlus_nov16_2017_t0923/nimPlus_/vivado_pid6734.debug)
ERROR: [Vivado 12-106] *** Exception: java.lang.ClassCastException (See /home/cmstestbeam/NIMPlus/nimPlus_/nimPlus_nov16_2017_t0923/nimPlus_/vivado_pid6734.debug)
ERROR: [Vivado 12-106] *** Exception: java.lang.ClassCastException (See /home/cmstestbeam/NIMPlus/nimPlus_/nimPlus_nov16_2017_t0923/nimPlus_/vivado_pid6734.debug)
ERROR: [Vivado 12-106] *** Exception: java.lang.ClassCastException (See /home/cmstestbeam/NIMPlus/nimPlus_/nimPlus_nov16_2017_t0923/nimPlus_/vivado_pid6734.debug)
ERROR: [Vivado 12-106] *** Exception: java.lang.ClassCastException (See /home/cmstestbeam/NIMPlus/nimPlus_/nimPlus_nov16_2017_t0923/nimPlus_/vivado_pid6734.debug)
ERROR: [Vivado 12-106] *** Exception: java.lang.ClassCastException (See /home/cmstestbeam/NIMPlus/nimPlus_/nimPlus_nov16_2017_t0923/nimPlus_/vivado_pid6734.debug)
ERROR: [Vivado 12-106] *** Exception: java.lang.ClassCastException (See /home/cmstestbeam/NIMPlus/nimPlus_/nimPlus_nov16_2017_t0923/nimPlus_/vivado_pid6734.debug)
ERROR: [Vivado 12-106] *** Exception: java.lang.ClassCastException (See /home/cmstestbeam/NIMPlus/nimPlus_/nimPlus_nov16_2017_t0923/nimPlus_/vivado_pid6734.debug)
ERROR: [Vivado 12-106] *** Exception: java.lang.ClassCastException (See /home/cmstestbeam/NIMPlus/nimPlus_/nimPlus_nov16_2017_t0923/nimPlus_/vivado_pid6734.debug)
ERROR: [Vivado 12-106] *** Exception: java.lang.ClassCastException (See /home/cmstestbeam/NIMPlus/nimPlus_/nimPlus_nov16_2017_t0923/nimPlus_/vivado_pid6734.debug)
ERROR: [Vivado 12-106] *** Exception: java.lang.ClassCastException (See /home/cmstestbeam/NIMPlus/nimPlus_/nimPlus_nov16_2017_t0923/nimPlus_/vivado_pid6734.debug)
ERROR: [Vivado 12-106] *** Exception: java.lang.ClassCastException (See /home/cmstestbeam/NIMPlus/nimPlus_/nimPlus_nov16_2017_t0923/nimPlus_/vivado_pid6734.debug)
ERROR: [Vivado 12-106] *** Exception: java.lang.ClassCastException (See /home/cmstestbeam/NIMPlus/nimPlus_/nimPlus_nov16_2017_t0923/nimPlus_/vivado_pid6734.debug)
ERROR: [Vivado 12-106] *** Exception: java.lang.ClassCastException (See /home/cmstestbeam/NIMPlus/nimPlus_/nimPlus_nov16_2017_t0923/nimPlus_/vivado_pid6734.debug)
ERROR: [Vivado 12-106] *** Exception: java.lang.ClassCastException (See /home/cmstestbeam/NIMPlus/nimPlus_/nimPlus_nov16_2017_t0923/nimPlus_/vivado_pid6734.debug)
ERROR: [Vivado 12-106] *** Exception: java.lang.ClassCastException (See /home/cmstestbeam/NIMPlus/nimPlus_/nimPlus_nov16_2017_t0923/nimPlus_/vivado_pid6734.debug)
ERROR: [Vivado 12-106] *** Exception: java.lang.ClassCastException (See /home/cmstestbeam/NIMPlus/nimPlus_/nimPlus_nov16_2017_t0923/nimPlus_/vivado_pid6734.debug)
ERROR: [Vivado 12-106] *** Exception: java.lang.ClassCastException (See /home/cmstestbeam/NIMPlus/nimPlus_/nimPlus_nov16_2017_t0923/nimPlus_/vivado_pid6734.debug)
ERROR: [Vivado 12-106] *** Exception: java.lang.ClassCastException (See /home/cmstestbeam/NIMPlus/nimPlus_/nimPlus_nov16_2017_t0923/nimPlus_/vivado_pid6734.debug)
ERROR: [Vivado 12-106] *** Exception: java.lang.ClassCastException (See /home/cmstestbeam/NIMPlus/nimPlus_/nimPlus_nov16_2017_t0923/nimPlus_/vivado_pid6734.debug)
ERROR: [Vivado 12-106] *** Exception: java.lang.ClassCastException (See /home/cmstestbeam/NIMPlus/nimPlus_/nimPlus_nov16_2017_t0923/nimPlus_/vivado_pid6734.debug)
ERROR: [Vivado 12-106] *** Exception: java.lang.ClassCastException (See /home/cmstestbeam/NIMPlus/nimPlus_/nimPlus_nov16_2017_t0923/nimPlus_/vivado_pid6734.debug)
ERROR: [Vivado 12-106] *** Exception: java.lang.ClassCastException (See /home/cmstestbeam/NIMPlus/nimPlus_/nimPlus_nov16_2017_t0923/nimPlus_/vivado_pid6734.debug)
ERROR: [Vivado 12-106] *** Exception: java.lang.ClassCastException (See /home/cmstestbeam/NIMPlus/nimPlus_/nimPlus_nov16_2017_t0923/nimPlus_/vivado_pid6734.debug)
ERROR: [Vivado 12-106] *** Exception: java.lang.ClassCastException (See /home/cmstestbeam/NIMPlus/nimPlus_/nimPlus_nov16_2017_t0923/nimPlus_/vivado_pid6734.debug)
ERROR: [Vivado 12-106] *** Exception: java.lang.ClassCastException (See /home/cmstestbeam/NIMPlus/nimPlus_/nimPlus_nov16_2017_t0923/nimPlus_/vivado_pid6734.debug)
ERROR: [Vivado 12-106] *** Exception: java.lang.ClassCastException (See /home/cmstestbeam/NIMPlus/nimPlus_/nimPlus_nov16_2017_t0923/nimPlus_/vivado_pid6734.debug)
ERROR: [Vivado 12-106] *** Exception: java.lang.ClassCastException (See /home/cmstestbeam/NIMPlus/nimPlus_/nimPlus_nov16_2017_t0923/nimPlus_/vivado_pid6734.debug)
ERROR: [Vivado 12-106] *** Exception: java.lang.ClassCastException (See /home/cmstestbeam/NIMPlus/nimPlus_/nimPlus_nov16_2017_t0923/nimPlus_/vivado_pid6734.debug)
ERROR: [Vivado 12-106] *** Exception: java.lang.ClassCastException (See /home/cmstestbeam/NIMPlus/nimPlus_/nimPlus_nov16_2017_t0923/nimPlus_/vivado_pid6734.debug)
ERROR: [Vivado 12-106] *** Exception: java.lang.ClassCastException (See /home/cmstestbeam/NIMPlus/nimPlus_/nimPlus_nov16_2017_t0923/nimPlus_/vivado_pid6734.debug)
ERROR: [Vivado 12-106] *** Exception: java.lang.ClassCastException (See /home/cmstestbeam/NIMPlus/nimPlus_/nimPlus_nov16_2017_t0923/nimPlus_/vivado_pid6734.debug)
ERROR: [Vivado 12-106] *** Exception: java.lang.ClassCastException (See /home/cmstestbeam/NIMPlus/nimPlus_/nimPlus_nov16_2017_t0923/nimPlus_/vivado_pid6734.debug)
ERROR: [Vivado 12-106] *** Exception: java.lang.ClassCastException (See /home/cmstestbeam/NIMPlus/nimPlus_/nimPlus_nov16_2017_t0923/nimPlus_/vivado_pid6734.debug)
ERROR: [Vivado 12-106] *** Exception: java.lang.ClassCastException (See /home/cmstestbeam/NIMPlus/nimPlus_/nimPlus_nov16_2017_t0923/nimPlus_/vivado_pid6734.debug)
ERROR: [Vivado 12-106] *** Exception: java.lang.ClassCastException (See /home/cmstestbeam/NIMPlus/nimPlus_/nimPlus_nov16_2017_t0923/nimPlus_/vivado_pid6734.debug)
ERROR: [Vivado 12-106] *** Exception: java.lang.ClassCastException (See /home/cmstestbeam/NIMPlus/nimPlus_/nimPlus_nov16_2017_t0923/nimPlus_/vivado_pid6734.debug)
ERROR: [Vivado 12-106] *** Exception: java.lang.ClassCastException (See /home/cmstestbeam/NIMPlus/nimPlus_/nimPlus_nov16_2017_t0923/nimPlus_/vivado_pid6734.debug)
ERROR: [Vivado 12-106] *** Exception: java.lang.ClassCastException (See /home/cmstestbeam/NIMPlus/nimPlus_/nimPlus_nov16_2017_t0923/nimPlus_/vivado_pid6734.debug)
ERROR: [Vivado 12-106] *** Exception: java.lang.ClassCastException (See /home/cmstestbeam/NIMPlus/nimPlus_/nimPlus_nov16_2017_t0923/nimPlus_/vivado_pid6734.debug)
ERROR: [Vivado 12-106] *** Exception: java.lang.ClassCastException (See /home/cmstestbeam/NIMPlus/nimPlus_/nimPlus_nov16_2017_t0923/nimPlus_/vivado_pid6734.debug)
ERROR: [Vivado 12-106] *** Exception: java.lang.ClassCastException (See /home/cmstestbeam/NIMPlus/nimPlus_/nimPlus_nov16_2017_t0923/nimPlus_/vivado_pid6734.debug)
ERROR: [Vivado 12-106] *** Exception: java.lang.ClassCastException (See /home/cmstestbeam/NIMPlus/nimPlus_/nimPlus_nov16_2017_t0923/nimPlus_/vivado_pid6734.debug)
ERROR: [Vivado 12-106] *** Exception: java.lang.ClassCastException (See /home/cmstestbeam/NIMPlus/nimPlus_/nimPlus_nov16_2017_t0923/nimPlus_/vivado_pid6734.debug)
ERROR: [Vivado 12-106] *** Exception: java.lang.ClassCastException (See /home/cmstestbeam/NIMPlus/nimPlus_/nimPlus_nov16_2017_t0923/nimPlus_/vivado_pid6734.debug)
ERROR: [Vivado 12-106] *** Exception: java.lang.ClassCastException (See /home/cmstestbeam/NIMPlus/nimPlus_/nimPlus_nov16_2017_t0923/nimPlus_/vivado_pid6734.debug)
ERROR: [Vivado 12-106] *** Exception: java.lang.ClassCastException (See /home/cmstestbeam/NIMPlus/nimPlus_/nimPlus_nov16_2017_t0923/nimPlus_/vivado_pid6734.debug)
ERROR: [Vivado 12-106] *** Exception: java.lang.ClassCastException (See /home/cmstestbeam/NIMPlus/nimPlus_/nimPlus_nov16_2017_t0923/nimPlus_/vivado_pid6734.debug)
ERROR: [Vivado 12-106] *** Exception: java.lang.ClassCastException (See /home/cmstestbeam/NIMPlus/nimPlus_/nimPlus_nov16_2017_t0923/nimPlus_/vivado_pid6734.debug)
ERROR: [Vivado 12-106] *** Exception: java.lang.ClassCastException (See /home/cmstestbeam/NIMPlus/nimPlus_/nimPlus_nov16_2017_t0923/nimPlus_/vivado_pid6734.debug)
ERROR: [Vivado 12-106] *** Exception: java.lang.ClassCastException (See /home/cmstestbeam/NIMPlus/nimPlus_/nimPlus_nov16_2017_t0923/nimPlus_/vivado_pid6734.debug)
ERROR: [Vivado 12-106] *** Exception: java.lang.ClassCastException (See /home/cmstestbeam/NIMPlus/nimPlus_/nimPlus_nov16_2017_t0923/nimPlus_/vivado_pid6734.debug)
ERROR: [Vivado 12-106] *** Exception: java.lang.ClassCastException (See /home/cmstestbeam/NIMPlus/nimPlus_/nimPlus_nov16_2017_t0923/nimPlus_/vivado_pid6734.debug)
INFO: [Common 17-14] Message 'Vivado 12-106' appears 100 times and further instances of the messages will be disabled. Use the Tcl command set_msg_config to change the current settings.
exit
INFO: [Common 17-206] Exiting Vivado at Thu Nov 30 18:39:13 2017...
