#-----------------------------------------------------------
# Vivado v2015.2 (64-bit)
# SW Build 1266856 on Fri Jun 26 16:35:25 MDT 2015
# IP Build 1264090 on Wed Jun 24 14:22:01 MDT 2015
# Start of session at: Mon Dec  4 15:17:06 2017
# Process ID: 16796
# Log file: /home/cmstestbeam/NIMPlus/nimPlus_/nimPlus_nov16_2017_t0923/nimPlus_/vivado.log
# Journal file: /home/cmstestbeam/NIMPlus/nimPlus_/nimPlus_nov16_2017_t0923/nimPlus_/vivado.jou
#-----------------------------------------------------------
start_gui
open_project top/top.xpr
Scanning sources...
Finished scanning sources
INFO: [IP_Flow 19-234] Refreshing IP repositories
INFO: [IP_Flow 19-1704] No user IP repositories specified
INFO: [IP_Flow 19-2313] Loaded Vivado IP repository '/opt/local/xilinx/Vivado/2015.2/data/ip'.
open_project: Time (s): cpu = 00:00:13 ; elapsed = 00:00:06 . Memory (MB): peak = 5966.484 ; gain = 207.918 ; free physical = 23703 ; free virtual = 48068
remove_files /home/cmstestbeam/NIMPlus/nimPlus_/nim_plus_blk_1_phase_4ps.vhd
add_files -norecurse /home/cmstestbeam/NIMPlus/nimPlus_/nimPlus_fileDrop_dec08_2017/nim_plus_blk_1_phase_4ps.vhd
remove_files /home/cmstestbeam/NIMPlus/nimPlus_/section_counter.vhd
add_files -norecurse /home/cmstestbeam/NIMPlus/nimPlus_/nimPlus_fileDrop_dec08_2017/section_counter.vhd
reset_run synth_1
launch_runs synth_1 -jobs 4
[Mon Dec 11 09:08:06 2017] Launched synth_1...
Run output will be captured here: /home/cmstestbeam/NIMPlus/nimPlus_/nimPlus_nov16_2017_t0923/nimPlus_/top/top.runs/synth_1/runme.log
reset_run synth_1
launch_runs synth_1 -jobs 4
[Mon Dec 11 09:09:05 2017] Launched synth_1...
Run output will be captured here: /home/cmstestbeam/NIMPlus/nimPlus_/nimPlus_nov16_2017_t0923/nimPlus_/top/top.runs/synth_1/runme.log
open_run synth_1 -name synth_1
Design is defaulting to impl run constrset: constrs_1
Design is defaulting to synth run part: xc7k325tffg900-2
INFO: [Project 1-454] Reading design checkpoint '/home/cmstestbeam/NIMPlus/nimPlus_/nimPlus_nov16_2017_t0923/nimPlus_/top/top.runs/NIM_CLKS_synth_1/NIM_CLKS.dcp' for cell 'NIM_CLKS_BLOCK'
INFO: [Project 1-454] Reading design checkpoint '/home/cmstestbeam/NIMPlus/nimPlus_/nimPlus_nov16_2017_t0923/nimPlus_/top/top.runs/clk_wiz_0_synth_1/clk_wiz_0.dcp' for cell 'clk_wiz_0_BLOCK'
INFO: [Project 1-454] Reading design checkpoint '/home/cmstestbeam/NIMPlus/nimPlus_/nimPlus_nov16_2017_t0923/nimPlus_/top/top.runs/clk_wiz_1_synth_1/clk_wiz_1.dcp' for cell 'clk_wiz_1_BLOCK'
INFO: [Project 1-454] Reading design checkpoint '/home/cmstestbeam/NIMPlus/nimPlus_/nimPlus_nov16_2017_t0923/nimPlus_/top/top.runs/clk_wiz_2_synth_1/clk_wiz_2.dcp' for cell 'clk_wiz_2_BLOCK'
INFO: [Netlist 29-17] Analyzing 386 Unisim elements for replacement
INFO: [Netlist 29-28] Unisim Transformation completed in 0 CPU seconds
INFO: [Project 1-479] Netlist was created with Vivado 2015.2
INFO: [Device 21-403] Loading part xc7k325tffg900-2
INFO: [Project 1-570] Preparing netlist for logic optimization
WARNING: [Opt 31-32] Removing redundant IBUF since it is not being driven by a top-level port. clk_wiz_2_BLOCK/U0/clkin1_ibufg 
Resolution: The tool has removed redundant IBUF. To resolve this warning, check for redundant IBUF in the input design.
WARNING: [Constraints 18-550] Could not create 'IBUF_LOW_PWR' constraint because net 'clk_wiz_2_BLOCK/clk_39_in' is not directly connected to top level port. 'IBUF_LOW_PWR' is ignored by Vivado but preserved for implementation tool. [/home/cmstestbeam/NIMPlus/nimPlus_/nimPlus_nov16_2017_t0923/nimPlus_/.Xil/Vivado-16796-rulinux04.dhcp.fnal.gov/dcp_5/clk_wiz_2.edf:343]
Parsing XDC File [/home/cmstestbeam/NIMPlus/nimPlus_/nimPlus_nov16_2017_t0923/nimPlus_/top/top.srcs/sources_1/ip/NIM_CLKS/NIM_CLKS_board.xdc] for cell 'NIM_CLKS_BLOCK/U0'
Finished Parsing XDC File [/home/cmstestbeam/NIMPlus/nimPlus_/nimPlus_nov16_2017_t0923/nimPlus_/top/top.srcs/sources_1/ip/NIM_CLKS/NIM_CLKS_board.xdc] for cell 'NIM_CLKS_BLOCK/U0'
Parsing XDC File [/home/cmstestbeam/NIMPlus/nimPlus_/nimPlus_nov16_2017_t0923/nimPlus_/top/top.srcs/sources_1/ip/NIM_CLKS/NIM_CLKS.xdc] for cell 'NIM_CLKS_BLOCK/U0'
Finished Parsing XDC File [/home/cmstestbeam/NIMPlus/nimPlus_/nimPlus_nov16_2017_t0923/nimPlus_/top/top.srcs/sources_1/ip/NIM_CLKS/NIM_CLKS.xdc] for cell 'NIM_CLKS_BLOCK/U0'
Parsing XDC File [/home/cmstestbeam/NIMPlus/nimPlus_/nimPlus_nov16_2017_t0923/nimPlus_/top/top.srcs/sources_1/ip/clk_wiz_0/clk_wiz_0_board.xdc] for cell 'clk_wiz_0_BLOCK/U0'
Finished Parsing XDC File [/home/cmstestbeam/NIMPlus/nimPlus_/nimPlus_nov16_2017_t0923/nimPlus_/top/top.srcs/sources_1/ip/clk_wiz_0/clk_wiz_0_board.xdc] for cell 'clk_wiz_0_BLOCK/U0'
Parsing XDC File [/home/cmstestbeam/NIMPlus/nimPlus_/nimPlus_nov16_2017_t0923/nimPlus_/top/top.srcs/sources_1/ip/clk_wiz_0/clk_wiz_0.xdc] for cell 'clk_wiz_0_BLOCK/U0'
Finished Parsing XDC File [/home/cmstestbeam/NIMPlus/nimPlus_/nimPlus_nov16_2017_t0923/nimPlus_/top/top.srcs/sources_1/ip/clk_wiz_0/clk_wiz_0.xdc] for cell 'clk_wiz_0_BLOCK/U0'
Parsing XDC File [/home/cmstestbeam/NIMPlus/nimPlus_/nimPlus_nov16_2017_t0923/nimPlus_/top/top.srcs/sources_1/ip/clk_wiz_1/clk_wiz_1_board.xdc] for cell 'clk_wiz_1_BLOCK/U0'
Finished Parsing XDC File [/home/cmstestbeam/NIMPlus/nimPlus_/nimPlus_nov16_2017_t0923/nimPlus_/top/top.srcs/sources_1/ip/clk_wiz_1/clk_wiz_1_board.xdc] for cell 'clk_wiz_1_BLOCK/U0'
Parsing XDC File [/home/cmstestbeam/NIMPlus/nimPlus_/nimPlus_nov16_2017_t0923/nimPlus_/top/top.srcs/sources_1/ip/clk_wiz_1/clk_wiz_1.xdc] for cell 'clk_wiz_1_BLOCK/U0'
Finished Parsing XDC File [/home/cmstestbeam/NIMPlus/nimPlus_/nimPlus_nov16_2017_t0923/nimPlus_/top/top.srcs/sources_1/ip/clk_wiz_1/clk_wiz_1.xdc] for cell 'clk_wiz_1_BLOCK/U0'
Parsing XDC File [/home/cmstestbeam/NIMPlus/nimPlus_/nimPlus_nov16_2017_t0923/nimPlus_/top/top.srcs/sources_1/ip/clk_wiz_2/clk_wiz_2_board.xdc] for cell 'clk_wiz_2_BLOCK/U0'
Finished Parsing XDC File [/home/cmstestbeam/NIMPlus/nimPlus_/nimPlus_nov16_2017_t0923/nimPlus_/top/top.srcs/sources_1/ip/clk_wiz_2/clk_wiz_2_board.xdc] for cell 'clk_wiz_2_BLOCK/U0'
Parsing XDC File [/home/cmstestbeam/NIMPlus/nimPlus_/nimPlus_nov16_2017_t0923/nimPlus_/top/top.srcs/sources_1/ip/clk_wiz_2/clk_wiz_2.xdc] for cell 'clk_wiz_2_BLOCK/U0'
INFO: [Timing 38-35] Done setting XDC timing constraints. [/home/cmstestbeam/NIMPlus/nimPlus_/nimPlus_nov16_2017_t0923/nimPlus_/top/top.srcs/sources_1/ip/clk_wiz_2/clk_wiz_2.xdc:56]
INFO: [Timing 38-2] Deriving generated clocks [/home/cmstestbeam/NIMPlus/nimPlus_/nimPlus_nov16_2017_t0923/nimPlus_/top/top.srcs/sources_1/ip/clk_wiz_2/clk_wiz_2.xdc:56]
get_clocks: Time (s): cpu = 00:00:07 ; elapsed = 00:00:07 . Memory (MB): peak = 6884.426 ; gain = 532.672 ; free physical = 339 ; free virtual = 47278
WARNING: [Vivado 12-2489] -input_jitter contains time 0.251570 which will be rounded to 0.252 to ensure it is an integer multiple of 1 picosecond [/home/cmstestbeam/NIMPlus/nimPlus_/nimPlus_nov16_2017_t0923/nimPlus_/top/top.srcs/sources_1/ip/clk_wiz_2/clk_wiz_2.xdc:56]
Finished Parsing XDC File [/home/cmstestbeam/NIMPlus/nimPlus_/nimPlus_nov16_2017_t0923/nimPlus_/top/top.srcs/sources_1/ip/clk_wiz_2/clk_wiz_2.xdc] for cell 'clk_wiz_2_BLOCK/U0'
Sourcing Tcl File [/home/cmstestbeam/NIMPlus/nimPlus_/nimPlus_nov16_2017_t0923/nimPlus_/top/top.srcs/constrs_1/imports/ucf/pins.tcl]
Finished Sourcing Tcl File [/home/cmstestbeam/NIMPlus/nimPlus_/nimPlus_nov16_2017_t0923/nimPlus_/top/top.srcs/constrs_1/imports/ucf/pins.tcl]
Sourcing Tcl File [/home/cmstestbeam/NIMPlus/nimPlus_/nimPlus_nov16_2017_t0923/nimPlus_/top/top.srcs/constrs_1/imports/ucf/clock_constraints.tcl]
WARNING: [Vivado 12-2489] -period contains time 3.144650 which will be rounded to 3.145 to ensure it is an integer multiple of 1 picosecond [/home/cmstestbeam/NIMPlus/nimPlus_/nimPlus_nov16_2017_t0923/nimPlus_/top/top.srcs/constrs_1/imports/ucf/clock_constraints.tcl:17]
WARNING: [Vivado 12-2489] -period contains time 25.157200 which will be rounded to 25.157 to ensure it is an integer multiple of 1 picosecond [/home/cmstestbeam/NIMPlus/nimPlus_/nimPlus_nov16_2017_t0923/nimPlus_/top/top.srcs/constrs_1/imports/ucf/clock_constraints.tcl:19]
Finished Sourcing Tcl File [/home/cmstestbeam/NIMPlus/nimPlus_/nimPlus_nov16_2017_t0923/nimPlus_/top/top.srcs/constrs_1/imports/ucf/clock_constraints.tcl]
Parsing XDC File [/home/cmstestbeam/NIMPlus/nimPlus_/nimPlus_nov16_2017_t0923/nimPlus_/top/top.srcs/constrs_1/new/top_11.xdc]
Finished Parsing XDC File [/home/cmstestbeam/NIMPlus/nimPlus_/nimPlus_nov16_2017_t0923/nimPlus_/top/top.srcs/constrs_1/new/top_11.xdc]
INFO: [Project 1-538] Using original IP XDC constraints instead of the XDC constraints in dcp '/home/cmstestbeam/NIMPlus/nimPlus_/nimPlus_nov16_2017_t0923/nimPlus_/top/top.runs/NIM_CLKS_synth_1/NIM_CLKS.dcp'
INFO: [Project 1-538] Using original IP XDC constraints instead of the XDC constraints in dcp '/home/cmstestbeam/NIMPlus/nimPlus_/nimPlus_nov16_2017_t0923/nimPlus_/top/top.runs/clk_wiz_0_synth_1/clk_wiz_0.dcp'
INFO: [Project 1-538] Using original IP XDC constraints instead of the XDC constraints in dcp '/home/cmstestbeam/NIMPlus/nimPlus_/nimPlus_nov16_2017_t0923/nimPlus_/top/top.runs/clk_wiz_1_synth_1/clk_wiz_1.dcp'
INFO: [Project 1-538] Using original IP XDC constraints instead of the XDC constraints in dcp '/home/cmstestbeam/NIMPlus/nimPlus_/nimPlus_nov16_2017_t0923/nimPlus_/top/top.runs/clk_wiz_2_synth_1/clk_wiz_2.dcp'
INFO: [Opt 31-138] Pushed 0 inverter(s) to 0 load pin(s).
INFO: [Project 1-111] Unisim Transformation Summary:
  A total of 8 instances were transformed.
  OBUFDS => OBUFDS: 8 instances

open_run: Time (s): cpu = 00:00:21 ; elapsed = 00:00:15 . Memory (MB): peak = 6944.121 ; gain = 895.930 ; free physical = 241 ; free virtual = 47126
delete_debug_core [get_debug_cores {u_ila_0 }]
create_debug_core u_ila_0_0 ila
set_property C_DATA_DEPTH 1024 [get_debug_cores u_ila_0_0]
set_property C_TRIGIN_EN false [get_debug_cores u_ila_0_0]
set_property C_TRIGOUT_EN false [get_debug_cores u_ila_0_0]
set_property C_ADV_TRIGGER false [get_debug_cores u_ila_0_0]
set_property C_INPUT_PIPE_STAGES 0 [get_debug_cores u_ila_0_0]
set_property C_EN_STRG_QUAL false [get_debug_cores u_ila_0_0]
set_property ALL_PROBE_SAME_MU true [get_debug_cores u_ila_0_0]
set_property ALL_PROBE_SAME_MU_CNT 1 [get_debug_cores u_ila_0_0]
set_property port_width 1 [get_debug_ports u_ila_0_0/clk]
connect_debug_port u_ila_0_0/clk [get_nets [list MASTER_CLK ]]
set_property port_width 4 [get_debug_ports u_ila_0_0/probe0]
connect_debug_port u_ila_0_0/probe0 [get_nets [list {nim_input[0]} {nim_input[1]} {nim_input[2]} {nim_input[3]} ]]
create_debug_port u_ila_0_0 probe
set_property port_width 4 [get_debug_ports u_ila_0_0/probe1]
connect_debug_port u_ila_0_0/probe1 [get_nets [list {NIM_BLOCK/sig_mod[0]} {NIM_BLOCK/sig_mod[1]} {NIM_BLOCK/sig_mod[2]} {NIM_BLOCK/sig_mod[3]} ]]
create_debug_port u_ila_0_0 probe
set_property port_width 1 [get_debug_ports u_ila_0_0/probe2]
connect_debug_port u_ila_0_0/probe2 [get_nets [list NIM_BLOCK/acc_release ]]
create_debug_port u_ila_0_0 probe
set_property port_width 1 [get_debug_ports u_ila_0_0/probe3]
connect_debug_port u_ila_0_0/probe3 [get_nets [list bmx_40 ]]
create_debug_port u_ila_0_0 probe
set_property port_width 1 [get_debug_ports u_ila_0_0/probe4]
connect_debug_port u_ila_0_0/probe4 [get_nets [list NIM_BLOCK/clk_13_25 ]]
create_debug_port u_ila_0_0 probe
set_property port_width 1 [get_debug_ports u_ila_0_0/probe5]
connect_debug_port u_ila_0_0/probe5 [get_nets [list NIM_BLOCK/clk_39_out ]]
create_debug_port u_ila_0_0 probe
set_property port_width 1 [get_debug_ports u_ila_0_0/probe6]
connect_debug_port u_ila_0_0/probe6 [get_nets [list ei40_gen_lock ]]
create_debug_port u_ila_0_0 probe
set_property port_width 1 [get_debug_ports u_ila_0_0/probe7]
connect_debug_port u_ila_0_0/probe7 [get_nets [list fs_gen_lock ]]
create_debug_port u_ila_0_0 probe
set_property port_width 1 [get_debug_ports u_ila_0_0/probe8]
connect_debug_port u_ila_0_0/probe8 [get_nets [list NIM_BLOCK/muxout_1 ]]
create_debug_port u_ila_0_0 probe
set_property port_width 1 [get_debug_ports u_ila_0_0/probe9]
connect_debug_port u_ila_0_0/probe9 [get_nets [list NIM_BLOCK/muxout_3 ]]
create_debug_port u_ila_0_0 probe
set_property port_width 1 [get_debug_ports u_ila_0_0/probe10]
connect_debug_port u_ila_0_0/probe10 [get_nets [list NIM_BLOCK/muxout_4 ]]
create_debug_port u_ila_0_0 probe
set_property port_width 1 [get_debug_ports u_ila_0_0/probe11]
connect_debug_port u_ila_0_0/probe11 [get_nets [list s_ck_mx_out ]]
create_debug_port u_ila_0_0 probe
set_property port_width 1 [get_debug_ports u_ila_0_0/probe12]
connect_debug_port u_ila_0_0/probe12 [get_nets [list s_clk25_6e ]]
create_debug_port u_ila_0_0 probe
set_property port_width 1 [get_debug_ports u_ila_0_0/probe13]
connect_debug_port u_ila_0_0/probe13 [get_nets [list NIM_BLOCK/sig_cms1 ]]
create_debug_port u_ila_0_0 probe
set_property port_width 1 [get_debug_ports u_ila_0_0/probe14]
connect_debug_port u_ila_0_0/probe14 [get_nets [list NIM_BLOCK/sig_cms2 ]]
create_debug_port u_ila_0_0 probe
set_property port_width 1 [get_debug_ports u_ila_0_0/probe15]
connect_debug_port u_ila_0_0/probe15 [get_nets [list NIM_BLOCK/sig_log ]]
create_debug_port u_ila_0_0 probe
set_property port_width 1 [get_debug_ports u_ila_0_0/probe16]
connect_debug_port u_ila_0_0/probe16 [get_nets [list NIM_BLOCK/sig_norm ]]
create_debug_port u_ila_0_0 probe
set_property port_width 1 [get_debug_ports u_ila_0_0/probe17]
connect_debug_port u_ila_0_0/probe17 [get_nets [list NIM_BLOCK/sig_out ]]
create_debug_port u_ila_0_0 probe
set_property port_width 1 [get_debug_ports u_ila_0_0/probe18]
connect_debug_port u_ila_0_0/probe18 [get_nets [list NIM_BLOCK/sync_w_40MHz ]]
create_debug_port u_ila_0_0 probe
set_property port_width 1 [get_debug_ports u_ila_0_0/probe19]
connect_debug_port u_ila_0_0/probe19 [get_nets [list NIM_BLOCK/sync_w_accel ]]
save_constraints
close_design
launch_runs impl_1 -to_step write_bitstream -jobs 4
[Mon Dec 11 09:17:38 2017] Launched impl_1...
Run output will be captured here: /home/cmstestbeam/NIMPlus/nimPlus_/nimPlus_nov16_2017_t0923/nimPlus_/top/top.runs/impl_1/runme.log
