Release 13.1 - ngc2edif O.40d (nt64)
Copyright (c) 1995-2011 Xilinx, Inc.  All rights reserved.
Reading design TOP_LEVEL.ngc ...
WARNING:NetListWriters:298 - No output is written to TOP_LEVEL.xncf, ignored.
Processing design ...
   Preping design's networks ...
   Preping design's macros ...
WARNING:NetListWriters:306 - Signal bus
   Mcompar_udp_data_valid_sig_cmp_gt0000_lut<4 : 0> on block decipherer is not
   reconstructed, because there are some missing bus signals.
WARNING:NetListWriters:306 - Signal bus Madd_cs_sig_add0000_lut<15 : 0> on block
   ip_checksum_calc is not reconstructed, because there are some missing bus
   signals.
WARNING:NetListWriters:306 - Signal bus delay_count_mux0000<9 : 0> on block
   trig_pulse_gen is not reconstructed, because there are some missing bus
   signals.
WARNING:NetListWriters:306 - Signal bus pulse_count_mux0000<7 : 1> on block
   trig_pulse_stretch is not reconstructed, because there are some missing bus
   signals.
WARNING:NetListWriters:306 - Signal bus trig_reg_data<63 : 0> on block
   Master_Controls_Blk_MUSER_TOP_LEVEL is not reconstructed, because there are
   some missing bus signals.
WARNING:NetListWriters:306 - Signal bus mem_loc_count_reg_mux0000<7 : 0> on
   block RAM_COMM_DEC_9 is not reconstructed, because there are some missing bus
   signals.
WARNING:NetListWriters:306 - Signal bus ram_addr_mux0000<12 : 0> on block
   RAM_COMM_DEC_9 is not reconstructed, because there are some missing bus
   signals.
WARNING:NetListWriters:306 - Signal bus Madd_q_w_count_addsub0000_cy<5 : 2> on
   block GEC_RX_CTL_8 is not reconstructed, because there are some missing bus
   signals.
WARNING:NetListWriters:306 - Signal bus Madd_q_w_counter_addsub0000_cy<5 : 3> on
   block GEC_RX_CTL_8 is not reconstructed, because there are some missing bus
   signals.
WARNING:NetListWriters:306 - Signal bus Msub_col_calc_addsub0000_cy<2 : 0> on
   block State_Machine_NO1 is not reconstructed, because there are some missing
   bus signals.
WARNING:NetListWriters:306 - Signal bus _mux0000<3 : 1> on block
   State_Machine_NO1 is not reconstructed, because there are some missing bus
   signals.
WARNING:NetListWriters:306 - Signal bus row_calc_mux0001<4 : 1> on block
   State_Machine_NO1 is not reconstructed, because there are some missing bus
   signals.
WARNING:NetListWriters:306 - Signal bus status_data<10 : 0> on block
   State_Machine_NO1 is not reconstructed, because there are some missing bus
   signals.
WARNING:NetListWriters:306 - Signal bus Msub_col_calc_addsub0000_cy<2 : 0> on
   block State_Machine is not reconstructed, because there are some missing bus
   signals.
WARNING:NetListWriters:306 - Signal bus _mux0000<3 : 1> on block State_Machine
   is not reconstructed, because there are some missing bus signals.
WARNING:NetListWriters:306 - Signal bus row_calc_mux0001<4 : 1> on block
   State_Machine is not reconstructed, because there are some missing bus
   signals.
WARNING:NetListWriters:306 - Signal bus status_data<10 : 0> on block
   State_Machine is not reconstructed, because there are some missing bus
   signals.
WARNING:NetListWriters:306 - Signal bus tokout_counter_sig<33 : 0> on block
   Trigger_Counter_Block is not reconstructed, because there are some missing
   bus signals.
  finished :Prep
Writing EDIF netlist file TOP_LEVEL.edif ...
ngc2edif: Total memory usage is 87176 kilobytes

Release 13.1 - ngc2edif O.40d (nt64)
Copyright (c) 1995-2011 Xilinx, Inc.  All rights reserved.
Reading design DATA_FIFO_0.ngc ...
WARNING:NetListWriters:298 - No output is written to DATA_FIFO_0.xncf, ignored.
Processing design ...
   Preping design's networks ...
   Preping design's macros ...
  finished :Prep
Writing EDIF netlist file DATA_FIFO_0.edif ...
ngc2edif: Total memory usage is 69768 kilobytes

Release 13.1 - ngc2edif O.40d (nt64)
Copyright (c) 1995-2011 Xilinx, Inc.  All rights reserved.
Reading design INFO_FIFO_0.ngc ...
WARNING:NetListWriters:298 - No output is written to INFO_FIFO_0.xncf, ignored.
Processing design ...
   Preping design's networks ...
   Preping design's macros ...
  finished :Prep
Writing EDIF netlist file INFO_FIFO_0.edif ...
ngc2edif: Total memory usage is 69768 kilobytes

Release 13.1 - ngc2edif O.40d (nt64)
Copyright (c) 1995-2011 Xilinx, Inc.  All rights reserved.
Reading design adc_sample_fifo12.ngc ...
WARNING:NetListWriters:298 - No output is written to adc_sample_fifo12.xncf,
   ignored.
Processing design ...
   Preping design's networks ...
   Preping design's macros ...
  finished :Prep
Writing EDIF netlist file adc_sample_fifo12.edif ...
ngc2edif: Total memory usage is 69768 kilobytes

Release 13.1 - ngc2edif O.40d (nt64)
Copyright (c) 1995-2011 Xilinx, Inc.  All rights reserved.
Reading design psi_cmd_fifo32.ngc ...
WARNING:NetListWriters:298 - No output is written to psi_cmd_fifo32.xncf,
   ignored.
Processing design ...
   Preping design's networks ...
   Preping design's macros ...
  finished :Prep
Writing EDIF netlist file psi_cmd_fifo32.edif ...
ngc2edif: Total memory usage is 70536 kilobytes

Release 13.1 - ngc2edif O.40d (nt64)
Copyright (c) 1995-2011 Xilinx, Inc.  All rights reserved.
Reading design psi_level_mem.ngc ...
WARNING:NetListWriters:298 - No output is written to psi_level_mem.xncf,
   ignored.
Processing design ...
   Preping design's networks ...
   Preping design's macros ...
  finished :Prep
Writing EDIF netlist file psi_level_mem.edif ...
ngc2edif: Total memory usage is 69768 kilobytes

