Copyright 1986-2015 Xilinx, Inc. All Rights Reserved.
----------------------------------------------------------------------------------------------------
| Tool Version : Vivado v.2015.2 (lin64) Build 1266856 Fri Jun 26 16:35:25 MDT 2015
| Date         : Fri Mar 22 16:17:48 2019
| Host         : rulinux03.dhcp.fnal.gov running 64-bit Scientific Linux Fermi release 6.9 (Ramsey)
| Command      : report_utilization -file top_utilization_synth.rpt -pb top_utilization_synth.pb
| Design       : top
| Device       : xc7k325t
| Design State : Synthesized
----------------------------------------------------------------------------------------------------

Utilization Design Information

Table of Contents
-----------------
1. Slice Logic
1.1 Summary of Registers by Type
2. Memory
3. DSP
4. IO and GT Specific
5. Clocking
6. Specific Feature
7. Primitives
8. Black Boxes
9. Instantiated Netlists

1. Slice Logic
--------------

+----------------------------+------+-------+-----------+-------+
|          Site Type         | Used | Fixed | Available | Util% |
+----------------------------+------+-------+-----------+-------+
| Slice LUTs*                | 7690 |     0 |    203800 |  3.77 |
|   LUT as Logic             | 7674 |     0 |    203800 |  3.77 |
|   LUT as Memory            |   16 |     0 |     64000 |  0.03 |
|     LUT as Distributed RAM |    0 |     0 |           |       |
|     LUT as Shift Register  |   16 |     0 |           |       |
| Slice Registers            | 5291 |     0 |    407600 |  1.30 |
|   Register as Flip Flop    | 5291 |     0 |    407600 |  1.30 |
|   Register as Latch        |    0 |     0 |    407600 |  0.00 |
| F7 Muxes                   |   61 |     0 |    101900 |  0.06 |
| F8 Muxes                   |   10 |     0 |     50950 |  0.02 |
+----------------------------+------+-------+-----------+-------+
* Warning! The Final LUT count, after physical optimizations and full implementation, is typically lower. Run opt_design after synthesis, if not already completed, for a more realistic count.


1.1 Summary of Registers by Type
--------------------------------

+-------+--------------+-------------+--------------+
| Total | Clock Enable | Synchronous | Asynchronous |
+-------+--------------+-------------+--------------+
| 0     |            _ |           - |            - |
| 0     |            _ |           - |          Set |
| 0     |            _ |           - |        Reset |
| 0     |            _ |         Set |            - |
| 0     |            _ |       Reset |            - |
| 0     |          Yes |           - |            - |
| 64    |          Yes |           - |          Set |
| 0     |          Yes |           - |        Reset |
| 70    |          Yes |         Set |            - |
| 5157  |          Yes |       Reset |            - |
+-------+--------------+-------------+--------------+


2. Memory
---------

+-------------------+------+-------+-----------+-------+
|     Site Type     | Used | Fixed | Available | Util% |
+-------------------+------+-------+-----------+-------+
| Block RAM Tile    |  8.5 |     0 |       445 |  1.91 |
|   RAMB36/FIFO*    |    7 |     0 |       445 |  1.57 |
|     FIFO36E1 only |    7 |       |           |       |
|   RAMB18          |    3 |     0 |       890 |  0.34 |
|     FIFO18E1 only |    3 |       |           |       |
+-------------------+------+-------+-----------+-------+
* Note: Each Block RAM Tile only has one FIFO logic available and therefore can accommodate only one FIFO36E1 or one FIFO18E1. However, if a FIFO18E1 occupies a Block RAM Tile, that tile can still accommodate a RAMB18E1


3. DSP
------

+-----------+------+-------+-----------+-------+
| Site Type | Used | Fixed | Available | Util% |
+-----------+------+-------+-----------+-------+
| DSPs      |    0 |     0 |       840 |  0.00 |
+-----------+------+-------+-----------+-------+


4. IO and GT Specific
---------------------

+-----------------------------+------+-------+-----------+-------+
|          Site Type          | Used | Fixed | Available | Util% |
+-----------------------------+------+-------+-----------+-------+
| Bonded IOB                  |   79 |     0 |       500 | 15.80 |
| Bonded IPADs                |    0 |     0 |        50 |  0.00 |
| Bonded OPADs                |    0 |     0 |        32 |  0.00 |
| PHY_CONTROL                 |    0 |     0 |        10 |  0.00 |
| PHASER_REF                  |    0 |     0 |        10 |  0.00 |
| OUT_FIFO                    |    0 |     0 |        40 |  0.00 |
| IN_FIFO                     |    0 |     0 |        40 |  0.00 |
| IDELAYCTRL                  |    0 |     0 |        10 |  0.00 |
| IBUFGDS                     |    0 |     0 |       480 |  0.00 |
| GTXE2_COMMON                |    0 |     0 |         4 |  0.00 |
| GTXE2_CHANNEL               |    0 |     0 |        16 |  0.00 |
| PHASER_OUT/PHASER_OUT_PHY   |    0 |     0 |        40 |  0.00 |
| PHASER_IN/PHASER_IN_PHY     |    0 |     0 |        40 |  0.00 |
| IDELAYE2/IDELAYE2_FINEDELAY |    0 |     0 |       500 |  0.00 |
| ODELAYE2/ODELAYE2_FINEDELAY |    0 |     0 |       150 |  0.00 |
| IBUFDS_GTE2                 |    0 |     0 |         8 |  0.00 |
| ILOGIC                      |   10 |     0 |       500 |  2.00 |
|   IDDR                      |   10 |       |           |       |
| OLOGIC                      |    0 |     0 |       500 |  0.00 |
+-----------------------------+------+-------+-----------+-------+


5. Clocking
-----------

+------------+------+-------+-----------+-------+
|  Site Type | Used | Fixed | Available | Util% |
+------------+------+-------+-----------+-------+
| BUFGCTRL   |    5 |     0 |        32 | 15.63 |
| BUFIO      |    0 |     0 |        40 |  0.00 |
| MMCME2_ADV |    0 |     0 |        10 |  0.00 |
| PLLE2_ADV  |    0 |     0 |        10 |  0.00 |
| BUFMRCE    |    0 |     0 |        20 |  0.00 |
| BUFHCE     |    0 |     0 |       168 |  0.00 |
| BUFR       |    0 |     0 |        40 |  0.00 |
+------------+------+-------+-----------+-------+


6. Specific Feature
-------------------

+-------------+------+-------+-----------+-------+
|  Site Type  | Used | Fixed | Available | Util% |
+-------------+------+-------+-----------+-------+
| BSCANE2     |    0 |     0 |         4 |  0.00 |
| CAPTUREE2   |    0 |     0 |         1 |  0.00 |
| DNA_PORT    |    0 |     0 |         1 |  0.00 |
| EFUSE_USR   |    0 |     0 |         1 |  0.00 |
| FRAME_ECCE2 |    0 |     0 |         1 |  0.00 |
| ICAPE2      |    0 |     0 |         2 |  0.00 |
| PCIE_2_1    |    0 |     0 |         1 |  0.00 |
| STARTUPE2   |    0 |     0 |         1 |  0.00 |
| XADC        |    0 |     0 |         1 |  0.00 |
+-------------+------+-------+-----------+-------+


7. Primitives
-------------

+----------+------+---------------------+
| Ref Name | Used | Functional Category |
+----------+------+---------------------+
| FDRE     | 5157 |        Flop & Latch |
| LUT6     | 3689 |                 LUT |
| LUT5     | 1668 |                 LUT |
| LUT4     | 1120 |                 LUT |
| LUT3     |  817 |                 LUT |
| LUT2     |  724 |                 LUT |
| LUT1     |  436 |                 LUT |
| CARRY4   |  253 |          CarryLogic |
| FDSE     |   70 |        Flop & Latch |
| FDPE     |   64 |        Flop & Latch |
| MUXF7    |   61 |               MuxFx |
| IBUFDS   |   16 |                  IO |
| OBUFDS   |   12 |                  IO |
| OBUF     |   12 |                  IO |
| IBUF     |   11 |                  IO |
| MUXF8    |   10 |               MuxFx |
| IDDR     |   10 |                  IO |
| SRLC32E  |    8 |  Distributed Memory |
| SRL16E   |    8 |  Distributed Memory |
| FIFO36E1 |    7 |        Block Memory |
| BUFG     |    5 |               Clock |
| FIFO18E1 |    3 |        Block Memory |
+----------+------+---------------------+


8. Black Boxes
--------------

+------------------+------+
|     Ref Name     | Used |
+------------------+------+
| chip_fifo        |    8 |
| trigbuf          |    2 |
| strips_mclk_mmcm |    1 |
| streamipbuf      |    1 |
| packetfifo       |    1 |
+------------------+------+


9. Instantiated Netlists
------------------------

+----------+------+
| Ref Name | Used |
+----------+------+


