#-----------------------------------------------------------
# Vivado v2015.2 (64-bit)
# SW Build 1266856 on Fri Jun 26 16:35:25 MDT 2015
# IP Build 1264090 on Wed Jun 24 14:22:01 MDT 2015
# Start of session at: Mon Nov 27 15:41:06 2017
# Process ID: 14972
# Log file: C:/nimPlus_nov16_2017_t0923/nimPlus_/top/vivado.log
# Journal file: C:/nimPlus_nov16_2017_t0923/nimPlus_/top\vivado.jou
#-----------------------------------------------------------
start_gui
open_project C:/nimPlus_nov16_2017_t0923/nimPlus_/top/top.xpr
Scanning sources...
Finished scanning sources
INFO: [IP_Flow 19-234] Refreshing IP repositories
INFO: [IP_Flow 19-1704] No user IP repositories specified
INFO: [IP_Flow 19-2313] Loaded Vivado IP repository 'C:/Xilinx/Vivado/2015.2/data/ip'.
open_project: Time (s): cpu = 00:00:13 ; elapsed = 00:00:06 . Memory (MB): peak = 810.961 ; gain = 233.766
remove_files U:/PREP/PREP_Modernization/Firmware_Backups/Aldec_Backups/One_Phase_Designs/AGP_2017_11_16_NIMPlus_jw121_320MHz_1Phase_Accel_Sync/NIMPlus/NIMPlus/compile/nim_plus_blk_1_phase_4ps.vhd
add_files -norecurse U:/PREP/PREP_Modernization/Firmware_Backups/Aldec_Backups/One_Phase_Designs/AGP_2017_11_16_NIMPlus_jw121_320MHz_1Phase_Accel_Sync/NIMPlus/NIMPlus/compile/nim_plus_blk_1_phase_4ps.vhd
reset_run synth_1
launch_runs synth_1 -jobs 4
[Mon Nov 27 15:57:48 2017] Launched synth_1...
Run output will be captured here: C:/nimPlus_nov16_2017_t0923/nimPlus_/top/top.runs/synth_1/runme.log
reset_run synth_1
launch_runs synth_1 -jobs 4
[Mon Nov 27 15:59:22 2017] Launched synth_1...
Run output will be captured here: C:/nimPlus_nov16_2017_t0923/nimPlus_/top/top.runs/synth_1/runme.log
launch_runs impl_1 -jobs 4
[Mon Nov 27 16:00:49 2017] Launched impl_1...
Run output will be captured here: C:/nimPlus_nov16_2017_t0923/nimPlus_/top/top.runs/impl_1/runme.log
reset_run impl_1
reset_run synth_1
launch_runs synth_1 -jobs 4
[Mon Nov 27 16:08:18 2017] Launched synth_1...
Run output will be captured here: C:/nimPlus_nov16_2017_t0923/nimPlus_/top/top.runs/synth_1/runme.log
launch_runs impl_1 -jobs 4
[Mon Nov 27 16:11:00 2017] Launched impl_1...
Run output will be captured here: C:/nimPlus_nov16_2017_t0923/nimPlus_/top/top.runs/impl_1/runme.log
reset_run impl_1
launch_runs impl_1 -jobs 4
[Mon Nov 27 16:20:05 2017] Launched impl_1...
Run output will be captured here: C:/nimPlus_nov16_2017_t0923/nimPlus_/top/top.runs/impl_1/runme.log
reset_run impl_1
launch_runs impl_1 -jobs 4
[Mon Nov 27 16:20:56 2017] Launched impl_1...
Run output will be captured here: C:/nimPlus_nov16_2017_t0923/nimPlus_/top/top.runs/impl_1/runme.log
INFO: [xilinx.com:ip:clk_wiz:5.1-147] clk_wiz_0: clkphy_en: false , clkphy_freq: 600.000
INFO: [xilinx.com:ip:clk_wiz:5.1-132] clk_wiz_0: mmcm_pll_calc_optimals: GetClosestSolution: errStr: 1
INFO: [xilinx.com:ip:clk_wiz:5.1-137] clk_wiz_0: phyMode: NONE phyFreq: 320.000
INFO: [xilinx.com:ip:clk_wiz:5.1-147] clk_wiz_0: clkphy_en: false , clkphy_freq: 600.000
INFO: [xilinx.com:ip:clk_wiz:5.1-132] clk_wiz_0: mmcm_pll_calc_optimals: GetClosestSolution: errStr: 1
INFO: [xilinx.com:ip:clk_wiz:5.1-137] clk_wiz_0: phyMode: NONE phyFreq: 320.000
INFO: [xilinx.com:ip:clk_wiz:5.1-147] clk_wiz_0: clkphy_en: false , clkphy_freq: 600.000
INFO: [xilinx.com:ip:clk_wiz:5.1-132] clk_wiz_0: mmcm_pll_calc_optimals: GetClosestSolution: errStr: 1
INFO: [xilinx.com:ip:clk_wiz:5.1-137] clk_wiz_0: phyMode: NONE phyFreq: 320.000
INFO: [xilinx.com:ip:clk_wiz:5.1-147] clk_wiz_0: clkphy_en: false , clkphy_freq: 600.000
INFO: [xilinx.com:ip:clk_wiz:5.1-132] clk_wiz_0: mmcm_pll_calc_optimals: GetClosestSolution: errStr: 1
INFO: [xilinx.com:ip:clk_wiz:5.1-137] clk_wiz_0: phyMode: NONE phyFreq: 320.000
INFO: [xilinx.com:ip:clk_wiz:5.1-147] clk_wiz_0: clkphy_en: false , clkphy_freq: 600.000
INFO: [xilinx.com:ip:clk_wiz:5.1-132] clk_wiz_0: mmcm_pll_calc_optimals: GetClosestSolution: errStr: 1
INFO: [xilinx.com:ip:clk_wiz:5.1-137] clk_wiz_0: phyMode: NONE phyFreq: 320.000
INFO: [xilinx.com:ip:clk_wiz:5.1-147] clk_wiz_0: clkphy_en: false , clkphy_freq: 600.000
INFO: [xilinx.com:ip:clk_wiz:5.1-132] clk_wiz_0: mmcm_pll_calc_optimals: GetClosestSolution: errStr: 1
INFO: [xilinx.com:ip:clk_wiz:5.1-137] clk_wiz_0: phyMode: NONE phyFreq: 320.000
INFO: [xilinx.com:ip:clk_wiz:5.1-147] clk_wiz_0: clkphy_en: false , clkphy_freq: 600.000
INFO: [xilinx.com:ip:clk_wiz:5.1-132] clk_wiz_0: mmcm_pll_calc_optimals: GetClosestSolution: errStr: 1
INFO: [xilinx.com:ip:clk_wiz:5.1-137] clk_wiz_0: phyMode: NONE phyFreq: 320.000
INFO: [xilinx.com:ip:clk_wiz:5.1-147] clk_wiz_0: clkphy_en: false , clkphy_freq: 600.000
INFO: [xilinx.com:ip:clk_wiz:5.1-132] clk_wiz_0: mmcm_pll_calc_optimals: GetClosestSolution: errStr: 1
INFO: [xilinx.com:ip:clk_wiz:5.1-137] clk_wiz_0: phyMode: NONE phyFreq: 320.000
INFO: [xilinx.com:ip:clk_wiz:5.1-147] clk_wiz_0: clkphy_en: false , clkphy_freq: 600.000
INFO: [xilinx.com:ip:clk_wiz:5.1-132] clk_wiz_0: mmcm_pll_calc_optimals: GetClosestSolution: errStr: 1
INFO: [xilinx.com:ip:clk_wiz:5.1-137] clk_wiz_0: phyMode: NONE phyFreq: 320.000
INFO: [xilinx.com:ip:clk_wiz:5.1-147] clk_wiz_0: clkphy_en: false , clkphy_freq: 600.000
INFO: [xilinx.com:ip:clk_wiz:5.1-132] clk_wiz_0: mmcm_pll_calc_optimals: GetClosestSolution: errStr: 1
INFO: [xilinx.com:ip:clk_wiz:5.1-137] clk_wiz_0: phyMode: NONE phyFreq: 320.000
INFO: [xilinx.com:ip:clk_wiz:5.1-147] clk_wiz_0: clkphy_en: false , clkphy_freq: 600.000
INFO: [xilinx.com:ip:clk_wiz:5.1-132] clk_wiz_0: mmcm_pll_calc_optimals: GetClosestSolution: errStr: 1
INFO: [xilinx.com:ip:clk_wiz:5.1-137] clk_wiz_0: phyMode: NONE phyFreq: 320.000
INFO: [xilinx.com:ip:clk_wiz:5.1-147] clk_wiz_0: clkphy_en: false , clkphy_freq: 600.000
INFO: [xilinx.com:ip:clk_wiz:5.1-132] clk_wiz_0: mmcm_pll_calc_optimals: GetClosestSolution: errStr: 1
INFO: [xilinx.com:ip:clk_wiz:5.1-137] clk_wiz_0: phyMode: NONE phyFreq: 320.000
INFO: [xilinx.com:ip:clk_wiz:5.1-147] clk_wiz_0: clkphy_en: false , clkphy_freq: 600.000
INFO: [xilinx.com:ip:clk_wiz:5.1-132] clk_wiz_0: mmcm_pll_calc_optimals: GetClosestSolution: errStr: 1
INFO: [xilinx.com:ip:clk_wiz:5.1-137] clk_wiz_0: phyMode: NONE phyFreq: 320.000
INFO: [xilinx.com:ip:clk_wiz:5.1-147] clk_wiz_0: clkphy_en: false , clkphy_freq: 600.000
INFO: [xilinx.com:ip:clk_wiz:5.1-132] clk_wiz_0: mmcm_pll_calc_optimals: GetClosestSolution: errStr: 1
INFO: [xilinx.com:ip:clk_wiz:5.1-137] clk_wiz_0: phyMode: NONE phyFreq: 320.000
INFO: [xilinx.com:ip:clk_wiz:5.1-147] clk_wiz_0: clkphy_en: false , clkphy_freq: 600.000
INFO: [xilinx.com:ip:clk_wiz:5.1-132] clk_wiz_0: mmcm_pll_calc_optimals: GetClosestSolution: errStr: 1
INFO: [xilinx.com:ip:clk_wiz:5.1-137] clk_wiz_0: phyMode: NONE phyFreq: 320.000
INFO: [xilinx.com:ip:clk_wiz:5.1-147] clk_wiz_0: clkphy_en: false , clkphy_freq: 600.000
INFO: [xilinx.com:ip:clk_wiz:5.1-132] clk_wiz_0: mmcm_pll_calc_optimals: GetClosestSolution: errStr: 1
INFO: [xilinx.com:ip:clk_wiz:5.1-137] clk_wiz_0: phyMode: NONE phyFreq: 320.000
INFO: [xilinx.com:ip:clk_wiz:5.1-147] clk_wiz_0: clkphy_en: false , clkphy_freq: 600.000
INFO: [xilinx.com:ip:clk_wiz:5.1-132] clk_wiz_0: mmcm_pll_calc_optimals: GetClosestSolution: errStr: 1
INFO: [xilinx.com:ip:clk_wiz:5.1-137] clk_wiz_0: phyMode: NONE phyFreq: 320.000
INFO: [xilinx.com:ip:clk_wiz:5.1-147] clk_wiz_0: clkphy_en: false , clkphy_freq: 600.000
INFO: [xilinx.com:ip:clk_wiz:5.1-132] clk_wiz_0: mmcm_pll_calc_optimals: GetClosestSolution: errStr: 1
INFO: [xilinx.com:ip:clk_wiz:5.1-137] clk_wiz_0: phyMode: NONE phyFreq: 320.000
INFO: [xilinx.com:ip:clk_wiz:5.1-147] clk_wiz_0: clkphy_en: false , clkphy_freq: 600.000
INFO: [xilinx.com:ip:clk_wiz:5.1-132] clk_wiz_0: mmcm_pll_calc_optimals: GetClosestSolution: errStr: 1
INFO: [xilinx.com:ip:clk_wiz:5.1-137] clk_wiz_0: phyMode: NONE phyFreq: 320.000
INFO: [xilinx.com:ip:clk_wiz:5.1-147] clk_wiz_0: clkphy_en: false , clkphy_freq: 600.000
INFO: [xilinx.com:ip:clk_wiz:5.1-132] clk_wiz_0: mmcm_pll_calc_optimals: GetClosestSolution: errStr: 1
INFO: [xilinx.com:ip:clk_wiz:5.1-137] clk_wiz_0: phyMode: NONE phyFreq: 320.000
INFO: [xilinx.com:ip:clk_wiz:5.1-147] clk_wiz_0: clkphy_en: false , clkphy_freq: 600.000
INFO: [xilinx.com:ip:clk_wiz:5.1-132] clk_wiz_0: mmcm_pll_calc_optimals: GetClosestSolution: errStr: 1
INFO: [xilinx.com:ip:clk_wiz:5.1-137] clk_wiz_0: phyMode: NONE phyFreq: 320.000
INFO: [xilinx.com:ip:clk_wiz:5.1-147] clk_wiz_0: clkphy_en: false , clkphy_freq: 600.000
INFO: [xilinx.com:ip:clk_wiz:5.1-132] clk_wiz_0: mmcm_pll_calc_optimals: GetClosestSolution: errStr: 1
INFO: [xilinx.com:ip:clk_wiz:5.1-137] clk_wiz_0: phyMode: NONE phyFreq: 320.000
INFO: [xilinx.com:ip:clk_wiz:5.1-147] clk_wiz_0: clkphy_en: false , clkphy_freq: 600.000
INFO: [xilinx.com:ip:clk_wiz:5.1-132] clk_wiz_0: mmcm_pll_calc_optimals: GetClosestSolution: errStr: 1
INFO: [xilinx.com:ip:clk_wiz:5.1-137] clk_wiz_0: phyMode: NONE phyFreq: 320.000
INFO: [xilinx.com:ip:clk_wiz:5.1-147] clk_wiz_0: clkphy_en: false , clkphy_freq: 600.000
INFO: [xilinx.com:ip:clk_wiz:5.1-132] clk_wiz_0: mmcm_pll_calc_optimals: GetClosestSolution: errStr: 1
INFO: [xilinx.com:ip:clk_wiz:5.1-137] clk_wiz_0: phyMode: NONE phyFreq: 320.000
INFO: [xilinx.com:ip:clk_wiz:5.1-147] clk_wiz_0: clkphy_en: false , clkphy_freq: 600.000
INFO: [xilinx.com:ip:clk_wiz:5.1-132] clk_wiz_0: mmcm_pll_calc_optimals: GetClosestSolution: errStr: 1
INFO: [xilinx.com:ip:clk_wiz:5.1-137] clk_wiz_0: phyMode: NONE phyFreq: 320.000
INFO: [xilinx.com:ip:clk_wiz:5.1-147] clk_wiz_0: clkphy_en: false , clkphy_freq: 600.000
INFO: [xilinx.com:ip:clk_wiz:5.1-132] clk_wiz_0: mmcm_pll_calc_optimals: GetClosestSolution: errStr: 1
INFO: [xilinx.com:ip:clk_wiz:5.1-137] clk_wiz_0: phyMode: NONE phyFreq: 320.000
INFO: [xilinx.com:ip:clk_wiz:5.1-147] clk_wiz_0: clkphy_en: false , clkphy_freq: 600.000
INFO: [xilinx.com:ip:clk_wiz:5.1-132] clk_wiz_0: mmcm_pll_calc_optimals: GetClosestSolution: errStr: 1
INFO: [xilinx.com:ip:clk_wiz:5.1-137] clk_wiz_0: phyMode: NONE phyFreq: 320.000
INFO: [xilinx.com:ip:clk_wiz:5.1-147] clk_wiz_0: clkphy_en: false , clkphy_freq: 600.000
INFO: [xilinx.com:ip:clk_wiz:5.1-132] clk_wiz_0: mmcm_pll_calc_optimals: GetClosestSolution: errStr: 1
INFO: [xilinx.com:ip:clk_wiz:5.1-137] clk_wiz_0: phyMode: NONE phyFreq: 320.000
INFO: [xilinx.com:ip:clk_wiz:5.1-147] clk_wiz_0: clkphy_en: false , clkphy_freq: 600.000
INFO: [xilinx.com:ip:clk_wiz:5.1-132] clk_wiz_0: mmcm_pll_calc_optimals: GetClosestSolution: errStr: 1
INFO: [xilinx.com:ip:clk_wiz:5.1-137] clk_wiz_0: phyMode: NONE phyFreq: 320.000
INFO: [xilinx.com:ip:clk_wiz:5.1-147] clk_wiz_0: clkphy_en: false , clkphy_freq: 600.000
INFO: [xilinx.com:ip:clk_wiz:5.1-132] clk_wiz_0: mmcm_pll_calc_optimals: GetClosestSolution: errStr: 1
INFO: [xilinx.com:ip:clk_wiz:5.1-137] clk_wiz_0: phyMode: NONE phyFreq: 320.000
INFO: [xilinx.com:ip:clk_wiz:5.1-147] clk_wiz_0: clkphy_en: false , clkphy_freq: 600.000
INFO: [xilinx.com:ip:clk_wiz:5.1-132] clk_wiz_0: mmcm_pll_calc_optimals: GetClosestSolution: errStr: 1
INFO: [xilinx.com:ip:clk_wiz:5.1-137] clk_wiz_0: phyMode: NONE phyFreq: 320.000
INFO: [xilinx.com:ip:clk_wiz:5.1-147] clk_wiz_0: clkphy_en: false , clkphy_freq: 600.000
INFO: [xilinx.com:ip:clk_wiz:5.1-132] clk_wiz_0: mmcm_pll_calc_optimals: GetClosestSolution: errStr: 1
INFO: [xilinx.com:ip:clk_wiz:5.1-137] clk_wiz_0: phyMode: NONE phyFreq: 320.000
INFO: [xilinx.com:ip:clk_wiz:5.1-147] clk_wiz_0: clkphy_en: false , clkphy_freq: 600.000
INFO: [xilinx.com:ip:clk_wiz:5.1-132] clk_wiz_0: mmcm_pll_calc_optimals: GetClosestSolution: errStr: 1
INFO: [xilinx.com:ip:clk_wiz:5.1-137] clk_wiz_0: phyMode: NONE phyFreq: 320.000
INFO: [xilinx.com:ip:clk_wiz:5.1-147] clk_wiz_0: clkphy_en: false , clkphy_freq: 600.000
INFO: [xilinx.com:ip:clk_wiz:5.1-132] clk_wiz_0: mmcm_pll_calc_optimals: GetClosestSolution: errStr: 1
INFO: [xilinx.com:ip:clk_wiz:5.1-137] clk_wiz_0: phyMode: NONE phyFreq: 320.000
INFO: [xilinx.com:ip:clk_wiz:5.1-147] clk_wiz_0: clkphy_en: false , clkphy_freq: 600.000
INFO: [xilinx.com:ip:clk_wiz:5.1-132] clk_wiz_0: mmcm_pll_calc_optimals: GetClosestSolution: errStr: 1
INFO: [xilinx.com:ip:clk_wiz:5.1-137] clk_wiz_0: phyMode: NONE phyFreq: 320.000
INFO: [xilinx.com:ip:clk_wiz:5.1-147] clk_wiz_0: clkphy_en: false , clkphy_freq: 600.000
INFO: [xilinx.com:ip:clk_wiz:5.1-132] clk_wiz_0: mmcm_pll_calc_optimals: GetClosestSolution: errStr: 1
INFO: [xilinx.com:ip:clk_wiz:5.1-137] clk_wiz_0: phyMode: NONE phyFreq: 320.000
INFO: [xilinx.com:ip:clk_wiz:5.1-147] clk_wiz_0: clkphy_en: false , clkphy_freq: 600.000
INFO: [xilinx.com:ip:clk_wiz:5.1-132] clk_wiz_0: mmcm_pll_calc_optimals: GetClosestSolution: errStr: 1
INFO: [xilinx.com:ip:clk_wiz:5.1-137] clk_wiz_0: phyMode: NONE phyFreq: 320.000
INFO: [xilinx.com:ip:clk_wiz:5.1-147] clk_wiz_0: clkphy_en: false , clkphy_freq: 600.000
INFO: [xilinx.com:ip:clk_wiz:5.1-132] clk_wiz_0: mmcm_pll_calc_optimals: GetClosestSolution: errStr: 1
INFO: [xilinx.com:ip:clk_wiz:5.1-137] clk_wiz_0: phyMode: NONE phyFreq: 320.000
INFO: [xilinx.com:ip:clk_wiz:5.1-147] clk_wiz_0: clkphy_en: false , clkphy_freq: 600.000
INFO: [xilinx.com:ip:clk_wiz:5.1-132] clk_wiz_0: mmcm_pll_calc_optimals: GetClosestSolution: errStr: 1
INFO: [xilinx.com:ip:clk_wiz:5.1-137] clk_wiz_0: phyMode: NONE phyFreq: 320.000
INFO: [xilinx.com:ip:clk_wiz:5.1-147] clk_wiz_0: clkphy_en: false , clkphy_freq: 600.000
INFO: [xilinx.com:ip:clk_wiz:5.1-132] clk_wiz_0: mmcm_pll_calc_optimals: GetClosestSolution: errStr: 1
INFO: [xilinx.com:ip:clk_wiz:5.1-137] clk_wiz_0: phyMode: NONE phyFreq: 320.000
INFO: [xilinx.com:ip:clk_wiz:5.1-147] clk_wiz_0: clkphy_en: false , clkphy_freq: 600.000
INFO: [xilinx.com:ip:clk_wiz:5.1-132] clk_wiz_0: mmcm_pll_calc_optimals: GetClosestSolution: errStr: 1
INFO: [xilinx.com:ip:clk_wiz:5.1-137] clk_wiz_0: phyMode: NONE phyFreq: 320.000
INFO: [xilinx.com:ip:clk_wiz:5.1-147] clk_wiz_0: clkphy_en: false , clkphy_freq: 600.000
INFO: [xilinx.com:ip:clk_wiz:5.1-132] clk_wiz_0: mmcm_pll_calc_optimals: GetClosestSolution: errStr: 1
INFO: [xilinx.com:ip:clk_wiz:5.1-137] clk_wiz_0: phyMode: NONE phyFreq: 320.000
INFO: [xilinx.com:ip:clk_wiz:5.1-147] clk_wiz_0: clkphy_en: false , clkphy_freq: 600.000
INFO: [xilinx.com:ip:clk_wiz:5.1-132] clk_wiz_0: mmcm_pll_calc_optimals: GetClosestSolution: errStr: 1
INFO: [xilinx.com:ip:clk_wiz:5.1-137] clk_wiz_0: phyMode: NONE phyFreq: 320.000
INFO: [xilinx.com:ip:clk_wiz:5.1-147] clk_wiz_0: clkphy_en: false , clkphy_freq: 600.000
INFO: [xilinx.com:ip:clk_wiz:5.1-132] clk_wiz_0: mmcm_pll_calc_optimals: GetClosestSolution: errStr: 1
INFO: [xilinx.com:ip:clk_wiz:5.1-137] clk_wiz_0: phyMode: NONE phyFreq: 320.000
INFO: [xilinx.com:ip:clk_wiz:5.1-147] clk_wiz_0: clkphy_en: false , clkphy_freq: 600.000
INFO: [xilinx.com:ip:clk_wiz:5.1-132] clk_wiz_0: mmcm_pll_calc_optimals: GetClosestSolution: errStr: 1
INFO: [xilinx.com:ip:clk_wiz:5.1-137] clk_wiz_0: phyMode: NONE phyFreq: 320.000
INFO: [xilinx.com:ip:clk_wiz:5.1-147] clk_wiz_0: clkphy_en: false , clkphy_freq: 600.000
INFO: [xilinx.com:ip:clk_wiz:5.1-132] clk_wiz_0: mmcm_pll_calc_optimals: GetClosestSolution: errStr: 1
INFO: [xilinx.com:ip:clk_wiz:5.1-137] clk_wiz_0: phyMode: NONE phyFreq: 320.000
INFO: [xilinx.com:ip:clk_wiz:5.1-147] clk_wiz_0: clkphy_en: false , clkphy_freq: 600.000
INFO: [xilinx.com:ip:clk_wiz:5.1-132] clk_wiz_0: mmcm_pll_calc_optimals: GetClosestSolution: errStr: 1
INFO: [xilinx.com:ip:clk_wiz:5.1-137] clk_wiz_0: phyMode: NONE phyFreq: 320.000
INFO: [xilinx.com:ip:clk_wiz:5.1-147] clk_wiz_0: clkphy_en: false , clkphy_freq: 600.000
INFO: [xilinx.com:ip:clk_wiz:5.1-132] clk_wiz_0: mmcm_pll_calc_optimals: GetClosestSolution: errStr: 1
INFO: [xilinx.com:ip:clk_wiz:5.1-137] clk_wiz_0: phyMode: NONE phyFreq: 320.000
INFO: [xilinx.com:ip:clk_wiz:5.1-147] clk_wiz_0: clkphy_en: false , clkphy_freq: 600.000
INFO: [xilinx.com:ip:clk_wiz:5.1-132] clk_wiz_0: mmcm_pll_calc_optimals: GetClosestSolution: errStr: 1
INFO: [xilinx.com:ip:clk_wiz:5.1-137] clk_wiz_0: phyMode: NONE phyFreq: 320.000
INFO: [xilinx.com:ip:clk_wiz:5.1-147] clk_wiz_0: clkphy_en: false , clkphy_freq: 600.000
INFO: [xilinx.com:ip:clk_wiz:5.1-132] clk_wiz_0: mmcm_pll_calc_optimals: GetClosestSolution: errStr: 1
INFO: [xilinx.com:ip:clk_wiz:5.1-137] clk_wiz_0: phyMode: NONE phyFreq: 320.000
INFO: [xilinx.com:ip:clk_wiz:5.1-147] clk_wiz_0: clkphy_en: false , clkphy_freq: 600.000
INFO: [xilinx.com:ip:clk_wiz:5.1-132] clk_wiz_0: mmcm_pll_calc_optimals: GetClosestSolution: errStr: 1
INFO: [xilinx.com:ip:clk_wiz:5.1-137] clk_wiz_0: phyMode: NONE phyFreq: 320.000
INFO: [xilinx.com:ip:clk_wiz:5.1-147] clk_wiz_0: clkphy_en: false , clkphy_freq: 600.000
INFO: [xilinx.com:ip:clk_wiz:5.1-132] clk_wiz_0: mmcm_pll_calc_optimals: GetClosestSolution: errStr: 1
INFO: [xilinx.com:ip:clk_wiz:5.1-137] clk_wiz_0: phyMode: NONE phyFreq: 320.000
INFO: [xilinx.com:ip:clk_wiz:5.1-147] clk_wiz_0: clkphy_en: false , clkphy_freq: 600.000
INFO: [xilinx.com:ip:clk_wiz:5.1-132] clk_wiz_0: mmcm_pll_calc_optimals: GetClosestSolution: errStr: 1
INFO: [xilinx.com:ip:clk_wiz:5.1-137] clk_wiz_0: phyMode: NONE phyFreq: 320.000
INFO: [xilinx.com:ip:clk_wiz:5.1-147] clk_wiz_0: clkphy_en: false , clkphy_freq: 600.000
INFO: [xilinx.com:ip:clk_wiz:5.1-132] clk_wiz_0: mmcm_pll_calc_optimals: GetClosestSolution: errStr: 1
INFO: [xilinx.com:ip:clk_wiz:5.1-137] clk_wiz_0: phyMode: NONE phyFreq: 320.000
INFO: [xilinx.com:ip:clk_wiz:5.1-147] clk_wiz_0: clkphy_en: false , clkphy_freq: 600.000
INFO: [xilinx.com:ip:clk_wiz:5.1-132] clk_wiz_0: mmcm_pll_calc_optimals: GetClosestSolution: errStr: 1
INFO: [xilinx.com:ip:clk_wiz:5.1-137] clk_wiz_0: phyMode: NONE phyFreq: 320.000
INFO: [xilinx.com:ip:clk_wiz:5.1-147] clk_wiz_0: clkphy_en: false , clkphy_freq: 600.000
INFO: [xilinx.com:ip:clk_wiz:5.1-132] clk_wiz_0: mmcm_pll_calc_optimals: GetClosestSolution: errStr: 1
INFO: [xilinx.com:ip:clk_wiz:5.1-137] clk_wiz_0: phyMode: NONE phyFreq: 320.000
INFO: [xilinx.com:ip:clk_wiz:5.1-147] clk_wiz_0: clkphy_en: false , clkphy_freq: 600.000
INFO: [xilinx.com:ip:clk_wiz:5.1-132] clk_wiz_0: mmcm_pll_calc_optimals: GetClosestSolution: errStr: 1
INFO: [xilinx.com:ip:clk_wiz:5.1-137] clk_wiz_0: phyMode: NONE phyFreq: 320.000
INFO: [xilinx.com:ip:clk_wiz:5.1-147] clk_wiz_0: clkphy_en: false , clkphy_freq: 600.000
INFO: [xilinx.com:ip:clk_wiz:5.1-132] clk_wiz_0: mmcm_pll_calc_optimals: GetClosestSolution: errStr: 1
INFO: [xilinx.com:ip:clk_wiz:5.1-137] clk_wiz_0: phyMode: NONE phyFreq: 320.000
INFO: [xilinx.com:ip:clk_wiz:5.1-147] clk_wiz_0: clkphy_en: false , clkphy_freq: 600.000
INFO: [xilinx.com:ip:clk_wiz:5.1-132] clk_wiz_0: mmcm_pll_calc_optimals: GetClosestSolution: errStr: 1
INFO: [xilinx.com:ip:clk_wiz:5.1-137] clk_wiz_0: phyMode: NONE phyFreq: 320.000
INFO: [xilinx.com:ip:clk_wiz:5.1-147] clk_wiz_0: clkphy_en: false , clkphy_freq: 600.000
INFO: [xilinx.com:ip:clk_wiz:5.1-132] clk_wiz_0: mmcm_pll_calc_optimals: GetClosestSolution: errStr: 1
INFO: [xilinx.com:ip:clk_wiz:5.1-137] clk_wiz_0: phyMode: NONE phyFreq: 320.000
INFO: [xilinx.com:ip:clk_wiz:5.1-147] clk_wiz_0: clkphy_en: false , clkphy_freq: 600.000
INFO: [xilinx.com:ip:clk_wiz:5.1-132] clk_wiz_0: mmcm_pll_calc_optimals: GetClosestSolution: errStr: 1
INFO: [xilinx.com:ip:clk_wiz:5.1-137] clk_wiz_0: phyMode: NONE phyFreq: 320.000
INFO: [xilinx.com:ip:clk_wiz:5.1-147] clk_wiz_0: clkphy_en: false , clkphy_freq: 600.000
INFO: [xilinx.com:ip:clk_wiz:5.1-132] clk_wiz_0: mmcm_pll_calc_optimals: GetClosestSolution: errStr: 1
INFO: [xilinx.com:ip:clk_wiz:5.1-137] clk_wiz_0: phyMode: NONE phyFreq: 320.000
INFO: [xilinx.com:ip:clk_wiz:5.1-147] clk_wiz_0: clkphy_en: false , clkphy_freq: 600.000
INFO: [xilinx.com:ip:clk_wiz:5.1-132] clk_wiz_0: mmcm_pll_calc_optimals: GetClosestSolution: errStr: 1
INFO: [xilinx.com:ip:clk_wiz:5.1-137] clk_wiz_0: phyMode: NONE phyFreq: 320.000
INFO: [xilinx.com:ip:clk_wiz:5.1-147] clk_wiz_0: clkphy_en: false , clkphy_freq: 600.000
INFO: [xilinx.com:ip:clk_wiz:5.1-132] clk_wiz_0: mmcm_pll_calc_optimals: GetClosestSolution: errStr: 1
INFO: [xilinx.com:ip:clk_wiz:5.1-137] clk_wiz_0: phyMode: NONE phyFreq: 320.000
INFO: [xilinx.com:ip:clk_wiz:5.1-147] clk_wiz_0: clkphy_en: false , clkphy_freq: 600.000
INFO: [xilinx.com:ip:clk_wiz:5.1-132] clk_wiz_0: mmcm_pll_calc_optimals: GetClosestSolution: errStr: 1
INFO: [xilinx.com:ip:clk_wiz:5.1-137] clk_wiz_0: phyMode: NONE phyFreq: 320.000
INFO: [xilinx.com:ip:clk_wiz:5.1-147] clk_wiz_0: clkphy_en: false , clkphy_freq: 600.000
INFO: [xilinx.com:ip:clk_wiz:5.1-132] clk_wiz_0: mmcm_pll_calc_optimals: GetClosestSolution: errStr: 1
INFO: [xilinx.com:ip:clk_wiz:5.1-137] clk_wiz_0: phyMode: NONE phyFreq: 320.000
INFO: [xilinx.com:ip:clk_wiz:5.1-147] clk_wiz_0: clkphy_en: false , clkphy_freq: 600.000
INFO: [xilinx.com:ip:clk_wiz:5.1-132] clk_wiz_0: mmcm_pll_calc_optimals: GetClosestSolution: errStr: 1
INFO: [xilinx.com:ip:clk_wiz:5.1-137] clk_wiz_0: phyMode: NONE phyFreq: 320.000
INFO: [xilinx.com:ip:clk_wiz:5.1-147] clk_wiz_0: clkphy_en: false , clkphy_freq: 600.000
INFO: [xilinx.com:ip:clk_wiz:5.1-132] clk_wiz_0: mmcm_pll_calc_optimals: GetClosestSolution: errStr: 1
INFO: [xilinx.com:ip:clk_wiz:5.1-137] clk_wiz_0: phyMode: NONE phyFreq: 320.000
INFO: [xilinx.com:ip:clk_wiz:5.1-147] clk_wiz_0: clkphy_en: false , clkphy_freq: 600.000
INFO: [xilinx.com:ip:clk_wiz:5.1-132] clk_wiz_0: mmcm_pll_calc_optimals: GetClosestSolution: errStr: 1
INFO: [xilinx.com:ip:clk_wiz:5.1-137] clk_wiz_0: phyMode: NONE phyFreq: 320.000
INFO: [xilinx.com:ip:clk_wiz:5.1-147] clk_wiz_0: clkphy_en: false , clkphy_freq: 600.000
INFO: [xilinx.com:ip:clk_wiz:5.1-132] clk_wiz_0: mmcm_pll_calc_optimals: GetClosestSolution: errStr: 1
INFO: [xilinx.com:ip:clk_wiz:5.1-137] clk_wiz_0: phyMode: NONE phyFreq: 320.000
INFO: [xilinx.com:ip:clk_wiz:5.1-147] clk_wiz_0: clkphy_en: false , clkphy_freq: 600.000
INFO: [xilinx.com:ip:clk_wiz:5.1-132] clk_wiz_0: mmcm_pll_calc_optimals: GetClosestSolution: errStr: 1
INFO: [xilinx.com:ip:clk_wiz:5.1-137] clk_wiz_0: phyMode: NONE phyFreq: 320.000
INFO: [xilinx.com:ip:clk_wiz:5.1-147] clk_wiz_0: clkphy_en: false , clkphy_freq: 600.000
INFO: [xilinx.com:ip:clk_wiz:5.1-132] clk_wiz_0: mmcm_pll_calc_optimals: GetClosestSolution: errStr: 1
INFO: [xilinx.com:ip:clk_wiz:5.1-137] clk_wiz_0: phyMode: NONE phyFreq: 320.000
INFO: [xilinx.com:ip:clk_wiz:5.1-147] clk_wiz_0: clkphy_en: false , clkphy_freq: 600.000
INFO: [xilinx.com:ip:clk_wiz:5.1-132] clk_wiz_0: mmcm_pll_calc_optimals: GetClosestSolution: errStr: 1
INFO: [xilinx.com:ip:clk_wiz:5.1-137] clk_wiz_0: phyMode: NONE phyFreq: 320.000
INFO: [xilinx.com:ip:clk_wiz:5.1-147] clk_wiz_0: clkphy_en: false , clkphy_freq: 600.000
INFO: [xilinx.com:ip:clk_wiz:5.1-132] clk_wiz_0: mmcm_pll_calc_optimals: GetClosestSolution: errStr: 1
INFO: [xilinx.com:ip:clk_wiz:5.1-137] clk_wiz_0: phyMode: NONE phyFreq: 320.000
INFO: [xilinx.com:ip:clk_wiz:5.1-147] clk_wiz_0: clkphy_en: false , clkphy_freq: 600.000
INFO: [xilinx.com:ip:clk_wiz:5.1-132] clk_wiz_0: mmcm_pll_calc_optimals: GetClosestSolution: errStr: 1
INFO: [xilinx.com:ip:clk_wiz:5.1-137] clk_wiz_0: phyMode: NONE phyFreq: 320.000
INFO: [xilinx.com:ip:clk_wiz:5.1-147] clk_wiz_0: clkphy_en: false , clkphy_freq: 600.000
INFO: [xilinx.com:ip:clk_wiz:5.1-132] clk_wiz_0: mmcm_pll_calc_optimals: GetClosestSolution: errStr: 1
INFO: [xilinx.com:ip:clk_wiz:5.1-137] clk_wiz_0: phyMode: NONE phyFreq: 320.000
INFO: [xilinx.com:ip:clk_wiz:5.1-147] clk_wiz_0: clkphy_en: false , clkphy_freq: 600.000
INFO: [xilinx.com:ip:clk_wiz:5.1-132] clk_wiz_0: mmcm_pll_calc_optimals: GetClosestSolution: errStr: 1
INFO: [xilinx.com:ip:clk_wiz:5.1-137] clk_wiz_0: phyMode: NONE phyFreq: 320.000
INFO: [xilinx.com:ip:clk_wiz:5.1-147] clk_wiz_0: clkphy_en: false , clkphy_freq: 600.000
INFO: [xilinx.com:ip:clk_wiz:5.1-132] clk_wiz_0: mmcm_pll_calc_optimals: GetClosestSolution: errStr: 1
INFO: [xilinx.com:ip:clk_wiz:5.1-137] clk_wiz_0: phyMode: NONE phyFreq: 320.000
INFO: [xilinx.com:ip:clk_wiz:5.1-147] clk_wiz_0: clkphy_en: false , clkphy_freq: 600.000
INFO: [xilinx.com:ip:clk_wiz:5.1-132] clk_wiz_0: mmcm_pll_calc_optimals: GetClosestSolution: errStr: 1
INFO: [xilinx.com:ip:clk_wiz:5.1-137] clk_wiz_0: phyMode: NONE phyFreq: 320.000
INFO: [xilinx.com:ip:clk_wiz:5.1-147] clk_wiz_0: clkphy_en: false , clkphy_freq: 600.000
INFO: [xilinx.com:ip:clk_wiz:5.1-132] clk_wiz_0: mmcm_pll_calc_optimals: GetClosestSolution: errStr: 1
INFO: [xilinx.com:ip:clk_wiz:5.1-137] clk_wiz_0: phyMode: NONE phyFreq: 320.000
INFO: [xilinx.com:ip:clk_wiz:5.1-147] clk_wiz_0: clkphy_en: false , clkphy_freq: 600.000
INFO: [xilinx.com:ip:clk_wiz:5.1-132] clk_wiz_0: mmcm_pll_calc_optimals: GetClosestSolution: errStr: 1
INFO: [xilinx.com:ip:clk_wiz:5.1-137] clk_wiz_0: phyMode: NONE phyFreq: 320.000
INFO: [xilinx.com:ip:clk_wiz:5.1-147] clk_wiz_0: clkphy_en: false , clkphy_freq: 600.000
INFO: [xilinx.com:ip:clk_wiz:5.1-132] clk_wiz_0: mmcm_pll_calc_optimals: GetClosestSolution: errStr: 1
INFO: [xilinx.com:ip:clk_wiz:5.1-137] clk_wiz_0: phyMode: NONE phyFreq: 320.000
can't read "p_MMCM_CLKOUT0_DIVIDE": no such variable
expected floating-point number but got ""
expected floating-point number but got ""
INFO: [xilinx.com:ip:clk_wiz:5.1-147] clk_wiz_1: clkphy_en: false , clkphy_freq: 600.000
INFO: [xilinx.com:ip:clk_wiz:5.1-132] clk_wiz_1: mmcm_pll_calc_optimals: GetClosestSolution: errStr: 1
INFO: [xilinx.com:ip:clk_wiz:5.1-137] clk_wiz_1: phyMode: NONE phyFreq: 318.000
INFO: [xilinx.com:ip:clk_wiz:5.1-147] clk_wiz_1: clkphy_en: false , clkphy_freq: 600.000
INFO: [xilinx.com:ip:clk_wiz:5.1-132] clk_wiz_1: mmcm_pll_calc_optimals: GetClosestSolution: errStr: 1
INFO: [xilinx.com:ip:clk_wiz:5.1-137] clk_wiz_1: phyMode: NONE phyFreq: 318.000
INFO: [xilinx.com:ip:clk_wiz:5.1-147] clk_wiz_1: clkphy_en: false , clkphy_freq: 600.000
INFO: [xilinx.com:ip:clk_wiz:5.1-132] clk_wiz_1: mmcm_pll_calc_optimals: GetClosestSolution: errStr: 1
INFO: [xilinx.com:ip:clk_wiz:5.1-137] clk_wiz_1: phyMode: NONE phyFreq: 318.000
INFO: [xilinx.com:ip:clk_wiz:5.1-147] clk_wiz_1: clkphy_en: false , clkphy_freq: 600.000
INFO: [xilinx.com:ip:clk_wiz:5.1-132] clk_wiz_1: mmcm_pll_calc_optimals: GetClosestSolution: errStr: 1
INFO: [xilinx.com:ip:clk_wiz:5.1-137] clk_wiz_1: phyMode: NONE phyFreq: 318.000
INFO: [xilinx.com:ip:clk_wiz:5.1-147] clk_wiz_1: clkphy_en: false , clkphy_freq: 600.000
INFO: [xilinx.com:ip:clk_wiz:5.1-132] clk_wiz_1: mmcm_pll_calc_optimals: GetClosestSolution: errStr: 1
INFO: [xilinx.com:ip:clk_wiz:5.1-137] clk_wiz_1: phyMode: NONE phyFreq: 318.000
INFO: [xilinx.com:ip:clk_wiz:5.1-147] clk_wiz_1: clkphy_en: false , clkphy_freq: 600.000
INFO: [xilinx.com:ip:clk_wiz:5.1-132] clk_wiz_1: mmcm_pll_calc_optimals: GetClosestSolution: errStr: 1
INFO: [xilinx.com:ip:clk_wiz:5.1-137] clk_wiz_1: phyMode: NONE phyFreq: 318.000
INFO: [xilinx.com:ip:clk_wiz:5.1-147] clk_wiz_1: clkphy_en: false , clkphy_freq: 600.000
INFO: [xilinx.com:ip:clk_wiz:5.1-132] clk_wiz_1: mmcm_pll_calc_optimals: GetClosestSolution: errStr: 1
INFO: [xilinx.com:ip:clk_wiz:5.1-137] clk_wiz_1: phyMode: NONE phyFreq: 318.000
INFO: [xilinx.com:ip:clk_wiz:5.1-147] clk_wiz_1: clkphy_en: false , clkphy_freq: 600.000
INFO: [xilinx.com:ip:clk_wiz:5.1-132] clk_wiz_1: mmcm_pll_calc_optimals: GetClosestSolution: errStr: 1
INFO: [xilinx.com:ip:clk_wiz:5.1-137] clk_wiz_1: phyMode: NONE phyFreq: 318.000
INFO: [xilinx.com:ip:clk_wiz:5.1-147] clk_wiz_1: clkphy_en: false , clkphy_freq: 600.000
INFO: [xilinx.com:ip:clk_wiz:5.1-132] clk_wiz_1: mmcm_pll_calc_optimals: GetClosestSolution: errStr: 1
INFO: [xilinx.com:ip:clk_wiz:5.1-137] clk_wiz_1: phyMode: NONE phyFreq: 318.000
INFO: [xilinx.com:ip:clk_wiz:5.1-147] clk_wiz_1: clkphy_en: false , clkphy_freq: 600.000
INFO: [xilinx.com:ip:clk_wiz:5.1-132] clk_wiz_1: mmcm_pll_calc_optimals: GetClosestSolution: errStr: 1
INFO: [xilinx.com:ip:clk_wiz:5.1-137] clk_wiz_1: phyMode: NONE phyFreq: 318.000
INFO: [xilinx.com:ip:clk_wiz:5.1-147] clk_wiz_1: clkphy_en: false , clkphy_freq: 600.000
INFO: [xilinx.com:ip:clk_wiz:5.1-132] clk_wiz_1: mmcm_pll_calc_optimals: GetClosestSolution: errStr: 1
INFO: [xilinx.com:ip:clk_wiz:5.1-137] clk_wiz_1: phyMode: NONE phyFreq: 318.000
INFO: [xilinx.com:ip:clk_wiz:5.1-147] clk_wiz_1: clkphy_en: false , clkphy_freq: 600.000
INFO: [xilinx.com:ip:clk_wiz:5.1-132] clk_wiz_1: mmcm_pll_calc_optimals: GetClosestSolution: errStr: 1
INFO: [xilinx.com:ip:clk_wiz:5.1-137] clk_wiz_1: phyMode: NONE phyFreq: 318.000
INFO: [xilinx.com:ip:clk_wiz:5.1-147] clk_wiz_1: clkphy_en: false , clkphy_freq: 600.000
INFO: [xilinx.com:ip:clk_wiz:5.1-132] clk_wiz_1: mmcm_pll_calc_optimals: GetClosestSolution: errStr: 1
INFO: [xilinx.com:ip:clk_wiz:5.1-137] clk_wiz_1: phyMode: NONE phyFreq: 318.000
INFO: [xilinx.com:ip:clk_wiz:5.1-147] clk_wiz_1: clkphy_en: false , clkphy_freq: 600.000
INFO: [xilinx.com:ip:clk_wiz:5.1-132] clk_wiz_1: mmcm_pll_calc_optimals: GetClosestSolution: errStr: 1
INFO: [xilinx.com:ip:clk_wiz:5.1-137] clk_wiz_1: phyMode: NONE phyFreq: 318.000
INFO: [xilinx.com:ip:clk_wiz:5.1-147] clk_wiz_1: clkphy_en: false , clkphy_freq: 600.000
INFO: [xilinx.com:ip:clk_wiz:5.1-132] clk_wiz_1: mmcm_pll_calc_optimals: GetClosestSolution: errStr: 1
INFO: [xilinx.com:ip:clk_wiz:5.1-137] clk_wiz_1: phyMode: NONE phyFreq: 318.000
INFO: [xilinx.com:ip:clk_wiz:5.1-147] clk_wiz_1: clkphy_en: false , clkphy_freq: 600.000
INFO: [xilinx.com:ip:clk_wiz:5.1-132] clk_wiz_1: mmcm_pll_calc_optimals: GetClosestSolution: errStr: 1
INFO: [xilinx.com:ip:clk_wiz:5.1-137] clk_wiz_1: phyMode: NONE phyFreq: 318.000
INFO: [xilinx.com:ip:clk_wiz:5.1-147] clk_wiz_1: clkphy_en: false , clkphy_freq: 600.000
INFO: [xilinx.com:ip:clk_wiz:5.1-132] clk_wiz_1: mmcm_pll_calc_optimals: GetClosestSolution: errStr: 1
INFO: [xilinx.com:ip:clk_wiz:5.1-137] clk_wiz_1: phyMode: NONE phyFreq: 318.000
INFO: [xilinx.com:ip:clk_wiz:5.1-147] clk_wiz_1: clkphy_en: false , clkphy_freq: 600.000
INFO: [Common 17-14] Message 'xilinx.com:ip:clk_wiz:5.1 147' appears 100 times and further instances of the messages will be disabled. Use the Tcl command set_msg_config to change the current settings.
INFO: [xilinx.com:ip:clk_wiz:5.1-132] clk_wiz_1: mmcm_pll_calc_optimals: GetClosestSolution: errStr: 1
INFO: [Common 17-14] Message 'xilinx.com:ip:clk_wiz:5.1 132' appears 100 times and further instances of the messages will be disabled. Use the Tcl command set_msg_config to change the current settings.
INFO: [xilinx.com:ip:clk_wiz:5.1-137] clk_wiz_1: phyMode: NONE phyFreq: 318.000
INFO: [Common 17-14] Message 'xilinx.com:ip:clk_wiz:5.1 137' appears 100 times and further instances of the messages will be disabled. Use the Tcl command set_msg_config to change the current settings.
can't read "p_MMCM_CLKOUT0_DIVIDE": no such variable
can't read "p_MMCM_CLKOUT0_DIVIDE": no such variable
expected floating-point number but got ""
expected floating-point number but got ""
expected floating-point number but got ""
expected floating-point number but got ""
can't read "p_MMCM_CLKOUT0_DIVIDE": no such variable
can't read "p_MMCM_CLKOUT0_DIVIDE": no such variable
expected floating-point number but got ""
expected floating-point number but got ""
expected floating-point number but got ""
expected floating-point number but got ""
set_property -dict [list CONFIG.PRIM_SOURCE {No_buffer}] [get_ips clk_wiz_1]
generate_target all [get_files  C:/nimPlus_nov16_2017_t0923/nimPlus_/top/top.srcs/sources_1/ip/clk_wiz_1/clk_wiz_1.xci]
INFO: [IP_Flow 19-1686] Generating 'Instantiation Template' target for IP 'clk_wiz_1'...
INFO: [IP_Flow 19-1686] Generating 'Synthesis' target for IP 'clk_wiz_1'...
INFO: [IP_Flow 19-1686] Generating 'Simulation' target for IP 'clk_wiz_1'...
INFO: [IP_Flow 19-1686] Generating 'Implementation' target for IP 'clk_wiz_1'...
INFO: [IP_Flow 19-1686] Generating 'Change Log' target for IP 'clk_wiz_1'...
reset_run clk_wiz_1_synth_1
launch_run -jobs 4 clk_wiz_1_synth_1
[Mon Nov 27 16:25:31 2017] Launched clk_wiz_1_synth_1...
Run output will be captured here: C:/nimPlus_nov16_2017_t0923/nimPlus_/top/top.runs/clk_wiz_1_synth_1/runme.log
INFO: [xilinx.com:ip:clk_wiz:5.1-147] clk_wiz_1: clkphy_en: false , clkphy_freq: 600.000
INFO: [xilinx.com:ip:clk_wiz:5.1-132] clk_wiz_1: mmcm_pll_calc_optimals: GetClosestSolution: errStr: 1
INFO: [xilinx.com:ip:clk_wiz:5.1-137] clk_wiz_1: phyMode: NONE phyFreq: 318.000
INFO: [xilinx.com:ip:clk_wiz:5.1-147] clk_wiz_1: clkphy_en: false , clkphy_freq: 600.000
INFO: [xilinx.com:ip:clk_wiz:5.1-132] clk_wiz_1: mmcm_pll_calc_optimals: GetClosestSolution: errStr: 1
INFO: [xilinx.com:ip:clk_wiz:5.1-137] clk_wiz_1: phyMode: NONE phyFreq: 318.000
INFO: [xilinx.com:ip:clk_wiz:5.1-147] clk_wiz_1: clkphy_en: false , clkphy_freq: 600.000
INFO: [xilinx.com:ip:clk_wiz:5.1-132] clk_wiz_1: mmcm_pll_calc_optimals: GetClosestSolution: errStr: 1
INFO: [xilinx.com:ip:clk_wiz:5.1-137] clk_wiz_1: phyMode: NONE phyFreq: 318.000
INFO: [xilinx.com:ip:clk_wiz:5.1-147] clk_wiz_1: clkphy_en: false , clkphy_freq: 600.000
INFO: [xilinx.com:ip:clk_wiz:5.1-132] clk_wiz_1: mmcm_pll_calc_optimals: GetClosestSolution: errStr: 1
INFO: [xilinx.com:ip:clk_wiz:5.1-137] clk_wiz_1: phyMode: NONE phyFreq: 318.000
INFO: [xilinx.com:ip:clk_wiz:5.1-147] clk_wiz_1: clkphy_en: false , clkphy_freq: 600.000
INFO: [xilinx.com:ip:clk_wiz:5.1-132] clk_wiz_1: mmcm_pll_calc_optimals: GetClosestSolution: errStr: 1
INFO: [xilinx.com:ip:clk_wiz:5.1-137] clk_wiz_1: phyMode: NONE phyFreq: 318.000
INFO: [xilinx.com:ip:clk_wiz:5.1-147] clk_wiz_1: clkphy_en: false , clkphy_freq: 600.000
INFO: [xilinx.com:ip:clk_wiz:5.1-132] clk_wiz_1: mmcm_pll_calc_optimals: GetClosestSolution: errStr: 1
INFO: [xilinx.com:ip:clk_wiz:5.1-137] clk_wiz_1: phyMode: NONE phyFreq: 318.000
INFO: [xilinx.com:ip:clk_wiz:5.1-147] clk_wiz_1: clkphy_en: false , clkphy_freq: 600.000
INFO: [xilinx.com:ip:clk_wiz:5.1-132] clk_wiz_1: mmcm_pll_calc_optimals: GetClosestSolution: errStr: 1
INFO: [xilinx.com:ip:clk_wiz:5.1-137] clk_wiz_1: phyMode: NONE phyFreq: 318.000
INFO: [xilinx.com:ip:clk_wiz:5.1-147] clk_wiz_1: clkphy_en: false , clkphy_freq: 600.000
INFO: [xilinx.com:ip:clk_wiz:5.1-132] clk_wiz_1: mmcm_pll_calc_optimals: GetClosestSolution: errStr: 1
INFO: [xilinx.com:ip:clk_wiz:5.1-137] clk_wiz_1: phyMode: NONE phyFreq: 318.000
INFO: [xilinx.com:ip:clk_wiz:5.1-147] clk_wiz_1: clkphy_en: false , clkphy_freq: 600.000
INFO: [xilinx.com:ip:clk_wiz:5.1-132] clk_wiz_1: mmcm_pll_calc_optimals: GetClosestSolution: errStr: 1
INFO: [xilinx.com:ip:clk_wiz:5.1-137] clk_wiz_1: phyMode: NONE phyFreq: 318.000
INFO: [xilinx.com:ip:clk_wiz:5.1-147] clk_wiz_1: clkphy_en: false , clkphy_freq: 600.000
INFO: [xilinx.com:ip:clk_wiz:5.1-132] clk_wiz_1: mmcm_pll_calc_optimals: GetClosestSolution: errStr: 1
INFO: [xilinx.com:ip:clk_wiz:5.1-137] clk_wiz_1: phyMode: NONE phyFreq: 318.000
INFO: [xilinx.com:ip:clk_wiz:5.1-147] clk_wiz_1: clkphy_en: false , clkphy_freq: 600.000
INFO: [xilinx.com:ip:clk_wiz:5.1-132] clk_wiz_1: mmcm_pll_calc_optimals: GetClosestSolution: errStr: 1
INFO: [xilinx.com:ip:clk_wiz:5.1-137] clk_wiz_1: phyMode: NONE phyFreq: 318.000
INFO: [xilinx.com:ip:clk_wiz:5.1-147] clk_wiz_1: clkphy_en: false , clkphy_freq: 600.000
INFO: [xilinx.com:ip:clk_wiz:5.1-132] clk_wiz_1: mmcm_pll_calc_optimals: GetClosestSolution: errStr: 1
INFO: [xilinx.com:ip:clk_wiz:5.1-137] clk_wiz_1: phyMode: NONE phyFreq: 318.000
INFO: [xilinx.com:ip:clk_wiz:5.1-147] clk_wiz_1: clkphy_en: false , clkphy_freq: 600.000
INFO: [xilinx.com:ip:clk_wiz:5.1-132] clk_wiz_1: mmcm_pll_calc_optimals: GetClosestSolution: errStr: 1
INFO: [xilinx.com:ip:clk_wiz:5.1-137] clk_wiz_1: phyMode: NONE phyFreq: 318.000
INFO: [xilinx.com:ip:clk_wiz:5.1-147] clk_wiz_1: clkphy_en: false , clkphy_freq: 600.000
INFO: [xilinx.com:ip:clk_wiz:5.1-132] clk_wiz_1: mmcm_pll_calc_optimals: GetClosestSolution: errStr: 1
INFO: [xilinx.com:ip:clk_wiz:5.1-137] clk_wiz_1: phyMode: NONE phyFreq: 318.000
INFO: [xilinx.com:ip:clk_wiz:5.1-147] clk_wiz_1: clkphy_en: false , clkphy_freq: 600.000
INFO: [xilinx.com:ip:clk_wiz:5.1-132] clk_wiz_1: mmcm_pll_calc_optimals: GetClosestSolution: errStr: 1
INFO: [xilinx.com:ip:clk_wiz:5.1-137] clk_wiz_1: phyMode: NONE phyFreq: 318.000
INFO: [xilinx.com:ip:clk_wiz:5.1-147] clk_wiz_1: clkphy_en: false , clkphy_freq: 600.000
INFO: [xilinx.com:ip:clk_wiz:5.1-132] clk_wiz_1: mmcm_pll_calc_optimals: GetClosestSolution: errStr: 1
INFO: [xilinx.com:ip:clk_wiz:5.1-137] clk_wiz_1: phyMode: NONE phyFreq: 318.000
INFO: [xilinx.com:ip:clk_wiz:5.1-147] clk_wiz_1: clkphy_en: false , clkphy_freq: 600.000
INFO: [xilinx.com:ip:clk_wiz:5.1-132] clk_wiz_1: mmcm_pll_calc_optimals: GetClosestSolution: errStr: 1
INFO: [xilinx.com:ip:clk_wiz:5.1-137] clk_wiz_1: phyMode: NONE phyFreq: 318.000
INFO: [xilinx.com:ip:clk_wiz:5.1-147] clk_wiz_1: clkphy_en: false , clkphy_freq: 600.000
INFO: [xilinx.com:ip:clk_wiz:5.1-132] clk_wiz_1: mmcm_pll_calc_optimals: GetClosestSolution: errStr: 1
INFO: [xilinx.com:ip:clk_wiz:5.1-137] clk_wiz_1: phyMode: NONE phyFreq: 318.000
INFO: [xilinx.com:ip:clk_wiz:5.1-147] clk_wiz_1: clkphy_en: false , clkphy_freq: 600.000
INFO: [xilinx.com:ip:clk_wiz:5.1-132] clk_wiz_1: mmcm_pll_calc_optimals: GetClosestSolution: errStr: 1
INFO: [xilinx.com:ip:clk_wiz:5.1-137] clk_wiz_1: phyMode: NONE phyFreq: 318.000
INFO: [xilinx.com:ip:clk_wiz:5.1-147] clk_wiz_1: clkphy_en: false , clkphy_freq: 600.000
INFO: [xilinx.com:ip:clk_wiz:5.1-132] clk_wiz_1: mmcm_pll_calc_optimals: GetClosestSolution: errStr: 1
INFO: [xilinx.com:ip:clk_wiz:5.1-137] clk_wiz_1: phyMode: NONE phyFreq: 318.000
INFO: [xilinx.com:ip:clk_wiz:5.1-147] clk_wiz_1: clkphy_en: false , clkphy_freq: 600.000
INFO: [xilinx.com:ip:clk_wiz:5.1-132] clk_wiz_1: mmcm_pll_calc_optimals: GetClosestSolution: errStr: 1
INFO: [xilinx.com:ip:clk_wiz:5.1-137] clk_wiz_1: phyMode: NONE phyFreq: 318.000
INFO: [xilinx.com:ip:clk_wiz:5.1-147] clk_wiz_1: clkphy_en: false , clkphy_freq: 600.000
INFO: [xilinx.com:ip:clk_wiz:5.1-132] clk_wiz_1: mmcm_pll_calc_optimals: GetClosestSolution: errStr: 1
INFO: [xilinx.com:ip:clk_wiz:5.1-137] clk_wiz_1: phyMode: NONE phyFreq: 318.000
INFO: [xilinx.com:ip:clk_wiz:5.1-147] clk_wiz_1: clkphy_en: false , clkphy_freq: 600.000
INFO: [xilinx.com:ip:clk_wiz:5.1-132] clk_wiz_1: mmcm_pll_calc_optimals: GetClosestSolution: errStr: 1
INFO: [xilinx.com:ip:clk_wiz:5.1-137] clk_wiz_1: phyMode: NONE phyFreq: 318.000
INFO: [xilinx.com:ip:clk_wiz:5.1-147] clk_wiz_1: clkphy_en: false , clkphy_freq: 600.000
INFO: [xilinx.com:ip:clk_wiz:5.1-132] clk_wiz_1: mmcm_pll_calc_optimals: GetClosestSolution: errStr: 1
INFO: [xilinx.com:ip:clk_wiz:5.1-137] clk_wiz_1: phyMode: NONE phyFreq: 318.000
INFO: [xilinx.com:ip:clk_wiz:5.1-147] clk_wiz_1: clkphy_en: false , clkphy_freq: 600.000
INFO: [xilinx.com:ip:clk_wiz:5.1-132] clk_wiz_1: mmcm_pll_calc_optimals: GetClosestSolution: errStr: 1
INFO: [xilinx.com:ip:clk_wiz:5.1-137] clk_wiz_1: phyMode: NONE phyFreq: 318.000
INFO: [xilinx.com:ip:clk_wiz:5.1-147] clk_wiz_1: clkphy_en: false , clkphy_freq: 600.000
INFO: [xilinx.com:ip:clk_wiz:5.1-132] clk_wiz_1: mmcm_pll_calc_optimals: GetClosestSolution: errStr: 1
INFO: [xilinx.com:ip:clk_wiz:5.1-137] clk_wiz_1: phyMode: NONE phyFreq: 318.000
INFO: [xilinx.com:ip:clk_wiz:5.1-147] clk_wiz_1: clkphy_en: false , clkphy_freq: 600.000
INFO: [xilinx.com:ip:clk_wiz:5.1-132] clk_wiz_1: mmcm_pll_calc_optimals: GetClosestSolution: errStr: 1
INFO: [xilinx.com:ip:clk_wiz:5.1-137] clk_wiz_1: phyMode: NONE phyFreq: 318.000
INFO: [xilinx.com:ip:clk_wiz:5.1-147] clk_wiz_1: clkphy_en: false , clkphy_freq: 600.000
INFO: [xilinx.com:ip:clk_wiz:5.1-132] clk_wiz_1: mmcm_pll_calc_optimals: GetClosestSolution: errStr: 1
INFO: [xilinx.com:ip:clk_wiz:5.1-137] clk_wiz_1: phyMode: NONE phyFreq: 318.000
INFO: [xilinx.com:ip:clk_wiz:5.1-147] clk_wiz_1: clkphy_en: false , clkphy_freq: 600.000
INFO: [xilinx.com:ip:clk_wiz:5.1-132] clk_wiz_1: mmcm_pll_calc_optimals: GetClosestSolution: errStr: 1
INFO: [xilinx.com:ip:clk_wiz:5.1-137] clk_wiz_1: phyMode: NONE phyFreq: 318.000
INFO: [xilinx.com:ip:clk_wiz:5.1-147] clk_wiz_1: clkphy_en: false , clkphy_freq: 600.000
INFO: [xilinx.com:ip:clk_wiz:5.1-132] clk_wiz_1: mmcm_pll_calc_optimals: GetClosestSolution: errStr: 1
INFO: [xilinx.com:ip:clk_wiz:5.1-137] clk_wiz_1: phyMode: NONE phyFreq: 318.000
INFO: [xilinx.com:ip:clk_wiz:5.1-147] clk_wiz_1: clkphy_en: false , clkphy_freq: 600.000
INFO: [xilinx.com:ip:clk_wiz:5.1-132] clk_wiz_1: mmcm_pll_calc_optimals: GetClosestSolution: errStr: 1
INFO: [xilinx.com:ip:clk_wiz:5.1-137] clk_wiz_1: phyMode: NONE phyFreq: 318.000
INFO: [xilinx.com:ip:clk_wiz:5.1-147] clk_wiz_1: clkphy_en: false , clkphy_freq: 600.000
INFO: [xilinx.com:ip:clk_wiz:5.1-132] clk_wiz_1: mmcm_pll_calc_optimals: GetClosestSolution: errStr: 1
INFO: [xilinx.com:ip:clk_wiz:5.1-137] clk_wiz_1: phyMode: NONE phyFreq: 318.000
INFO: [xilinx.com:ip:clk_wiz:5.1-147] clk_wiz_1: clkphy_en: false , clkphy_freq: 600.000
INFO: [xilinx.com:ip:clk_wiz:5.1-132] clk_wiz_1: mmcm_pll_calc_optimals: GetClosestSolution: errStr: 1
INFO: [xilinx.com:ip:clk_wiz:5.1-137] clk_wiz_1: phyMode: NONE phyFreq: 318.000
INFO: [xilinx.com:ip:clk_wiz:5.1-147] clk_wiz_1: clkphy_en: false , clkphy_freq: 600.000
INFO: [xilinx.com:ip:clk_wiz:5.1-132] clk_wiz_1: mmcm_pll_calc_optimals: GetClosestSolution: errStr: 1
INFO: [xilinx.com:ip:clk_wiz:5.1-137] clk_wiz_1: phyMode: NONE phyFreq: 318.000
INFO: [xilinx.com:ip:clk_wiz:5.1-147] clk_wiz_1: clkphy_en: false , clkphy_freq: 600.000
INFO: [xilinx.com:ip:clk_wiz:5.1-132] clk_wiz_1: mmcm_pll_calc_optimals: GetClosestSolution: errStr: 1
INFO: [xilinx.com:ip:clk_wiz:5.1-137] clk_wiz_1: phyMode: NONE phyFreq: 318.000
INFO: [xilinx.com:ip:clk_wiz:5.1-147] clk_wiz_1: clkphy_en: false , clkphy_freq: 600.000
INFO: [xilinx.com:ip:clk_wiz:5.1-132] clk_wiz_1: mmcm_pll_calc_optimals: GetClosestSolution: errStr: 1
INFO: [xilinx.com:ip:clk_wiz:5.1-137] clk_wiz_1: phyMode: NONE phyFreq: 318.000
INFO: [xilinx.com:ip:clk_wiz:5.1-147] clk_wiz_1: clkphy_en: false , clkphy_freq: 600.000
INFO: [xilinx.com:ip:clk_wiz:5.1-132] clk_wiz_1: mmcm_pll_calc_optimals: GetClosestSolution: errStr: 1
INFO: [xilinx.com:ip:clk_wiz:5.1-137] clk_wiz_1: phyMode: NONE phyFreq: 318.000
INFO: [xilinx.com:ip:clk_wiz:5.1-147] clk_wiz_1: clkphy_en: false , clkphy_freq: 600.000
INFO: [xilinx.com:ip:clk_wiz:5.1-132] clk_wiz_1: mmcm_pll_calc_optimals: GetClosestSolution: errStr: 1
INFO: [xilinx.com:ip:clk_wiz:5.1-137] clk_wiz_1: phyMode: NONE phyFreq: 318.000
INFO: [xilinx.com:ip:clk_wiz:5.1-147] clk_wiz_1: clkphy_en: false , clkphy_freq: 600.000
INFO: [xilinx.com:ip:clk_wiz:5.1-132] clk_wiz_1: mmcm_pll_calc_optimals: GetClosestSolution: errStr: 1
INFO: [xilinx.com:ip:clk_wiz:5.1-137] clk_wiz_1: phyMode: NONE phyFreq: 318.000
INFO: [xilinx.com:ip:clk_wiz:5.1-147] clk_wiz_1: clkphy_en: false , clkphy_freq: 600.000
INFO: [xilinx.com:ip:clk_wiz:5.1-132] clk_wiz_1: mmcm_pll_calc_optimals: GetClosestSolution: errStr: 1
INFO: [xilinx.com:ip:clk_wiz:5.1-137] clk_wiz_1: phyMode: NONE phyFreq: 318.000
INFO: [xilinx.com:ip:clk_wiz:5.1-147] clk_wiz_1: clkphy_en: false , clkphy_freq: 600.000
INFO: [xilinx.com:ip:clk_wiz:5.1-132] clk_wiz_1: mmcm_pll_calc_optimals: GetClosestSolution: errStr: 1
INFO: [xilinx.com:ip:clk_wiz:5.1-137] clk_wiz_1: phyMode: NONE phyFreq: 318.000
INFO: [xilinx.com:ip:clk_wiz:5.1-147] clk_wiz_1: clkphy_en: false , clkphy_freq: 600.000
INFO: [xilinx.com:ip:clk_wiz:5.1-132] clk_wiz_1: mmcm_pll_calc_optimals: GetClosestSolution: errStr: 1
INFO: [xilinx.com:ip:clk_wiz:5.1-137] clk_wiz_1: phyMode: NONE phyFreq: 318.000
INFO: [xilinx.com:ip:clk_wiz:5.1-147] clk_wiz_1: clkphy_en: false , clkphy_freq: 600.000
INFO: [xilinx.com:ip:clk_wiz:5.1-132] clk_wiz_1: mmcm_pll_calc_optimals: GetClosestSolution: errStr: 1
INFO: [xilinx.com:ip:clk_wiz:5.1-137] clk_wiz_1: phyMode: NONE phyFreq: 318.000
can't read "p_MMCM_CLKOUT0_DIVIDE": no such variable
can't read "p_MMCM_CLKOUT0_DIVIDE": no such variable
expected floating-point number but got ""
expected floating-point number but got ""
expected floating-point number but got ""
expected floating-point number but got ""
can't read "p_MMCM_CLKOUT0_DIVIDE": no such variable
can't read "p_MMCM_CLKOUT0_DIVIDE": no such variable
expected floating-point number but got ""
expected floating-point number but got ""
expected floating-point number but got ""
expected floating-point number but got ""
set_property -dict [list CONFIG.CLKOUT2_DRIVES {No_buffer}] [get_ips clk_wiz_1]
generate_target all [get_files  C:/nimPlus_nov16_2017_t0923/nimPlus_/top/top.srcs/sources_1/ip/clk_wiz_1/clk_wiz_1.xci]
INFO: [IP_Flow 19-1686] Generating 'Instantiation Template' target for IP 'clk_wiz_1'...
INFO: [IP_Flow 19-1686] Generating 'Synthesis' target for IP 'clk_wiz_1'...
INFO: [IP_Flow 19-1686] Generating 'Simulation' target for IP 'clk_wiz_1'...
INFO: [IP_Flow 19-1686] Generating 'Implementation' target for IP 'clk_wiz_1'...
INFO: [IP_Flow 19-1686] Generating 'Change Log' target for IP 'clk_wiz_1'...
reset_run clk_wiz_1_synth_1
launch_run -jobs 4 clk_wiz_1_synth_1
[Mon Nov 27 16:26:36 2017] Launched clk_wiz_1_synth_1...
Run output will be captured here: C:/nimPlus_nov16_2017_t0923/nimPlus_/top/top.runs/clk_wiz_1_synth_1/runme.log
INFO: [xilinx.com:ip:clk_wiz:5.1-147] clk_wiz_0: clkphy_en: false , clkphy_freq: 600.000
INFO: [xilinx.com:ip:clk_wiz:5.1-132] clk_wiz_0: mmcm_pll_calc_optimals: GetClosestSolution: errStr: 1
INFO: [xilinx.com:ip:clk_wiz:5.1-137] clk_wiz_0: phyMode: NONE phyFreq: 320.000
INFO: [xilinx.com:ip:clk_wiz:5.1-147] clk_wiz_0: clkphy_en: false , clkphy_freq: 600.000
INFO: [xilinx.com:ip:clk_wiz:5.1-132] clk_wiz_0: mmcm_pll_calc_optimals: GetClosestSolution: errStr: 1
INFO: [xilinx.com:ip:clk_wiz:5.1-137] clk_wiz_0: phyMode: NONE phyFreq: 320.000
INFO: [xilinx.com:ip:clk_wiz:5.1-147] clk_wiz_0: clkphy_en: false , clkphy_freq: 600.000
INFO: [xilinx.com:ip:clk_wiz:5.1-132] clk_wiz_0: mmcm_pll_calc_optimals: GetClosestSolution: errStr: 1
INFO: [xilinx.com:ip:clk_wiz:5.1-137] clk_wiz_0: phyMode: NONE phyFreq: 320.000
INFO: [xilinx.com:ip:clk_wiz:5.1-147] clk_wiz_0: clkphy_en: false , clkphy_freq: 600.000
INFO: [xilinx.com:ip:clk_wiz:5.1-132] clk_wiz_0: mmcm_pll_calc_optimals: GetClosestSolution: errStr: 1
INFO: [xilinx.com:ip:clk_wiz:5.1-137] clk_wiz_0: phyMode: NONE phyFreq: 320.000
INFO: [xilinx.com:ip:clk_wiz:5.1-147] clk_wiz_0: clkphy_en: false , clkphy_freq: 600.000
INFO: [xilinx.com:ip:clk_wiz:5.1-132] clk_wiz_0: mmcm_pll_calc_optimals: GetClosestSolution: errStr: 1
INFO: [xilinx.com:ip:clk_wiz:5.1-137] clk_wiz_0: phyMode: NONE phyFreq: 320.000
INFO: [xilinx.com:ip:clk_wiz:5.1-147] clk_wiz_0: clkphy_en: false , clkphy_freq: 600.000
INFO: [xilinx.com:ip:clk_wiz:5.1-132] clk_wiz_0: mmcm_pll_calc_optimals: GetClosestSolution: errStr: 1
INFO: [xilinx.com:ip:clk_wiz:5.1-137] clk_wiz_0: phyMode: NONE phyFreq: 320.000
INFO: [xilinx.com:ip:clk_wiz:5.1-147] clk_wiz_0: clkphy_en: false , clkphy_freq: 600.000
INFO: [xilinx.com:ip:clk_wiz:5.1-132] clk_wiz_0: mmcm_pll_calc_optimals: GetClosestSolution: errStr: 1
INFO: [xilinx.com:ip:clk_wiz:5.1-137] clk_wiz_0: phyMode: NONE phyFreq: 320.000
INFO: [xilinx.com:ip:clk_wiz:5.1-147] clk_wiz_0: clkphy_en: false , clkphy_freq: 600.000
INFO: [xilinx.com:ip:clk_wiz:5.1-132] clk_wiz_0: mmcm_pll_calc_optimals: GetClosestSolution: errStr: 1
INFO: [xilinx.com:ip:clk_wiz:5.1-137] clk_wiz_0: phyMode: NONE phyFreq: 320.000
INFO: [xilinx.com:ip:clk_wiz:5.1-147] clk_wiz_0: clkphy_en: false , clkphy_freq: 600.000
INFO: [xilinx.com:ip:clk_wiz:5.1-132] clk_wiz_0: mmcm_pll_calc_optimals: GetClosestSolution: errStr: 1
INFO: [xilinx.com:ip:clk_wiz:5.1-137] clk_wiz_0: phyMode: NONE phyFreq: 320.000
INFO: [xilinx.com:ip:clk_wiz:5.1-147] clk_wiz_0: clkphy_en: false , clkphy_freq: 600.000
INFO: [xilinx.com:ip:clk_wiz:5.1-132] clk_wiz_0: mmcm_pll_calc_optimals: GetClosestSolution: errStr: 1
INFO: [xilinx.com:ip:clk_wiz:5.1-137] clk_wiz_0: phyMode: NONE phyFreq: 320.000
INFO: [xilinx.com:ip:clk_wiz:5.1-147] clk_wiz_0: clkphy_en: false , clkphy_freq: 600.000
INFO: [xilinx.com:ip:clk_wiz:5.1-132] clk_wiz_0: mmcm_pll_calc_optimals: GetClosestSolution: errStr: 1
INFO: [xilinx.com:ip:clk_wiz:5.1-137] clk_wiz_0: phyMode: NONE phyFreq: 320.000
INFO: [xilinx.com:ip:clk_wiz:5.1-147] clk_wiz_0: clkphy_en: false , clkphy_freq: 600.000
INFO: [xilinx.com:ip:clk_wiz:5.1-132] clk_wiz_0: mmcm_pll_calc_optimals: GetClosestSolution: errStr: 1
INFO: [xilinx.com:ip:clk_wiz:5.1-137] clk_wiz_0: phyMode: NONE phyFreq: 320.000
INFO: [xilinx.com:ip:clk_wiz:5.1-147] clk_wiz_0: clkphy_en: false , clkphy_freq: 600.000
INFO: [xilinx.com:ip:clk_wiz:5.1-132] clk_wiz_0: mmcm_pll_calc_optimals: GetClosestSolution: errStr: 1
INFO: [xilinx.com:ip:clk_wiz:5.1-137] clk_wiz_0: phyMode: NONE phyFreq: 320.000
INFO: [xilinx.com:ip:clk_wiz:5.1-147] clk_wiz_0: clkphy_en: false , clkphy_freq: 600.000
INFO: [xilinx.com:ip:clk_wiz:5.1-132] clk_wiz_0: mmcm_pll_calc_optimals: GetClosestSolution: errStr: 1
INFO: [xilinx.com:ip:clk_wiz:5.1-137] clk_wiz_0: phyMode: NONE phyFreq: 320.000
INFO: [xilinx.com:ip:clk_wiz:5.1-147] clk_wiz_0: clkphy_en: false , clkphy_freq: 600.000
INFO: [xilinx.com:ip:clk_wiz:5.1-132] clk_wiz_0: mmcm_pll_calc_optimals: GetClosestSolution: errStr: 1
INFO: [xilinx.com:ip:clk_wiz:5.1-137] clk_wiz_0: phyMode: NONE phyFreq: 320.000
INFO: [xilinx.com:ip:clk_wiz:5.1-147] clk_wiz_0: clkphy_en: false , clkphy_freq: 600.000
INFO: [xilinx.com:ip:clk_wiz:5.1-132] clk_wiz_0: mmcm_pll_calc_optimals: GetClosestSolution: errStr: 1
INFO: [xilinx.com:ip:clk_wiz:5.1-137] clk_wiz_0: phyMode: NONE phyFreq: 320.000
INFO: [xilinx.com:ip:clk_wiz:5.1-147] clk_wiz_0: clkphy_en: false , clkphy_freq: 600.000
INFO: [xilinx.com:ip:clk_wiz:5.1-132] clk_wiz_0: mmcm_pll_calc_optimals: GetClosestSolution: errStr: 1
INFO: [xilinx.com:ip:clk_wiz:5.1-137] clk_wiz_0: phyMode: NONE phyFreq: 320.000
INFO: [xilinx.com:ip:clk_wiz:5.1-147] clk_wiz_0: clkphy_en: false , clkphy_freq: 600.000
INFO: [xilinx.com:ip:clk_wiz:5.1-132] clk_wiz_0: mmcm_pll_calc_optimals: GetClosestSolution: errStr: 1
INFO: [xilinx.com:ip:clk_wiz:5.1-137] clk_wiz_0: phyMode: NONE phyFreq: 320.000
INFO: [xilinx.com:ip:clk_wiz:5.1-147] clk_wiz_0: clkphy_en: false , clkphy_freq: 600.000
INFO: [xilinx.com:ip:clk_wiz:5.1-132] clk_wiz_0: mmcm_pll_calc_optimals: GetClosestSolution: errStr: 1
INFO: [xilinx.com:ip:clk_wiz:5.1-137] clk_wiz_0: phyMode: NONE phyFreq: 320.000
INFO: [xilinx.com:ip:clk_wiz:5.1-147] clk_wiz_0: clkphy_en: false , clkphy_freq: 600.000
INFO: [xilinx.com:ip:clk_wiz:5.1-132] clk_wiz_0: mmcm_pll_calc_optimals: GetClosestSolution: errStr: 1
INFO: [xilinx.com:ip:clk_wiz:5.1-137] clk_wiz_0: phyMode: NONE phyFreq: 320.000
INFO: [xilinx.com:ip:clk_wiz:5.1-147] clk_wiz_0: clkphy_en: false , clkphy_freq: 600.000
INFO: [xilinx.com:ip:clk_wiz:5.1-132] clk_wiz_0: mmcm_pll_calc_optimals: GetClosestSolution: errStr: 1
INFO: [xilinx.com:ip:clk_wiz:5.1-137] clk_wiz_0: phyMode: NONE phyFreq: 320.000
INFO: [xilinx.com:ip:clk_wiz:5.1-147] clk_wiz_0: clkphy_en: false , clkphy_freq: 600.000
INFO: [xilinx.com:ip:clk_wiz:5.1-132] clk_wiz_0: mmcm_pll_calc_optimals: GetClosestSolution: errStr: 1
INFO: [xilinx.com:ip:clk_wiz:5.1-137] clk_wiz_0: phyMode: NONE phyFreq: 320.000
INFO: [xilinx.com:ip:clk_wiz:5.1-147] clk_wiz_0: clkphy_en: false , clkphy_freq: 600.000
INFO: [xilinx.com:ip:clk_wiz:5.1-132] clk_wiz_0: mmcm_pll_calc_optimals: GetClosestSolution: errStr: 1
INFO: [xilinx.com:ip:clk_wiz:5.1-137] clk_wiz_0: phyMode: NONE phyFreq: 320.000
INFO: [xilinx.com:ip:clk_wiz:5.1-147] clk_wiz_0: clkphy_en: false , clkphy_freq: 600.000
INFO: [xilinx.com:ip:clk_wiz:5.1-132] clk_wiz_0: mmcm_pll_calc_optimals: GetClosestSolution: errStr: 1
INFO: [xilinx.com:ip:clk_wiz:5.1-137] clk_wiz_0: phyMode: NONE phyFreq: 320.000
INFO: [xilinx.com:ip:clk_wiz:5.1-147] clk_wiz_0: clkphy_en: false , clkphy_freq: 600.000
INFO: [xilinx.com:ip:clk_wiz:5.1-132] clk_wiz_0: mmcm_pll_calc_optimals: GetClosestSolution: errStr: 1
INFO: [xilinx.com:ip:clk_wiz:5.1-137] clk_wiz_0: phyMode: NONE phyFreq: 320.000
INFO: [xilinx.com:ip:clk_wiz:5.1-147] clk_wiz_0: clkphy_en: false , clkphy_freq: 600.000
INFO: [xilinx.com:ip:clk_wiz:5.1-132] clk_wiz_0: mmcm_pll_calc_optimals: GetClosestSolution: errStr: 1
INFO: [xilinx.com:ip:clk_wiz:5.1-137] clk_wiz_0: phyMode: NONE phyFreq: 320.000
INFO: [xilinx.com:ip:clk_wiz:5.1-147] clk_wiz_0: clkphy_en: false , clkphy_freq: 600.000
INFO: [xilinx.com:ip:clk_wiz:5.1-132] clk_wiz_0: mmcm_pll_calc_optimals: GetClosestSolution: errStr: 1
INFO: [xilinx.com:ip:clk_wiz:5.1-137] clk_wiz_0: phyMode: NONE phyFreq: 320.000
INFO: [xilinx.com:ip:clk_wiz:5.1-147] clk_wiz_0: clkphy_en: false , clkphy_freq: 600.000
INFO: [xilinx.com:ip:clk_wiz:5.1-132] clk_wiz_0: mmcm_pll_calc_optimals: GetClosestSolution: errStr: 1
INFO: [xilinx.com:ip:clk_wiz:5.1-137] clk_wiz_0: phyMode: NONE phyFreq: 320.000
INFO: [xilinx.com:ip:clk_wiz:5.1-147] clk_wiz_0: clkphy_en: false , clkphy_freq: 600.000
INFO: [xilinx.com:ip:clk_wiz:5.1-132] clk_wiz_0: mmcm_pll_calc_optimals: GetClosestSolution: errStr: 1
INFO: [xilinx.com:ip:clk_wiz:5.1-137] clk_wiz_0: phyMode: NONE phyFreq: 320.000
INFO: [xilinx.com:ip:clk_wiz:5.1-147] clk_wiz_0: clkphy_en: false , clkphy_freq: 600.000
INFO: [xilinx.com:ip:clk_wiz:5.1-132] clk_wiz_0: mmcm_pll_calc_optimals: GetClosestSolution: errStr: 1
INFO: [xilinx.com:ip:clk_wiz:5.1-137] clk_wiz_0: phyMode: NONE phyFreq: 320.000
INFO: [xilinx.com:ip:clk_wiz:5.1-147] clk_wiz_0: clkphy_en: false , clkphy_freq: 600.000
INFO: [xilinx.com:ip:clk_wiz:5.1-132] clk_wiz_0: mmcm_pll_calc_optimals: GetClosestSolution: errStr: 1
INFO: [xilinx.com:ip:clk_wiz:5.1-137] clk_wiz_0: phyMode: NONE phyFreq: 320.000
INFO: [xilinx.com:ip:clk_wiz:5.1-147] clk_wiz_0: clkphy_en: false , clkphy_freq: 600.000
INFO: [xilinx.com:ip:clk_wiz:5.1-132] clk_wiz_0: mmcm_pll_calc_optimals: GetClosestSolution: errStr: 1
INFO: [xilinx.com:ip:clk_wiz:5.1-137] clk_wiz_0: phyMode: NONE phyFreq: 320.000
INFO: [xilinx.com:ip:clk_wiz:5.1-147] clk_wiz_0: clkphy_en: false , clkphy_freq: 600.000
INFO: [xilinx.com:ip:clk_wiz:5.1-132] clk_wiz_0: mmcm_pll_calc_optimals: GetClosestSolution: errStr: 1
INFO: [xilinx.com:ip:clk_wiz:5.1-137] clk_wiz_0: phyMode: NONE phyFreq: 320.000
INFO: [xilinx.com:ip:clk_wiz:5.1-147] clk_wiz_0: clkphy_en: false , clkphy_freq: 600.000
INFO: [xilinx.com:ip:clk_wiz:5.1-132] clk_wiz_0: mmcm_pll_calc_optimals: GetClosestSolution: errStr: 1
INFO: [xilinx.com:ip:clk_wiz:5.1-137] clk_wiz_0: phyMode: NONE phyFreq: 320.000
INFO: [xilinx.com:ip:clk_wiz:5.1-147] clk_wiz_0: clkphy_en: false , clkphy_freq: 600.000
INFO: [xilinx.com:ip:clk_wiz:5.1-132] clk_wiz_0: mmcm_pll_calc_optimals: GetClosestSolution: errStr: 1
INFO: [xilinx.com:ip:clk_wiz:5.1-137] clk_wiz_0: phyMode: NONE phyFreq: 320.000
INFO: [xilinx.com:ip:clk_wiz:5.1-147] clk_wiz_0: clkphy_en: false , clkphy_freq: 600.000
INFO: [xilinx.com:ip:clk_wiz:5.1-132] clk_wiz_0: mmcm_pll_calc_optimals: GetClosestSolution: errStr: 1
INFO: [xilinx.com:ip:clk_wiz:5.1-137] clk_wiz_0: phyMode: NONE phyFreq: 320.000
INFO: [xilinx.com:ip:clk_wiz:5.1-147] clk_wiz_0: clkphy_en: false , clkphy_freq: 600.000
INFO: [xilinx.com:ip:clk_wiz:5.1-132] clk_wiz_0: mmcm_pll_calc_optimals: GetClosestSolution: errStr: 1
INFO: [xilinx.com:ip:clk_wiz:5.1-137] clk_wiz_0: phyMode: NONE phyFreq: 320.000
INFO: [xilinx.com:ip:clk_wiz:5.1-147] clk_wiz_0: clkphy_en: false , clkphy_freq: 600.000
INFO: [xilinx.com:ip:clk_wiz:5.1-132] clk_wiz_0: mmcm_pll_calc_optimals: GetClosestSolution: errStr: 1
INFO: [xilinx.com:ip:clk_wiz:5.1-137] clk_wiz_0: phyMode: NONE phyFreq: 320.000
INFO: [xilinx.com:ip:clk_wiz:5.1-147] clk_wiz_0: clkphy_en: false , clkphy_freq: 600.000
INFO: [xilinx.com:ip:clk_wiz:5.1-132] clk_wiz_0: mmcm_pll_calc_optimals: GetClosestSolution: errStr: 1
INFO: [xilinx.com:ip:clk_wiz:5.1-137] clk_wiz_0: phyMode: NONE phyFreq: 320.000
INFO: [xilinx.com:ip:clk_wiz:5.1-147] clk_wiz_0: clkphy_en: false , clkphy_freq: 600.000
INFO: [xilinx.com:ip:clk_wiz:5.1-132] clk_wiz_0: mmcm_pll_calc_optimals: GetClosestSolution: errStr: 1
INFO: [xilinx.com:ip:clk_wiz:5.1-137] clk_wiz_0: phyMode: NONE phyFreq: 320.000
INFO: [xilinx.com:ip:clk_wiz:5.1-147] clk_wiz_0: clkphy_en: false , clkphy_freq: 600.000
INFO: [xilinx.com:ip:clk_wiz:5.1-132] clk_wiz_0: mmcm_pll_calc_optimals: GetClosestSolution: errStr: 1
INFO: [xilinx.com:ip:clk_wiz:5.1-137] clk_wiz_0: phyMode: NONE phyFreq: 320.000
can't read "p_MMCM_CLKOUT0_DIVIDE": no such variable
expected floating-point number but got ""
expected floating-point number but got ""
can't read "p_MMCM_CLKOUT0_DIVIDE": no such variable
expected floating-point number but got ""
expected floating-point number but got ""
can't read "p_MMCM_CLKOUT0_DIVIDE": no such variable
expected floating-point number but got ""
expected floating-point number but got ""
set_property -dict [list CONFIG.PRIM_SOURCE {No_buffer} CONFIG.CLKOUT2_DRIVES {No_buffer}] [get_ips clk_wiz_0]
generate_target all [get_files  C:/nimPlus_nov16_2017_t0923/nimPlus_/top/top.srcs/sources_1/ip/clk_wiz_0/clk_wiz_0.xci]
INFO: [IP_Flow 19-1686] Generating 'Instantiation Template' target for IP 'clk_wiz_0'...
INFO: [IP_Flow 19-1686] Generating 'Synthesis' target for IP 'clk_wiz_0'...
INFO: [IP_Flow 19-1686] Generating 'Simulation' target for IP 'clk_wiz_0'...
INFO: [IP_Flow 19-1686] Generating 'Implementation' target for IP 'clk_wiz_0'...
INFO: [IP_Flow 19-1686] Generating 'Change Log' target for IP 'clk_wiz_0'...
reset_run clk_wiz_0_synth_1
launch_run -jobs 4 clk_wiz_0_synth_1
[Mon Nov 27 16:27:27 2017] Launched clk_wiz_0_synth_1...
Run output will be captured here: C:/nimPlus_nov16_2017_t0923/nimPlus_/top/top.runs/clk_wiz_0_synth_1/runme.log
reset_run synth_1
launch_runs synth_1 -jobs 4
[Mon Nov 27 16:27:55 2017] Launched synth_1...
Run output will be captured here: C:/nimPlus_nov16_2017_t0923/nimPlus_/top/top.runs/synth_1/runme.log
launch_runs impl_1 -jobs 4
[Mon Nov 27 16:29:19 2017] Launched impl_1...
Run output will be captured here: C:/nimPlus_nov16_2017_t0923/nimPlus_/top/top.runs/impl_1/runme.log
reset_run impl_1
launch_runs impl_1 -jobs 4
[Mon Nov 27 16:30:40 2017] Launched impl_1...
Run output will be captured here: C:/nimPlus_nov16_2017_t0923/nimPlus_/top/top.runs/impl_1/runme.log
INFO: [xilinx.com:ip:clk_wiz:5.1-147] clk_wiz_0: clkphy_en: false , clkphy_freq: 600.000
INFO: [xilinx.com:ip:clk_wiz:5.1-132] clk_wiz_0: mmcm_pll_calc_optimals: GetClosestSolution: errStr: 1
INFO: [xilinx.com:ip:clk_wiz:5.1-137] clk_wiz_0: phyMode: NONE phyFreq: 320.000
INFO: [xilinx.com:ip:clk_wiz:5.1-147] clk_wiz_0: clkphy_en: false , clkphy_freq: 600.000
INFO: [xilinx.com:ip:clk_wiz:5.1-132] clk_wiz_0: mmcm_pll_calc_optimals: GetClosestSolution: errStr: 1
INFO: [xilinx.com:ip:clk_wiz:5.1-137] clk_wiz_0: phyMode: NONE phyFreq: 320.000
INFO: [xilinx.com:ip:clk_wiz:5.1-147] clk_wiz_0: clkphy_en: false , clkphy_freq: 600.000
INFO: [xilinx.com:ip:clk_wiz:5.1-132] clk_wiz_0: mmcm_pll_calc_optimals: GetClosestSolution: errStr: 1
INFO: [xilinx.com:ip:clk_wiz:5.1-137] clk_wiz_0: phyMode: NONE phyFreq: 320.000
INFO: [xilinx.com:ip:clk_wiz:5.1-147] clk_wiz_0: clkphy_en: false , clkphy_freq: 600.000
INFO: [xilinx.com:ip:clk_wiz:5.1-132] clk_wiz_0: mmcm_pll_calc_optimals: GetClosestSolution: errStr: 1
INFO: [xilinx.com:ip:clk_wiz:5.1-137] clk_wiz_0: phyMode: NONE phyFreq: 320.000
INFO: [xilinx.com:ip:clk_wiz:5.1-147] clk_wiz_0: clkphy_en: false , clkphy_freq: 600.000
INFO: [xilinx.com:ip:clk_wiz:5.1-132] clk_wiz_0: mmcm_pll_calc_optimals: GetClosestSolution: errStr: 1
INFO: [xilinx.com:ip:clk_wiz:5.1-137] clk_wiz_0: phyMode: NONE phyFreq: 320.000
INFO: [xilinx.com:ip:clk_wiz:5.1-147] clk_wiz_0: clkphy_en: false , clkphy_freq: 600.000
INFO: [xilinx.com:ip:clk_wiz:5.1-132] clk_wiz_0: mmcm_pll_calc_optimals: GetClosestSolution: errStr: 1
INFO: [xilinx.com:ip:clk_wiz:5.1-137] clk_wiz_0: phyMode: NONE phyFreq: 320.000
INFO: [xilinx.com:ip:clk_wiz:5.1-147] clk_wiz_0: clkphy_en: false , clkphy_freq: 600.000
INFO: [xilinx.com:ip:clk_wiz:5.1-132] clk_wiz_0: mmcm_pll_calc_optimals: GetClosestSolution: errStr: 1
INFO: [xilinx.com:ip:clk_wiz:5.1-137] clk_wiz_0: phyMode: NONE phyFreq: 320.000
INFO: [xilinx.com:ip:clk_wiz:5.1-147] clk_wiz_0: clkphy_en: false , clkphy_freq: 600.000
INFO: [xilinx.com:ip:clk_wiz:5.1-132] clk_wiz_0: mmcm_pll_calc_optimals: GetClosestSolution: errStr: 1
INFO: [xilinx.com:ip:clk_wiz:5.1-137] clk_wiz_0: phyMode: NONE phyFreq: 320.000
INFO: [xilinx.com:ip:clk_wiz:5.1-147] clk_wiz_0: clkphy_en: false , clkphy_freq: 600.000
INFO: [xilinx.com:ip:clk_wiz:5.1-132] clk_wiz_0: mmcm_pll_calc_optimals: GetClosestSolution: errStr: 1
INFO: [xilinx.com:ip:clk_wiz:5.1-137] clk_wiz_0: phyMode: NONE phyFreq: 320.000
INFO: [xilinx.com:ip:clk_wiz:5.1-147] clk_wiz_0: clkphy_en: false , clkphy_freq: 600.000
INFO: [xilinx.com:ip:clk_wiz:5.1-132] clk_wiz_0: mmcm_pll_calc_optimals: GetClosestSolution: errStr: 1
INFO: [xilinx.com:ip:clk_wiz:5.1-137] clk_wiz_0: phyMode: NONE phyFreq: 320.000
INFO: [xilinx.com:ip:clk_wiz:5.1-147] clk_wiz_0: clkphy_en: false , clkphy_freq: 600.000
INFO: [xilinx.com:ip:clk_wiz:5.1-132] clk_wiz_0: mmcm_pll_calc_optimals: GetClosestSolution: errStr: 1
INFO: [xilinx.com:ip:clk_wiz:5.1-137] clk_wiz_0: phyMode: NONE phyFreq: 320.000
INFO: [xilinx.com:ip:clk_wiz:5.1-147] clk_wiz_0: clkphy_en: false , clkphy_freq: 600.000
INFO: [xilinx.com:ip:clk_wiz:5.1-132] clk_wiz_0: mmcm_pll_calc_optimals: GetClosestSolution: errStr: 1
INFO: [xilinx.com:ip:clk_wiz:5.1-137] clk_wiz_0: phyMode: NONE phyFreq: 320.000
INFO: [xilinx.com:ip:clk_wiz:5.1-147] clk_wiz_0: clkphy_en: false , clkphy_freq: 600.000
INFO: [xilinx.com:ip:clk_wiz:5.1-132] clk_wiz_0: mmcm_pll_calc_optimals: GetClosestSolution: errStr: 1
INFO: [xilinx.com:ip:clk_wiz:5.1-137] clk_wiz_0: phyMode: NONE phyFreq: 320.000
INFO: [xilinx.com:ip:clk_wiz:5.1-147] clk_wiz_0: clkphy_en: false , clkphy_freq: 600.000
INFO: [xilinx.com:ip:clk_wiz:5.1-132] clk_wiz_0: mmcm_pll_calc_optimals: GetClosestSolution: errStr: 1
INFO: [xilinx.com:ip:clk_wiz:5.1-137] clk_wiz_0: phyMode: NONE phyFreq: 320.000
INFO: [xilinx.com:ip:clk_wiz:5.1-147] clk_wiz_0: clkphy_en: false , clkphy_freq: 600.000
INFO: [xilinx.com:ip:clk_wiz:5.1-132] clk_wiz_0: mmcm_pll_calc_optimals: GetClosestSolution: errStr: 1
INFO: [xilinx.com:ip:clk_wiz:5.1-137] clk_wiz_0: phyMode: NONE phyFreq: 320.000
INFO: [xilinx.com:ip:clk_wiz:5.1-147] clk_wiz_0: clkphy_en: false , clkphy_freq: 600.000
INFO: [xilinx.com:ip:clk_wiz:5.1-132] clk_wiz_0: mmcm_pll_calc_optimals: GetClosestSolution: errStr: 1
INFO: [xilinx.com:ip:clk_wiz:5.1-137] clk_wiz_0: phyMode: NONE phyFreq: 320.000
INFO: [xilinx.com:ip:clk_wiz:5.1-147] clk_wiz_0: clkphy_en: false , clkphy_freq: 600.000
INFO: [xilinx.com:ip:clk_wiz:5.1-132] clk_wiz_0: mmcm_pll_calc_optimals: GetClosestSolution: errStr: 1
INFO: [xilinx.com:ip:clk_wiz:5.1-137] clk_wiz_0: phyMode: NONE phyFreq: 320.000
INFO: [xilinx.com:ip:clk_wiz:5.1-147] clk_wiz_0: clkphy_en: false , clkphy_freq: 600.000
INFO: [xilinx.com:ip:clk_wiz:5.1-132] clk_wiz_0: mmcm_pll_calc_optimals: GetClosestSolution: errStr: 1
INFO: [xilinx.com:ip:clk_wiz:5.1-137] clk_wiz_0: phyMode: NONE phyFreq: 320.000
INFO: [xilinx.com:ip:clk_wiz:5.1-147] clk_wiz_0: clkphy_en: false , clkphy_freq: 600.000
INFO: [xilinx.com:ip:clk_wiz:5.1-132] clk_wiz_0: mmcm_pll_calc_optimals: GetClosestSolution: errStr: 1
INFO: [xilinx.com:ip:clk_wiz:5.1-137] clk_wiz_0: phyMode: NONE phyFreq: 320.000
INFO: [xilinx.com:ip:clk_wiz:5.1-147] clk_wiz_0: clkphy_en: false , clkphy_freq: 600.000
INFO: [xilinx.com:ip:clk_wiz:5.1-132] clk_wiz_0: mmcm_pll_calc_optimals: GetClosestSolution: errStr: 1
INFO: [xilinx.com:ip:clk_wiz:5.1-137] clk_wiz_0: phyMode: NONE phyFreq: 320.000
INFO: [xilinx.com:ip:clk_wiz:5.1-147] clk_wiz_0: clkphy_en: false , clkphy_freq: 600.000
INFO: [xilinx.com:ip:clk_wiz:5.1-132] clk_wiz_0: mmcm_pll_calc_optimals: GetClosestSolution: errStr: 1
INFO: [xilinx.com:ip:clk_wiz:5.1-137] clk_wiz_0: phyMode: NONE phyFreq: 320.000
INFO: [xilinx.com:ip:clk_wiz:5.1-147] clk_wiz_0: clkphy_en: false , clkphy_freq: 600.000
INFO: [xilinx.com:ip:clk_wiz:5.1-132] clk_wiz_0: mmcm_pll_calc_optimals: GetClosestSolution: errStr: 1
INFO: [xilinx.com:ip:clk_wiz:5.1-137] clk_wiz_0: phyMode: NONE phyFreq: 320.000
INFO: [xilinx.com:ip:clk_wiz:5.1-147] clk_wiz_0: clkphy_en: false , clkphy_freq: 600.000
INFO: [xilinx.com:ip:clk_wiz:5.1-132] clk_wiz_0: mmcm_pll_calc_optimals: GetClosestSolution: errStr: 1
INFO: [xilinx.com:ip:clk_wiz:5.1-137] clk_wiz_0: phyMode: NONE phyFreq: 320.000
INFO: [xilinx.com:ip:clk_wiz:5.1-147] clk_wiz_0: clkphy_en: false , clkphy_freq: 600.000
INFO: [xilinx.com:ip:clk_wiz:5.1-132] clk_wiz_0: mmcm_pll_calc_optimals: GetClosestSolution: errStr: 1
INFO: [xilinx.com:ip:clk_wiz:5.1-137] clk_wiz_0: phyMode: NONE phyFreq: 320.000
INFO: [xilinx.com:ip:clk_wiz:5.1-147] clk_wiz_0: clkphy_en: false , clkphy_freq: 600.000
INFO: [xilinx.com:ip:clk_wiz:5.1-132] clk_wiz_0: mmcm_pll_calc_optimals: GetClosestSolution: errStr: 1
INFO: [xilinx.com:ip:clk_wiz:5.1-137] clk_wiz_0: phyMode: NONE phyFreq: 320.000
INFO: [xilinx.com:ip:clk_wiz:5.1-147] clk_wiz_0: clkphy_en: false , clkphy_freq: 600.000
INFO: [xilinx.com:ip:clk_wiz:5.1-132] clk_wiz_0: mmcm_pll_calc_optimals: GetClosestSolution: errStr: 1
INFO: [xilinx.com:ip:clk_wiz:5.1-137] clk_wiz_0: phyMode: NONE phyFreq: 320.000
INFO: [xilinx.com:ip:clk_wiz:5.1-147] clk_wiz_0: clkphy_en: false , clkphy_freq: 600.000
INFO: [xilinx.com:ip:clk_wiz:5.1-132] clk_wiz_0: mmcm_pll_calc_optimals: GetClosestSolution: errStr: 1
INFO: [xilinx.com:ip:clk_wiz:5.1-137] clk_wiz_0: phyMode: NONE phyFreq: 320.000
INFO: [xilinx.com:ip:clk_wiz:5.1-147] clk_wiz_0: clkphy_en: false , clkphy_freq: 600.000
INFO: [xilinx.com:ip:clk_wiz:5.1-132] clk_wiz_0: mmcm_pll_calc_optimals: GetClosestSolution: errStr: 1
INFO: [xilinx.com:ip:clk_wiz:5.1-137] clk_wiz_0: phyMode: NONE phyFreq: 320.000
INFO: [xilinx.com:ip:clk_wiz:5.1-147] clk_wiz_0: clkphy_en: false , clkphy_freq: 600.000
INFO: [xilinx.com:ip:clk_wiz:5.1-132] clk_wiz_0: mmcm_pll_calc_optimals: GetClosestSolution: errStr: 1
INFO: [xilinx.com:ip:clk_wiz:5.1-137] clk_wiz_0: phyMode: NONE phyFreq: 320.000
INFO: [xilinx.com:ip:clk_wiz:5.1-147] clk_wiz_0: clkphy_en: false , clkphy_freq: 600.000
INFO: [xilinx.com:ip:clk_wiz:5.1-132] clk_wiz_0: mmcm_pll_calc_optimals: GetClosestSolution: errStr: 1
INFO: [xilinx.com:ip:clk_wiz:5.1-137] clk_wiz_0: phyMode: NONE phyFreq: 320.000
INFO: [xilinx.com:ip:clk_wiz:5.1-147] clk_wiz_0: clkphy_en: false , clkphy_freq: 600.000
INFO: [xilinx.com:ip:clk_wiz:5.1-132] clk_wiz_0: mmcm_pll_calc_optimals: GetClosestSolution: errStr: 1
INFO: [xilinx.com:ip:clk_wiz:5.1-137] clk_wiz_0: phyMode: NONE phyFreq: 320.000
INFO: [xilinx.com:ip:clk_wiz:5.1-147] clk_wiz_0: clkphy_en: false , clkphy_freq: 600.000
INFO: [xilinx.com:ip:clk_wiz:5.1-132] clk_wiz_0: mmcm_pll_calc_optimals: GetClosestSolution: errStr: 1
INFO: [xilinx.com:ip:clk_wiz:5.1-137] clk_wiz_0: phyMode: NONE phyFreq: 320.000
INFO: [xilinx.com:ip:clk_wiz:5.1-147] clk_wiz_0: clkphy_en: false , clkphy_freq: 600.000
INFO: [xilinx.com:ip:clk_wiz:5.1-132] clk_wiz_0: mmcm_pll_calc_optimals: GetClosestSolution: errStr: 1
INFO: [xilinx.com:ip:clk_wiz:5.1-137] clk_wiz_0: phyMode: NONE phyFreq: 320.000
INFO: [xilinx.com:ip:clk_wiz:5.1-147] clk_wiz_0: clkphy_en: false , clkphy_freq: 600.000
INFO: [xilinx.com:ip:clk_wiz:5.1-132] clk_wiz_0: mmcm_pll_calc_optimals: GetClosestSolution: errStr: 1
INFO: [xilinx.com:ip:clk_wiz:5.1-137] clk_wiz_0: phyMode: NONE phyFreq: 320.000
INFO: [xilinx.com:ip:clk_wiz:5.1-147] clk_wiz_0: clkphy_en: false , clkphy_freq: 600.000
INFO: [xilinx.com:ip:clk_wiz:5.1-132] clk_wiz_0: mmcm_pll_calc_optimals: GetClosestSolution: errStr: 1
INFO: [xilinx.com:ip:clk_wiz:5.1-137] clk_wiz_0: phyMode: NONE phyFreq: 320.000
INFO: [xilinx.com:ip:clk_wiz:5.1-147] clk_wiz_0: clkphy_en: false , clkphy_freq: 600.000
INFO: [xilinx.com:ip:clk_wiz:5.1-132] clk_wiz_0: mmcm_pll_calc_optimals: GetClosestSolution: errStr: 1
INFO: [xilinx.com:ip:clk_wiz:5.1-137] clk_wiz_0: phyMode: NONE phyFreq: 320.000
INFO: [xilinx.com:ip:clk_wiz:5.1-147] clk_wiz_0: clkphy_en: false , clkphy_freq: 600.000
INFO: [xilinx.com:ip:clk_wiz:5.1-132] clk_wiz_0: mmcm_pll_calc_optimals: GetClosestSolution: errStr: 1
INFO: [xilinx.com:ip:clk_wiz:5.1-137] clk_wiz_0: phyMode: NONE phyFreq: 320.000
INFO: [xilinx.com:ip:clk_wiz:5.1-147] clk_wiz_0: clkphy_en: false , clkphy_freq: 600.000
INFO: [xilinx.com:ip:clk_wiz:5.1-132] clk_wiz_0: mmcm_pll_calc_optimals: GetClosestSolution: errStr: 1
INFO: [xilinx.com:ip:clk_wiz:5.1-137] clk_wiz_0: phyMode: NONE phyFreq: 320.000
INFO: [xilinx.com:ip:clk_wiz:5.1-147] clk_wiz_0: clkphy_en: false , clkphy_freq: 600.000
INFO: [xilinx.com:ip:clk_wiz:5.1-132] clk_wiz_0: mmcm_pll_calc_optimals: GetClosestSolution: errStr: 1
INFO: [xilinx.com:ip:clk_wiz:5.1-137] clk_wiz_0: phyMode: NONE phyFreq: 320.000
INFO: [xilinx.com:ip:clk_wiz:5.1-147] clk_wiz_0: clkphy_en: false , clkphy_freq: 600.000
INFO: [xilinx.com:ip:clk_wiz:5.1-132] clk_wiz_0: mmcm_pll_calc_optimals: GetClosestSolution: errStr: 1
INFO: [xilinx.com:ip:clk_wiz:5.1-137] clk_wiz_0: phyMode: NONE phyFreq: 320.000
INFO: [xilinx.com:ip:clk_wiz:5.1-147] clk_wiz_0: clkphy_en: false , clkphy_freq: 600.000
INFO: [xilinx.com:ip:clk_wiz:5.1-132] clk_wiz_0: mmcm_pll_calc_optimals: GetClosestSolution: errStr: 1
INFO: [xilinx.com:ip:clk_wiz:5.1-137] clk_wiz_0: phyMode: NONE phyFreq: 320.000
can't read "p_MMCM_CLKOUT0_DIVIDE": no such variable
expected floating-point number but got ""
expected floating-point number but got ""
reset_run impl_1
launch_runs impl_1 -jobs 4
[Mon Nov 27 16:36:18 2017] Launched impl_1...
Run output will be captured here: C:/nimPlus_nov16_2017_t0923/nimPlus_/top/top.runs/impl_1/runme.log
INFO: [xilinx.com:ip:clk_wiz:5.1-147] clk_wiz_0: clkphy_en: false , clkphy_freq: 600.000
INFO: [xilinx.com:ip:clk_wiz:5.1-132] clk_wiz_0: mmcm_pll_calc_optimals: GetClosestSolution: errStr: 1
INFO: [xilinx.com:ip:clk_wiz:5.1-137] clk_wiz_0: phyMode: NONE phyFreq: 320.000
INFO: [xilinx.com:ip:clk_wiz:5.1-147] clk_wiz_0: clkphy_en: false , clkphy_freq: 600.000
INFO: [xilinx.com:ip:clk_wiz:5.1-132] clk_wiz_0: mmcm_pll_calc_optimals: GetClosestSolution: errStr: 1
INFO: [xilinx.com:ip:clk_wiz:5.1-137] clk_wiz_0: phyMode: NONE phyFreq: 320.000
INFO: [xilinx.com:ip:clk_wiz:5.1-147] clk_wiz_0: clkphy_en: false , clkphy_freq: 600.000
INFO: [xilinx.com:ip:clk_wiz:5.1-132] clk_wiz_0: mmcm_pll_calc_optimals: GetClosestSolution: errStr: 1
INFO: [xilinx.com:ip:clk_wiz:5.1-137] clk_wiz_0: phyMode: NONE phyFreq: 320.000
INFO: [xilinx.com:ip:clk_wiz:5.1-147] clk_wiz_0: clkphy_en: false , clkphy_freq: 600.000
INFO: [xilinx.com:ip:clk_wiz:5.1-132] clk_wiz_0: mmcm_pll_calc_optimals: GetClosestSolution: errStr: 1
INFO: [xilinx.com:ip:clk_wiz:5.1-137] clk_wiz_0: phyMode: NONE phyFreq: 320.000
INFO: [xilinx.com:ip:clk_wiz:5.1-147] clk_wiz_0: clkphy_en: false , clkphy_freq: 600.000
INFO: [xilinx.com:ip:clk_wiz:5.1-132] clk_wiz_0: mmcm_pll_calc_optimals: GetClosestSolution: errStr: 1
INFO: [xilinx.com:ip:clk_wiz:5.1-137] clk_wiz_0: phyMode: NONE phyFreq: 320.000
INFO: [xilinx.com:ip:clk_wiz:5.1-147] clk_wiz_0: clkphy_en: false , clkphy_freq: 600.000
INFO: [xilinx.com:ip:clk_wiz:5.1-132] clk_wiz_0: mmcm_pll_calc_optimals: GetClosestSolution: errStr: 1
INFO: [xilinx.com:ip:clk_wiz:5.1-137] clk_wiz_0: phyMode: NONE phyFreq: 320.000
INFO: [xilinx.com:ip:clk_wiz:5.1-147] clk_wiz_0: clkphy_en: false , clkphy_freq: 600.000
INFO: [xilinx.com:ip:clk_wiz:5.1-132] clk_wiz_0: mmcm_pll_calc_optimals: GetClosestSolution: errStr: 1
INFO: [xilinx.com:ip:clk_wiz:5.1-137] clk_wiz_0: phyMode: NONE phyFreq: 320.000
INFO: [xilinx.com:ip:clk_wiz:5.1-147] clk_wiz_0: clkphy_en: false , clkphy_freq: 600.000
INFO: [xilinx.com:ip:clk_wiz:5.1-132] clk_wiz_0: mmcm_pll_calc_optimals: GetClosestSolution: errStr: 1
INFO: [xilinx.com:ip:clk_wiz:5.1-137] clk_wiz_0: phyMode: NONE phyFreq: 320.000
INFO: [xilinx.com:ip:clk_wiz:5.1-147] clk_wiz_0: clkphy_en: false , clkphy_freq: 600.000
INFO: [xilinx.com:ip:clk_wiz:5.1-132] clk_wiz_0: mmcm_pll_calc_optimals: GetClosestSolution: errStr: 1
INFO: [xilinx.com:ip:clk_wiz:5.1-137] clk_wiz_0: phyMode: NONE phyFreq: 320.000
INFO: [xilinx.com:ip:clk_wiz:5.1-147] clk_wiz_0: clkphy_en: false , clkphy_freq: 600.000
INFO: [xilinx.com:ip:clk_wiz:5.1-132] clk_wiz_0: mmcm_pll_calc_optimals: GetClosestSolution: errStr: 1
INFO: [xilinx.com:ip:clk_wiz:5.1-137] clk_wiz_0: phyMode: NONE phyFreq: 320.000
INFO: [xilinx.com:ip:clk_wiz:5.1-147] clk_wiz_0: clkphy_en: false , clkphy_freq: 600.000
INFO: [xilinx.com:ip:clk_wiz:5.1-132] clk_wiz_0: mmcm_pll_calc_optimals: GetClosestSolution: errStr: 1
INFO: [xilinx.com:ip:clk_wiz:5.1-137] clk_wiz_0: phyMode: NONE phyFreq: 320.000
INFO: [xilinx.com:ip:clk_wiz:5.1-147] clk_wiz_0: clkphy_en: false , clkphy_freq: 600.000
INFO: [xilinx.com:ip:clk_wiz:5.1-132] clk_wiz_0: mmcm_pll_calc_optimals: GetClosestSolution: errStr: 1
INFO: [xilinx.com:ip:clk_wiz:5.1-137] clk_wiz_0: phyMode: NONE phyFreq: 320.000
INFO: [xilinx.com:ip:clk_wiz:5.1-147] clk_wiz_0: clkphy_en: false , clkphy_freq: 600.000
INFO: [xilinx.com:ip:clk_wiz:5.1-132] clk_wiz_0: mmcm_pll_calc_optimals: GetClosestSolution: errStr: 1
INFO: [xilinx.com:ip:clk_wiz:5.1-137] clk_wiz_0: phyMode: NONE phyFreq: 320.000
INFO: [xilinx.com:ip:clk_wiz:5.1-147] clk_wiz_0: clkphy_en: false , clkphy_freq: 600.000
INFO: [xilinx.com:ip:clk_wiz:5.1-132] clk_wiz_0: mmcm_pll_calc_optimals: GetClosestSolution: errStr: 1
INFO: [xilinx.com:ip:clk_wiz:5.1-137] clk_wiz_0: phyMode: NONE phyFreq: 320.000
INFO: [xilinx.com:ip:clk_wiz:5.1-147] clk_wiz_0: clkphy_en: false , clkphy_freq: 600.000
INFO: [xilinx.com:ip:clk_wiz:5.1-132] clk_wiz_0: mmcm_pll_calc_optimals: GetClosestSolution: errStr: 1
INFO: [xilinx.com:ip:clk_wiz:5.1-137] clk_wiz_0: phyMode: NONE phyFreq: 320.000
INFO: [xilinx.com:ip:clk_wiz:5.1-147] clk_wiz_0: clkphy_en: false , clkphy_freq: 600.000
INFO: [xilinx.com:ip:clk_wiz:5.1-132] clk_wiz_0: mmcm_pll_calc_optimals: GetClosestSolution: errStr: 1
INFO: [xilinx.com:ip:clk_wiz:5.1-137] clk_wiz_0: phyMode: NONE phyFreq: 320.000
INFO: [xilinx.com:ip:clk_wiz:5.1-147] clk_wiz_0: clkphy_en: false , clkphy_freq: 600.000
INFO: [xilinx.com:ip:clk_wiz:5.1-132] clk_wiz_0: mmcm_pll_calc_optimals: GetClosestSolution: errStr: 1
INFO: [xilinx.com:ip:clk_wiz:5.1-137] clk_wiz_0: phyMode: NONE phyFreq: 320.000
INFO: [xilinx.com:ip:clk_wiz:5.1-147] clk_wiz_0: clkphy_en: false , clkphy_freq: 600.000
INFO: [xilinx.com:ip:clk_wiz:5.1-132] clk_wiz_0: mmcm_pll_calc_optimals: GetClosestSolution: errStr: 1
INFO: [xilinx.com:ip:clk_wiz:5.1-137] clk_wiz_0: phyMode: NONE phyFreq: 320.000
INFO: [xilinx.com:ip:clk_wiz:5.1-147] clk_wiz_0: clkphy_en: false , clkphy_freq: 600.000
INFO: [xilinx.com:ip:clk_wiz:5.1-132] clk_wiz_0: mmcm_pll_calc_optimals: GetClosestSolution: errStr: 1
INFO: [xilinx.com:ip:clk_wiz:5.1-137] clk_wiz_0: phyMode: NONE phyFreq: 320.000
INFO: [xilinx.com:ip:clk_wiz:5.1-147] clk_wiz_0: clkphy_en: false , clkphy_freq: 600.000
INFO: [xilinx.com:ip:clk_wiz:5.1-132] clk_wiz_0: mmcm_pll_calc_optimals: GetClosestSolution: errStr: 1
INFO: [xilinx.com:ip:clk_wiz:5.1-137] clk_wiz_0: phyMode: NONE phyFreq: 320.000
INFO: [xilinx.com:ip:clk_wiz:5.1-147] clk_wiz_0: clkphy_en: false , clkphy_freq: 600.000
INFO: [xilinx.com:ip:clk_wiz:5.1-132] clk_wiz_0: mmcm_pll_calc_optimals: GetClosestSolution: errStr: 1
INFO: [xilinx.com:ip:clk_wiz:5.1-137] clk_wiz_0: phyMode: NONE phyFreq: 320.000
INFO: [xilinx.com:ip:clk_wiz:5.1-147] clk_wiz_0: clkphy_en: false , clkphy_freq: 600.000
INFO: [xilinx.com:ip:clk_wiz:5.1-132] clk_wiz_0: mmcm_pll_calc_optimals: GetClosestSolution: errStr: 1
INFO: [xilinx.com:ip:clk_wiz:5.1-137] clk_wiz_0: phyMode: NONE phyFreq: 320.000
INFO: [xilinx.com:ip:clk_wiz:5.1-147] clk_wiz_0: clkphy_en: false , clkphy_freq: 600.000
INFO: [xilinx.com:ip:clk_wiz:5.1-132] clk_wiz_0: mmcm_pll_calc_optimals: GetClosestSolution: errStr: 1
INFO: [xilinx.com:ip:clk_wiz:5.1-137] clk_wiz_0: phyMode: NONE phyFreq: 320.000
INFO: [xilinx.com:ip:clk_wiz:5.1-147] clk_wiz_0: clkphy_en: false , clkphy_freq: 600.000
INFO: [xilinx.com:ip:clk_wiz:5.1-132] clk_wiz_0: mmcm_pll_calc_optimals: GetClosestSolution: errStr: 1
INFO: [xilinx.com:ip:clk_wiz:5.1-137] clk_wiz_0: phyMode: NONE phyFreq: 320.000
INFO: [xilinx.com:ip:clk_wiz:5.1-147] clk_wiz_0: clkphy_en: false , clkphy_freq: 600.000
INFO: [xilinx.com:ip:clk_wiz:5.1-132] clk_wiz_0: mmcm_pll_calc_optimals: GetClosestSolution: errStr: 1
INFO: [xilinx.com:ip:clk_wiz:5.1-137] clk_wiz_0: phyMode: NONE phyFreq: 320.000
INFO: [xilinx.com:ip:clk_wiz:5.1-147] clk_wiz_0: clkphy_en: false , clkphy_freq: 600.000
INFO: [xilinx.com:ip:clk_wiz:5.1-132] clk_wiz_0: mmcm_pll_calc_optimals: GetClosestSolution: errStr: 1
INFO: [xilinx.com:ip:clk_wiz:5.1-137] clk_wiz_0: phyMode: NONE phyFreq: 320.000
INFO: [xilinx.com:ip:clk_wiz:5.1-147] clk_wiz_0: clkphy_en: false , clkphy_freq: 600.000
INFO: [xilinx.com:ip:clk_wiz:5.1-132] clk_wiz_0: mmcm_pll_calc_optimals: GetClosestSolution: errStr: 1
INFO: [xilinx.com:ip:clk_wiz:5.1-137] clk_wiz_0: phyMode: NONE phyFreq: 320.000
INFO: [xilinx.com:ip:clk_wiz:5.1-147] clk_wiz_0: clkphy_en: false , clkphy_freq: 600.000
INFO: [xilinx.com:ip:clk_wiz:5.1-132] clk_wiz_0: mmcm_pll_calc_optimals: GetClosestSolution: errStr: 1
INFO: [xilinx.com:ip:clk_wiz:5.1-137] clk_wiz_0: phyMode: NONE phyFreq: 320.000
INFO: [xilinx.com:ip:clk_wiz:5.1-147] clk_wiz_0: clkphy_en: false , clkphy_freq: 600.000
INFO: [xilinx.com:ip:clk_wiz:5.1-132] clk_wiz_0: mmcm_pll_calc_optimals: GetClosestSolution: errStr: 1
INFO: [xilinx.com:ip:clk_wiz:5.1-137] clk_wiz_0: phyMode: NONE phyFreq: 320.000
INFO: [xilinx.com:ip:clk_wiz:5.1-147] clk_wiz_0: clkphy_en: false , clkphy_freq: 600.000
INFO: [xilinx.com:ip:clk_wiz:5.1-132] clk_wiz_0: mmcm_pll_calc_optimals: GetClosestSolution: errStr: 1
INFO: [xilinx.com:ip:clk_wiz:5.1-137] clk_wiz_0: phyMode: NONE phyFreq: 320.000
INFO: [xilinx.com:ip:clk_wiz:5.1-147] clk_wiz_0: clkphy_en: false , clkphy_freq: 600.000
INFO: [xilinx.com:ip:clk_wiz:5.1-132] clk_wiz_0: mmcm_pll_calc_optimals: GetClosestSolution: errStr: 1
INFO: [xilinx.com:ip:clk_wiz:5.1-137] clk_wiz_0: phyMode: NONE phyFreq: 320.000
INFO: [xilinx.com:ip:clk_wiz:5.1-147] clk_wiz_0: clkphy_en: false , clkphy_freq: 600.000
INFO: [xilinx.com:ip:clk_wiz:5.1-132] clk_wiz_0: mmcm_pll_calc_optimals: GetClosestSolution: errStr: 1
INFO: [xilinx.com:ip:clk_wiz:5.1-137] clk_wiz_0: phyMode: NONE phyFreq: 320.000
INFO: [xilinx.com:ip:clk_wiz:5.1-147] clk_wiz_0: clkphy_en: false , clkphy_freq: 600.000
INFO: [xilinx.com:ip:clk_wiz:5.1-132] clk_wiz_0: mmcm_pll_calc_optimals: GetClosestSolution: errStr: 1
INFO: [xilinx.com:ip:clk_wiz:5.1-137] clk_wiz_0: phyMode: NONE phyFreq: 320.000
INFO: [xilinx.com:ip:clk_wiz:5.1-147] clk_wiz_0: clkphy_en: false , clkphy_freq: 600.000
INFO: [xilinx.com:ip:clk_wiz:5.1-132] clk_wiz_0: mmcm_pll_calc_optimals: GetClosestSolution: errStr: 1
INFO: [xilinx.com:ip:clk_wiz:5.1-137] clk_wiz_0: phyMode: NONE phyFreq: 320.000
INFO: [xilinx.com:ip:clk_wiz:5.1-147] clk_wiz_0: clkphy_en: false , clkphy_freq: 600.000
INFO: [xilinx.com:ip:clk_wiz:5.1-132] clk_wiz_0: mmcm_pll_calc_optimals: GetClosestSolution: errStr: 1
INFO: [xilinx.com:ip:clk_wiz:5.1-137] clk_wiz_0: phyMode: NONE phyFreq: 320.000
INFO: [xilinx.com:ip:clk_wiz:5.1-147] clk_wiz_0: clkphy_en: false , clkphy_freq: 600.000
INFO: [xilinx.com:ip:clk_wiz:5.1-132] clk_wiz_0: mmcm_pll_calc_optimals: GetClosestSolution: errStr: 1
INFO: [xilinx.com:ip:clk_wiz:5.1-137] clk_wiz_0: phyMode: NONE phyFreq: 320.000
INFO: [xilinx.com:ip:clk_wiz:5.1-147] clk_wiz_0: clkphy_en: false , clkphy_freq: 600.000
INFO: [xilinx.com:ip:clk_wiz:5.1-132] clk_wiz_0: mmcm_pll_calc_optimals: GetClosestSolution: errStr: 1
INFO: [xilinx.com:ip:clk_wiz:5.1-137] clk_wiz_0: phyMode: NONE phyFreq: 320.000
INFO: [xilinx.com:ip:clk_wiz:5.1-147] clk_wiz_0: clkphy_en: false , clkphy_freq: 600.000
INFO: [xilinx.com:ip:clk_wiz:5.1-132] clk_wiz_0: mmcm_pll_calc_optimals: GetClosestSolution: errStr: 1
INFO: [xilinx.com:ip:clk_wiz:5.1-137] clk_wiz_0: phyMode: NONE phyFreq: 320.000
INFO: [xilinx.com:ip:clk_wiz:5.1-147] clk_wiz_0: clkphy_en: false , clkphy_freq: 600.000
INFO: [xilinx.com:ip:clk_wiz:5.1-132] clk_wiz_0: mmcm_pll_calc_optimals: GetClosestSolution: errStr: 1
INFO: [xilinx.com:ip:clk_wiz:5.1-137] clk_wiz_0: phyMode: NONE phyFreq: 320.000
INFO: [xilinx.com:ip:clk_wiz:5.1-147] clk_wiz_0: clkphy_en: false , clkphy_freq: 600.000
INFO: [xilinx.com:ip:clk_wiz:5.1-132] clk_wiz_0: mmcm_pll_calc_optimals: GetClosestSolution: errStr: 1
INFO: [xilinx.com:ip:clk_wiz:5.1-137] clk_wiz_0: phyMode: NONE phyFreq: 320.000
INFO: [xilinx.com:ip:clk_wiz:5.1-147] clk_wiz_0: clkphy_en: false , clkphy_freq: 600.000
INFO: [xilinx.com:ip:clk_wiz:5.1-132] clk_wiz_0: mmcm_pll_calc_optimals: GetClosestSolution: errStr: 1
INFO: [xilinx.com:ip:clk_wiz:5.1-137] clk_wiz_0: phyMode: NONE phyFreq: 320.000
can't read "p_MMCM_CLKOUT0_DIVIDE": no such variable
expected floating-point number but got ""
expected floating-point number but got ""
can't read "p_MMCM_CLKOUT0_DIVIDE": no such variable
expected floating-point number but got ""
expected floating-point number but got ""
can't read "p_MMCM_CLKOUT0_DIVIDE": no such variable
expected floating-point number but got ""
expected floating-point number but got ""
set_property -dict [list CONFIG.PRIM_SOURCE {Global_buffer} CONFIG.CLKOUT2_DRIVES {BUFG}] [get_ips clk_wiz_0]
generate_target all [get_files  C:/nimPlus_nov16_2017_t0923/nimPlus_/top/top.srcs/sources_1/ip/clk_wiz_0/clk_wiz_0.xci]
INFO: [IP_Flow 19-1686] Generating 'Instantiation Template' target for IP 'clk_wiz_0'...
INFO: [IP_Flow 19-1686] Generating 'Synthesis' target for IP 'clk_wiz_0'...
INFO: [IP_Flow 19-1686] Generating 'Simulation' target for IP 'clk_wiz_0'...
INFO: [IP_Flow 19-1686] Generating 'Implementation' target for IP 'clk_wiz_0'...
INFO: [IP_Flow 19-1686] Generating 'Change Log' target for IP 'clk_wiz_0'...
reset_run clk_wiz_0_synth_1
launch_run -jobs 4 clk_wiz_0_synth_1
[Mon Nov 27 16:42:31 2017] Launched clk_wiz_0_synth_1...
Run output will be captured here: C:/nimPlus_nov16_2017_t0923/nimPlus_/top/top.runs/clk_wiz_0_synth_1/runme.log
INFO: [xilinx.com:ip:clk_wiz:5.1-147] clk_wiz_1: clkphy_en: false , clkphy_freq: 600.000
INFO: [xilinx.com:ip:clk_wiz:5.1-132] clk_wiz_1: mmcm_pll_calc_optimals: GetClosestSolution: errStr: 1
INFO: [xilinx.com:ip:clk_wiz:5.1-137] clk_wiz_1: phyMode: NONE phyFreq: 318.000
INFO: [xilinx.com:ip:clk_wiz:5.1-147] clk_wiz_1: clkphy_en: false , clkphy_freq: 600.000
INFO: [xilinx.com:ip:clk_wiz:5.1-132] clk_wiz_1: mmcm_pll_calc_optimals: GetClosestSolution: errStr: 1
INFO: [xilinx.com:ip:clk_wiz:5.1-137] clk_wiz_1: phyMode: NONE phyFreq: 318.000
INFO: [xilinx.com:ip:clk_wiz:5.1-147] clk_wiz_1: clkphy_en: false , clkphy_freq: 600.000
INFO: [xilinx.com:ip:clk_wiz:5.1-132] clk_wiz_1: mmcm_pll_calc_optimals: GetClosestSolution: errStr: 1
INFO: [xilinx.com:ip:clk_wiz:5.1-137] clk_wiz_1: phyMode: NONE phyFreq: 318.000
INFO: [xilinx.com:ip:clk_wiz:5.1-147] clk_wiz_1: clkphy_en: false , clkphy_freq: 600.000
INFO: [xilinx.com:ip:clk_wiz:5.1-132] clk_wiz_1: mmcm_pll_calc_optimals: GetClosestSolution: errStr: 1
INFO: [xilinx.com:ip:clk_wiz:5.1-137] clk_wiz_1: phyMode: NONE phyFreq: 318.000
INFO: [xilinx.com:ip:clk_wiz:5.1-147] clk_wiz_1: clkphy_en: false , clkphy_freq: 600.000
INFO: [xilinx.com:ip:clk_wiz:5.1-132] clk_wiz_1: mmcm_pll_calc_optimals: GetClosestSolution: errStr: 1
INFO: [xilinx.com:ip:clk_wiz:5.1-137] clk_wiz_1: phyMode: NONE phyFreq: 318.000
INFO: [xilinx.com:ip:clk_wiz:5.1-147] clk_wiz_1: clkphy_en: false , clkphy_freq: 600.000
INFO: [xilinx.com:ip:clk_wiz:5.1-132] clk_wiz_1: mmcm_pll_calc_optimals: GetClosestSolution: errStr: 1
INFO: [xilinx.com:ip:clk_wiz:5.1-137] clk_wiz_1: phyMode: NONE phyFreq: 318.000
INFO: [xilinx.com:ip:clk_wiz:5.1-147] clk_wiz_1: clkphy_en: false , clkphy_freq: 600.000
INFO: [xilinx.com:ip:clk_wiz:5.1-132] clk_wiz_1: mmcm_pll_calc_optimals: GetClosestSolution: errStr: 1
INFO: [xilinx.com:ip:clk_wiz:5.1-137] clk_wiz_1: phyMode: NONE phyFreq: 318.000
INFO: [xilinx.com:ip:clk_wiz:5.1-147] clk_wiz_1: clkphy_en: false , clkphy_freq: 600.000
INFO: [xilinx.com:ip:clk_wiz:5.1-132] clk_wiz_1: mmcm_pll_calc_optimals: GetClosestSolution: errStr: 1
INFO: [xilinx.com:ip:clk_wiz:5.1-137] clk_wiz_1: phyMode: NONE phyFreq: 318.000
INFO: [xilinx.com:ip:clk_wiz:5.1-147] clk_wiz_1: clkphy_en: false , clkphy_freq: 600.000
INFO: [xilinx.com:ip:clk_wiz:5.1-132] clk_wiz_1: mmcm_pll_calc_optimals: GetClosestSolution: errStr: 1
INFO: [xilinx.com:ip:clk_wiz:5.1-137] clk_wiz_1: phyMode: NONE phyFreq: 318.000
INFO: [xilinx.com:ip:clk_wiz:5.1-147] clk_wiz_1: clkphy_en: false , clkphy_freq: 600.000
INFO: [xilinx.com:ip:clk_wiz:5.1-132] clk_wiz_1: mmcm_pll_calc_optimals: GetClosestSolution: errStr: 1
INFO: [xilinx.com:ip:clk_wiz:5.1-137] clk_wiz_1: phyMode: NONE phyFreq: 318.000
INFO: [xilinx.com:ip:clk_wiz:5.1-147] clk_wiz_1: clkphy_en: false , clkphy_freq: 600.000
INFO: [xilinx.com:ip:clk_wiz:5.1-132] clk_wiz_1: mmcm_pll_calc_optimals: GetClosestSolution: errStr: 1
INFO: [xilinx.com:ip:clk_wiz:5.1-137] clk_wiz_1: phyMode: NONE phyFreq: 318.000
INFO: [xilinx.com:ip:clk_wiz:5.1-147] clk_wiz_1: clkphy_en: false , clkphy_freq: 600.000
INFO: [xilinx.com:ip:clk_wiz:5.1-132] clk_wiz_1: mmcm_pll_calc_optimals: GetClosestSolution: errStr: 1
INFO: [xilinx.com:ip:clk_wiz:5.1-137] clk_wiz_1: phyMode: NONE phyFreq: 318.000
INFO: [xilinx.com:ip:clk_wiz:5.1-147] clk_wiz_1: clkphy_en: false , clkphy_freq: 600.000
INFO: [xilinx.com:ip:clk_wiz:5.1-132] clk_wiz_1: mmcm_pll_calc_optimals: GetClosestSolution: errStr: 1
INFO: [xilinx.com:ip:clk_wiz:5.1-137] clk_wiz_1: phyMode: NONE phyFreq: 318.000
INFO: [xilinx.com:ip:clk_wiz:5.1-147] clk_wiz_1: clkphy_en: false , clkphy_freq: 600.000
INFO: [xilinx.com:ip:clk_wiz:5.1-132] clk_wiz_1: mmcm_pll_calc_optimals: GetClosestSolution: errStr: 1
INFO: [xilinx.com:ip:clk_wiz:5.1-137] clk_wiz_1: phyMode: NONE phyFreq: 318.000
INFO: [xilinx.com:ip:clk_wiz:5.1-147] clk_wiz_1: clkphy_en: false , clkphy_freq: 600.000
INFO: [xilinx.com:ip:clk_wiz:5.1-132] clk_wiz_1: mmcm_pll_calc_optimals: GetClosestSolution: errStr: 1
INFO: [xilinx.com:ip:clk_wiz:5.1-137] clk_wiz_1: phyMode: NONE phyFreq: 318.000
INFO: [xilinx.com:ip:clk_wiz:5.1-147] clk_wiz_1: clkphy_en: false , clkphy_freq: 600.000
INFO: [xilinx.com:ip:clk_wiz:5.1-132] clk_wiz_1: mmcm_pll_calc_optimals: GetClosestSolution: errStr: 1
INFO: [xilinx.com:ip:clk_wiz:5.1-137] clk_wiz_1: phyMode: NONE phyFreq: 318.000
INFO: [xilinx.com:ip:clk_wiz:5.1-147] clk_wiz_1: clkphy_en: false , clkphy_freq: 600.000
INFO: [xilinx.com:ip:clk_wiz:5.1-132] clk_wiz_1: mmcm_pll_calc_optimals: GetClosestSolution: errStr: 1
INFO: [xilinx.com:ip:clk_wiz:5.1-137] clk_wiz_1: phyMode: NONE phyFreq: 318.000
INFO: [xilinx.com:ip:clk_wiz:5.1-147] clk_wiz_1: clkphy_en: false , clkphy_freq: 600.000
INFO: [xilinx.com:ip:clk_wiz:5.1-132] clk_wiz_1: mmcm_pll_calc_optimals: GetClosestSolution: errStr: 1
INFO: [xilinx.com:ip:clk_wiz:5.1-137] clk_wiz_1: phyMode: NONE phyFreq: 318.000
INFO: [xilinx.com:ip:clk_wiz:5.1-147] clk_wiz_1: clkphy_en: false , clkphy_freq: 600.000
INFO: [xilinx.com:ip:clk_wiz:5.1-132] clk_wiz_1: mmcm_pll_calc_optimals: GetClosestSolution: errStr: 1
INFO: [xilinx.com:ip:clk_wiz:5.1-137] clk_wiz_1: phyMode: NONE phyFreq: 318.000
INFO: [xilinx.com:ip:clk_wiz:5.1-147] clk_wiz_1: clkphy_en: false , clkphy_freq: 600.000
INFO: [xilinx.com:ip:clk_wiz:5.1-132] clk_wiz_1: mmcm_pll_calc_optimals: GetClosestSolution: errStr: 1
INFO: [xilinx.com:ip:clk_wiz:5.1-137] clk_wiz_1: phyMode: NONE phyFreq: 318.000
INFO: [xilinx.com:ip:clk_wiz:5.1-147] clk_wiz_1: clkphy_en: false , clkphy_freq: 600.000
INFO: [xilinx.com:ip:clk_wiz:5.1-132] clk_wiz_1: mmcm_pll_calc_optimals: GetClosestSolution: errStr: 1
INFO: [xilinx.com:ip:clk_wiz:5.1-137] clk_wiz_1: phyMode: NONE phyFreq: 318.000
INFO: [xilinx.com:ip:clk_wiz:5.1-147] clk_wiz_1: clkphy_en: false , clkphy_freq: 600.000
INFO: [xilinx.com:ip:clk_wiz:5.1-132] clk_wiz_1: mmcm_pll_calc_optimals: GetClosestSolution: errStr: 1
INFO: [xilinx.com:ip:clk_wiz:5.1-137] clk_wiz_1: phyMode: NONE phyFreq: 318.000
INFO: [xilinx.com:ip:clk_wiz:5.1-147] clk_wiz_1: clkphy_en: false , clkphy_freq: 600.000
INFO: [xilinx.com:ip:clk_wiz:5.1-132] clk_wiz_1: mmcm_pll_calc_optimals: GetClosestSolution: errStr: 1
INFO: [xilinx.com:ip:clk_wiz:5.1-137] clk_wiz_1: phyMode: NONE phyFreq: 318.000
INFO: [xilinx.com:ip:clk_wiz:5.1-147] clk_wiz_1: clkphy_en: false , clkphy_freq: 600.000
INFO: [xilinx.com:ip:clk_wiz:5.1-132] clk_wiz_1: mmcm_pll_calc_optimals: GetClosestSolution: errStr: 1
INFO: [xilinx.com:ip:clk_wiz:5.1-137] clk_wiz_1: phyMode: NONE phyFreq: 318.000
INFO: [xilinx.com:ip:clk_wiz:5.1-147] clk_wiz_1: clkphy_en: false , clkphy_freq: 600.000
INFO: [xilinx.com:ip:clk_wiz:5.1-132] clk_wiz_1: mmcm_pll_calc_optimals: GetClosestSolution: errStr: 1
INFO: [xilinx.com:ip:clk_wiz:5.1-137] clk_wiz_1: phyMode: NONE phyFreq: 318.000
INFO: [xilinx.com:ip:clk_wiz:5.1-147] clk_wiz_1: clkphy_en: false , clkphy_freq: 600.000
INFO: [xilinx.com:ip:clk_wiz:5.1-132] clk_wiz_1: mmcm_pll_calc_optimals: GetClosestSolution: errStr: 1
INFO: [xilinx.com:ip:clk_wiz:5.1-137] clk_wiz_1: phyMode: NONE phyFreq: 318.000
INFO: [xilinx.com:ip:clk_wiz:5.1-147] clk_wiz_1: clkphy_en: false , clkphy_freq: 600.000
INFO: [xilinx.com:ip:clk_wiz:5.1-132] clk_wiz_1: mmcm_pll_calc_optimals: GetClosestSolution: errStr: 1
INFO: [xilinx.com:ip:clk_wiz:5.1-137] clk_wiz_1: phyMode: NONE phyFreq: 318.000
INFO: [xilinx.com:ip:clk_wiz:5.1-147] clk_wiz_1: clkphy_en: false , clkphy_freq: 600.000
INFO: [xilinx.com:ip:clk_wiz:5.1-132] clk_wiz_1: mmcm_pll_calc_optimals: GetClosestSolution: errStr: 1
INFO: [xilinx.com:ip:clk_wiz:5.1-137] clk_wiz_1: phyMode: NONE phyFreq: 318.000
INFO: [xilinx.com:ip:clk_wiz:5.1-147] clk_wiz_1: clkphy_en: false , clkphy_freq: 600.000
INFO: [xilinx.com:ip:clk_wiz:5.1-132] clk_wiz_1: mmcm_pll_calc_optimals: GetClosestSolution: errStr: 1
INFO: [xilinx.com:ip:clk_wiz:5.1-137] clk_wiz_1: phyMode: NONE phyFreq: 318.000
INFO: [xilinx.com:ip:clk_wiz:5.1-147] clk_wiz_1: clkphy_en: false , clkphy_freq: 600.000
INFO: [xilinx.com:ip:clk_wiz:5.1-132] clk_wiz_1: mmcm_pll_calc_optimals: GetClosestSolution: errStr: 1
INFO: [xilinx.com:ip:clk_wiz:5.1-137] clk_wiz_1: phyMode: NONE phyFreq: 318.000
INFO: [xilinx.com:ip:clk_wiz:5.1-147] clk_wiz_1: clkphy_en: false , clkphy_freq: 600.000
INFO: [xilinx.com:ip:clk_wiz:5.1-132] clk_wiz_1: mmcm_pll_calc_optimals: GetClosestSolution: errStr: 1
INFO: [xilinx.com:ip:clk_wiz:5.1-137] clk_wiz_1: phyMode: NONE phyFreq: 318.000
INFO: [xilinx.com:ip:clk_wiz:5.1-147] clk_wiz_1: clkphy_en: false , clkphy_freq: 600.000
INFO: [xilinx.com:ip:clk_wiz:5.1-132] clk_wiz_1: mmcm_pll_calc_optimals: GetClosestSolution: errStr: 1
INFO: [xilinx.com:ip:clk_wiz:5.1-137] clk_wiz_1: phyMode: NONE phyFreq: 318.000
INFO: [xilinx.com:ip:clk_wiz:5.1-147] clk_wiz_1: clkphy_en: false , clkphy_freq: 600.000
INFO: [xilinx.com:ip:clk_wiz:5.1-132] clk_wiz_1: mmcm_pll_calc_optimals: GetClosestSolution: errStr: 1
INFO: [xilinx.com:ip:clk_wiz:5.1-137] clk_wiz_1: phyMode: NONE phyFreq: 318.000
INFO: [xilinx.com:ip:clk_wiz:5.1-147] clk_wiz_1: clkphy_en: false , clkphy_freq: 600.000
INFO: [xilinx.com:ip:clk_wiz:5.1-132] clk_wiz_1: mmcm_pll_calc_optimals: GetClosestSolution: errStr: 1
INFO: [xilinx.com:ip:clk_wiz:5.1-137] clk_wiz_1: phyMode: NONE phyFreq: 318.000
INFO: [xilinx.com:ip:clk_wiz:5.1-147] clk_wiz_1: clkphy_en: false , clkphy_freq: 600.000
INFO: [xilinx.com:ip:clk_wiz:5.1-132] clk_wiz_1: mmcm_pll_calc_optimals: GetClosestSolution: errStr: 1
INFO: [xilinx.com:ip:clk_wiz:5.1-137] clk_wiz_1: phyMode: NONE phyFreq: 318.000
INFO: [xilinx.com:ip:clk_wiz:5.1-147] clk_wiz_1: clkphy_en: false , clkphy_freq: 600.000
INFO: [xilinx.com:ip:clk_wiz:5.1-132] clk_wiz_1: mmcm_pll_calc_optimals: GetClosestSolution: errStr: 1
INFO: [xilinx.com:ip:clk_wiz:5.1-137] clk_wiz_1: phyMode: NONE phyFreq: 318.000
INFO: [xilinx.com:ip:clk_wiz:5.1-147] clk_wiz_1: clkphy_en: false , clkphy_freq: 600.000
INFO: [xilinx.com:ip:clk_wiz:5.1-132] clk_wiz_1: mmcm_pll_calc_optimals: GetClosestSolution: errStr: 1
INFO: [xilinx.com:ip:clk_wiz:5.1-137] clk_wiz_1: phyMode: NONE phyFreq: 318.000
INFO: [xilinx.com:ip:clk_wiz:5.1-147] clk_wiz_1: clkphy_en: false , clkphy_freq: 600.000
INFO: [xilinx.com:ip:clk_wiz:5.1-132] clk_wiz_1: mmcm_pll_calc_optimals: GetClosestSolution: errStr: 1
INFO: [xilinx.com:ip:clk_wiz:5.1-137] clk_wiz_1: phyMode: NONE phyFreq: 318.000
INFO: [xilinx.com:ip:clk_wiz:5.1-147] clk_wiz_1: clkphy_en: false , clkphy_freq: 600.000
INFO: [xilinx.com:ip:clk_wiz:5.1-132] clk_wiz_1: mmcm_pll_calc_optimals: GetClosestSolution: errStr: 1
INFO: [xilinx.com:ip:clk_wiz:5.1-137] clk_wiz_1: phyMode: NONE phyFreq: 318.000
INFO: [xilinx.com:ip:clk_wiz:5.1-147] clk_wiz_1: clkphy_en: false , clkphy_freq: 600.000
INFO: [xilinx.com:ip:clk_wiz:5.1-132] clk_wiz_1: mmcm_pll_calc_optimals: GetClosestSolution: errStr: 1
INFO: [xilinx.com:ip:clk_wiz:5.1-137] clk_wiz_1: phyMode: NONE phyFreq: 318.000
INFO: [xilinx.com:ip:clk_wiz:5.1-147] clk_wiz_1: clkphy_en: false , clkphy_freq: 600.000
INFO: [xilinx.com:ip:clk_wiz:5.1-132] clk_wiz_1: mmcm_pll_calc_optimals: GetClosestSolution: errStr: 1
INFO: [xilinx.com:ip:clk_wiz:5.1-137] clk_wiz_1: phyMode: NONE phyFreq: 318.000
INFO: [xilinx.com:ip:clk_wiz:5.1-147] clk_wiz_1: clkphy_en: false , clkphy_freq: 600.000
INFO: [xilinx.com:ip:clk_wiz:5.1-132] clk_wiz_1: mmcm_pll_calc_optimals: GetClosestSolution: errStr: 1
INFO: [xilinx.com:ip:clk_wiz:5.1-137] clk_wiz_1: phyMode: NONE phyFreq: 318.000
INFO: [xilinx.com:ip:clk_wiz:5.1-147] clk_wiz_1: clkphy_en: false , clkphy_freq: 600.000
INFO: [xilinx.com:ip:clk_wiz:5.1-132] clk_wiz_1: mmcm_pll_calc_optimals: GetClosestSolution: errStr: 1
INFO: [xilinx.com:ip:clk_wiz:5.1-137] clk_wiz_1: phyMode: NONE phyFreq: 318.000
can't read "p_MMCM_CLKOUT0_DIVIDE": no such variable
can't read "p_MMCM_CLKOUT0_DIVIDE": no such variable
expected floating-point number but got ""
expected floating-point number but got ""
expected floating-point number but got ""
expected floating-point number but got ""
can't read "p_MMCM_CLKOUT0_DIVIDE": no such variable
can't read "p_MMCM_CLKOUT0_DIVIDE": no such variable
expected floating-point number but got ""
expected floating-point number but got ""
expected floating-point number but got ""
expected floating-point number but got ""
can't read "p_MMCM_CLKOUT0_DIVIDE": no such variable
can't read "p_MMCM_CLKOUT0_DIVIDE": no such variable
expected floating-point number but got ""
expected floating-point number but got ""
expected floating-point number but got ""
expected floating-point number but got ""
can't read "p_MMCM_CLKOUT0_DIVIDE": no such variable
can't read "p_MMCM_CLKOUT0_DIVIDE": no such variable
expected floating-point number but got ""
expected floating-point number but got ""
expected floating-point number but got ""
expected floating-point number but got ""
can't read "p_MMCM_CLKOUT0_DIVIDE": no such variable
can't read "p_MMCM_CLKOUT0_DIVIDE": no such variable
expected floating-point number but got ""
expected floating-point number but got ""
expected floating-point number but got ""
expected floating-point number but got ""
set_property -dict [list CONFIG.PRIM_SOURCE {Global_buffer} CONFIG.CLKOUT2_DRIVES {BUFG} CONFIG.CLKOUT3_DRIVES {BUFG} CONFIG.CLKOUT4_DRIVES {BUFG}] [get_ips clk_wiz_1]
generate_target all [get_files  C:/nimPlus_nov16_2017_t0923/nimPlus_/top/top.srcs/sources_1/ip/clk_wiz_1/clk_wiz_1.xci]
INFO: [IP_Flow 19-1686] Generating 'Instantiation Template' target for IP 'clk_wiz_1'...
INFO: [IP_Flow 19-1686] Generating 'Synthesis' target for IP 'clk_wiz_1'...
INFO: [IP_Flow 19-1686] Generating 'Simulation' target for IP 'clk_wiz_1'...
INFO: [IP_Flow 19-1686] Generating 'Implementation' target for IP 'clk_wiz_1'...
INFO: [IP_Flow 19-1686] Generating 'Change Log' target for IP 'clk_wiz_1'...
reset_run clk_wiz_1_synth_1
launch_run -jobs 4 clk_wiz_1_synth_1
[Mon Nov 27 16:43:11 2017] Launched clk_wiz_1_synth_1...
Run output will be captured here: C:/nimPlus_nov16_2017_t0923/nimPlus_/top/top.runs/clk_wiz_1_synth_1/runme.log
reset_run synth_1
launch_runs synth_1 -jobs 4
[Mon Nov 27 16:43:41 2017] Launched synth_1...
Run output will be captured here: C:/nimPlus_nov16_2017_t0923/nimPlus_/top/top.runs/synth_1/runme.log
launch_runs impl_1 -jobs 4
[Mon Nov 27 16:46:49 2017] Launched impl_1...
Run output will be captured here: C:/nimPlus_nov16_2017_t0923/nimPlus_/top/top.runs/impl_1/runme.log
reset_run impl_1
launch_runs impl_1 -jobs 4
[Mon Nov 27 16:50:04 2017] Launched impl_1...
Run output will be captured here: C:/nimPlus_nov16_2017_t0923/nimPlus_/top/top.runs/impl_1/runme.log
launch_runs impl_1 -to_step write_bitstream -jobs 4
[Mon Nov 27 16:55:10 2017] Launched impl_1...
Run output will be captured here: C:/nimPlus_nov16_2017_t0923/nimPlus_/top/top.runs/impl_1/runme.log
exit
INFO: [Common 17-206] Exiting Vivado at Mon Nov 27 16:56:59 2017...
