#-----------------------------------------------------------
# Vivado v2015.2 (64-bit)
# SW Build 1266856 on Fri Jun 26 16:35:25 MDT 2015
# IP Build 1264090 on Wed Jun 24 14:22:01 MDT 2015
# Start of session at: Tue Nov 28 14:28:11 2017
# Process ID: 15128
# Log file: C:/nimPlus_nov16_2017_t0923/nimPlus_/top/vivado.log
# Journal file: C:/nimPlus_nov16_2017_t0923/nimPlus_/top\vivado.jou
#-----------------------------------------------------------
start_gui
open_project C:/nimPlus_nov16_2017_t0923/nimPlus_/top/top.xpr
Scanning sources...
Finished scanning sources
INFO: [IP_Flow 19-234] Refreshing IP repositories
INFO: [IP_Flow 19-1704] No user IP repositories specified
INFO: [IP_Flow 19-2313] Loaded Vivado IP repository 'C:/Xilinx/Vivado/2015.2/data/ip'.
open_project: Time (s): cpu = 00:00:12 ; elapsed = 00:00:10 . Memory (MB): peak = 748.914 ; gain = 177.949
write_cfgmem -force -format MCS -size 32 -interface SPIx4 -loadbit "up 0x0 
C:/Vivado_Projects/nimPlus_nov16_2017_t0923/top.bit" -file "top.mcs"
Creating config memory files...
Creating bitstream load up from address 0x00000000
Loading bitfile C:/Vivado_Projects/nimPlus_nov16_2017_t0923/top.bit
ERROR: [Bitstream 40-47] File C:/Vivado_Projects/nimPlus_nov16_2017_t0923/top.bit does not exist.
ERROR: [Bitstream 40-46] File C:/Vivado_Projects/nimPlus_nov16_2017_t0923/top.bit cannot be opened for input.
ERROR: [Vivado 12-3540] Could not load bitfile C:/Vivado_Projects/nimPlus_nov16_2017_t0923/top.bit.
ERROR: [Common 17-39] 'write_cfgmem' failed due to earlier errors.
write_cfgmem -force -format MCS -size 32 -interface SPIx4 -loadbit "up 0x0 
C:/nimPlus_nov16_2017_t0923/top.bit" -file "top.mcs"
Creating config memory files...
Creating bitstream load up from address 0x00000000
Loading bitfile C:/nimPlus_nov16_2017_t0923/top.bit
Writing file ./top.mcs
Writing log file ./top.prm
===================================
Configuration Memory information
===================================
File Format        MCS
Interface          SPIX4
Size               32M
Start Address      0x00000000
End Address        0x01FFFFFF

Addr1         Addr2         Date                    File(s)
0x00000000    0x001F4C9B    Nov 27 16:56:10 2017    C:/nimPlus_nov16_2017_t0923/top.bit
exit
INFO: [Common 17-206] Exiting Vivado at Tue Nov 28 14:30:16 2017...
