Copyright 1986-2015 Xilinx, Inc. All Rights Reserved.
------------------------------------------------------------------------------------------------
| Tool Version : Vivado v.2015.2 (lin64) Build 1266856 Fri Jun 26 16:35:25 MDT 2015
| Date         : Thu Feb  1 11:14:40 2018
| Host         : rulinux04.dhcp.fnal.gov running 64-bit Scientific Linux release 7.2 (Nitrogen)
| Command      : report_drc
------------------------------------------------------------------------------------------------

Report DRC

Table of Contents
-----------------
1. REPORT SUMMARY
2. REPORT DETAILS

1. REPORT SUMMARY
-----------------
            Netlist: netlist
          Floorplan: design_1
      Design limits: <entire design considered>
           Ruledeck: default
             Max violations: <unlimited>
             Violations found: 3

2. REPORT DETAILS
-----------------
PLCK-12#1 Warning
Clock Placer Checks  
Poor placement for routing between an IO pin and BUFG. 
Resolution: Poor placement of an IO pin and a BUFG has resulted in the router using a non-dedicated path between the two.  There are several things that could trigger this DRC, each of which can cause unpredictable clock insertion delays that result in poor timing.  This DRC could be caused by any of the following: (a) a clock port was placed on a pin that is not a CCIO-pin (b)the BUFG has not been placed in the same half of the device or SLR as the CCIO-pin (c) a single ended clock has been placed on the N-Side of a differential pair CCIO-pin.
This is normally an ERROR but the CLOCK_DEDICATED_ROUTE constraint is set to FALSE allowing your design to continue. The use of this override is highly discouraged as it may lead to very poor timing results. It is recommended that this error condition be corrected in the design.

	IBUFGDS_CLK25_6_IN_EXT (IBUFDS.O) is locked to AJ13
	clk_wiz_1_BLOCK/U0/clkin1_bufg (BUFG.I) cannot be placed

Related violations: <none>

REQP-1709#1 Warning
Clock output buffering  
PLLE2_ADV connectivity violation. The signal clk_wiz_1_BLOCK/U0/clk_out1325 on the clk_wiz_1_BLOCK/U0/plle2_adv_inst/CLKOUT2 pin of clk_wiz_1_BLOCK/U0/plle2_adv_inst does not drive the same kind of BUFFER load as the other CLKOUT pins. Routing from the different buffer types will not be phase aligned.
Related violations: <none>

REQP-1709#2 Warning
Clock output buffering  
PLLE2_ADV connectivity violation. The signal clk_wiz_1_BLOCK/U0/clk_out265 on the clk_wiz_1_BLOCK/U0/plle2_adv_inst/CLKOUT1 pin of clk_wiz_1_BLOCK/U0/plle2_adv_inst does not drive the same kind of BUFFER load as the other CLKOUT pins. Routing from the different buffer types will not be phase aligned.
Related violations: <none>


