V3 281
FL "D:/Projects/Testbeam I/CMS_TB_MASTER_/CMS_TB_MASTER_/GEL_CAPTAN/arp_reply.vhd" 2012/03/05.10:34:40 P.20131013
EN work/arp_reply 1468958758 \
      FL "D:/Projects/Testbeam I/CMS_TB_MASTER_/CMS_TB_MASTER_/GEL_CAPTAN/arp_reply.vhd" \
      PB ieee/std_logic_1164 1381692176 PB ieee/std_logic_arith 1381692177 \
      PB ieee/STD_LOGIC_UNSIGNED 1381692179
AR work/arp_reply/arp_reply_arch 1468958759 \
      FL "D:/Projects/Testbeam I/CMS_TB_MASTER_/CMS_TB_MASTER_/GEL_CAPTAN/arp_reply.vhd" \
      EN work/arp_reply 1468958758
FL "D:/Projects/Testbeam I/CMS_TB_MASTER_/CMS_TB_MASTER_/GEL_CAPTAN/burst_controller_sm.vhd" 2011/04/08.10:17:02 P.20131013
EN work/burst_controller_sm 1468958790 \
      FL "D:/Projects/Testbeam I/CMS_TB_MASTER_/CMS_TB_MASTER_/GEL_CAPTAN/burst_controller_sm.vhd" \
      PB ieee/std_logic_1164 1381692176 PB ieee/std_logic_arith 1381692177 \
      PB ieee/STD_LOGIC_UNSIGNED 1381692179
AR work/burst_controller_sm/burst_controller_sm_arch 1468958791 \
      FL "D:/Projects/Testbeam I/CMS_TB_MASTER_/CMS_TB_MASTER_/GEL_CAPTAN/burst_controller_sm.vhd" \
      EN work/burst_controller_sm 1468958790
FL "D:/Projects/Testbeam I/CMS_TB_MASTER_/CMS_TB_MASTER_/GEL_CAPTAN/burst_traffic_controller.vhd" 2009/03/13.15:58:18 P.20131013
EN work/burst_traffic_controller 1468958808 \
      FL "D:/Projects/Testbeam I/CMS_TB_MASTER_/CMS_TB_MASTER_/GEL_CAPTAN/burst_traffic_controller.vhd" \
      PB ieee/std_logic_1164 1381692176 PB ieee/std_logic_arith 1381692177 \
      PB ieee/STD_LOGIC_UNSIGNED 1381692179 PB work/params_package 1468958779
AR work/burst_traffic_controller/burst_traffic_controller_arch 1468958809 \
      FL "D:/Projects/Testbeam I/CMS_TB_MASTER_/CMS_TB_MASTER_/GEL_CAPTAN/burst_traffic_controller.vhd" \
      EN work/burst_traffic_controller 1468958808
FL "D:/Projects/Testbeam I/CMS_TB_MASTER_/CMS_TB_MASTER_/GEL_CAPTAN/calibration_controller.vhd" 2013/09/20.17:25:24 P.20131013
EN work/calibration_controller 1468958838 \
      FL "D:/Projects/Testbeam I/CMS_TB_MASTER_/CMS_TB_MASTER_/GEL_CAPTAN/calibration_controller.vhd" \
      PB ieee/std_logic_1164 1381692176 PB ieee/std_logic_arith 1381692177 \
      PB ieee/STD_LOGIC_UNSIGNED 1381692179
AR work/calibration_controller/Behavioral 1468958839 \
      FL "D:/Projects/Testbeam I/CMS_TB_MASTER_/CMS_TB_MASTER_/GEL_CAPTAN/calibration_controller.vhd" \
      EN work/calibration_controller 1468958838
FL "D:/Projects/Testbeam I/CMS_TB_MASTER_/CMS_TB_MASTER_/GEL_CAPTAN/chip_token_manager.vhd" 2011/09/28.10:24:48 P.20131013
EN work/chip_token_manager 1468958804 \
      FL "D:/Projects/Testbeam I/CMS_TB_MASTER_/CMS_TB_MASTER_/GEL_CAPTAN/chip_token_manager.vhd" \
      PB ieee/std_logic_1164 1381692176 PB ieee/std_logic_arith 1381692177 \
      PB ieee/STD_LOGIC_UNSIGNED 1381692179
AR work/chip_token_manager/chip_token_manager_arch 1468958805 \
      FL "D:/Projects/Testbeam I/CMS_TB_MASTER_/CMS_TB_MASTER_/GEL_CAPTAN/chip_token_manager.vhd" \
      EN work/chip_token_manager 1468958804
FL "D:/Projects/Testbeam I/CMS_TB_MASTER_/CMS_TB_MASTER_/GEL_CAPTAN/CRC_splice.vhd" 2007/12/05.13:50:20 P.20131013
EN work/CRC_splice 1468958780 \
      FL "D:/Projects/Testbeam I/CMS_TB_MASTER_/CMS_TB_MASTER_/GEL_CAPTAN/CRC_splice.vhd" \
      PB ieee/std_logic_1164 1381692176 PB ieee/std_logic_arith 1381692177 \
      PB ieee/STD_LOGIC_UNSIGNED 1381692179
AR work/CRC_splice/Behavioral 1468958781 \
      FL "D:/Projects/Testbeam I/CMS_TB_MASTER_/CMS_TB_MASTER_/GEL_CAPTAN/CRC_splice.vhd" \
      EN work/CRC_splice 1468958780
FL "D:/Projects/Testbeam I/CMS_TB_MASTER_/CMS_TB_MASTER_/GEL_CAPTAN/create_packet.vhd" 2012/03/05.10:34:42 P.20131013
EN work/create_packet 1468958764 \
      FL "D:/Projects/Testbeam I/CMS_TB_MASTER_/CMS_TB_MASTER_/GEL_CAPTAN/create_packet.vhd" \
      PB ieee/std_logic_1164 1381692176 PB ieee/std_logic_arith 1381692177 \
      PB ieee/STD_LOGIC_UNSIGNED 1381692179
AR work/create_packet/create_packet_arch 1468958765 \
      FL "D:/Projects/Testbeam I/CMS_TB_MASTER_/CMS_TB_MASTER_/GEL_CAPTAN/create_packet.vhd" \
      EN work/create_packet 1468958764
FL "D:/Projects/Testbeam I/CMS_TB_MASTER_/CMS_TB_MASTER_/GEL_CAPTAN/dataout_mux.vhd" 2009/03/19.10:39:00 P.20131013
EN work/dataout_mux 1468958766 \
      FL "D:/Projects/Testbeam I/CMS_TB_MASTER_/CMS_TB_MASTER_/GEL_CAPTAN/dataout_mux.vhd" \
      PB ieee/std_logic_1164 1381692176 PB ieee/std_logic_arith 1381692177 \
      PB ieee/STD_LOGIC_UNSIGNED 1381692179
AR work/dataout_mux/dataout_mux_arch 1468958767 \
      FL "D:/Projects/Testbeam I/CMS_TB_MASTER_/CMS_TB_MASTER_/GEL_CAPTAN/dataout_mux.vhd" \
      EN work/dataout_mux 1468958766
FL "D:/Projects/Testbeam I/CMS_TB_MASTER_/CMS_TB_MASTER_/GEL_CAPTAN/DATA_FIFO_0.vhd" 2008/07/30.08:05:36 P.20131013
EN work/DATA_FIFO_0 1468958786 \
      FL "D:/Projects/Testbeam I/CMS_TB_MASTER_/CMS_TB_MASTER_/GEL_CAPTAN/DATA_FIFO_0.vhd" \
      PB ieee/std_logic_1164 1381692176
AR work/DATA_FIFO_0/DATA_FIFO_0_a 1468958787 \
      FL "D:/Projects/Testbeam I/CMS_TB_MASTER_/CMS_TB_MASTER_/GEL_CAPTAN/DATA_FIFO_0.vhd" \
      EN work/DATA_FIFO_0 1468958786
FL "D:/Projects/Testbeam I/CMS_TB_MASTER_/CMS_TB_MASTER_/GEL_CAPTAN/DATA_MANAGER.vhf" 2016/07/19.15:05:50 P.20131013
EN work/M2_1_MXILINX_DATA_MANAGER 1468958886 \
      FL "D:/Projects/Testbeam I/CMS_TB_MASTER_/CMS_TB_MASTER_/GEL_CAPTAN/DATA_MANAGER.vhf" \
      PB ieee/std_logic_1164 1381692176 PB ieee/NUMERIC_STD 1381692181 LB UNISIM \
      PH unisim/VCOMPONENTS 1381692182
AR work/M2_1_MXILINX_DATA_MANAGER/BEHAVIORAL 1468958887 \
      FL "D:/Projects/Testbeam I/CMS_TB_MASTER_/CMS_TB_MASTER_/GEL_CAPTAN/DATA_MANAGER.vhf" \
      EN work/M2_1_MXILINX_DATA_MANAGER 1468958886 CP AND2B1 CP OR2 CP AND2
EN work/DATA_MANAGER 1468958888 \
      FL "D:/Projects/Testbeam I/CMS_TB_MASTER_/CMS_TB_MASTER_/GEL_CAPTAN/DATA_MANAGER.vhf" \
      PB ieee/std_logic_1164 1381692176 PB ieee/NUMERIC_STD 1381692181 LB UNISIM \
      PH unisim/VCOMPONENTS 1381692182
AR work/DATA_MANAGER/BEHAVIORAL 1468958889 \
      FL "D:/Projects/Testbeam I/CMS_TB_MASTER_/CMS_TB_MASTER_/GEL_CAPTAN/DATA_MANAGER.vhf" \
      EN work/DATA_MANAGER 1468958888 CP DATA_FIFO_0 CP INFO_FIFO_0 \
      CP burst_controller_sm CP VCC CP GEC_RX_CTL_8 CP OR2 CP RAM_COMM_DEC_9 CP AND2 \
      CP GEC_TX_SEQ_CTL_8 CP delay_counter CP MUX16_2 CP M2_1_MXILINX_DATA_MANAGER \
      CP MUX64_2 CP GND
FL "D:/Projects/Testbeam I/CMS_TB_MASTER_/CMS_TB_MASTER_/GEL_CAPTAN/decipherer.vhd" 2012/03/05.10:34:44 P.20131013
EN work/decipherer 1468958768 \
      FL "D:/Projects/Testbeam I/CMS_TB_MASTER_/CMS_TB_MASTER_/GEL_CAPTAN/decipherer.vhd" \
      PB ieee/std_logic_1164 1381692176 PB ieee/std_logic_arith 1381692177 \
      PB ieee/STD_LOGIC_UNSIGNED 1381692179
AR work/decipherer/decipherer_arch 1468958769 \
      FL "D:/Projects/Testbeam I/CMS_TB_MASTER_/CMS_TB_MASTER_/GEL_CAPTAN/decipherer.vhd" \
      EN work/decipherer 1468958768
FL "D:/Projects/Testbeam I/CMS_TB_MASTER_/CMS_TB_MASTER_/GEL_CAPTAN/DELAY16.vhf" 2016/07/19.15:05:50 P.20131013
EN work/DELAY16 1468958872 \
      FL "D:/Projects/Testbeam I/CMS_TB_MASTER_/CMS_TB_MASTER_/GEL_CAPTAN/DELAY16.vhf" \
      PB ieee/std_logic_1164 1381692176 PB ieee/NUMERIC_STD 1381692181 LB UNISIM \
      PH unisim/VCOMPONENTS 1381692182
AR work/DELAY16/BEHAVIORAL 1468958873 \
      FL "D:/Projects/Testbeam I/CMS_TB_MASTER_/CMS_TB_MASTER_/GEL_CAPTAN/DELAY16.vhf" \
      EN work/DELAY16 1468958872 CP FD
FL "D:/Projects/Testbeam I/CMS_TB_MASTER_/CMS_TB_MASTER_/GEL_CAPTAN/delay_counter.vhd" 2009/03/20.15:19:32 P.20131013
EN work/delay_counter 1468958798 \
      FL "D:/Projects/Testbeam I/CMS_TB_MASTER_/CMS_TB_MASTER_/GEL_CAPTAN/delay_counter.vhd" \
      PB ieee/std_logic_1164 1381692176 PB ieee/std_logic_arith 1381692177 \
      PB ieee/STD_LOGIC_UNSIGNED 1381692179 PB work/params_package 1468958779
AR work/delay_counter/delay_counter 1468958799 \
      FL "D:/Projects/Testbeam I/CMS_TB_MASTER_/CMS_TB_MASTER_/GEL_CAPTAN/delay_counter.vhd" \
      EN work/delay_counter 1468958798
FL "D:/Projects/Testbeam I/CMS_TB_MASTER_/CMS_TB_MASTER_/GEL_CAPTAN/dest_info_container.vhd" 2012/03/01.14:54:48 P.20131013
EN work/dest_info_container 1468958770 \
      FL "D:/Projects/Testbeam I/CMS_TB_MASTER_/CMS_TB_MASTER_/GEL_CAPTAN/dest_info_container.vhd" \
      PB ieee/std_logic_1164 1381692176 PB ieee/std_logic_arith 1381692177 \
      PB ieee/STD_LOGIC_UNSIGNED 1381692179
AR work/dest_info_container/dest_info_container_arch 1468958771 \
      FL "D:/Projects/Testbeam I/CMS_TB_MASTER_/CMS_TB_MASTER_/GEL_CAPTAN/dest_info_container.vhd" \
      EN work/dest_info_container 1468958770
FL "D:/Projects/Testbeam I/CMS_TB_MASTER_/CMS_TB_MASTER_/GEL_CAPTAN/DIG_GEC.vhd" 2012/03/05.10:34:46 P.20131013
EN work/DIG_GEC 1468958782 \
      FL "D:/Projects/Testbeam I/CMS_TB_MASTER_/CMS_TB_MASTER_/GEL_CAPTAN/DIG_GEC.vhd" \
      PB ieee/std_logic_1164 1381692176
AR work/DIG_GEC/DIG_GEC 1468958783 \
      FL "D:/Projects/Testbeam I/CMS_TB_MASTER_/CMS_TB_MASTER_/GEL_CAPTAN/DIG_GEC.vhd" \
      EN work/DIG_GEC 1468958782 CP arp_reply CP or33 CP ip_checksum_calc \
      CP create_packet CP dataout_mux CP decipherer CP dest_info_container \
      CP filter_data_out CP udp_data_splicer CP user_addrs_mux
FL "D:/Projects/Testbeam I/CMS_TB_MASTER_/CMS_TB_MASTER_/GEL_CAPTAN/Ethernet_Interface.vhf" 2016/07/19.15:05:51 P.20131013
EN work/gigabit_ethernet_controller_MUSER_Ethernet_Interface 1468958874 \
      FL "D:/Projects/Testbeam I/CMS_TB_MASTER_/CMS_TB_MASTER_/GEL_CAPTAN/Ethernet_Interface.vhf" \
      PB ieee/std_logic_1164 1381692176 PB ieee/NUMERIC_STD 1381692181 LB UNISIM \
      PH unisim/VCOMPONENTS 1381692182
AR work/gigabit_ethernet_controller_MUSER_Ethernet_Interface/BEHAVIORAL 1468958875 \
      FL "D:/Projects/Testbeam I/CMS_TB_MASTER_/CMS_TB_MASTER_/GEL_CAPTAN/Ethernet_Interface.vhf" \
      EN work/gigabit_ethernet_controller_MUSER_Ethernet_Interface 1468958874 \
      CP CRC_chk CP CRC_gen CP CRC_splice CP DIG_GEC CP RX_IN_LATCH
EN work/M2_1_MXILINX_Ethernet_Interface 1468958876 \
      FL "D:/Projects/Testbeam I/CMS_TB_MASTER_/CMS_TB_MASTER_/GEL_CAPTAN/Ethernet_Interface.vhf" \
      PB ieee/std_logic_1164 1381692176 PB ieee/NUMERIC_STD 1381692181 LB UNISIM \
      PH unisim/VCOMPONENTS 1381692182
AR work/M2_1_MXILINX_Ethernet_Interface/BEHAVIORAL 1468958877 \
      FL "D:/Projects/Testbeam I/CMS_TB_MASTER_/CMS_TB_MASTER_/GEL_CAPTAN/Ethernet_Interface.vhf" \
      EN work/M2_1_MXILINX_Ethernet_Interface 1468958876 CP AND2B1 CP OR2 CP AND2
EN work/DATA_MANAGER_MUSER_Ethernet_Interface 1468958878 \
      FL "D:/Projects/Testbeam I/CMS_TB_MASTER_/CMS_TB_MASTER_/GEL_CAPTAN/Ethernet_Interface.vhf" \
      PB ieee/std_logic_1164 1381692176 PB ieee/NUMERIC_STD 1381692181 LB UNISIM \
      PH unisim/VCOMPONENTS 1381692182
AR work/DATA_MANAGER_MUSER_Ethernet_Interface/BEHAVIORAL 1468958879 \
      FL "D:/Projects/Testbeam I/CMS_TB_MASTER_/CMS_TB_MASTER_/GEL_CAPTAN/Ethernet_Interface.vhf" \
      EN work/DATA_MANAGER_MUSER_Ethernet_Interface 1468958878 CP DATA_FIFO_0 \
      CP INFO_FIFO_0 CP burst_controller_sm CP VCC CP GEC_RX_CTL_8 CP OR2 \
      CP RAM_COMM_DEC_9 CP AND2 CP GEC_TX_SEQ_CTL_8 CP delay_counter CP MUX16_2 \
      CP M2_1_MXILINX_Ethernet_Interface CP MUX64_2 CP GND
EN work/Ethernet_Interface 1468958880 \
      FL "D:/Projects/Testbeam I/CMS_TB_MASTER_/CMS_TB_MASTER_/GEL_CAPTAN/Ethernet_Interface.vhf" \
      PB ieee/std_logic_1164 1381692176 PB ieee/NUMERIC_STD 1381692181 LB UNISIM \
      PH unisim/VCOMPONENTS 1381692182
AR work/Ethernet_Interface/BEHAVIORAL 1468958881 \
      FL "D:/Projects/Testbeam I/CMS_TB_MASTER_/CMS_TB_MASTER_/GEL_CAPTAN/Ethernet_Interface.vhf" \
      EN work/Ethernet_Interface 1468958880 \
      CP gigabit_ethernet_controller_MUSER_Ethernet_Interface \
      CP DATA_MANAGER_MUSER_Ethernet_Interface CP burst_traffic_controller CP INV
FL "D:/Projects/Testbeam I/CMS_TB_MASTER_/CMS_TB_MASTER_/GEL_CAPTAN/External_Trigger_Handler.vhd" 2011/09/15.15:34:58 P.20131013
EN work/External_Trigger_Handler 1468958810 \
      FL "D:/Projects/Testbeam I/CMS_TB_MASTER_/CMS_TB_MASTER_/GEL_CAPTAN/External_Trigger_Handler.vhd" \
      PB ieee/std_logic_1164 1381692176 PB ieee/std_logic_arith 1381692177 \
      PB ieee/STD_LOGIC_UNSIGNED 1381692179
AR work/External_Trigger_Handler/Behavioral 1468958811 \
      FL "D:/Projects/Testbeam I/CMS_TB_MASTER_/CMS_TB_MASTER_/GEL_CAPTAN/External_Trigger_Handler.vhd" \
      EN work/External_Trigger_Handler 1468958810
FL "D:/Projects/Testbeam I/CMS_TB_MASTER_/CMS_TB_MASTER_/GEL_CAPTAN/fd_64.vhd" 2011/12/22.11:37:38 P.20131013
EN work/fd_64 1468958834 \
      FL "D:/Projects/Testbeam I/CMS_TB_MASTER_/CMS_TB_MASTER_/GEL_CAPTAN/fd_64.vhd" \
      PB ieee/std_logic_1164 1381692176
AR work/fd_64/Behavioral 1468958835 \
      FL "D:/Projects/Testbeam I/CMS_TB_MASTER_/CMS_TB_MASTER_/GEL_CAPTAN/fd_64.vhd" \
      EN work/fd_64 1468958834
FL "D:/Projects/Testbeam I/CMS_TB_MASTER_/CMS_TB_MASTER_/GEL_CAPTAN/filter_data_out.vhd" 2009/03/19.10:37:50 P.20131013
EN work/filter_data_out 1468958772 \
      FL "D:/Projects/Testbeam I/CMS_TB_MASTER_/CMS_TB_MASTER_/GEL_CAPTAN/filter_data_out.vhd" \
      PB ieee/std_logic_1164 1381692176 PB ieee/std_logic_arith 1381692177 \
      PB ieee/STD_LOGIC_UNSIGNED 1381692179
AR work/filter_data_out/filter_data_out_arch 1468958773 \
      FL "D:/Projects/Testbeam I/CMS_TB_MASTER_/CMS_TB_MASTER_/GEL_CAPTAN/filter_data_out.vhd" \
      EN work/filter_data_out 1468958772
FL "D:/Projects/Testbeam I/CMS_TB_MASTER_/CMS_TB_MASTER_/GEL_CAPTAN/First_In_Chain_Gen.vhd" 2009/10/21.17:29:16 P.20131013
EN work/First_In_Chain_Gen 1468958824 \
      FL "D:/Projects/Testbeam I/CMS_TB_MASTER_/CMS_TB_MASTER_/GEL_CAPTAN/First_In_Chain_Gen.vhd" \
      PB ieee/std_logic_1164 1381692176 PB ieee/std_logic_arith 1381692177 \
      PB ieee/STD_LOGIC_UNSIGNED 1381692179
AR work/First_In_Chain_Gen/Behavioral 1468958825 \
      FL "D:/Projects/Testbeam I/CMS_TB_MASTER_/CMS_TB_MASTER_/GEL_CAPTAN/First_In_Chain_Gen.vhd" \
      EN work/First_In_Chain_Gen 1468958824
FL "D:/Projects/Testbeam I/CMS_TB_MASTER_/CMS_TB_MASTER_/GEL_CAPTAN/GEC_RX_CTL_8.vhd" 2009/03/20.15:19:34 P.20131013
EN work/GEC_RX_CTL_8 1468958792 \
      FL "D:/Projects/Testbeam I/CMS_TB_MASTER_/CMS_TB_MASTER_/GEL_CAPTAN/GEC_RX_CTL_8.vhd" \
      PB ieee/std_logic_1164 1381692176 PB ieee/std_logic_arith 1381692177 \
      PB ieee/STD_LOGIC_UNSIGNED 1381692179 PB work/params_package 1468958779
AR work/GEC_RX_CTL_8/GEC_RX_CTL_8 1468958793 \
      FL "D:/Projects/Testbeam I/CMS_TB_MASTER_/CMS_TB_MASTER_/GEL_CAPTAN/GEC_RX_CTL_8.vhd" \
      EN work/GEC_RX_CTL_8 1468958792
FL "D:/Projects/Testbeam I/CMS_TB_MASTER_/CMS_TB_MASTER_/GEL_CAPTAN/GEC_TX_SEQ_CTL_8.vhd" 2009/03/20.15:19:38 P.20131013
EN work/GEC_TX_SEQ_CTL_8 1468958796 \
      FL "D:/Projects/Testbeam I/CMS_TB_MASTER_/CMS_TB_MASTER_/GEL_CAPTAN/GEC_TX_SEQ_CTL_8.vhd" \
      PB ieee/std_logic_1164 1381692176 PB ieee/std_logic_arith 1381692177 \
      PB ieee/STD_LOGIC_UNSIGNED 1381692179 PB work/params_package 1468958779
AR work/GEC_TX_SEQ_CTL_8/GEC_TX_SEQ_CTL_8 1468958797 \
      FL "D:/Projects/Testbeam I/CMS_TB_MASTER_/CMS_TB_MASTER_/GEL_CAPTAN/GEC_TX_SEQ_CTL_8.vhd" \
      EN work/GEC_TX_SEQ_CTL_8 1468958796
FL "D:/Projects/Testbeam I/CMS_TB_MASTER_/CMS_TB_MASTER_/GEL_CAPTAN/gigabit_ethernet_controller.vhf" 2016/07/19.15:05:50 P.20131013
EN work/gigabit_ethernet_controller 1468958890 \
      FL "D:/Projects/Testbeam I/CMS_TB_MASTER_/CMS_TB_MASTER_/GEL_CAPTAN/gigabit_ethernet_controller.vhf" \
      PB ieee/std_logic_1164 1381692176 PB ieee/NUMERIC_STD 1381692181 LB UNISIM \
      PH unisim/VCOMPONENTS 1381692182
AR work/gigabit_ethernet_controller/BEHAVIORAL 1468958891 \
      FL "D:/Projects/Testbeam I/CMS_TB_MASTER_/CMS_TB_MASTER_/GEL_CAPTAN/gigabit_ethernet_controller.vhf" \
      EN work/gigabit_ethernet_controller 1468958890 CP CRC_chk CP CRC_gen \
      CP CRC_splice CP DIG_GEC CP RX_IN_LATCH
FL "D:/Projects/Testbeam I/CMS_TB_MASTER_/CMS_TB_MASTER_/GEL_CAPTAN/INFO_FIFO_0.vhd" 2008/06/10.14:13:30 P.20131013
EN work/INFO_FIFO_0 1468958788 \
      FL "D:/Projects/Testbeam I/CMS_TB_MASTER_/CMS_TB_MASTER_/GEL_CAPTAN/INFO_FIFO_0.vhd" \
      PB ieee/std_logic_1164 1381692176
AR work/INFO_FIFO_0/INFO_FIFO_0_a 1468958789 \
      FL "D:/Projects/Testbeam I/CMS_TB_MASTER_/CMS_TB_MASTER_/GEL_CAPTAN/INFO_FIFO_0.vhd" \
      EN work/INFO_FIFO_0 1468958788
FL "D:/Projects/Testbeam I/CMS_TB_MASTER_/CMS_TB_MASTER_/GEL_CAPTAN/ip_checksum_calc.vhd" 2012/03/06.13:56:46 P.20131013
EN work/ip_checksum_calc 1468958762 \
      FL "D:/Projects/Testbeam I/CMS_TB_MASTER_/CMS_TB_MASTER_/GEL_CAPTAN/ip_checksum_calc.vhd" \
      PB ieee/std_logic_1164 1381692176 PB ieee/std_logic_arith 1381692177 \
      PB ieee/STD_LOGIC_UNSIGNED 1381692179
AR work/ip_checksum_calc/ip_checksum_calc_arch 1468958763 \
      FL "D:/Projects/Testbeam I/CMS_TB_MASTER_/CMS_TB_MASTER_/GEL_CAPTAN/ip_checksum_calc.vhd" \
      EN work/ip_checksum_calc 1468958762
FL "D:/Projects/Testbeam I/CMS_TB_MASTER_/CMS_TB_MASTER_/GEL_CAPTAN/MUX16_2.vhd" 2008/06/18.13:41:48 P.20131013
EN work/MUX16_2 1468958800 \
      FL "D:/Projects/Testbeam I/CMS_TB_MASTER_/CMS_TB_MASTER_/GEL_CAPTAN/MUX16_2.vhd" \
      PB ieee/std_logic_1164 1381692176 PB ieee/std_logic_arith 1381692177 \
      PB ieee/STD_LOGIC_UNSIGNED 1381692179
AR work/MUX16_2/Behavioral 1468958801 \
      FL "D:/Projects/Testbeam I/CMS_TB_MASTER_/CMS_TB_MASTER_/GEL_CAPTAN/MUX16_2.vhd" \
      EN work/MUX16_2 1468958800
FL "D:/Projects/Testbeam I/CMS_TB_MASTER_/CMS_TB_MASTER_/GEL_CAPTAN/MUX64_2.vhd" 2009/01/06.17:18:56 P.20131013
EN work/MUX64_2 1468958802 \
      FL "D:/Projects/Testbeam I/CMS_TB_MASTER_/CMS_TB_MASTER_/GEL_CAPTAN/MUX64_2.vhd" \
      PB ieee/std_logic_1164 1381692176 PB ieee/std_logic_arith 1381692177 \
      PB ieee/STD_LOGIC_UNSIGNED 1381692179
AR work/MUX64_2/Behavioral 1468958803 \
      FL "D:/Projects/Testbeam I/CMS_TB_MASTER_/CMS_TB_MASTER_/GEL_CAPTAN/MUX64_2.vhd" \
      EN work/MUX64_2 1468958802
FL "D:/Projects/Testbeam I/CMS_TB_MASTER_/CMS_TB_MASTER_/GEL_CAPTAN/MUX64_8.vhd" 2009/10/21.17:48:00 P.20131013
EN work/MUX64_8 1468958826 \
      FL "D:/Projects/Testbeam I/CMS_TB_MASTER_/CMS_TB_MASTER_/GEL_CAPTAN/MUX64_8.vhd" \
      PB ieee/std_logic_1164 1381692176 PB ieee/std_logic_arith 1381692177 \
      PB ieee/STD_LOGIC_UNSIGNED 1381692179
AR work/MUX64_8/Behavioral 1468958827 \
      FL "D:/Projects/Testbeam I/CMS_TB_MASTER_/CMS_TB_MASTER_/GEL_CAPTAN/MUX64_8.vhd" \
      EN work/MUX64_8 1468958826
FL "D:/Projects/Testbeam I/CMS_TB_MASTER_/CMS_TB_MASTER_/GEL_CAPTAN/or33.vhd" 2007/12/05.14:46:28 P.20131013
EN work/or33 1468958760 \
      FL "D:/Projects/Testbeam I/CMS_TB_MASTER_/CMS_TB_MASTER_/GEL_CAPTAN/or33.vhd" \
      PB ieee/std_logic_1164 1381692176 PB ieee/std_logic_arith 1381692177 \
      PB ieee/STD_LOGIC_UNSIGNED 1381692179
AR work/or33/or33_arch 1468958761 \
      FL "D:/Projects/Testbeam I/CMS_TB_MASTER_/CMS_TB_MASTER_/GEL_CAPTAN/or33.vhd" \
      EN work/or33 1468958760
FL "D:/Projects/Testbeam I/CMS_TB_MASTER_/CMS_TB_MASTER_/GEL_CAPTAN/params_package.vhd" 2008/11/07.17:58:22 P.20131013
PH work/params_package 1468958778 \
      FL "D:/Projects/Testbeam I/CMS_TB_MASTER_/CMS_TB_MASTER_/GEL_CAPTAN/params_package.vhd" \
      PB ieee/std_logic_1164 1381692176 PB ieee/std_logic_arith 1381692177 \
      PB ieee/STD_LOGIC_UNSIGNED 1381692179
PB work/params_package 1468958779 \
      FL "D:/Projects/Testbeam I/CMS_TB_MASTER_/CMS_TB_MASTER_/GEL_CAPTAN/params_package.vhd" \
      PH work/params_package 1468958778
FL "D:/Projects/Testbeam I/CMS_TB_MASTER_/CMS_TB_MASTER_/GEL_CAPTAN/PLAQ_ID_GEN.vhd" 2009/10/21.11:41:26 P.20131013
EN work/PLAQ_ID_GEN 1468958822 \
      FL "D:/Projects/Testbeam I/CMS_TB_MASTER_/CMS_TB_MASTER_/GEL_CAPTAN/PLAQ_ID_GEN.vhd" \
      PB ieee/std_logic_1164 1381692176 PB ieee/std_logic_arith 1381692177 \
      PB ieee/STD_LOGIC_UNSIGNED 1381692179
AR work/PLAQ_ID_GEN/Behavioral 1468958823 \
      FL "D:/Projects/Testbeam I/CMS_TB_MASTER_/CMS_TB_MASTER_/GEL_CAPTAN/PLAQ_ID_GEN.vhd" \
      EN work/PLAQ_ID_GEN 1468958822
FL "D:/Projects/Testbeam I/CMS_TB_MASTER_/CMS_TB_MASTER_/GEL_CAPTAN/psi_cmd_fifo32_512depth.vhd" 2013/09/17.15:28:56 P.20131013
EN work/psi_cmd_fifo32_512depth 1468958836 \
      FL "D:/Projects/Testbeam I/CMS_TB_MASTER_/CMS_TB_MASTER_/GEL_CAPTAN/psi_cmd_fifo32_512depth.vhd" \
      PB ieee/std_logic_1164 1381692176
AR work/psi_cmd_fifo32_512depth/psi_cmd_fifo32_512depth_a 1468958837 \
      FL "D:/Projects/Testbeam I/CMS_TB_MASTER_/CMS_TB_MASTER_/GEL_CAPTAN/psi_cmd_fifo32_512depth.vhd" \
      EN work/psi_cmd_fifo32_512depth 1468958836
FL "D:/Projects/Testbeam I/CMS_TB_MASTER_/CMS_TB_MASTER_/GEL_CAPTAN/psi_command_sender.vhd" 2013/09/17.17:50:00 P.20131013
EN work/psi_command_sender 1468958812 \
      FL "D:/Projects/Testbeam I/CMS_TB_MASTER_/CMS_TB_MASTER_/GEL_CAPTAN/psi_command_sender.vhd" \
      PB ieee/std_logic_1164 1381692176 PB ieee/std_logic_arith 1381692177 \
      PB ieee/STD_LOGIC_UNSIGNED 1381692179
AR work/psi_command_sender/Behavioral 1468958813 \
      FL "D:/Projects/Testbeam I/CMS_TB_MASTER_/CMS_TB_MASTER_/GEL_CAPTAN/psi_command_sender.vhd" \
      EN work/psi_command_sender 1468958812
FL "D:/Projects/Testbeam I/CMS_TB_MASTER_/CMS_TB_MASTER_/GEL_CAPTAN/PSI_Dig_Block.vhf" 2016/07/19.15:05:50 P.20131013
EN work/PSI_Dig_Block 1468958882 \
      FL "D:/Projects/Testbeam I/CMS_TB_MASTER_/CMS_TB_MASTER_/GEL_CAPTAN/PSI_Dig_Block.vhf" \
      PB ieee/std_logic_1164 1381692176 PB ieee/NUMERIC_STD 1381692181 LB UNISIM \
      PH unisim/VCOMPONENTS 1381692182
AR work/PSI_Dig_Block/BEHAVIORAL 1468958883 \
      FL "D:/Projects/Testbeam I/CMS_TB_MASTER_/CMS_TB_MASTER_/GEL_CAPTAN/PSI_Dig_Block.vhf" \
      EN work/PSI_Dig_Block 1468958882 CP chip_token_manager CP psi_dig_decoder
FL "D:/Projects/Testbeam I/CMS_TB_MASTER_/CMS_TB_MASTER_/GEL_CAPTAN/psi_dig_decoder.vhd" 2013/11/19.15:31:40 P.20131013
EN work/psi_dig_decoder 1468958806 \
      FL "D:/Projects/Testbeam I/CMS_TB_MASTER_/CMS_TB_MASTER_/GEL_CAPTAN/psi_dig_decoder.vhd" \
      PB ieee/std_logic_1164 1381692176 PB ieee/std_logic_arith 1381692177 \
      PB ieee/STD_LOGIC_UNSIGNED 1381692179
AR work/psi_dig_decoder/Behavioral 1468958807 \
      FL "D:/Projects/Testbeam I/CMS_TB_MASTER_/CMS_TB_MASTER_/GEL_CAPTAN/psi_dig_decoder.vhd" \
      EN work/psi_dig_decoder 1468958806
FL "D:/Projects/Testbeam I/CMS_TB_MASTER_/CMS_TB_MASTER_/GEL_CAPTAN/psi_token_delay_blk.vhd" 2009/04/21.15:22:14 P.20131013
EN work/psi_token_delay_blk 1468958816 \
      FL "D:/Projects/Testbeam I/CMS_TB_MASTER_/CMS_TB_MASTER_/GEL_CAPTAN/psi_token_delay_blk.vhd" \
      PB ieee/std_logic_1164 1381692176 PB ieee/std_logic_arith 1381692177 \
      PB ieee/STD_LOGIC_UNSIGNED 1381692179
AR work/psi_token_delay_blk/Behavioral 1468958817 \
      FL "D:/Projects/Testbeam I/CMS_TB_MASTER_/CMS_TB_MASTER_/GEL_CAPTAN/psi_token_delay_blk.vhd" \
      EN work/psi_token_delay_blk 1468958816
FL "D:/Projects/Testbeam I/CMS_TB_MASTER_/CMS_TB_MASTER_/GEL_CAPTAN/RAM_COMM_DEC_9.vhd" 2009/03/20.15:19:36 P.20131013
EN work/RAM_COMM_DEC_9 1468958794 \
      FL "D:/Projects/Testbeam I/CMS_TB_MASTER_/CMS_TB_MASTER_/GEL_CAPTAN/RAM_COMM_DEC_9.vhd" \
      PB ieee/std_logic_1164 1381692176 PB ieee/std_logic_arith 1381692177 \
      PB ieee/STD_LOGIC_UNSIGNED 1381692179 PB work/params_package 1468958779
AR work/RAM_COMM_DEC_9/RAM_COMM_DEC_9 1468958795 \
      FL "D:/Projects/Testbeam I/CMS_TB_MASTER_/CMS_TB_MASTER_/GEL_CAPTAN/RAM_COMM_DEC_9.vhd" \
      EN work/RAM_COMM_DEC_9 1468958794
FL "D:/Projects/Testbeam I/CMS_TB_MASTER_/CMS_TB_MASTER_/GEL_CAPTAN/RESET_INIT.vhf" 2016/07/19.15:05:44 P.20131013
EN work/RESET_INIT 1468958884 \
      FL "D:/Projects/Testbeam I/CMS_TB_MASTER_/CMS_TB_MASTER_/GEL_CAPTAN/RESET_INIT.vhf" \
      PB ieee/std_logic_1164 1381692176 PB ieee/NUMERIC_STD 1381692181 LB UNISIM \
      PH unisim/VCOMPONENTS 1381692182
AR work/RESET_INIT/BEHAVIORAL 1468958885 \
      FL "D:/Projects/Testbeam I/CMS_TB_MASTER_/CMS_TB_MASTER_/GEL_CAPTAN/RESET_INIT.vhf" \
      EN work/RESET_INIT 1468958884 CP FD CP GND
FL "D:/Projects/Testbeam I/CMS_TB_MASTER_/CMS_TB_MASTER_/GEL_CAPTAN/RX_IN_LATCH.vhd" 2009/03/19.09:56:38 P.20131013
EN work/RX_IN_LATCH 1468958784 \
      FL "D:/Projects/Testbeam I/CMS_TB_MASTER_/CMS_TB_MASTER_/GEL_CAPTAN/RX_IN_LATCH.vhd" \
      PB ieee/std_logic_1164 1381692176 PB ieee/std_logic_arith 1381692177 \
      PB ieee/STD_LOGIC_UNSIGNED 1381692179
AR work/RX_IN_LATCH/Behavioral 1468958785 \
      FL "D:/Projects/Testbeam I/CMS_TB_MASTER_/CMS_TB_MASTER_/GEL_CAPTAN/RX_IN_LATCH.vhd" \
      EN work/RX_IN_LATCH 1468958784
FL "D:/Projects/Testbeam I/CMS_TB_MASTER_/CMS_TB_MASTER_/GEL_CAPTAN/TokenStack.vhd" 2012/04/05.20:24:58 P.20131013
EN work/TokenStack 1468958814 \
      FL "D:/Projects/Testbeam I/CMS_TB_MASTER_/CMS_TB_MASTER_/GEL_CAPTAN/TokenStack.vhd" \
      PB ieee/std_logic_1164 1381692176 PB ieee/std_logic_arith 1381692177 \
      PB ieee/STD_LOGIC_UNSIGNED 1381692179
AR work/TokenStack/TokenStack 1468958815 \
      FL "D:/Projects/Testbeam I/CMS_TB_MASTER_/CMS_TB_MASTER_/GEL_CAPTAN/TokenStack.vhd" \
      EN work/TokenStack 1468958814
FL "D:/Projects/Testbeam I/CMS_TB_MASTER_/CMS_TB_MASTER_/GEL_CAPTAN/token_trigger_controller.vhd" 2013/09/17.17:49:47 P.20131013
EN work/token_trigger_controller 1468958818 \
      FL "D:/Projects/Testbeam I/CMS_TB_MASTER_/CMS_TB_MASTER_/GEL_CAPTAN/token_trigger_controller.vhd" \
      PB ieee/std_logic_1164 1381692176 PB ieee/std_logic_arith 1381692177 \
      PB ieee/STD_LOGIC_UNSIGNED 1381692179
AR work/token_trigger_controller/Behavioral 1468958819 \
      FL "D:/Projects/Testbeam I/CMS_TB_MASTER_/CMS_TB_MASTER_/GEL_CAPTAN/token_trigger_controller.vhd" \
      EN work/token_trigger_controller 1468958818
FL "D:/Projects/Testbeam I/CMS_TB_MASTER_/CMS_TB_MASTER_/GEL_CAPTAN/TOP_LEVEL.vhf" 2016/07/19.15:05:50 P.20131013
EN work/FD16RE_MXILINX_TOP_LEVEL 1468958840 \
      FL "D:/Projects/Testbeam I/CMS_TB_MASTER_/CMS_TB_MASTER_/GEL_CAPTAN/TOP_LEVEL.vhf" \
      PB ieee/std_logic_1164 1381692176 PB ieee/NUMERIC_STD 1381692181 LB UNISIM \
      PH unisim/VCOMPONENTS 1381692182
AR work/FD16RE_MXILINX_TOP_LEVEL/BEHAVIORAL 1468958841 \
      FL "D:/Projects/Testbeam I/CMS_TB_MASTER_/CMS_TB_MASTER_/GEL_CAPTAN/TOP_LEVEL.vhf" \
      EN work/FD16RE_MXILINX_TOP_LEVEL 1468958840 CP FDRE
EN work/M2_1E_MXILINX_TOP_LEVEL 1468958842 \
      FL "D:/Projects/Testbeam I/CMS_TB_MASTER_/CMS_TB_MASTER_/GEL_CAPTAN/TOP_LEVEL.vhf" \
      PB ieee/std_logic_1164 1381692176 PB ieee/NUMERIC_STD 1381692181 LB UNISIM \
      PH unisim/VCOMPONENTS 1381692182
AR work/M2_1E_MXILINX_TOP_LEVEL/BEHAVIORAL 1468958843 \
      FL "D:/Projects/Testbeam I/CMS_TB_MASTER_/CMS_TB_MASTER_/GEL_CAPTAN/TOP_LEVEL.vhf" \
      EN work/M2_1E_MXILINX_TOP_LEVEL 1468958842 CP AND3 CP AND3B1 CP OR2
EN work/M4_1E_MXILINX_TOP_LEVEL 1468958844 \
      FL "D:/Projects/Testbeam I/CMS_TB_MASTER_/CMS_TB_MASTER_/GEL_CAPTAN/TOP_LEVEL.vhf" \
      PB ieee/std_logic_1164 1381692176 PB ieee/NUMERIC_STD 1381692181 LB UNISIM \
      PH unisim/VCOMPONENTS 1381692182
AR work/M4_1E_MXILINX_TOP_LEVEL/BEHAVIORAL 1468958845 \
      FL "D:/Projects/Testbeam I/CMS_TB_MASTER_/CMS_TB_MASTER_/GEL_CAPTAN/TOP_LEVEL.vhf" \
      EN work/M4_1E_MXILINX_TOP_LEVEL 1468958844 CP M2_1E_MXILINX_TOP_LEVEL \
      CP MUXF5
EN work/PSI_Dig_Block_MUSER_TOP_LEVEL 1468958846 \
      FL "D:/Projects/Testbeam I/CMS_TB_MASTER_/CMS_TB_MASTER_/GEL_CAPTAN/TOP_LEVEL.vhf" \
      PB ieee/std_logic_1164 1381692176 PB ieee/NUMERIC_STD 1381692181 LB UNISIM \
      PH unisim/VCOMPONENTS 1381692182
AR work/PSI_Dig_Block_MUSER_TOP_LEVEL/BEHAVIORAL 1468958847 \
      FL "D:/Projects/Testbeam I/CMS_TB_MASTER_/CMS_TB_MASTER_/GEL_CAPTAN/TOP_LEVEL.vhf" \
      EN work/PSI_Dig_Block_MUSER_TOP_LEVEL 1468958846 CP chip_token_manager \
      CP psi_dig_decoder
EN work/M2_1_MXILINX_TOP_LEVEL 1468958848 \
      FL "D:/Projects/Testbeam I/CMS_TB_MASTER_/CMS_TB_MASTER_/GEL_CAPTAN/TOP_LEVEL.vhf" \
      PB ieee/std_logic_1164 1381692176 PB ieee/NUMERIC_STD 1381692181 LB UNISIM \
      PH unisim/VCOMPONENTS 1381692182
AR work/M2_1_MXILINX_TOP_LEVEL/BEHAVIORAL 1468958849 \
      FL "D:/Projects/Testbeam I/CMS_TB_MASTER_/CMS_TB_MASTER_/GEL_CAPTAN/TOP_LEVEL.vhf" \
      EN work/M2_1_MXILINX_TOP_LEVEL 1468958848 CP AND2B1 CP OR2 CP AND2
EN work/FD8CE_MXILINX_TOP_LEVEL 1468958850 \
      FL "D:/Projects/Testbeam I/CMS_TB_MASTER_/CMS_TB_MASTER_/GEL_CAPTAN/TOP_LEVEL.vhf" \
      PB ieee/std_logic_1164 1381692176 PB ieee/NUMERIC_STD 1381692181 LB UNISIM \
      PH unisim/VCOMPONENTS 1381692182
AR work/FD8CE_MXILINX_TOP_LEVEL/BEHAVIORAL 1468958851 \
      FL "D:/Projects/Testbeam I/CMS_TB_MASTER_/CMS_TB_MASTER_/GEL_CAPTAN/TOP_LEVEL.vhf" \
      EN work/FD8CE_MXILINX_TOP_LEVEL 1468958850 CP FDCE
EN work/FTC_MXILINX_TOP_LEVEL 1468958852 \
      FL "D:/Projects/Testbeam I/CMS_TB_MASTER_/CMS_TB_MASTER_/GEL_CAPTAN/TOP_LEVEL.vhf" \
      PB ieee/std_logic_1164 1381692176 PB ieee/NUMERIC_STD 1381692181 LB UNISIM \
      PH unisim/VCOMPONENTS 1381692182
AR work/FTC_MXILINX_TOP_LEVEL/BEHAVIORAL 1468958853 \
      FL "D:/Projects/Testbeam I/CMS_TB_MASTER_/CMS_TB_MASTER_/GEL_CAPTAN/TOP_LEVEL.vhf" \
      EN work/FTC_MXILINX_TOP_LEVEL 1468958852 CP XOR2 CP FDC
EN work/FD8RE_MXILINX_TOP_LEVEL 1468958854 \
      FL "D:/Projects/Testbeam I/CMS_TB_MASTER_/CMS_TB_MASTER_/GEL_CAPTAN/TOP_LEVEL.vhf" \
      PB ieee/std_logic_1164 1381692176 PB ieee/NUMERIC_STD 1381692181 LB UNISIM \
      PH unisim/VCOMPONENTS 1381692182
AR work/FD8RE_MXILINX_TOP_LEVEL/BEHAVIORAL 1468958855 \
      FL "D:/Projects/Testbeam I/CMS_TB_MASTER_/CMS_TB_MASTER_/GEL_CAPTAN/TOP_LEVEL.vhf" \
      EN work/FD8RE_MXILINX_TOP_LEVEL 1468958854 CP FDRE
EN work/gigabit_ethernet_controller_MUSER_TOP_LEVEL 1468958856 \
      FL "D:/Projects/Testbeam I/CMS_TB_MASTER_/CMS_TB_MASTER_/GEL_CAPTAN/TOP_LEVEL.vhf" \
      PB ieee/std_logic_1164 1381692176 PB ieee/NUMERIC_STD 1381692181 LB UNISIM \
      PH unisim/VCOMPONENTS 1381692182
AR work/gigabit_ethernet_controller_MUSER_TOP_LEVEL/BEHAVIORAL 1468958857 \
      FL "D:/Projects/Testbeam I/CMS_TB_MASTER_/CMS_TB_MASTER_/GEL_CAPTAN/TOP_LEVEL.vhf" \
      EN work/gigabit_ethernet_controller_MUSER_TOP_LEVEL 1468958856 CP CRC_chk \
      CP CRC_gen CP CRC_splice CP DIG_GEC CP RX_IN_LATCH
EN work/DATA_MANAGER_MUSER_TOP_LEVEL 1468958858 \
      FL "D:/Projects/Testbeam I/CMS_TB_MASTER_/CMS_TB_MASTER_/GEL_CAPTAN/TOP_LEVEL.vhf" \
      PB ieee/std_logic_1164 1381692176 PB ieee/NUMERIC_STD 1381692181 LB UNISIM \
      PH unisim/VCOMPONENTS 1381692182
AR work/DATA_MANAGER_MUSER_TOP_LEVEL/BEHAVIORAL 1468958859 \
      FL "D:/Projects/Testbeam I/CMS_TB_MASTER_/CMS_TB_MASTER_/GEL_CAPTAN/TOP_LEVEL.vhf" \
      EN work/DATA_MANAGER_MUSER_TOP_LEVEL 1468958858 CP DATA_FIFO_0 \
      CP INFO_FIFO_0 CP burst_controller_sm CP VCC CP GEC_RX_CTL_8 CP OR2 \
      CP RAM_COMM_DEC_9 CP AND2 CP GEC_TX_SEQ_CTL_8 CP delay_counter CP MUX16_2 \
      CP M2_1_MXILINX_TOP_LEVEL CP MUX64_2 CP GND
EN work/Ethernet_Interface_MUSER_TOP_LEVEL 1468958860 \
      FL "D:/Projects/Testbeam I/CMS_TB_MASTER_/CMS_TB_MASTER_/GEL_CAPTAN/TOP_LEVEL.vhf" \
      PB ieee/std_logic_1164 1381692176 PB ieee/NUMERIC_STD 1381692181 LB UNISIM \
      PH unisim/VCOMPONENTS 1381692182
AR work/Ethernet_Interface_MUSER_TOP_LEVEL/BEHAVIORAL 1468958861 \
      FL "D:/Projects/Testbeam I/CMS_TB_MASTER_/CMS_TB_MASTER_/GEL_CAPTAN/TOP_LEVEL.vhf" \
      EN work/Ethernet_Interface_MUSER_TOP_LEVEL 1468958860 \
      CP gigabit_ethernet_controller_MUSER_TOP_LEVEL \
      CP DATA_MANAGER_MUSER_TOP_LEVEL CP burst_traffic_controller CP INV
EN work/D2_4E_MXILINX_TOP_LEVEL 1468958862 \
      FL "D:/Projects/Testbeam I/CMS_TB_MASTER_/CMS_TB_MASTER_/GEL_CAPTAN/TOP_LEVEL.vhf" \
      PB ieee/std_logic_1164 1381692176 PB ieee/NUMERIC_STD 1381692181 LB UNISIM \
      PH unisim/VCOMPONENTS 1381692182
AR work/D2_4E_MXILINX_TOP_LEVEL/BEHAVIORAL 1468958863 \
      FL "D:/Projects/Testbeam I/CMS_TB_MASTER_/CMS_TB_MASTER_/GEL_CAPTAN/TOP_LEVEL.vhf" \
      EN work/D2_4E_MXILINX_TOP_LEVEL 1468958862 CP AND3 CP AND3B1 CP AND3B2
EN work/D4_16E_MXILINX_TOP_LEVEL 1468958864 \
      FL "D:/Projects/Testbeam I/CMS_TB_MASTER_/CMS_TB_MASTER_/GEL_CAPTAN/TOP_LEVEL.vhf" \
      PB ieee/std_logic_1164 1381692176 PB ieee/NUMERIC_STD 1381692181 LB UNISIM \
      PH unisim/VCOMPONENTS 1381692182
AR work/D4_16E_MXILINX_TOP_LEVEL/BEHAVIORAL 1468958865 \
      FL "D:/Projects/Testbeam I/CMS_TB_MASTER_/CMS_TB_MASTER_/GEL_CAPTAN/TOP_LEVEL.vhf" \
      EN work/D4_16E_MXILINX_TOP_LEVEL 1468958864 CP AND5B3 CP AND5B2 CP AND5B1 \
      CP AND5 CP AND5B4
EN work/DELAY16_MUSER_TOP_LEVEL 1468958866 \
      FL "D:/Projects/Testbeam I/CMS_TB_MASTER_/CMS_TB_MASTER_/GEL_CAPTAN/TOP_LEVEL.vhf" \
      PB ieee/std_logic_1164 1381692176 PB ieee/NUMERIC_STD 1381692181 LB UNISIM \
      PH unisim/VCOMPONENTS 1381692182
AR work/DELAY16_MUSER_TOP_LEVEL/BEHAVIORAL 1468958867 \
      FL "D:/Projects/Testbeam I/CMS_TB_MASTER_/CMS_TB_MASTER_/GEL_CAPTAN/TOP_LEVEL.vhf" \
      EN work/DELAY16_MUSER_TOP_LEVEL 1468958866 CP FD
EN work/RESET_INIT_MUSER_TOP_LEVEL 1468958868 \
      FL "D:/Projects/Testbeam I/CMS_TB_MASTER_/CMS_TB_MASTER_/GEL_CAPTAN/TOP_LEVEL.vhf" \
      PB ieee/std_logic_1164 1381692176 PB ieee/NUMERIC_STD 1381692181 LB UNISIM \
      PH unisim/VCOMPONENTS 1381692182
AR work/RESET_INIT_MUSER_TOP_LEVEL/BEHAVIORAL 1468958869 \
      FL "D:/Projects/Testbeam I/CMS_TB_MASTER_/CMS_TB_MASTER_/GEL_CAPTAN/TOP_LEVEL.vhf" \
      EN work/RESET_INIT_MUSER_TOP_LEVEL 1468958868 CP FD CP GND
EN work/TOP_LEVEL 1468958870 \
      FL "D:/Projects/Testbeam I/CMS_TB_MASTER_/CMS_TB_MASTER_/GEL_CAPTAN/TOP_LEVEL.vhf" \
      PB ieee/std_logic_1164 1381692176 PB ieee/NUMERIC_STD 1381692181 LB UNISIM \
      PH unisim/VCOMPONENTS 1381692182
AR work/TOP_LEVEL/BEHAVIORAL 1468958871 \
      FL "D:/Projects/Testbeam I/CMS_TB_MASTER_/CMS_TB_MASTER_/GEL_CAPTAN/TOP_LEVEL.vhf" \
      EN work/TOP_LEVEL 1468958870 CP FDE CP External_Trigger_Handler CP IDELAY \
      CP PSI_Dig_Block_MUSER_TOP_LEVEL CP psi_command_sender CP AND2 CP OR2 \
      CP TokenStack CP psi_token_delay_blk CP token_trigger_controller CP DCM_ADV \
      CP BUFG CP INV CP GND CP IDELAYCTRL CP DCM_BASE CP OR3B1 \
      CP D4_16E_MXILINX_TOP_LEVEL CP FDRE CP DELAY16_MUSER_TOP_LEVEL \
      CP RESET_INIT_MUSER_TOP_LEVEL CP IBUFG CP IOBUF CP OBUF CP IBUF CP VERSION_BLK \
      CP IBUFDS CP FD16RE_MXILINX_TOP_LEVEL CP PLAQ_ID_GEN CP AND2B1 \
      CP M2_1_MXILINX_TOP_LEVEL CP OBUFDS CP FTC_MXILINX_TOP_LEVEL CP VCC CP IBUFGDS \
      CP D2_4E_MXILINX_TOP_LEVEL CP First_In_Chain_Gen CP MUX64_8 \
      CP Trigger_Counter_Block CP DCM_PS CP MUX64_2 CP FD8CE_MXILINX_TOP_LEVEL \
      CP BUF CP TriggerBlock CP OR3 CP trigger_fifo_8 \
      CP Ethernet_Interface_MUSER_TOP_LEVEL CP fd_64 CP FD8RE_MXILINX_TOP_LEVEL \
      CP psi_cmd_fifo32_512depth CP M4_1E_MXILINX_TOP_LEVEL \
      CP calibration_controller
FL "D:/Projects/Testbeam I/CMS_TB_MASTER_/CMS_TB_MASTER_/GEL_CAPTAN/TriggerBlock.vhd" 2014/01/10.10:11:43 P.20131013
EN work/TriggerBlock 1468958830 \
      FL "D:/Projects/Testbeam I/CMS_TB_MASTER_/CMS_TB_MASTER_/GEL_CAPTAN/TriggerBlock.vhd" \
      PB ieee/std_logic_1164 1381692176 PB ieee/std_logic_arith 1381692177 \
      PB ieee/STD_LOGIC_UNSIGNED 1381692179
AR work/TriggerBlock/TriggerBlock 1468958831 \
      FL "D:/Projects/Testbeam I/CMS_TB_MASTER_/CMS_TB_MASTER_/GEL_CAPTAN/TriggerBlock.vhd" \
      EN work/TriggerBlock 1468958830
FL "D:/Projects/Testbeam I/CMS_TB_MASTER_/CMS_TB_MASTER_/GEL_CAPTAN/Trigger_Counter.vhd" 2011/09/30.08:37:34 P.20131013
EN work/Trigger_Counter_Block 1468958828 \
      FL "D:/Projects/Testbeam I/CMS_TB_MASTER_/CMS_TB_MASTER_/GEL_CAPTAN/Trigger_Counter.vhd" \
      PB ieee/std_logic_1164 1381692176 PB ieee/std_logic_arith 1381692177 \
      PB ieee/STD_LOGIC_UNSIGNED 1381692179
AR work/Trigger_Counter_Block/Behavioral 1468958829 \
      FL "D:/Projects/Testbeam I/CMS_TB_MASTER_/CMS_TB_MASTER_/GEL_CAPTAN/Trigger_Counter.vhd" \
      EN work/Trigger_Counter_Block 1468958828
FL "D:/Projects/Testbeam I/CMS_TB_MASTER_/CMS_TB_MASTER_/GEL_CAPTAN/trigger_fifo_8.vhd" 2011/09/16.13:55:42 P.20131013
EN work/trigger_fifo_8 1468958832 \
      FL "D:/Projects/Testbeam I/CMS_TB_MASTER_/CMS_TB_MASTER_/GEL_CAPTAN/trigger_fifo_8.vhd" \
      PB ieee/std_logic_1164 1381692176
AR work/trigger_fifo_8/trigger_fifo_8_a 1468958833 \
      FL "D:/Projects/Testbeam I/CMS_TB_MASTER_/CMS_TB_MASTER_/GEL_CAPTAN/trigger_fifo_8.vhd" \
      EN work/trigger_fifo_8 1468958832
FL "D:/Projects/Testbeam I/CMS_TB_MASTER_/CMS_TB_MASTER_/GEL_CAPTAN/udp_data_splicer.vhd" 2009/03/18.14:21:48 P.20131013
EN work/udp_data_splicer 1468958774 \
      FL "D:/Projects/Testbeam I/CMS_TB_MASTER_/CMS_TB_MASTER_/GEL_CAPTAN/udp_data_splicer.vhd" \
      PB ieee/std_logic_1164 1381692176 PB ieee/std_logic_arith 1381692177 \
      PB ieee/STD_LOGIC_UNSIGNED 1381692179
AR work/udp_data_splicer/udp_data_splicer_arch 1468958775 \
      FL "D:/Projects/Testbeam I/CMS_TB_MASTER_/CMS_TB_MASTER_/GEL_CAPTAN/udp_data_splicer.vhd" \
      EN work/udp_data_splicer 1468958774
FL "D:/Projects/Testbeam I/CMS_TB_MASTER_/CMS_TB_MASTER_/GEL_CAPTAN/user_addrs_mux.vhd" 2012/03/02.15:43:16 P.20131013
EN work/user_addrs_mux 1468958776 \
      FL "D:/Projects/Testbeam I/CMS_TB_MASTER_/CMS_TB_MASTER_/GEL_CAPTAN/user_addrs_mux.vhd" \
      PB ieee/std_logic_1164 1381692176 PB ieee/std_logic_arith 1381692177 \
      PB ieee/STD_LOGIC_UNSIGNED 1381692179
AR work/user_addrs_mux/user_addrs_mux_arch 1468958777 \
      FL "D:/Projects/Testbeam I/CMS_TB_MASTER_/CMS_TB_MASTER_/GEL_CAPTAN/user_addrs_mux.vhd" \
      EN work/user_addrs_mux 1468958776
FL "D:/Projects/Testbeam I/CMS_TB_MASTER_/CMS_TB_MASTER_/GEL_CAPTAN/VERSION_BLK.vhd" 2014/01/10.10:11:58 P.20131013
EN work/VERSION_BLK 1468958820 \
      FL "D:/Projects/Testbeam I/CMS_TB_MASTER_/CMS_TB_MASTER_/GEL_CAPTAN/VERSION_BLK.vhd" \
      PB ieee/std_logic_1164 1381692176 PB ieee/std_logic_arith 1381692177 \
      PB ieee/STD_LOGIC_UNSIGNED 1381692179
AR work/VERSION_BLK/Behavioral 1468958821 \
      FL "D:/Projects/Testbeam I/CMS_TB_MASTER_/CMS_TB_MASTER_/GEL_CAPTAN/VERSION_BLK.vhd" \
      EN work/VERSION_BLK 1468958820
