
****** Vivado v2015.2 (64-bit)
  **** SW Build 1266856 on Fri Jun 26 16:35:25 MDT 2015
  **** IP Build 1264090 on Wed Jun 24 14:22:01 MDT 2015
    ** Copyright 1986-2015 Xilinx, Inc. All Rights Reserved.

source get_cs_ip.tcl
# debug::add_scope template.lib 1
# set_param chipscope.flow 0
# set part xc7a200tffg1156-2
# set ip_vlnv xilinx.com:ip:xsdbm:1.1
# set ip_module_name dbg_hub_CV
# set params [list {PARAM_VALUE.C_CLK_INPUT_FREQ_HZ} {300000000} {PARAM_VALUE.C_ENABLE_CLK_DIVIDER} {false} {PARAM_VALUE.C_USER_SCAN_CHAIN} {1} {PARAM_VALUE.C_USE_EXT_BSCAN} {0} {PARAM_VALUE.C_XSDB_NUM_SLAVES} {1}]
# set output_xci {/home/rrivera/ots/srcs/otsdaq-firmware/cactus/projects/nim_plus/top/top.runs/impl_1/.Xil/Vivado-12770-rulinux03.dhcp.fnal.gov/dbg_hub_CV.0/out/result.xci}
# set output_dcp {/home/rrivera/ots/srcs/otsdaq-firmware/cactus/projects/nim_plus/top/top.runs/impl_1/.Xil/Vivado-12770-rulinux03.dhcp.fnal.gov/dbg_hub_CV.0/out/result.dcp}
# set output_dir {/home/rrivera/ots/srcs/otsdaq-firmware/cactus/projects/nim_plus/top/top.runs/impl_1/.Xil/Vivado-12770-rulinux03.dhcp.fnal.gov/dbg_hub_CV.0/out}
# set ip_repo_paths /home/rrivera/ots/srcs/otsdaq-firmware/cactus/projects/nim_plus/top/top.cache/ip
# set ip_output_repo /home/rrivera/ots/srcs/otsdaq-firmware/cactus/projects/nim_plus/top/top.cache/ip
# set ip_cache_permissions {read write}
# set oopbus_ip_repo_paths [get_param chipscope.oopbus_ip_repo_paths]
# source {/opt/local/xilinx/Vivado/2015.2/scripts/ip/ipxchipscope.tcl}
INFO: [IP_Flow 19-234] Refreshing IP repositories
INFO: [IP_Flow 19-1700] Loaded user IP repository '/home/rrivera/ots/srcs/otsdaq-firmware/cactus/projects/nim_plus/top/top.cache/ip'.
INFO: [IP_Flow 19-2313] Loaded Vivado IP repository '/opt/local/xilinx/Vivado/2015.2/data/ip'.
INFO: [IP_Flow 19-1686] Generating 'Instantiation Template' target for IP 'dbg_hub_CV'...
INFO: [IP_Flow 19-1686] Generating 'Synthesis' target for IP 'dbg_hub_CV'...
INFO: [IP_Flow 19-1686] Generating 'Simulation' target for IP 'dbg_hub_CV'...
INFO: [Netlist 29-17] Analyzing 16 Unisim elements for replacement
INFO: [Netlist 29-28] Unisim Transformation completed in 0 CPU seconds
INFO: [Project 1-479] Netlist was created with Vivado 2015.2
INFO: [Device 21-403] Loading part xc7a200tffg1156-2
INFO: [Project 1-570] Preparing netlist for logic optimization
INFO: [Project 1-111] Unisim Transformation Summary:
  A total of 6 instances were transformed.
  RAM32M => RAM32M (RAMD32, RAMD32, RAMD32, RAMD32, RAMD32, RAMD32, RAMS32, RAMS32): 6 instances

INFO: [Project 1-484] Checkpoint was created with build 1266856
INFO: [Coretcl 2-1485] Using cached IP synthesis design for IP /home/rrivera/ots/srcs/otsdaq-firmware/cactus/projects/nim_plus/top/top.runs/impl_1/.Xil/Vivado-12770-rulinux03.dhcp.fnal.gov/dbg_hub_CV.0/run/prj_ip.srcs/sources_1/ip/dbg_hub_CV/dbg_hub_CV.xci : /home/rrivera/ots/srcs/otsdaq-firmware/cactus/projects/nim_plus/top/top.cache/ip/090b4f87311a0380/dbg_hub_CV.dcp
Running: write_checkpoint -force dbg_hub_CV.dcp
INFO: [Timing 38-35] Done setting XDC timing constraints.
write_checkpoint: Time (s): cpu = 00:00:10 ; elapsed = 00:00:10 . Memory (MB): peak = 2039.805 ; gain = 585.688 ; free physical = 3595 ; free virtual = 39506
# set failed [catch {ipx::chipscope::gen_and_synth_ip $part $ip_vlnv $ip_module_name $params $output_xci $output_dcp $output_dir $ip_repo_paths $ip_output_repo $ip_cache_permissions $oopbus_ip_repo_paths} errMessage]
# if { $failed } {
#   puts "Caught exception:"
#   puts "$errMessage"
#   exit 1
# }
INFO: [Common 17-206] Exiting Vivado at Wed May 16 08:52:18 2018...
