#-----------------------------------------------------------
# Vivado v2015.2 (64-bit)
# SW Build 1266856 on Fri Jun 26 16:35:25 MDT 2015
# IP Build 1264090 on Wed Jun 24 14:22:01 MDT 2015
# Start of session at: Mon May 22 09:52:55 2017
# Process ID: 19445
# Log file: /home/elewis/summer2017/otsdaq-firmware/cactus/projects/custom_build/firmware/vivado.log
# Journal file: /home/elewis/summer2017/otsdaq-firmware/cactus/projects/custom_build/firmware/vivado.jou
#-----------------------------------------------------------
start_gui
open_project /home/elewis/_summer2016/vivado_proj/top/top.xpr
INFO: [Project 1-313] Project file moved from 'D:/elewis/vivado_proj/top' since last save.
CRITICAL WARNING: [Project 1-311] Could not find the file '/home/elewis/_summer2016/vivado_proj/top/top.srcs/sources_1/ip/ADDR_FIFO/ADDR_FIFO.xci', nor could it be found using path '/home/elewis/summer2017/otsdaq-firmware/cactus/projects/custom_build/firmware/D:/elewis/vivado_proj/top/top.srcs/sources_1/ip/ADDR_FIFO/ADDR_FIFO.xci'.
CRITICAL WARNING: [Project 1-311] Could not find the file '/home/elewis/_summer2016/vivado_proj/top/top.srcs/sources_1/ip/INFO_FIFO_0/INFO_FIFO_0.xci', nor could it be found using path '/home/elewis/summer2017/otsdaq-firmware/cactus/projects/custom_build/firmware/D:/elewis/vivado_proj/top/top.srcs/sources_1/ip/INFO_FIFO_0/INFO_FIFO_0.xci'.
CRITICAL WARNING: [Project 1-311] Could not find the file '/home/elewis/_summer2016/vivado_proj/top/top.srcs/sources_1/ip/DATA_FIFO_0/DATA_FIFO_0.xci', nor could it be found using path '/home/elewis/summer2017/otsdaq-firmware/cactus/projects/custom_build/firmware/D:/elewis/vivado_proj/top/top.srcs/sources_1/ip/DATA_FIFO_0/DATA_FIFO_0.xci'.
CRITICAL WARNING: [Project 1-311] Could not find the file '/home/elewis/_summer2016/vivado_proj/top/top.srcs/sources_1/ip/ram_write_fifo/ram_write_fifo.xci', nor could it be found using path '/home/elewis/summer2017/otsdaq-firmware/cactus/projects/custom_build/firmware/D:/elewis/vivado_proj/top/top.srcs/sources_1/ip/ram_write_fifo/ram_write_fifo.xci'.
CRITICAL WARNING: [Project 1-311] Could not find the file '/home/elewis/_summer2016/vivado_proj/top/top.srcs/sources_1/ip/ram_read_fifo/ram_read_fifo.xci', nor could it be found using path '/home/elewis/summer2017/otsdaq-firmware/cactus/projects/custom_build/firmware/D:/elewis/vivado_proj/top/top.srcs/sources_1/ip/ram_read_fifo/ram_read_fifo.xci'.
Scanning sources...
Finished scanning sources
ERROR: [IP_Flow 19-993] Could not find IP file for IP 'ADDR_FIFO'.
CRITICAL WARNING: [IP_Flow 19-3933] Unable to construct an IP Instance ADDR_FIFO using VLNV :::.
ERROR: [IP_Flow 19-993] Could not find IP file for IP 'INFO_FIFO_0'.
CRITICAL WARNING: [IP_Flow 19-3933] Unable to construct an IP Instance INFO_FIFO_0 using VLNV :::.
ERROR: [IP_Flow 19-993] Could not find IP file for IP 'DATA_FIFO_0'.
CRITICAL WARNING: [IP_Flow 19-3933] Unable to construct an IP Instance DATA_FIFO_0 using VLNV :::.
ERROR: [IP_Flow 19-993] Could not find IP file for IP 'ram_write_fifo'.
CRITICAL WARNING: [IP_Flow 19-3933] Unable to construct an IP Instance ram_write_fifo using VLNV :::.
ERROR: [IP_Flow 19-993] Could not find IP file for IP 'ram_read_fifo'.
CRITICAL WARNING: [IP_Flow 19-3933] Unable to construct an IP Instance ram_read_fifo using VLNV :::.
INFO: [IP_Flow 19-234] Refreshing IP repositories
INFO: [IP_Flow 19-1704] No user IP repositories specified
INFO: [IP_Flow 19-2313] Loaded Vivado IP repository '/opt/local/xilinx/Vivado/2015.2/data/ip'.
ERROR: [Common 17-39] 'open_project' failed due to earlier errors.
reset_run synth_1
launch_runs impl_1 -to_step write_bitstream -jobs 6
[Mon May 22 11:41:42 2017] Launched ADDR_FIFO_synth_1, INFO_FIFO_0_synth_1, DATA_FIFO_0_synth_1, ram_write_fifo_synth_1, ram_read_fifo_synth_1, synth_1...
Run output will be captured here:
ADDR_FIFO_synth_1: /home/elewis/_summer2016/vivado_proj/top/top.runs/ADDR_FIFO_synth_1/runme.log
INFO_FIFO_0_synth_1: /home/elewis/_summer2016/vivado_proj/top/top.runs/INFO_FIFO_0_synth_1/runme.log
DATA_FIFO_0_synth_1: /home/elewis/_summer2016/vivado_proj/top/top.runs/DATA_FIFO_0_synth_1/runme.log
ram_write_fifo_synth_1: /home/elewis/_summer2016/vivado_proj/top/top.runs/ram_write_fifo_synth_1/runme.log
ram_read_fifo_synth_1: /home/elewis/_summer2016/vivado_proj/top/top.runs/ram_read_fifo_synth_1/runme.log
synth_1: /home/elewis/_summer2016/vivado_proj/top/top.runs/synth_1/runme.log
[Mon May 22 11:41:42 2017] Launched impl_1...
Run output will be captured here: /home/elewis/_summer2016/vivado_proj/top/top.runs/impl_1/runme.log
WARNING: [IP_Flow 19-3899] Cannot get the environment domain name variable for the component vendor name. Setting the vendor name to 'user.org'.
ipx::package_project -root_dir /home/elewis/_summer2016/vivado_proj/top/top.srcs -vendor user.org -library user -taxonomy /UserIP
WARNING: [IP_Flow 19-1834] The constraints file "flash_constraints.xdc" is added to the synthesis file group only, but will be used for both synthesis and implementation in the IP generation.
WARNING: [IP_Flow 19-1834] The constraints file "top.xdc" is added to the synthesis file group only, but will be used for both synthesis and implementation in the IP generation.
INFO: [IP_Flow 19-2228] Inferred bus interface "PHY_RESET" of definition type "xilinx.com:signal:reset:1.0".
INFO: [IP_Flow 19-2228] Inferred bus interface "spi_reset" of definition type "xilinx.com:signal:reset:1.0".
INFO: [IP_Flow 19-2228] Inferred bus interface "FLASH_CLK" of definition type "xilinx.com:signal:clock:1.0".
reset_run synth_1
launch_runs synth_1 -jobs 6
[Mon May 22 11:44:26 2017] Launched synth_1...
Run output will be captured here: /home/elewis/_summer2016/vivado_proj/top/top.runs/synth_1/runme.log
launch_runs impl_1 -jobs 6
[Mon May 22 11:50:39 2017] Launched impl_1...
Run output will be captured here: /home/elewis/_summer2016/vivado_proj/top/top.runs/impl_1/runme.log
exit
INFO: [Common 17-206] Exiting Vivado at Mon May 22 11:52:52 2017...
