AR chip_token_manager chip_token_manager_arch /home/rrivera/ots/srcs/otsdaq-firmware/cactus/projects/ftbf/stib_master_dig/GEL_CAPTAN/chip_token_manager.vhd sub00/vhpl47 1525881353
EN plaq_id_gen NULL /home/rrivera/ots/srcs/otsdaq-firmware/cactus/projects/ftbf/stib_master_dig/GEL_CAPTAN/PLAQ_ID_GEN.vhd sub00/vhpl66 1525881372
EN delay16 NULL /home/rrivera/ots/srcs/otsdaq-firmware/cactus/projects/ftbf/stib_master_dig/GEL_CAPTAN/DELAY16.vhf sub01/vhpl114 1525881420
EN reset_init_muser_top_level NULL /home/rrivera/ots/srcs/otsdaq-firmware/cactus/projects/ftbf/stib_master_dig/GEL_CAPTAN/TOP_LEVEL.vhf sub01/vhpl110 1525881416
EN rx_in_latch NULL /home/rrivera/ots/srcs/otsdaq-firmware/cactus/projects/ftbf/stib_master_dig/GEL_CAPTAN/RX_IN_LATCH.vhd sub00/vhpl26 1525881332
EN psi_dig_decoder NULL /home/rrivera/ots/srcs/otsdaq-firmware/cactus/projects/ftbf/stib_master_dig/GEL_CAPTAN/psi_dig_decoder.vhd sub00/vhpl48 1525881354
AR m2_1_mxilinx_top_level behavioral /home/rrivera/ots/srcs/otsdaq-firmware/cactus/projects/ftbf/stib_master_dig/GEL_CAPTAN/TOP_LEVEL.vhf sub00/vhpl93 1525881399
AR plaq_id_gen behavioral /home/rrivera/ots/srcs/otsdaq-firmware/cactus/projects/ftbf/stib_master_dig/GEL_CAPTAN/PLAQ_ID_GEN.vhd sub00/vhpl67 1525881373
AR delay16 behavioral /home/rrivera/ots/srcs/otsdaq-firmware/cactus/projects/ftbf/stib_master_dig/GEL_CAPTAN/DELAY16.vhf sub01/vhpl115 1525881421
AR m4_1e_mxilinx_top_level behavioral /home/rrivera/ots/srcs/otsdaq-firmware/cactus/projects/ftbf/stib_master_dig/GEL_CAPTAN/TOP_LEVEL.vhf sub00/vhpl89 1525881395
EN filter_data_out NULL /home/rrivera/ots/srcs/otsdaq-firmware/cactus/projects/ftbf/stib_master_dig/GEL_CAPTAN/filter_data_out.vhd sub00/vhpl14 1525881320
AR m2_1_mxilinx_data_manager behavioral /home/rrivera/ots/srcs/otsdaq-firmware/cactus/projects/ftbf/stib_master_dig/GEL_CAPTAN/DATA_MANAGER.vhf sub01/vhpl129 1525881435
PH params_package NULL /home/rrivera/ots/srcs/otsdaq-firmware/cactus/projects/ftbf/stib_master_dig/GEL_CAPTAN/params_package.vhd sub00/vhpl20 1525881326
EN fd_64 NULL /home/rrivera/ots/srcs/otsdaq-firmware/cactus/projects/ftbf/stib_master_dig/GEL_CAPTAN/fd_64.vhd sub00/vhpl78 1525881384
EN fd8ce_mxilinx_top_level NULL /home/rrivera/ots/srcs/otsdaq-firmware/cactus/projects/ftbf/stib_master_dig/GEL_CAPTAN/TOP_LEVEL.vhf sub00/vhpl94 1525881400
AR delay_counter delay_counter /home/rrivera/ots/srcs/otsdaq-firmware/cactus/projects/ftbf/stib_master_dig/GEL_CAPTAN/delay_counter.vhd sub00/vhpl41 1525881347
EN triggerblock NULL /home/rrivera/ots/srcs/otsdaq-firmware/cactus/projects/ftbf/stib_master_dig/GEL_CAPTAN/TriggerBlock.vhd sub00/vhpl74 1525881380
EN gigabit_ethernet_controller_muser_top_level NULL /home/rrivera/ots/srcs/otsdaq-firmware/cactus/projects/ftbf/stib_master_dig/GEL_CAPTAN/TOP_LEVEL.vhf sub01/vhpl100 1525881406
EN reset_init NULL /home/rrivera/ots/srcs/otsdaq-firmware/cactus/projects/ftbf/stib_master_dig/GEL_CAPTAN/RESET_INIT.vhf sub01/vhpl126 1525881432
EN ip_checksum_calc NULL /home/rrivera/ots/srcs/otsdaq-firmware/cactus/projects/ftbf/stib_master_dig/GEL_CAPTAN/ip_checksum_calc.vhd sub00/vhpl04 1525881310
EN data_manager NULL /home/rrivera/ots/srcs/otsdaq-firmware/cactus/projects/ftbf/stib_master_dig/GEL_CAPTAN/DATA_MANAGER.vhf sub01/vhpl130 1525881436
EN fd8re_mxilinx_top_level NULL /home/rrivera/ots/srcs/otsdaq-firmware/cactus/projects/ftbf/stib_master_dig/GEL_CAPTAN/TOP_LEVEL.vhf sub00/vhpl90 1525881396
AR psi_dig_decoder behavioral /home/rrivera/ots/srcs/otsdaq-firmware/cactus/projects/ftbf/stib_master_dig/GEL_CAPTAN/psi_dig_decoder.vhd sub00/vhpl49 1525881355
AR calibration_controller behavioral /home/rrivera/ots/srcs/otsdaq-firmware/cactus/projects/ftbf/stib_master_dig/GEL_CAPTAN/calibration_controller.vhd sub00/vhpl81 1525881387
EN data_manager_muser_ethernet_interface NULL /home/rrivera/ots/srcs/otsdaq-firmware/cactus/projects/ftbf/stib_master_dig/GEL_CAPTAN/Ethernet_Interface.vhf sub01/vhpl120 1525881426
EN gec_rx_ctl_8 NULL /home/rrivera/ots/srcs/otsdaq-firmware/cactus/projects/ftbf/stib_master_dig/GEL_CAPTAN/GEC_RX_CTL_8.vhd sub00/vhpl34 1525881340
AR token_trigger_controller behavioral /home/rrivera/ots/srcs/otsdaq-firmware/cactus/projects/ftbf/stib_master_dig/GEL_CAPTAN/token_trigger_controller.vhd sub00/vhpl63 1525881369
EN gigabit_ethernet_controller NULL /home/rrivera/ots/srcs/otsdaq-firmware/cactus/projects/ftbf/stib_master_dig/GEL_CAPTAN/gigabit_ethernet_controller.vhf sub01/vhpl132 1525881438
EN burst_controller_sm NULL /home/rrivera/ots/srcs/otsdaq-firmware/cactus/projects/ftbf/stib_master_dig/GEL_CAPTAN/burst_controller_sm.vhd sub00/vhpl32 1525881338
AR ram_comm_dec_9 ram_comm_dec_9 /home/rrivera/ots/srcs/otsdaq-firmware/cactus/projects/ftbf/stib_master_dig/GEL_CAPTAN/RAM_COMM_DEC_9.vhd sub00/vhpl37 1525881343
AR psi_command_sender behavioral /home/rrivera/ots/srcs/otsdaq-firmware/cactus/projects/ftbf/stib_master_dig/GEL_CAPTAN/psi_command_sender.vhd sub00/vhpl57 1525881363
AR reset_init_muser_top_level behavioral /home/rrivera/ots/srcs/otsdaq-firmware/cactus/projects/ftbf/stib_master_dig/GEL_CAPTAN/TOP_LEVEL.vhf sub01/vhpl111 1525881417
AR delay16_muser_top_level behavioral /home/rrivera/ots/srcs/otsdaq-firmware/cactus/projects/ftbf/stib_master_dig/GEL_CAPTAN/TOP_LEVEL.vhf sub01/vhpl109 1525881415
AR d2_4e_mxilinx_top_level behavioral /home/rrivera/ots/srcs/otsdaq-firmware/cactus/projects/ftbf/stib_master_dig/GEL_CAPTAN/TOP_LEVEL.vhf sub00/vhpl97 1525881403
EN dataout_mux NULL /home/rrivera/ots/srcs/otsdaq-firmware/cactus/projects/ftbf/stib_master_dig/GEL_CAPTAN/dataout_mux.vhd sub00/vhpl08 1525881314
EN delay_counter NULL /home/rrivera/ots/srcs/otsdaq-firmware/cactus/projects/ftbf/stib_master_dig/GEL_CAPTAN/delay_counter.vhd sub00/vhpl40 1525881346
AR burst_traffic_controller burst_traffic_controller_arch /home/rrivera/ots/srcs/otsdaq-firmware/cactus/projects/ftbf/stib_master_dig/GEL_CAPTAN/burst_traffic_controller.vhd sub00/vhpl51 1525881357
AR version_blk behavioral /home/rrivera/ots/srcs/otsdaq-firmware/cactus/projects/ftbf/stib_master_dig/GEL_CAPTAN/VERSION_BLK.vhd sub00/vhpl65 1525881371
EN data_fifo_0 NULL /home/rrivera/ots/srcs/otsdaq-firmware/cactus/projects/ftbf/stib_master_dig/GEL_CAPTAN/DATA_FIFO_0.vhd sub00/vhpl28 1525881334
AR udp_data_splicer udp_data_splicer_arch /home/rrivera/ots/srcs/otsdaq-firmware/cactus/projects/ftbf/stib_master_dig/GEL_CAPTAN/udp_data_splicer.vhd sub00/vhpl17 1525881323
AR fd_64 behavioral /home/rrivera/ots/srcs/otsdaq-firmware/cactus/projects/ftbf/stib_master_dig/GEL_CAPTAN/fd_64.vhd sub00/vhpl79 1525881385
EN or33 NULL /home/rrivera/ots/srcs/otsdaq-firmware/cactus/projects/ftbf/stib_master_dig/GEL_CAPTAN/or33.vhd sub00/vhpl02 1525881308
AR top_level behavioral /home/rrivera/ots/srcs/otsdaq-firmware/cactus/projects/ftbf/stib_master_dig/GEL_CAPTAN/TOP_LEVEL.vhf sub01/vhpl113 1525881419
AR mux64_8 behavioral /home/rrivera/ots/srcs/otsdaq-firmware/cactus/projects/ftbf/stib_master_dig/GEL_CAPTAN/MUX64_8.vhd sub00/vhpl71 1525881377
AR trigger_counter_block behavioral /home/rrivera/ots/srcs/otsdaq-firmware/cactus/projects/ftbf/stib_master_dig/GEL_CAPTAN/Trigger_Counter.vhd sub00/vhpl73 1525881379
EN d4_16e_mxilinx_top_level NULL /home/rrivera/ots/srcs/otsdaq-firmware/cactus/projects/ftbf/stib_master_dig/GEL_CAPTAN/TOP_LEVEL.vhf sub01/vhpl106 1525881412
EN chip_token_manager NULL /home/rrivera/ots/srcs/otsdaq-firmware/cactus/projects/ftbf/stib_master_dig/GEL_CAPTAN/chip_token_manager.vhd sub00/vhpl46 1525881352
EN psi_cmd_fifo32_512depth NULL /home/rrivera/ots/srcs/otsdaq-firmware/cactus/projects/ftbf/stib_master_dig/GEL_CAPTAN/psi_cmd_fifo32_512depth.vhd sub00/vhpl54 1525881360
EN delay16_muser_top_level NULL /home/rrivera/ots/srcs/otsdaq-firmware/cactus/projects/ftbf/stib_master_dig/GEL_CAPTAN/TOP_LEVEL.vhf sub01/vhpl108 1525881414
AR mux16_2 behavioral /home/rrivera/ots/srcs/otsdaq-firmware/cactus/projects/ftbf/stib_master_dig/GEL_CAPTAN/MUX16_2.vhd sub00/vhpl43 1525881349
AR psi_dig_block_muser_top_level behavioral /home/rrivera/ots/srcs/otsdaq-firmware/cactus/projects/ftbf/stib_master_dig/GEL_CAPTAN/TOP_LEVEL.vhf sub00/vhpl99 1525881405
AR fd16re_mxilinx_top_level behavioral /home/rrivera/ots/srcs/otsdaq-firmware/cactus/projects/ftbf/stib_master_dig/GEL_CAPTAN/TOP_LEVEL.vhf sub00/vhpl83 1525881389
EN gec_tx_seq_ctl_8 NULL /home/rrivera/ots/srcs/otsdaq-firmware/cactus/projects/ftbf/stib_master_dig/GEL_CAPTAN/GEC_TX_SEQ_CTL_8.vhd sub00/vhpl38 1525881344
EN d2_4e_mxilinx_top_level NULL /home/rrivera/ots/srcs/otsdaq-firmware/cactus/projects/ftbf/stib_master_dig/GEL_CAPTAN/TOP_LEVEL.vhf sub00/vhpl96 1525881402
AR ethernet_interface_muser_top_level behavioral /home/rrivera/ots/srcs/otsdaq-firmware/cactus/projects/ftbf/stib_master_dig/GEL_CAPTAN/TOP_LEVEL.vhf sub01/vhpl105 1525881411
AR decipherer decipherer_arch /home/rrivera/ots/srcs/otsdaq-firmware/cactus/projects/ftbf/stib_master_dig/GEL_CAPTAN/decipherer.vhd sub00/vhpl11 1525881317
EN data_manager_muser_top_level NULL /home/rrivera/ots/srcs/otsdaq-firmware/cactus/projects/ftbf/stib_master_dig/GEL_CAPTAN/TOP_LEVEL.vhf sub01/vhpl102 1525881408
AR filter_data_out filter_data_out_arch /home/rrivera/ots/srcs/otsdaq-firmware/cactus/projects/ftbf/stib_master_dig/GEL_CAPTAN/filter_data_out.vhd sub00/vhpl15 1525881321
EN calibration_controller NULL /home/rrivera/ots/srcs/otsdaq-firmware/cactus/projects/ftbf/stib_master_dig/GEL_CAPTAN/calibration_controller.vhd sub00/vhpl80 1525881386
EN ethernet_interface_muser_top_level NULL /home/rrivera/ots/srcs/otsdaq-firmware/cactus/projects/ftbf/stib_master_dig/GEL_CAPTAN/TOP_LEVEL.vhf sub01/vhpl104 1525881410
AR info_fifo_0 info_fifo_0_a /home/rrivera/ots/srcs/otsdaq-firmware/cactus/projects/ftbf/stib_master_dig/GEL_CAPTAN/INFO_FIFO_0.vhd sub00/vhpl31 1525881337
AR m2_1_mxilinx_ethernet_interface behavioral /home/rrivera/ots/srcs/otsdaq-firmware/cactus/projects/ftbf/stib_master_dig/GEL_CAPTAN/Ethernet_Interface.vhf sub01/vhpl119 1525881425
AR reset_init behavioral /home/rrivera/ots/srcs/otsdaq-firmware/cactus/projects/ftbf/stib_master_dig/GEL_CAPTAN/RESET_INIT.vhf sub01/vhpl127 1525881433
EN version_blk NULL /home/rrivera/ots/srcs/otsdaq-firmware/cactus/projects/ftbf/stib_master_dig/GEL_CAPTAN/VERSION_BLK.vhd sub00/vhpl64 1525881370
AR mux64_2 behavioral /home/rrivera/ots/srcs/otsdaq-firmware/cactus/projects/ftbf/stib_master_dig/GEL_CAPTAN/MUX64_2.vhd sub00/vhpl45 1525881351
AR external_trigger_handler behavioral /home/rrivera/ots/srcs/otsdaq-firmware/cactus/projects/ftbf/stib_master_dig/GEL_CAPTAN/External_Trigger_Handler.vhd sub00/vhpl53 1525881359
AR triggerblock triggerblock /home/rrivera/ots/srcs/otsdaq-firmware/cactus/projects/ftbf/stib_master_dig/GEL_CAPTAN/TriggerBlock.vhd sub00/vhpl75 1525881381
AR data_fifo_0 data_fifo_0_a /home/rrivera/ots/srcs/otsdaq-firmware/cactus/projects/ftbf/stib_master_dig/GEL_CAPTAN/DATA_FIFO_0.vhd sub00/vhpl29 1525881335
AR data_manager_muser_ethernet_interface behavioral /home/rrivera/ots/srcs/otsdaq-firmware/cactus/projects/ftbf/stib_master_dig/GEL_CAPTAN/Ethernet_Interface.vhf sub01/vhpl121 1525881427
EN psi_command_sender NULL /home/rrivera/ots/srcs/otsdaq-firmware/cactus/projects/ftbf/stib_master_dig/GEL_CAPTAN/psi_command_sender.vhd sub00/vhpl56 1525881362
AR rx_in_latch behavioral /home/rrivera/ots/srcs/otsdaq-firmware/cactus/projects/ftbf/stib_master_dig/GEL_CAPTAN/RX_IN_LATCH.vhd sub00/vhpl27 1525881333
MO CRC_chk NULL CRC_chk.v vlg69/_c_r_c__chk.bin 1525881307
EN create_packet NULL /home/rrivera/ots/srcs/otsdaq-firmware/cactus/projects/ftbf/stib_master_dig/GEL_CAPTAN/create_packet.vhd sub00/vhpl06 1525881312
AR burst_controller_sm burst_controller_sm_arch /home/rrivera/ots/srcs/otsdaq-firmware/cactus/projects/ftbf/stib_master_dig/GEL_CAPTAN/burst_controller_sm.vhd sub00/vhpl33 1525881339
EN dig_gec NULL /home/rrivera/ots/srcs/otsdaq-firmware/cactus/projects/ftbf/stib_master_dig/GEL_CAPTAN/DIG_GEC.vhd sub00/vhpl24 1525881330
AR dig_gec dig_gec /home/rrivera/ots/srcs/otsdaq-firmware/cactus/projects/ftbf/stib_master_dig/GEL_CAPTAN/DIG_GEC.vhd sub00/vhpl25 1525881331
EN trigger_fifo_8 NULL /home/rrivera/ots/srcs/otsdaq-firmware/cactus/projects/ftbf/stib_master_dig/GEL_CAPTAN/trigger_fifo_8.vhd sub00/vhpl76 1525881382
AR gigabit_ethernet_controller_muser_top_level behavioral /home/rrivera/ots/srcs/otsdaq-firmware/cactus/projects/ftbf/stib_master_dig/GEL_CAPTAN/TOP_LEVEL.vhf sub01/vhpl101 1525881407
AR d4_16e_mxilinx_top_level behavioral /home/rrivera/ots/srcs/otsdaq-firmware/cactus/projects/ftbf/stib_master_dig/GEL_CAPTAN/TOP_LEVEL.vhf sub01/vhpl107 1525881413
AR first_in_chain_gen behavioral /home/rrivera/ots/srcs/otsdaq-firmware/cactus/projects/ftbf/stib_master_dig/GEL_CAPTAN/First_In_Chain_Gen.vhd sub00/vhpl69 1525881375
AR psi_cmd_fifo32_512depth psi_cmd_fifo32_512depth_a /home/rrivera/ots/srcs/otsdaq-firmware/cactus/projects/ftbf/stib_master_dig/GEL_CAPTAN/psi_cmd_fifo32_512depth.vhd sub00/vhpl55 1525881361
AR psi_dig_block behavioral /home/rrivera/ots/srcs/otsdaq-firmware/cactus/projects/ftbf/stib_master_dig/GEL_CAPTAN/PSI_Dig_Block.vhf sub01/vhpl125 1525881431
AR fd8re_mxilinx_top_level behavioral /home/rrivera/ots/srcs/otsdaq-firmware/cactus/projects/ftbf/stib_master_dig/GEL_CAPTAN/TOP_LEVEL.vhf sub00/vhpl91 1525881397
AR psi_token_delay_blk behavioral /home/rrivera/ots/srcs/otsdaq-firmware/cactus/projects/ftbf/stib_master_dig/GEL_CAPTAN/psi_token_delay_blk.vhd sub00/vhpl61 1525881367
AR trigger_fifo_8 trigger_fifo_8_a /home/rrivera/ots/srcs/otsdaq-firmware/cactus/projects/ftbf/stib_master_dig/GEL_CAPTAN/trigger_fifo_8.vhd sub00/vhpl77 1525881383
AR gigabit_ethernet_controller behavioral /home/rrivera/ots/srcs/otsdaq-firmware/cactus/projects/ftbf/stib_master_dig/GEL_CAPTAN/gigabit_ethernet_controller.vhf sub01/vhpl133 1525881439
EN psi_token_delay_blk NULL /home/rrivera/ots/srcs/otsdaq-firmware/cactus/projects/ftbf/stib_master_dig/GEL_CAPTAN/psi_token_delay_blk.vhd sub00/vhpl60 1525881366
EN m4_1e_mxilinx_top_level NULL /home/rrivera/ots/srcs/otsdaq-firmware/cactus/projects/ftbf/stib_master_dig/GEL_CAPTAN/TOP_LEVEL.vhf sub00/vhpl88 1525881394
EN psi_dig_block_muser_top_level NULL /home/rrivera/ots/srcs/otsdaq-firmware/cactus/projects/ftbf/stib_master_dig/GEL_CAPTAN/TOP_LEVEL.vhf sub00/vhpl98 1525881404
AR crc_splice behavioral /home/rrivera/ots/srcs/otsdaq-firmware/cactus/projects/ftbf/stib_master_dig/GEL_CAPTAN/CRC_splice.vhd sub00/vhpl23 1525881329
AR ip_checksum_calc ip_checksum_calc_arch /home/rrivera/ots/srcs/otsdaq-firmware/cactus/projects/ftbf/stib_master_dig/GEL_CAPTAN/ip_checksum_calc.vhd sub00/vhpl05 1525881311
AR m2_1e_mxilinx_top_level behavioral /home/rrivera/ots/srcs/otsdaq-firmware/cactus/projects/ftbf/stib_master_dig/GEL_CAPTAN/TOP_LEVEL.vhf sub00/vhpl87 1525881393
EN psi_dig_block NULL /home/rrivera/ots/srcs/otsdaq-firmware/cactus/projects/ftbf/stib_master_dig/GEL_CAPTAN/PSI_Dig_Block.vhf sub01/vhpl124 1525881430
EN token_trigger_controller NULL /home/rrivera/ots/srcs/otsdaq-firmware/cactus/projects/ftbf/stib_master_dig/GEL_CAPTAN/token_trigger_controller.vhd sub00/vhpl62 1525881368
AR user_addrs_mux user_addrs_mux_arch /home/rrivera/ots/srcs/otsdaq-firmware/cactus/projects/ftbf/stib_master_dig/GEL_CAPTAN/user_addrs_mux.vhd sub00/vhpl19 1525881325
EN external_trigger_handler NULL /home/rrivera/ots/srcs/otsdaq-firmware/cactus/projects/ftbf/stib_master_dig/GEL_CAPTAN/External_Trigger_Handler.vhd sub00/vhpl52 1525881358
AR data_manager_muser_top_level behavioral /home/rrivera/ots/srcs/otsdaq-firmware/cactus/projects/ftbf/stib_master_dig/GEL_CAPTAN/TOP_LEVEL.vhf sub01/vhpl103 1525881409
EN m2_1_mxilinx_top_level NULL /home/rrivera/ots/srcs/otsdaq-firmware/cactus/projects/ftbf/stib_master_dig/GEL_CAPTAN/TOP_LEVEL.vhf sub00/vhpl92 1525881398
EN m2_1_mxilinx_data_manager NULL /home/rrivera/ots/srcs/otsdaq-firmware/cactus/projects/ftbf/stib_master_dig/GEL_CAPTAN/DATA_MANAGER.vhf sub01/vhpl128 1525881434
EN gigabit_ethernet_controller_muser_ethernet_interface NULL /home/rrivera/ots/srcs/otsdaq-firmware/cactus/projects/ftbf/stib_master_dig/GEL_CAPTAN/Ethernet_Interface.vhf sub01/vhpl116 1525881422
AR dest_info_container dest_info_container_arch /home/rrivera/ots/srcs/otsdaq-firmware/cactus/projects/ftbf/stib_master_dig/GEL_CAPTAN/dest_info_container.vhd sub00/vhpl13 1525881319
AR create_packet create_packet_arch /home/rrivera/ots/srcs/otsdaq-firmware/cactus/projects/ftbf/stib_master_dig/GEL_CAPTAN/create_packet.vhd sub00/vhpl07 1525881313
EN burst_traffic_controller NULL /home/rrivera/ots/srcs/otsdaq-firmware/cactus/projects/ftbf/stib_master_dig/GEL_CAPTAN/burst_traffic_controller.vhd sub00/vhpl50 1525881356
AR gec_rx_ctl_8 gec_rx_ctl_8 /home/rrivera/ots/srcs/otsdaq-firmware/cactus/projects/ftbf/stib_master_dig/GEL_CAPTAN/GEC_RX_CTL_8.vhd sub00/vhpl35 1525881341
AR or33 or33_arch /home/rrivera/ots/srcs/otsdaq-firmware/cactus/projects/ftbf/stib_master_dig/GEL_CAPTAN/or33.vhd sub00/vhpl03 1525881309
EN trigger_counter_block NULL /home/rrivera/ots/srcs/otsdaq-firmware/cactus/projects/ftbf/stib_master_dig/GEL_CAPTAN/Trigger_Counter.vhd sub00/vhpl72 1525881378
AR arp_reply arp_reply_arch /home/rrivera/ots/srcs/otsdaq-firmware/cactus/projects/ftbf/stib_master_dig/GEL_CAPTAN/arp_reply.vhd sub00/vhpl01 1525881307
AR gigabit_ethernet_controller_muser_ethernet_interface behavioral /home/rrivera/ots/srcs/otsdaq-firmware/cactus/projects/ftbf/stib_master_dig/GEL_CAPTAN/Ethernet_Interface.vhf sub01/vhpl117 1525881423
EN user_addrs_mux NULL /home/rrivera/ots/srcs/otsdaq-firmware/cactus/projects/ftbf/stib_master_dig/GEL_CAPTAN/user_addrs_mux.vhd sub00/vhpl18 1525881324
AR fd8ce_mxilinx_top_level behavioral /home/rrivera/ots/srcs/otsdaq-firmware/cactus/projects/ftbf/stib_master_dig/GEL_CAPTAN/TOP_LEVEL.vhf sub00/vhpl95 1525881401
EN ram_comm_dec_9 NULL /home/rrivera/ots/srcs/otsdaq-firmware/cactus/projects/ftbf/stib_master_dig/GEL_CAPTAN/RAM_COMM_DEC_9.vhd sub00/vhpl36 1525881342
EN crc_splice NULL /home/rrivera/ots/srcs/otsdaq-firmware/cactus/projects/ftbf/stib_master_dig/GEL_CAPTAN/CRC_splice.vhd sub00/vhpl22 1525881328
AR tokenstack tokenstack /home/rrivera/ots/srcs/otsdaq-firmware/cactus/projects/ftbf/stib_master_dig/GEL_CAPTAN/TokenStack.vhd sub00/vhpl59 1525881365
EN m2_1e_mxilinx_top_level NULL /home/rrivera/ots/srcs/otsdaq-firmware/cactus/projects/ftbf/stib_master_dig/GEL_CAPTAN/TOP_LEVEL.vhf sub00/vhpl86 1525881392
AR ethernet_interface behavioral /home/rrivera/ots/srcs/otsdaq-firmware/cactus/projects/ftbf/stib_master_dig/GEL_CAPTAN/Ethernet_Interface.vhf sub01/vhpl123 1525881429
EN m2_1_mxilinx_ethernet_interface NULL /home/rrivera/ots/srcs/otsdaq-firmware/cactus/projects/ftbf/stib_master_dig/GEL_CAPTAN/Ethernet_Interface.vhf sub01/vhpl118 1525881424
EN ethernet_interface NULL /home/rrivera/ots/srcs/otsdaq-firmware/cactus/projects/ftbf/stib_master_dig/GEL_CAPTAN/Ethernet_Interface.vhf sub01/vhpl122 1525881428
EN fd16re_mxilinx_top_level NULL /home/rrivera/ots/srcs/otsdaq-firmware/cactus/projects/ftbf/stib_master_dig/GEL_CAPTAN/TOP_LEVEL.vhf sub00/vhpl82 1525881388
EN udp_data_splicer NULL /home/rrivera/ots/srcs/otsdaq-firmware/cactus/projects/ftbf/stib_master_dig/GEL_CAPTAN/udp_data_splicer.vhd sub00/vhpl16 1525881322
EN tokenstack NULL /home/rrivera/ots/srcs/otsdaq-firmware/cactus/projects/ftbf/stib_master_dig/GEL_CAPTAN/TokenStack.vhd sub00/vhpl58 1525881364
EN ftc_mxilinx_top_level NULL /home/rrivera/ots/srcs/otsdaq-firmware/cactus/projects/ftbf/stib_master_dig/GEL_CAPTAN/TOP_LEVEL.vhf sub00/vhpl84 1525881390
AR dataout_mux dataout_mux_arch /home/rrivera/ots/srcs/otsdaq-firmware/cactus/projects/ftbf/stib_master_dig/GEL_CAPTAN/dataout_mux.vhd sub00/vhpl09 1525881315
AR data_manager behavioral /home/rrivera/ots/srcs/otsdaq-firmware/cactus/projects/ftbf/stib_master_dig/GEL_CAPTAN/DATA_MANAGER.vhf sub01/vhpl131 1525881437
EN dest_info_container NULL /home/rrivera/ots/srcs/otsdaq-firmware/cactus/projects/ftbf/stib_master_dig/GEL_CAPTAN/dest_info_container.vhd sub00/vhpl12 1525881318
EN info_fifo_0 NULL /home/rrivera/ots/srcs/otsdaq-firmware/cactus/projects/ftbf/stib_master_dig/GEL_CAPTAN/INFO_FIFO_0.vhd sub00/vhpl30 1525881336
EN arp_reply NULL /home/rrivera/ots/srcs/otsdaq-firmware/cactus/projects/ftbf/stib_master_dig/GEL_CAPTAN/arp_reply.vhd sub00/vhpl00 1525881306
EN mux64_2 NULL /home/rrivera/ots/srcs/otsdaq-firmware/cactus/projects/ftbf/stib_master_dig/GEL_CAPTAN/MUX64_2.vhd sub00/vhpl44 1525881350
AR gec_tx_seq_ctl_8 gec_tx_seq_ctl_8 /home/rrivera/ots/srcs/otsdaq-firmware/cactus/projects/ftbf/stib_master_dig/GEL_CAPTAN/GEC_TX_SEQ_CTL_8.vhd sub00/vhpl39 1525881345
EN mux16_2 NULL /home/rrivera/ots/srcs/otsdaq-firmware/cactus/projects/ftbf/stib_master_dig/GEL_CAPTAN/MUX16_2.vhd sub00/vhpl42 1525881348
EN first_in_chain_gen NULL /home/rrivera/ots/srcs/otsdaq-firmware/cactus/projects/ftbf/stib_master_dig/GEL_CAPTAN/First_In_Chain_Gen.vhd sub00/vhpl68 1525881374
PB params_package params_package /home/rrivera/ots/srcs/otsdaq-firmware/cactus/projects/ftbf/stib_master_dig/GEL_CAPTAN/params_package.vhd sub00/vhpl21 1525881327
MO CRC_gen NULL CRC_gen.v vlg41/_c_r_c__gen.bin 1525881307
AR ftc_mxilinx_top_level behavioral /home/rrivera/ots/srcs/otsdaq-firmware/cactus/projects/ftbf/stib_master_dig/GEL_CAPTAN/TOP_LEVEL.vhf sub00/vhpl85 1525881391
EN mux64_8 NULL /home/rrivera/ots/srcs/otsdaq-firmware/cactus/projects/ftbf/stib_master_dig/GEL_CAPTAN/MUX64_8.vhd sub00/vhpl70 1525881376
EN top_level NULL /home/rrivera/ots/srcs/otsdaq-firmware/cactus/projects/ftbf/stib_master_dig/GEL_CAPTAN/TOP_LEVEL.vhf sub01/vhpl112 1525881418
EN decipherer NULL /home/rrivera/ots/srcs/otsdaq-firmware/cactus/projects/ftbf/stib_master_dig/GEL_CAPTAN/decipherer.vhd sub00/vhpl10 1525881316
