#:C69    
#Xilinx FPGA Editor Command Log File
#Editor Version:
#:V   NT M2.1 K.34
#Current Working Directory:
#:D   C:\Documents and Settings\rrivera\Desktop\CAPTAN FIRMWARE\dig-mac_GEL_V02\GEL_CAPTAN
#Date/Time:
#:T   Tue Aug 12 10:15:13 2008
#------------------------------
	#Reading top_level.ncd...
	#Loading device for application Rf_Device from file '4vlx25.nph' in environment C:\Xilinx_10_1\10.1\ISE.
	#   "TOP_LEVEL" is an NCD, version 3.2, device xc4vlx25, package ff668, speed -10
	#This design is using the default stepping level (major silicon revision) for this device (1). Unless your design is targeted at devices of this stepping level, it is recommended that you explicitly specify the stepping level of the parts you will be using. This will allow the tools to take advantage of any available performance and functional enhancements for this device. The latest stepping level for this device is '2'. Additional information on "stepping level" is available at support.xilinx.com.
	#Building chip graphics...
	#Loading speed info...
	#1
setattr main edit-mode no-logic-changes
	#2
select -k comp 'XLXI_3254'
	#3
unselect -all
	#4
select comp 'XLXI_3254'
	#comp "XLXI_3254",  site "DCM_ADV_X0Y2",  type = DCM_ADV  (RPM grid X69Y32)
	#5
unselect -all
	#6
select comp 'XLXI_3254'
	#comp "XLXI_3254",  site "DCM_ADV_X0Y2",  type = DCM_ADV  (RPM grid X69Y32)
	#7
post block
	#WARNING:FPGAEditor:3 - You cannot make logic changes in the current edit mode.
	#8
editblock
	#WARNING:FPGAEditor:3 - You cannot make logic changes in the current edit mode.
	#9
editblock
	#WARNING:FPGAEditor:3 - You cannot make logic changes in the current edit mode.
	#10
editblock
	#WARNING:FPGAEditor:3 - You cannot make logic changes in the current edit mode.
	#11
setattr main edit-mode toggle
	#12
unselect -all
	#13
select comp 'XLXI_3254'
	#comp "XLXI_3254",  site "DCM_ADV_X0Y2",  type = DCM_ADV  (RPM grid X69Y32)
	#14
post block
	#15
post attr
	#16
unpost comp "XLXI_3254"
	#17
unselect comp 'XLXI_3254'
	#18
select -k comp 'XLXI_3316/Mmux_sig_out_15_f55'
	#19
unselect comp 'XLXI_3316/Mmux_sig_out_15_f55'
	#20
select -k comp 'XLXI_3316/Mmux_sig_out_16_f5'
	#21
unselect comp 'XLXI_3316/Mmux_sig_out_16_f5'
	#22
select -k comp 'XLXI_3316/Mmux_sig_out_3_f5'
	#23
end block
	#24
unselect comp 'XLXI_3316/Mmux_sig_out_3_f5'
	#25
select -k comp 'XLXI_3316/Mmux_sig_out_4_f5'
	#26
unselect comp 'XLXI_3316/Mmux_sig_out_4_f5'
	#27
select -k comp 'XLXI_3316/Mmux_sig_out_3_f5'
	#28
unselect comp 'XLXI_3316/Mmux_sig_out_3_f5'
	#29
select -k comp 'XLXI_3316/Mmux_sig_out_4_f5'
	#30
unselect -all
	#31
select rpm 'Shape_64'
	#RPM Shape_64, type WIDEFUNC
	#32
unselect -all
	#33
select rpm 'Shape_64'
	#RPM Shape_64, type WIDEFUNC
	#34
unselect -all
	#35
select rpm 'Shape_64'
	#RPM Shape_64, type WIDEFUNC
	#36
unselect -all
	#37
select rpm 'Shape_64'
	#RPM Shape_64, type WIDEFUNC
	#38
unselect -all
	#39
unselect -all
	#40
select rpm 'Shape_64'
	#RPM Shape_64, type WIDEFUNC
	#41
unselect rpm 'Shape_64'
	#42
select -k net 'XLXI_3317/Mmux_sig_out_14_f513'
	#43
unselect net 'XLXI_3317/Mmux_sig_out_14_f513'
	#44
select -k net 'XLXI_3317/Mmux_sig_out_14_f511'
	#45
unselect net 'XLXI_3317/Mmux_sig_out_14_f511'
	#46
select -k net 'XLXI_3317/Mmux_sig_out_14_f510'
	#47
unselect net 'XLXI_3317/Mmux_sig_out_14_f510'
	#48
select -k net 'XLXI_3317/Mmux_sig_out_14_f54'
	#49
unselect net 'XLXI_3317/Mmux_sig_out_14_f54'
	#50
select -k net 'XLXI_3316/Mmux_sig_out_3_f5'
	#51
unselect net 'XLXI_3316/Mmux_sig_out_3_f5'
	#52
select -k net 'XLXI_3316/sig_arr<249>'
	#53
unselect -all
	#54
select rpm 'Shape_61'
	#RPM Shape_61, type WIDEFUNC
	#55
unselect -all
	#56
select rpm 'Shape_61'
	#RPM Shape_61, type WIDEFUNC
	#57
unselect -all
	#58
select comp 'XLXI_3316/Mmux_sig_out_12_f53'
	#comp "XLXI_3316/Mmux_sig_out_12_f53",  site "SLICE_X44Y19",  type = SLICEM  (RPM grid X109Y19)
	#59
post block
	#60
unselect comp 'XLXI_3316/Mmux_sig_out_12_f53'
	#61
select -k net 'XLXI_3316/sig_arr<223>'
	#62
post attr
	#Building the delay mediator...
	#63
unselect net 'XLXI_3316/sig_arr<223>'
	#64
select -k net 'XLXI_3316/sig_arr<225>'
	#65
post attr
	#66
unselect net 'XLXI_3316/sig_arr<225>'
	#67
select -k net 'XLXI_3316/sig_arr<2>'
	#68
post attr
	#69
unselect net 'XLXI_3316/sig_arr<2>'
	#70
select -k net 'XLXI_3316/sig_arr<253>'
	#71
post attr
	#72
unpost net "XLXI_3316/sig_arr<253>"
	#73
unpost net "XLXI_3316/sig_arr<2>"
	#74
unpost net "XLXI_3316/sig_arr<223>"
	#75
unpost net "XLXI_3316/sig_arr<225>"
	#76
end block
