#
# A fatal error has been detected by the Java Runtime Environment:
#
#  EXCEPTION_ACCESS_VIOLATION (0xc0000005) at pc=0x000000002df86b88, pid=5588, tid=236
#
# JRE version: Java(TM) SE Runtime Environment (8.0_25-b18) (build 1.8.0_25-b18)
# Java VM: Java HotSpot(TM) 64-Bit Server VM (25.25-b02 mixed mode windows-amd64 compressed oops)
# Problematic frame:
# C  0x000000002df86b88
#
# Failed to write core dump. Minidumps are not enabled by default on client versions of Windows
#
# If you would like to submit a bug report, please visit:
#   http://bugreport.sun.com/bugreport/crash.jsp
# The crash happened outside the Java Virtual Machine in native code.
# See problematic frame for where to report the bug.
#

---------------  T H R E A D  ---------------

Current thread (0x0000000004e1e000):  JavaThread "AWT-EventQueue-1" [_thread_in_native, id=236, stack(0x0000000025590000,0x0000000025a90000)]

siginfo: ExceptionCode=0xc0000005, ExceptionInformation=0x0000000000000008 0x000000002df86b88

Registers:
RAX=0x000000002df8c5b8, RBX=0x0000000004e1e1e8, RCX=0x000000002df87cc0, RDX=0x0000000025a8bfe0
RSP=0x0000000025a8bea8, RBP=0x0000000025a8bff0, RSI=0x0000000027e330e0, RDI=0x000000000380411c
R8 =0x000000002df87cc0, R9 =0x00000007c013ebb8, R10=0x000007fed7c4fb70, R11=0x0000000012984140
R12=0x0000000000000000, R13=0x0000000025a8c030, R14=0x0000000025a8bfe0, R15=0x0000000004e1e000
RIP=0x000000002df86b88, EFLAGS=0x0000000000010206

Top of Stack: (sp=0x0000000025a8bea8)
0x0000000025a8bea8:   000007fed7c4fbaf 00000007003a8f48
0x0000000025a8beb8:   00000000134ad9a0 00000007003df248
0x0000000025a8bec8:   0000000701b16028 0000000004e1e1e8
0x0000000025a8bed8:   0000000000000000 fffffffffffffffe
0x0000000025a8bee8:   0000000000000007 00000007003a8f48
0x0000000025a8bef8:   00000007e007515a 00000007003a8a98
0x0000000025a8bf08:   000000001463faac 0000000000000011
0x0000000025a8bf18:   00000007056c22e8 00000000e0075153
0x0000000025a8bf28:   0000000013898fdc 00000007bde18e68
0x0000000025a8bf38:   0000000000000007 0000006800000000
0x0000000025a8bf48:   00000007bde18e68 0000000701b16e80
0x0000000025a8bf58:   00000007003a8f48 00000007003a8f48
0x0000000025a8bf68:   0000000027f97971 0000000701b16e80
0x0000000025a8bf78:   00000d7aacb3e9fc 000000000380411c
0x0000000025a8bf88:   0000000014aba803 0000000000000000
0x0000000025a8bf98:   000000002f102cc8 0000000025a8c020 

Instructions: (pc=0x000000002df86b88)
0x000000002df86b68:   60 d9 46 48 00 00 00 00 00 00 00 00 00 00 00 00
0x000000002df86b78:   0f 00 00 00 00 00 00 00 ff 1f 00 00 00 1c 80 00
0x000000002df86b88:   12 04 00 00 00 00 00 00 18 b3 f8 2d 00 00 00 00
0x000000002df86b98:   b8 c5 f8 2d 00 00 00 00 00 d4 9b 05 00 00 00 00 


Register to memory mapping:

RAX=0x000000002df8c5b8 is an unknown value
RBX=0x0000000004e1e1e8 is an unknown value
RCX=0x000000002df87cc0 is an unknown value
RDX=0x0000000025a8bfe0 is pointing into the stack for thread: 0x0000000004e1e000
RSP=0x0000000025a8bea8 is pointing into the stack for thread: 0x0000000004e1e000
RBP=0x0000000025a8bff0 is pointing into the stack for thread: 0x0000000004e1e000
RSI=0x0000000027e330e0 is pointing into metadata
RDI=0x000000000380411c is pointing into the stack for thread: 0x0000000007813800
R8 =0x000000002df87cc0 is an unknown value
R9 =0x00000007c013ebb8 is pointing into metadata
R10=0x000007fed7c4fb70 is an unknown value
R11=0x0000000012984140 is at entry_point+32 in (nmethod*)0x0000000012983fd0
R12=0x0000000000000000 is an unknown value
R13=0x0000000025a8c030 is pointing into the stack for thread: 0x0000000004e1e000
R14=0x0000000025a8bfe0 is pointing into the stack for thread: 0x0000000004e1e000
R15=0x0000000004e1e000 is a thread


Stack: [0x0000000025590000,0x0000000025a90000],  sp=0x0000000025a8bea8,  free space=5103k
Native frames: (J=compiled Java code, j=interpreted, Vv=VM code, C=native code)
C  0x000000002df86b88

Java frames: (J=compiled Java code, j=interpreted, Vv=VM code)
J 14347  ui.data.labtools.lthwdatai.HWIla_getName(J)Ljava/lang/String; (0 bytes) @ 0x0000000014aba781 [0x0000000014aba740+0x41]
J 22627 C2 ui.data.labtools.d.getName()Ljava/lang/String; (5 bytes) @ 0x0000000012984158 [0x0000000012984120+0x38]
j  ui.views.db.bk(Lui/data/ar;)V+39
j  ui.views.db.ecR()V+41
j  ui.views.db.cs(Ljava/util/Collection;)V+278
J 20307 C1 ui.views.bG.a(Lui/frmwork/a/g;)V (3853 bytes) @ 0x0000000015aef6c4 [0x0000000015ae6b80+0x8b44]
J 21994 C2 ui.frmwork.HTclEventBroker.i(JZ)V (436 bytes) @ 0x0000000015e21b7c [0x0000000015e21500+0x67c]
J 14183 C1 ui.frmwork.x.run()V (21 bytes) @ 0x000000001376deec [0x000000001376de40+0xac]
J 8991 C2 java.awt.EventQueue$3.run()Ljava/lang/Object; (5 bytes) @ 0x0000000013f93da8 [0x0000000013f936c0+0x6e8]
v  ~StubRoutines::call_stub
J 1415  java.security.AccessController.doPrivileged(Ljava/security/PrivilegedAction;Ljava/security/AccessControlContext;)Ljava/lang/Object; (0 bytes) @ 0x0000000012459526 [0x00000000124594c0+0x66]
J 8994 C2 ui.frmwork.a.e.dispatchEvent(Ljava/awt/AWTEvent;)V (30 bytes) @ 0x0000000013f9936c [0x0000000013f99080+0x2ec]
J 11655 C2 java.awt.EventDispatchThread.pumpOneEventForFilters(I)V (295 bytes) @ 0x0000000012d2cf48 [0x0000000012d2caa0+0x4a8]
J 14131 C2 java.awt.EventDispatchThread.pumpEventsForFilter(ILjava/awt/Conditional;Ljava/awt/EventFilter;)V (47 bytes) @ 0x000000001481dc88 [0x000000001481da80+0x208]
j  java.awt.EventDispatchThread.pumpEventsForFilter(Ljava/awt/Conditional;Ljava/awt/EventFilter;)V+4
j  java.awt.WaitDispatchSupport$2.run()V+59
j  java.awt.WaitDispatchSupport$4.run()Ljava/lang/Void;+4
j  java.awt.WaitDispatchSupport$4.run()Ljava/lang/Object;+1
v  ~StubRoutines::call_stub
J 205  java.security.AccessController.doPrivileged(Ljava/security/PrivilegedAction;)Ljava/lang/Object; (0 bytes) @ 0x00000000123ef2d2 [0x00000000123ef280+0x52]
j  java.awt.WaitDispatchSupport.enter()Z+279
j  java.awt.Dialog.show()V+233
j  ui.g.i.L.a(Ljava/awt/Component;Ljava/lang/Object;Lui/frmwork/e/a;Ljava/lang/String;IILjavax/swing/Icon;[Ljava/lang/Object;Ljava/lang/Object;)I+435
j  ui.g.i.L.a(Ljava/awt/Component;Ljava/lang/Exception;Ljava/lang/String;I)V+104
j  ui.cv.a(Ljava/lang/Exception;)V+55
j  ui.cv.b(Ljava/lang/Exception;)V+1
j  ui.cz.run()V+4
J 8991 C2 java.awt.EventQueue$3.run()Ljava/lang/Object; (5 bytes) @ 0x0000000013f939ec [0x0000000013f936c0+0x32c]
v  ~StubRoutines::call_stub
J 1415  java.security.AccessController.doPrivileged(Ljava/security/PrivilegedAction;Ljava/security/AccessControlContext;)Ljava/lang/Object; (0 bytes) @ 0x0000000012459526 [0x00000000124594c0+0x66]
J 8994 C2 ui.frmwork.a.e.dispatchEvent(Ljava/awt/AWTEvent;)V (30 bytes) @ 0x0000000013f9936c [0x0000000013f99080+0x2ec]
J 11655 C2 java.awt.EventDispatchThread.pumpOneEventForFilters(I)V (295 bytes) @ 0x0000000012d2cf48 [0x0000000012d2caa0+0x4a8]
J 12508% C2 java.awt.EventDispatchThread.pumpEventsForFilter(ILjava/awt/Conditional;Ljava/awt/EventFilter;)V (47 bytes) @ 0x0000000014827fcc [0x0000000014827e80+0x14c]
j  java.awt.EventDispatchThread.pumpEventsForHierarchy(ILjava/awt/Conditional;Ljava/awt/Component;)V+11
j  java.awt.EventDispatchThread.pumpEvents(ILjava/awt/Conditional;)V+4
j  java.awt.EventDispatchThread.pumpEvents(Ljava/awt/Conditional;)V+3
j  java.awt.EventDispatchThread.run()V+9
v  ~StubRoutines::call_stub

---------------  P R O C E S S  ---------------

Java Threads: ( => current thread )
  0x0000000063a88000 JavaThread "Thread-2179" [_thread_in_native, id=4056, stack(0x0000000005c10000,0x0000000005d10000)]
  0x0000000038662800 JavaThread "Image Fetcher 0" daemon [_thread_blocked, id=7980, stack(0x000000006c3d0000,0x000000006c8d0000)]
  0x0000000036f82000 JavaThread "Thread-125" [_thread_in_native, id=2076, stack(0x00000000379f0000,0x0000000037af0000)]
  0x0000000031bd7800 JavaThread "Refresh links" [_thread_blocked, id=6712, stack(0x0000000036960000,0x0000000036e60000)]
  0x0000000031ff2000 JavaThread "Refresh GTs" [_thread_blocked, id=7108, stack(0x0000000036270000,0x0000000036770000)]
  0x000000002d5ed800 JavaThread "Monitor File Timestamp" [_thread_blocked, id=2788, stack(0x00000000343f0000,0x00000000348f0000)]
  0x000000002cbdf800 JavaThread "Monitor File Timestamp" [_thread_blocked, id=1756, stack(0x0000000033c20000,0x0000000034120000)]
  0x000000002a79a800 JavaThread "hw_ila_monitor" [_thread_blocked, id=7236, stack(0x000000002f9d0000,0x000000002fed0000)]
  0x0000000021837800 JavaThread "Update Runs" [_thread_blocked, id=7208, stack(0x000000002f3f0000,0x000000002f8f0000)]
  0x00000000226e2000 JavaThread "Refresh Filesets" [_thread_blocked, id=5564, stack(0x000000002ea60000,0x000000002ef60000)]
  0x0000000021887000 JavaThread "Swing-Shell" daemon [_thread_blocked, id=4284, stack(0x0000000029630000,0x0000000029b30000)]
  0x00000000228cf800 JavaThread "Monitor File Timestamp" [_thread_blocked, id=5496, stack(0x00000000286a0000,0x0000000028ba0000)]
  0x000000002359f800 JavaThread "Process Messages" [_thread_blocked, id=4048, stack(0x0000000025ba0000,0x00000000260a0000)]
  0x0000000007813800 JavaThread "Thread-3" [_thread_blocked, id=5436, stack(0x0000000002890000,0x0000000003c90000)]
=>0x0000000004e1e000 JavaThread "AWT-EventQueue-1" [_thread_in_native, id=236, stack(0x0000000025590000,0x0000000025a90000)]
  0x0000000022517800 JavaThread "AWT-EventQueue-0" [_thread_blocked, id=4968, stack(0x0000000025080000,0x0000000025580000)]
  0x0000000022501000 JavaThread "AWT-Windows" daemon [_thread_in_native, id=6388, stack(0x0000000024a20000,0x0000000024f20000)]
  0x0000000022502800 JavaThread "AWT-Shutdown" [_thread_blocked, id=4360, stack(0x00000000244f0000,0x00000000249f0000)]
  0x00000000224f0800 JavaThread "Java2D Disposer" daemon [_thread_blocked, id=2000, stack(0x0000000023e60000,0x0000000024360000)]
  0x00000000227ff800 JavaThread "TimerQueue" daemon [_thread_blocked, id=1364, stack(0x0000000022900000,0x0000000022e00000)]
  0x000000000a487800 JavaThread "Service Thread" daemon [_thread_blocked, id=6452, stack(0x0000000021f30000,0x0000000022430000)]
  0x000000000a3d6800 JavaThread "C1 CompilerThread2" daemon [_thread_blocked, id=716, stack(0x000000000a4f0000,0x000000000a5f0000)]
  0x000000000a3d8000 JavaThread "C2 CompilerThread1" daemon [_thread_blocked, id=6176, stack(0x0000000011d50000,0x0000000011e50000)]
  0x000000000a3d9800 JavaThread "C2 CompilerThread0" daemon [_thread_blocked, id=6760, stack(0x000000000a630000,0x000000000a730000)]
  0x000000000a3d0800 JavaThread "Attach Listener" daemon [_thread_blocked, id=5616, stack(0x0000000021900000,0x0000000021e00000)]
  0x000000000a3db800 JavaThread "Signal Dispatcher" daemon [_thread_blocked, id=6888, stack(0x00000000212f0000,0x00000000217f0000)]
  0x0000000009671000 JavaThread "Finalizer" daemon [_thread_blocked, id=3316, stack(0x0000000011830000,0x0000000011d30000)]
  0x0000000009672800 JavaThread "Reference Handler" daemon [_thread_blocked, id=7116, stack(0x0000000011200000,0x0000000011700000)]
  0x000000000830c800 JavaThread "main" [_thread_blocked, id=276, stack(0x0000000008380000,0x0000000008480000)]

Other Threads:
  0x0000000009676000 VMThread [stack: 0x000000000a2b0000,0x000000000a3b0000] [id=5184]
  0x000000000a485800 WatcherThread [stack: 0x000000000a7a0000,0x000000000a8a0000] [id=3796]

VM state:not at safepoint (normal execution)

VM Mutex/Monitor currently owned by a thread: None

Heap:
 PSYoungGen      total 51200K, used 34564K [0x00000007bc400000, 0x00000007c0000000, 0x00000007c0000000)
  eden space 41472K, 66% used [0x00000007bc400000,0x00000007bdec5a40,0x00000007bec80000)
  from space 9728K, 73% used [0x00000007bec80000,0x00000007bf37b6d8,0x00000007bf600000)
  to   space 10240K, 0% used [0x00000007bf600000,0x00000007bf600000,0x00000007c0000000)
 ParOldGen       total 194048K, used 110658K [0x0000000700000000, 0x000000070bd80000, 0x00000007bc400000)
  object space 194048K, 57% used [0x0000000700000000,0x0000000706c10910,0x000000070bd80000)
 Metaspace       used 75194K, capacity 75511K, committed 76288K, reserved 1114112K
  class space    used 10795K, capacity 10886K, committed 11008K, reserved 1048576K

Card table byte_map: [0x0000000008840000,0x0000000008e50000] byte_map_base: 0x0000000005040000

Marking Bits: (ParMarkBitMap*) 0x000000005b35d490
 Begin Bits: [0x000000000a990000, 0x000000000d990000)
 End Bits:   [0x000000000d990000, 0x0000000010990000)

Polling page: 0x0000000001d40000

CodeCache: size=245760Kb used=66346Kb max_used=66348Kb free=179413Kb
 bounds [0x0000000012270000, 0x00000000163c0000, 0x0000000021270000]
 total_blobs=17824 nmethods=16907 adapters=820
 compilation: enabled

Compilation events (10 events):
Event: 15262.269 Thread 0x000000000a3d9800 nmethod 23379 0x00000000153031d0 code [0x0000000015303380, 0x0000000015303fd8]
Event: 15262.269 Thread 0x000000000a3d8000 nmethod 23375 0x00000000126ae650 code [0x00000000126ae7a0, 0x00000000126ae868]
Event: 15262.298 Thread 0x000000000a3d6800 23399       3       java.io.PrintWriter::<init> (45 bytes)
Event: 15262.298 Thread 0x000000000a3d6800 nmethod 23399 0x0000000014461e50 code [0x0000000014462000, 0x00000000144625b8]
Event: 15262.365 Thread 0x000000000a3d6800 23400       3       ui.g.bo::k (8 bytes)
Event: 15262.366 Thread 0x000000000a3d6800 nmethod 23400 0x0000000014588090 code [0x0000000014588200, 0x0000000014588468]
Event: 15262.367 Thread 0x000000000a3d9800 23401       4       java.io.PrintWriter::write (11 bytes)
Event: 15262.390 Thread 0x000000000a3d9800 nmethod 23401 0x0000000015305890 code [0x0000000015305a20, 0x00000000153068f8]
Event: 15262.462 Thread 0x000000000a3d6800 23402       3       java.util.regex.Pattern::compile (406 bytes)
Event: 15262.465 Thread 0x000000000a3d6800 nmethod 23402 0x00000000163b6fd0 code [0x00000000163b7380, 0x00000000163b9648]

GC Heap History (10 events):
Event: 15031.078 GC heap before
{Heap before GC invocations=1393 (full 199):
 PSYoungGen      total 55296K, used 55268K [0x00000007bc400000, 0x00000007c0000000, 0x00000007c0000000)
  eden space 49664K, 100% used [0x00000007bc400000,0x00000007bf480000,0x00000007bf480000)
  from space 5632K, 99% used [0x00000007bf500000,0x00000007bfa79068,0x00000007bfa80000)
  to   space 5632K, 0% used [0x00000007bfa80000,0x00000007bfa80000,0x00000007c0000000)
 ParOldGen       total 194048K, used 107052K [0x0000000700000000, 0x000000070bd80000, 0x00000007bc400000)
  object space 194048K, 55% used [0x0000000700000000,0x000000070688b0f0,0x000000070bd80000)
 Metaspace       used 75172K, capacity 75479K, committed 76160K, reserved 1114112K
  class space    used 10791K, capacity 10854K, committed 10880K, reserved 1048576K
Event: 15031.100 GC heap after
Heap after GC invocations=1393 (full 199):
 PSYoungGen      total 47616K, used 5600K [0x00000007bc400000, 0x00000007c0000000, 0x00000007c0000000)
  eden space 41984K, 0% used [0x00000007bc400000,0x00000007bc400000,0x00000007bed00000)
  from space 5632K, 99% used [0x00000007bfa80000,0x00000007bfff8188,0x00000007c0000000)
  to   space 9728K, 0% used [0x00000007bed00000,0x00000007bed00000,0x00000007bf680000)
 ParOldGen       total 194048K, used 113204K [0x0000000700000000, 0x000000070bd80000, 0x00000007bc400000)
  object space 194048K, 58% used [0x0000000700000000,0x0000000706e8d0f0,0x000000070bd80000)
 Metaspace       used 75172K, capacity 75479K, committed 76160K, reserved 1114112K
  class space    used 10791K, capacity 10854K, committed 10880K, reserved 1048576K
}
Event: 15085.680 GC heap before
{Heap before GC invocations=1394 (full 199):
 PSYoungGen      total 47616K, used 17169K [0x00000007bc400000, 0x00000007c0000000, 0x00000007c0000000)
  eden space 41984K, 27% used [0x00000007bc400000,0x00000007bcf4c288,0x00000007bed00000)
  from space 5632K, 99% used [0x00000007bfa80000,0x00000007bfff8188,0x00000007c0000000)
  to   space 9728K, 0% used [0x00000007bed00000,0x00000007bed00000,0x00000007bf680000)
 ParOldGen       total 194048K, used 113204K [0x0000000700000000, 0x000000070bd80000, 0x00000007bc400000)
  object space 194048K, 58% used [0x0000000700000000,0x0000000706e8d0f0,0x000000070bd80000)
 Metaspace       used 75172K, capacity 75479K, committed 76160K, reserved 1114112K
  class space    used 10791K, capacity 10854K, committed 10880K, reserved 1048576K
Event: 15085.692 GC heap after
Heap after GC invocations=1394 (full 199):
 PSYoungGen      total 48128K, used 5773K [0x00000007bc400000, 0x00000007c0000000, 0x00000007c0000000)
  eden space 41984K, 0% used [0x00000007bc400000,0x00000007bc400000,0x00000007bed00000)
  from space 6144K, 93% used [0x00000007bed00000,0x00000007bf2a36d8,0x00000007bf300000)
  to   space 10240K, 0% used [0x00000007bf600000,0x00000007bf600000,0x00000007c0000000)
 ParOldGen       total 194048K, used 113724K [0x0000000700000000, 0x000000070bd80000, 0x00000007bc400000)
  object space 194048K, 58% used [0x0000000700000000,0x0000000706f0f0f0,0x000000070bd80000)
 Metaspace       used 75172K, capacity 75479K, committed 76160K, reserved 1114112K
  class space    used 10791K, capacity 10854K, committed 10880K, reserved 1048576K
}
Event: 15085.693 GC heap before
{Heap before GC invocations=1395 (full 200):
 PSYoungGen      total 48128K, used 5773K [0x00000007bc400000, 0x00000007c0000000, 0x00000007c0000000)
  eden space 41984K, 0% used [0x00000007bc400000,0x00000007bc400000,0x00000007bed00000)
  from space 6144K, 93% used [0x00000007bed00000,0x00000007bf2a36d8,0x00000007bf300000)
  to   space 10240K, 0% used [0x00000007bf600000,0x00000007bf600000,0x00000007c0000000)
 ParOldGen       total 194048K, used 113724K [0x0000000700000000, 0x000000070bd80000, 0x00000007bc400000)
  object space 194048K, 58% used [0x0000000700000000,0x0000000706f0f0f0,0x000000070bd80000)
 Metaspace       used 75172K, capacity 75479K, committed 76160K, reserved 1114112K
  class space    used 10791K, capacity 10854K, committed 10880K, reserved 1048576K
Event: 15086.124 GC heap after
Heap after GC invocations=1395 (full 200):
 PSYoungGen      total 48128K, used 0K [0x00000007bc400000, 0x00000007c0000000, 0x00000007c0000000)
  eden space 41984K, 0% used [0x00000007bc400000,0x00000007bc400000,0x00000007bed00000)
  from space 6144K, 0% used [0x00000007bed00000,0x00000007bed00000,0x00000007bf300000)
  to   space 10240K, 0% used [0x00000007bf600000,0x00000007bf600000,0x00000007c0000000)
 ParOldGen       total 194048K, used 110658K [0x0000000700000000, 0x000000070bd80000, 0x00000007bc400000)
  object space 194048K, 57% used [0x0000000700000000,0x0000000706c10910,0x000000070bd80000)
 Metaspace       used 75172K, capacity 75479K, committed 76160K, reserved 1114112K
  class space    used 10791K, capacity 10854K, committed 10880K, reserved 1048576K
}
Event: 15166.785 GC heap before
{Heap before GC invocations=1396 (full 200):
 PSYoungGen      total 48128K, used 41984K [0x00000007bc400000, 0x00000007c0000000, 0x00000007c0000000)
  eden space 41984K, 100% used [0x00000007bc400000,0x00000007bed00000,0x00000007bed00000)
  from space 6144K, 0% used [0x00000007bed00000,0x00000007bed00000,0x00000007bf300000)
  to   space 10240K, 0% used [0x00000007bf600000,0x00000007bf600000,0x00000007c0000000)
 ParOldGen       total 194048K, used 110658K [0x0000000700000000, 0x000000070bd80000, 0x00000007bc400000)
  object space 194048K, 57% used [0x0000000700000000,0x0000000706c10910,0x000000070bd80000)
 Metaspace       used 75173K, capacity 75479K, committed 76160K, reserved 1114112K
  class space    used 10791K, capacity 10854K, committed 10880K, reserved 1048576K
Event: 15166.798 GC heap after
Heap after GC invocations=1396 (full 200):
 PSYoungGen      total 51712K, used 3958K [0x00000007bc400000, 0x00000007c0000000, 0x00000007c0000000)
  eden space 41472K, 0% used [0x00000007bc400000,0x00000007bc400000,0x00000007bec80000)
  from space 10240K, 38% used [0x00000007bf600000,0x00000007bf9ddb18,0x00000007c0000000)
  to   space 9728K, 0% used [0x00000007bec80000,0x00000007bec80000,0x00000007bf600000)
 ParOldGen       total 194048K, used 110658K [0x0000000700000000, 0x000000070bd80000, 0x00000007bc400000)
  object space 194048K, 57% used [0x0000000700000000,0x0000000706c10910,0x000000070bd80000)
 Metaspace       used 75173K, capacity 75479K, committed 76160K, reserved 1114112K
  class space    used 10791K, capacity 10854K, committed 10880K, reserved 1048576K
}
Event: 15261.983 GC heap before
{Heap before GC invocations=1397 (full 200):
 PSYoungGen      total 51712K, used 45430K [0x00000007bc400000, 0x00000007c0000000, 0x00000007c0000000)
  eden space 41472K, 100% used [0x00000007bc400000,0x00000007bec80000,0x00000007bec80000)
  from space 10240K, 38% used [0x00000007bf600000,0x00000007bf9ddb18,0x00000007c0000000)
  to   space 9728K, 0% used [0x00000007bec80000,0x00000007bec80000,0x00000007bf600000)
 ParOldGen       total 194048K, used 110658K [0x0000000700000000, 0x000000070bd80000, 0x00000007bc400000)
  object space 194048K, 57% used [0x0000000700000000,0x0000000706c10910,0x000000070bd80000)
 Metaspace       used 75174K, capacity 75479K, committed 76160K, reserved 1114112K
  class space    used 10791K, capacity 10854K, committed 10880K, reserved 1048576K
Event: 15261.997 GC heap after
Heap after GC invocations=1397 (full 200):
 PSYoungGen      total 51200K, used 7149K [0x00000007bc400000, 0x00000007c0000000, 0x00000007c0000000)
  eden space 41472K, 0% used [0x00000007bc400000,0x00000007bc400000,0x00000007bec80000)
  from space 9728K, 73% used [0x00000007bec80000,0x00000007bf37b6d8,0x00000007bf600000)
  to   space 10240K, 0% used [0x00000007bf600000,0x00000007bf600000,0x00000007c0000000)
 ParOldGen       total 194048K, used 110658K [0x0000000700000000, 0x000000070bd80000, 0x00000007bc400000)
  object space 194048K, 57% used [0x0000000700000000,0x0000000706c10910,0x000000070bd80000)
 Metaspace       used 75174K, capacity 75479K, committed 76160K, reserved 1114112K
  class space    used 10791K, capacity 10854K, committed 10880K, reserved 1048576K
}

Deoptimization events (10 events):
Event: 15262.151 Thread 0x0000000004e1e000 Uncommon trap: reason=class_check action=maybe_recompile pc=0x0000000014a1c754 method=com.sun.org.apache.xerces.internal.dom.NamedNodeMapImpl.findNamePoint(Ljava/lang/String;I)I @ 54
Event: 15262.151 Thread 0x0000000004e1e000 Uncommon trap: reason=class_check action=maybe_recompile pc=0x0000000014a1c754 method=com.sun.org.apache.xerces.internal.dom.NamedNodeMapImpl.findNamePoint(Ljava/lang/String;I)I @ 54
Event: 15262.367 Thread 0x0000000004e1e000 Uncommon trap: reason=bimorphic action=maybe_recompile pc=0x00000000161b38c0 method=java.io.PrintWriter.write(Ljava/lang/String;II)V @ 19
Event: 15262.367 Thread 0x0000000004e1e000 Uncommon trap: reason=bimorphic action=maybe_recompile pc=0x00000000161b38c0 method=java.io.PrintWriter.write(Ljava/lang/String;II)V @ 19
Event: 15262.367 Thread 0x0000000004e1e000 Uncommon trap: reason=bimorphic action=maybe_recompile pc=0x00000000161b38c0 method=java.io.PrintWriter.write(Ljava/lang/String;II)V @ 19
Event: 15262.367 Thread 0x0000000004e1e000 Uncommon trap: reason=bimorphic action=maybe_recompile pc=0x00000000161b38c0 method=java.io.PrintWriter.write(Ljava/lang/String;II)V @ 19
Event: 15262.445 Thread 0x0000000004e1e000 Uncommon trap: reason=unreached action=reinterpret pc=0x00000000153c27b8 method=java.util.regex.Pattern.expr(Ljava/util/regex/Pattern$Node;)Ljava/util/regex/Pattern$Node; @ 38
Event: 15262.445 Thread 0x0000000004e1e000 Uncommon trap: reason=bimorphic action=maybe_recompile pc=0x000000001511f518 method=java.util.regex.Pattern$Branch.study(Ljava/util/regex/Pattern$TreeInfo;)Z @ 57
Event: 15262.488 Thread 0x0000000004e1e000 Uncommon trap: reason=unreached action=reinterpret pc=0x0000000014eed6ac method=java.util.Collections.eq(Ljava/lang/Object;Ljava/lang/Object;)Z @ 1
Event: 15262.488 Thread 0x0000000004e1e000 Uncommon trap: reason=unreached action=reinterpret pc=0x000000001394827c method=java.util.Collections.eq(Ljava/lang/Object;Ljava/lang/Object;)Z @ 1

Internal exceptions (10 events):
Event: 13106.556 Thread 0x0000000004e1e000 Implicit null exception at 0x0000000013172a88 to 0x0000000013177705
Event: 15261.117 Thread 0x0000000004e1e000 Exception <a 'java/security/PrivilegedActionException'> (0x00000007be81bd50) thrown at [D:\re\workspace\8-2-build-windows-amd64-cygwin\jdk8u25\1677\hotspot\src\share\vm\prims\jvm.cpp, line 1312]
Event: 15261.136 Thread 0x0000000004e1e000 Implicit null exception at 0x0000000014c456c7 to 0x0000000014c4c1a1
Event: 15262.296 Thread 0x0000000004e1e000 Exception <a 'java/security/PrivilegedActionException'> (0x00000007bdce5118) thrown at [D:\re\workspace\8-2-build-windows-amd64-cygwin\jdk8u25\1677\hotspot\src\share\vm\prims\jvm.cpp, line 1312]
Event: 15262.297 Thread 0x0000000004e1e000 Exception <a 'ui/frmwork/CommandFailedException'> (0x00000007bdcea168) thrown at [D:\re\workspace\8-2-build-windows-amd64-cygwin\jdk8u25\1677\hotspot\src\share\vm\prims\jni.cpp, line 716]
Event: 15262.368 Thread 0x0000000004e1e000 Exception <a 'java/security/PrivilegedActionException'> (0x00000007bdd01350) thrown at [D:\re\workspace\8-2-build-windows-amd64-cygwin\jdk8u25\1677\hotspot\src\share\vm\prims\jvm.cpp, line 1312]
Event: 15262.384 Thread 0x0000000004e1e000 Exception <a 'java/security/PrivilegedActionException'> (0x00000007bdd08a00) thrown at [D:\re\workspace\8-2-build-windows-amd64-cygwin\jdk8u25\1677\hotspot\src\share\vm\prims\jvm.cpp, line 1312]
Event: 15262.466 Thread 0x0000000004e1e000 Exception <a 'java/security/PrivilegedActionException'> (0x00000007bddb4230) thrown at [D:\re\workspace\8-2-build-windows-amd64-cygwin\jdk8u25\1677\hotspot\src\share\vm\prims\jvm.cpp, line 1312]
Event: 15262.488 Thread 0x0000000004e1e000 Implicit null exception at 0x0000000014eed653 to 0x0000000014eed696
Event: 15262.488 Thread 0x0000000004e1e000 Implicit null exception at 0x000000001394822c to 0x0000000013948266

Events (10 events):
Event: 15262.445 Thread 0x0000000004e1e000 DEOPT PACKING pc=0x000000001511f518 sp=0x0000000025a8e0b0
Event: 15262.445 Thread 0x0000000004e1e000 DEOPT UNPACKING pc=0x00000000122b556a sp=0x0000000025a8e040 mode 2
Event: 15262.466 loading class ui/views/q/c/u
Event: 15262.466 loading class ui/views/q/c/u done
Event: 15262.488 Thread 0x0000000004e1e000 Uncommon trap: trap_request=0xffffffad fr.pc=0x0000000014eed6ac
Event: 15262.488 Thread 0x0000000004e1e000 DEOPT PACKING pc=0x0000000014eed6ac sp=0x0000000025a8be70
Event: 15262.488 Thread 0x0000000004e1e000 DEOPT UNPACKING pc=0x00000000122b556a sp=0x0000000025a8bdb8 mode 2
Event: 15262.488 Thread 0x0000000004e1e000 Uncommon trap: trap_request=0xffffffad fr.pc=0x000000001394827c
Event: 15262.488 Thread 0x0000000004e1e000 DEOPT PACKING pc=0x000000001394827c sp=0x0000000025a8be10
Event: 15262.488 Thread 0x0000000004e1e000 DEOPT UNPACKING pc=0x00000000122b556a sp=0x0000000025a8bdb8 mode 2


Dynamic libraries:
0x000000013f410000 - 0x000000013f44d000 	C:\Xilinx\Vivado\2015.2\bin\unwrapped\win64.o\vivado.exe
0x0000000076e50000 - 0x0000000076ffb000 	C:\Windows\SYSTEM32\ntdll.dll
0x0000000076d30000 - 0x0000000076e4f000 	C:\Windows\system32\kernel32.dll
0x000007fefcbc0000 - 0x000007fefcc2a000 	C:\Windows\system32\KERNELBASE.dll
0x00000000748a0000 - 0x0000000074929000 	C:\Windows\System32\SYSFER.DLL
0x000000000a900000 - 0x000000000a98d000 	C:\Xilinx\Vivado\2015.2\lib\win64.o\SHSMP64.dll
0x0000000076c30000 - 0x0000000076d2a000 	C:\Windows\system32\USER32.dll
0x000007fefeb30000 - 0x000007fefeb97000 	C:\Windows\system32\GDI32.dll
0x000007fefcf50000 - 0x000007fefcf5e000 	C:\Windows\system32\LPK.dll
0x000007fefd230000 - 0x000007fefd2fa000 	C:\Windows\system32\USP10.dll
0x000007fefd370000 - 0x000007fefd40f000 	C:\Windows\system32\msvcrt.dll
0x000007fefd620000 - 0x000007fefd6fb000 	C:\Windows\system32\ADVAPI32.dll
0x000007fefd350000 - 0x000007fefd36f000 	C:\Windows\SYSTEM32\sechost.dll
0x000007fefd790000 - 0x000007fefd8bd000 	C:\Windows\system32\RPCRT4.dll
0x000007fefbc40000 - 0x000007fefbc4c000 	C:\Windows\system32\VERSION.dll
0x000007fef5f00000 - 0x000007fef5f13000 	C:\Xilinx\Vivado\2015.2\lib\win64.o\libboost_signals.dll
0x000007fef1020000 - 0x000007fef10c7000 	C:\Windows\system32\MSVCP110.dll
0x000007fef1830000 - 0x000007fef1904000 	C:\Windows\system32\MSVCR110.dll
0x000007feec8a0000 - 0x000007feed1e3000 	C:\Xilinx\Vivado\2015.2\lib\win64.o\librdi_common.dll
0x000007feef750000 - 0x000007feef9f8000 	C:\Xilinx\Vivado\2015.2\lib\win64.o\libCOIN-all.dll
0x000007feef530000 - 0x000007feef750000 	C:\Xilinx\Vivado\2015.2\lib\win64.o\libXil_lmgr11.dll
0x000007fefad40000 - 0x000007fefad56000 	C:\Windows\system32\NETAPI32.dll
0x000007fefbfc0000 - 0x000007fefbfcc000 	C:\Windows\system32\netutils.dll
0x000007fefc890000 - 0x000007fefc8b3000 	C:\Windows\system32\srvcli.dll
0x000007fefad00000 - 0x000007fefad15000 	C:\Windows\system32\wkscli.dll
0x000007fefd8c0000 - 0x000007fefd957000 	C:\Windows\system32\COMDLG32.dll
0x000007fefdaf0000 - 0x000007fefdb61000 	C:\Windows\system32\SHLWAPI.dll
0x000007fef5350000 - 0x000007fef53f0000 	C:\Windows\WinSxS\amd64_microsoft.windows.common-controls_6595b64144ccf1df_5.82.7601.18837_none_a4d981ff711297b6\COMCTL32.dll
0x000007fefdca0000 - 0x000007fefea2c000 	C:\Windows\system32\SHELL32.dll
0x000007fef5d90000 - 0x000007fef5d99000 	C:\Windows\system32\WSOCK32.dll
0x000007fefd300000 - 0x000007fefd34d000 	C:\Windows\system32\WS2_32.dll
0x000007fefd700000 - 0x000007fefd708000 	C:\Windows\system32\NSI.dll
0x000007fefeba0000 - 0x000007fefec78000 	C:\Windows\system32\OLEAUT32.dll
0x000007fefd410000 - 0x000007fefd613000 	C:\Windows\system32\ole32.dll
0x000007fefcd40000 - 0x000007fefcd7b000 	C:\Windows\system32\WINTRUST.dll
0x000007fefcd90000 - 0x000007fefcefd000 	C:\Windows\system32\CRYPT32.dll
0x000007fefcba0000 - 0x000007fefcbaf000 	C:\Windows\system32\MSASN1.dll
0x000007fef79a0000 - 0x000007fef79b0000 	C:\Xilinx\Vivado\2015.2\lib\win64.o\libboost_date_time.dll
0x000007fef5e80000 - 0x000007fef5ea2000 	C:\Xilinx\Vivado\2015.2\lib\win64.o\libboost_filesystem.dll
0x000007fef7990000 - 0x000007fef7999000 	C:\Xilinx\Vivado\2015.2\lib\win64.o\libboost_system.dll
0x000007fef5b00000 - 0x000007fef5b74000 	C:\Xilinx\Vivado\2015.2\lib\win64.o\libboost_program_options.dll
0x000007fef1910000 - 0x000007fef1a0a000 	C:\Xilinx\Vivado\2015.2\lib\win64.o\libboost_regex.dll
0x000007fef5ee0000 - 0x000007fef5efd000 	C:\Xilinx\Vivado\2015.2\lib\win64.o\libboost_thread.dll
0x000007fef7750000 - 0x000007fef775b000 	C:\Xilinx\Vivado\2015.2\lib\win64.o\libboost_chrono.dll
0x000007fef5b80000 - 0x000007fef5c00000 	C:\Xilinx\Vivado\2015.2\lib\win64.o\libhdlpsolve.dll
0x000007fef1f40000 - 0x000007fef1fda000 	C:\Xilinx\Vivado\2015.2\lib\win64.o\libhdxml.dll
0x000007feeef20000 - 0x000007feef52a200 	C:\Xilinx\Vivado\2015.2\lib\win64.o\libisl_iostreams.dll
0x000007fef5e60000 - 0x000007fef5e76000 	C:\Xilinx\Vivado\2015.2\lib\win64.o\libboost_iostreams.dll
0x000007fef50d0000 - 0x000007fef50f3000 	C:\Xilinx\Vivado\2015.2\lib\win64.o\librdizlib.dll
0x000007fef5ce0000 - 0x000007fef5d03000 	C:\Xilinx\Vivado\2015.2\lib\win64.o\libisl_iosutils.dll
0x000007fef3900000 - 0x000007fef392a000 	C:\Xilinx\Vivado\2015.2\lib\win64.o\libisl_sysinfo.dll
0x000000005ab80000 - 0x000000005b3da000 	C:\Xilinx\Vivado\2015.2\tps\win64\jre\bin\server\jvm.dll
0x000007fefa050000 - 0x000007fefa08b000 	C:\Windows\system32\WINMM.dll
0x0000000077010000 - 0x0000000077017000 	C:\Windows\system32\PSAPI.DLL
0x0000000065730000 - 0x0000000065802000 	C:\Windows\system32\MSVCR100.dll
0x000007fef5cc0000 - 0x000007fef5cd5000 	C:\Xilinx\Vivado\2015.2\lib\win64.o\pthreadVC2.dll
0x000007fef28e0000 - 0x000007fef2934000 	C:\Xilinx\Vivado\2015.2\lib\win64.o\librdi_commonxillic.dll
0x000007feefc60000 - 0x000007feefd90000 	C:\Xilinx\Vivado\2015.2\lib\win64.o\librdi_curl.dll
0x000007fef5330000 - 0x000007fef5348000 	C:\Xilinx\Vivado\2015.2\lib\win64.o\librdiconfig.dll
0x0000000073660000 - 0x0000000073787000 	C:\Xilinx\Vivado\2015.2\lib\win64.o\tcl85t.dll
0x0000000012000000 - 0x0000000012263000 	C:\Xilinx\Vivado\2015.2\lib\win64.o\xerces-c_3_1.dll
0x000007fefec80000 - 0x000007fefef46000 	C:\Windows\system32\WININET.dll
0x000007fefcbb0000 - 0x000007fefcbb4000 	C:\Windows\system32\api-ms-win-downlevel-user32-l1-1-0.dll
0x000007fefcd30000 - 0x000007fefcd34000 	C:\Windows\system32\api-ms-win-downlevel-shlwapi-l1-1-0.dll
0x000007fefcc60000 - 0x000007fefcc64000 	C:\Windows\system32\api-ms-win-downlevel-version-l1-1-0.dll
0x000007fefcf40000 - 0x000007fefcf43000 	C:\Windows\system32\api-ms-win-downlevel-normaliz-l1-1-0.dll
0x0000000077020000 - 0x0000000077023000 	C:\Windows\system32\normaliz.DLL
0x000007fefcf60000 - 0x000007fefd229000 	C:\Windows\system32\iertutil.dll
0x000007fefcc50000 - 0x000007fefcc55000 	C:\Windows\system32\api-ms-win-downlevel-advapi32-l1-1-0.dll
0x000007fefcd10000 - 0x000007fefcd2e000 	C:\Windows\system32\USERENV.dll
0x000007fefcb90000 - 0x000007fefcb9f000 	C:\Windows\system32\profapi.dll
0x000007fef90b0000 - 0x000007fef9121000 	C:\Windows\system32\WINHTTP.dll
0x000007fef9040000 - 0x000007fef90a5000 	C:\Windows\system32\webio.dll
0x000007fefd960000 - 0x000007fefdae6000 	C:\Windows\system32\urlmon.dll
0x000007fefcd80000 - 0x000007fefcd84000 	C:\Windows\system32\api-ms-win-downlevel-ole32-l1-1-0.dll
0x000007fef45a0000 - 0x000007fef45c3000 	C:\Windows\system32\VCOMP110.DLL
0x000007fef4c60000 - 0x000007fef4c71000 	C:\Xilinx\Vivado\2015.2\lib\win64.o\librdi_commonmain.dll
0x000007fef7630000 - 0x000007fef7639000 	C:\Xilinx\Vivado\2015.2\lib\win64.o\librdi_commonversion.dll
0x000007fefef50000 - 0x000007fefef7e000 	C:\Windows\system32\IMM32.DLL
0x000007fefdb90000 - 0x000007fefdc99000 	C:\Windows\system32\MSCTF.dll
0x000007feec490000 - 0x000007feec89a000 	C:\Xilinx\Vivado\2015.2\lib\win64.o\librdi_commontasks.dll
0x000007feeb370000 - 0x000007feebb80000 	C:\Xilinx\Vivado\2015.2\lib\win64.o\libXil_lmgr11FNP.dll
0x000007fefa780000 - 0x000007fefa7a7000 	C:\Windows\system32\iphlpapi.dll
0x000007fefa770000 - 0x000007fefa77b000 	C:\Windows\system32\WINNSI.DLL
0x000007fef6fc0000 - 0x000007fef6fcb000 	C:\Windows\system32\snmpapi.dll
0x000007fefef80000 - 0x000007feff157000 	C:\Windows\system32\SETUPAPI.dll
0x000007fefcf00000 - 0x000007fefcf36000 	C:\Windows\system32\CFGMGR32.dll
0x000007fefcc30000 - 0x000007fefcc4a000 	C:\Windows\system32\DEVOBJ.dll
0x000007fef7070000 - 0x000007fef70e1000 	C:\Windows\system32\WINSPOOL.DRV
0x000007fef1cd0000 - 0x000007fef1d24000 	C:\Windows\system32\OLEACC.dll
0x000007fefc390000 - 0x000007fefc3a8000 	C:\Windows\system32\CRYPTSP.dll
0x000007fefc090000 - 0x000007fefc0d7000 	C:\Windows\system32\rsaenh.dll
0x000007fefc990000 - 0x000007fefc99f000 	C:\Windows\system32\CRYPTBASE.dll
0x000007fefc960000 - 0x000007fefc985000 	C:\Windows\system32\SspiCli.dll
0x000007fefb190000 - 0x000007fefb1e6000 	C:\Windows\system32\uxtheme.dll
0x000007fefac90000 - 0x000007fefaca5000 	C:\Windows\system32\NLAapi.dll
0x000007fef9950000 - 0x000007fef9965000 	C:\Windows\system32\napinsp.dll
0x000007fef9970000 - 0x000007fef9989000 	C:\Windows\system32\pnrpnsp.dll
0x000007fefc330000 - 0x000007fefc385000 	C:\Windows\System32\mswsock.dll
0x000007fefc1b0000 - 0x000007fefc20b000 	C:\Windows\system32\DNSAPI.dll
0x000007fef9940000 - 0x000007fef994b000 	C:\Windows\System32\winrnr.dll
0x0000000063560000 - 0x0000000063569000 	C:\Program Files\National Instruments\Shared\mDNS Responder\nimdnsNSP.dll
0x0000000063550000 - 0x000000006355e000 	C:\Windows\system32\nimdnsResponder.dll
0x00000000747d0000 - 0x0000000074873000 	C:\Windows\WinSxS\amd64_microsoft.vc90.crt_1fc8b3b9a1e18e3b_9.0.30729.6161_none_08e61857a83bc251\MSVCR90.dll
0x000007fefa6a0000 - 0x000007fefa6f3000 	C:\Windows\System32\fwpuclnt.dll
0x000007fef99c0000 - 0x000007fef99c8000 	C:\Windows\system32\rasadhlp.dll
0x000007fefea30000 - 0x000007fefeac9000 	C:\Windows\system32\CLBCatQ.DLL
0x000007fefc320000 - 0x000007fefc327000 	C:\Windows\System32\wship6.dll
0x000007fefbd40000 - 0x000007fefbd47000 	C:\Windows\System32\wshtcpip.dll
0x000007fefcae0000 - 0x000007fefcaf4000 	C:\Windows\system32\RpcRtRemote.dll
0x0000000073e90000 - 0x0000000073e93000 	C:\Windows\system32\icmp.Dll
0x000007fefa5c0000 - 0x000007fefa5d1000 	C:\Windows\system32\dhcpcsvc6.DLL
0x000007fefa5a0000 - 0x000007fefa5b8000 	C:\Windows\system32\dhcpcsvc.DLL
0x000007feebef0000 - 0x000007feec48b000 	C:\Xilinx\Vivado\2015.2\lib\win64.o\librdi_coretasks.dll
0x000007fef1120000 - 0x000007fef125a000 	C:\Xilinx\Vivado\2015.2\lib\win64.o\librdi_board.dll
0x000007feeed60000 - 0x000007feeef1e000 	C:\Xilinx\Vivado\2015.2\lib\win64.o\librdi_chipscope.dll
0x000007fef2870000 - 0x000007fef28d3000 	C:\Xilinx\Vivado\2015.2\lib\win64.o\liblmx6.0.dll
0x000007feea260000 - 0x000007feeb36b000 	C:\Xilinx\Vivado\2015.2\lib\win64.o\librdi_constraints.dll
0x000007fef2690000 - 0x000007fef26ed000 	C:\Xilinx\Vivado\2015.2\lib\win64.o\librdi_boarddep.dll
0x000007fee3760000 - 0x000007feea25f000 	C:\Xilinx\Vivado\2015.2\lib\win64.o\librdi_device.dll
0x000007fef1c00000 - 0x000007fef1c47000 	C:\Xilinx\Vivado\2015.2\lib\win64.o\libboost_serialization.dll
0x000007fee2f50000 - 0x000007fee375d000 	C:\Xilinx\Vivado\2015.2\lib\win64.o\libverific.dll
0x000007fee2c20000 - 0x000007fee2f4d000 	C:\Xilinx\Vivado\2015.2\lib\win64.o\librdi_filemgmt.dll
0x000007fee27f0000 - 0x000007fee2c12000 	C:\Xilinx\Vivado\2015.2\lib\win64.o\librdi_netlist.dll
0x000007fee2360000 - 0x000007fee27f0000 	C:\Xilinx\Vivado\2015.2\lib\win64.o\librdi_psta.dll
0x000007fee0b70000 - 0x000007fee2360000 	C:\Xilinx\Vivado\2015.2\lib\win64.o\librdi_coregen.dll
0x000007fee04b0000 - 0x000007fee0b69000 	C:\Xilinx\Vivado\2015.2\lib\win64.o\librdi_coregenipxact.dll
0x000007fedce20000 - 0x000007fee04a5000 	C:\Xilinx\Vivado\2015.2\lib\win64.o\librdi_designutils.dll

VM Arguments:
jvm_args: -Dsun.java2d.pmoffscreen=false -Dsun.java2d.d3d=false -Dsun.awt.nopixfmt=true -Xverify:none -Dswing.aatext=true -XX:-UsePerfData -Djdk.map.althashing.threshold=512 -XX:StringTableSize=4072 -Djava.util.Arrays.useLegacyMergeSort=true -XX:NewSize=60m -XX:MaxNewSize=60m -Xms128m -Xmx3072m -Xss5m 
java_command: <unknown>
java_class_path (initial): C:/Xilinx/Vivado/2015.2\lib\classes\alloy.jar;C:/Xilinx/Vivado/2015.2\lib\classes\antlr-2.7.7.jar;C:/Xilinx/Vivado/2015.2\lib\classes\batik-anim.jar;C:/Xilinx/Vivado/2015.2\lib\classes\batik-awt-util.jar;C:/Xilinx/Vivado/2015.2\lib\classes\batik-bridge.jar;C:/Xilinx/Vivado/2015.2\lib\classes\batik-codec.jar;C:/Xilinx/Vivado/2015.2\lib\classes\batik-css.jar;C:/Xilinx/Vivado/2015.2\lib\classes\batik-dom.jar;C:/Xilinx/Vivado/2015.2\lib\classes\batik-ext.jar;C:/Xilinx/Vivado/2015.2\lib\classes\batik-gui-util.jar;C:/Xilinx/Vivado/2015.2\lib\classes\batik-gvt.jar;C:/Xilinx/Vivado/2015.2\lib\classes\batik-parser.jar;C:/Xilinx/Vivado/2015.2\lib\classes\batik-script.jar;C:/Xilinx/Vivado/2015.2\lib\classes\batik-svg-dom.jar;C:/Xilinx/Vivado/2015.2\lib\classes\batik-swing.jar;C:/Xilinx/Vivado/2015.2\lib\classes\batik-transcoder.jar;C:/Xilinx/Vivado/2015.2\lib\classes\batik-util.jar;C:/Xilinx/Vivado/2015.2\lib\classes\batik-xml.jar;C:/Xilinx/Vivado/2015.2\lib\classes\commons-logging.jar;C:/Xilinx/Vivado/2015.2\lib\classes\commons-math-2.2.jar;C:/Xilinx/Vivado/2015.2\lib\classes\dom4j-1.6.1.jar;C:/Xilinx/Vivado/2015.2\lib\classes\forms.jar;C:/Xilinx/Vivado/2015.2\lib\classes\guava-15.0.jar;C:/Xilinx/Vivado/2015.2\lib\classes\hsqldb.jar;C:/Xilinx/Vivado/2015.2\lib\classes\jdom.jar;C:/Xilinx/Vivado/2015.2\lib\classes\jide-action.jar;C:/Xilinx/Vivado/2015.2\lib\classes\jide-charts.jar;C:/Xilinx/Vivado/2015.2\lib\classes\jide-common.jar;C:/Xilinx/Vivado/2015.2\lib\classes\jide-components.jar;C:/Xilinx/Vivado/2015.2\lib\classes\jide-dashboard.jar;C:/Xilinx/Vivado/2015.2\lib\classes\jide-data.jar;C:/Xilinx/Vivado/2015.2\lib\classes\jide-dialogs.jar;C:/Xilinx/Vivado/2015.2\lib\classes\jide-diff.jar;C:/Xilinx/Vivado/2015.2\lib\classes\jide-dock.jar;C:/Xilinx/Vivado/2015.2\lib\classes\jide-editor.jar;C:/Xilinx/Vivado/2015.2\lib\classes\jide-gantt.jar;C:/Xilinx/Vivado/2015.2\lib\classes\jide-grids.jar;C:/Xilinx/Vivado/2015.2\lib\classes\jide-pivot.jar;C:/Xilin
Launcher Type: generic

Environment Variables:
PATH=C:/Xilinx/Vivado/2015.2/bin;C:/Xilinx/Vivado/2015.2/lib/win64.o;C:/Xilinx/Vivado/2015.2/tps/win64/jre/bin/server;C:/Xilinx/Vivado/2015.2/tps/win64/jre/bin;C:/Xilinx/Vivado/2015.2/ids_lite/ISE/bin/nt64;C:/Xilinx/Vivado/2015.2/ids_lite/ISE/lib/nt64;C:\ProgramData\Oracle\Java\javapath;C:\Windows\system32;C:\Windows;C:\Windows\System32\Wbem;C:\Windows\System32\WindowsPowerShell\v1.0\;C:\Program Files (x86)\IVI Foundation\IVI\bin;C:\Program Files\IVI Foundation\IVI\bin;C:\Program Files (x86)\IVI Foundation\VISA\WinNT\Bin\;C:\Program Files\IVI Foundation\VISA\Win64\Bin\;C:\Program Files (x86)\IVI Foundation\VISA\WinNT\Bin;C:\Program Files\MATLAB\R2014b\bin;C:\Aldec\Active-HDL 9.3\bin;C:\Program Files\MIT\Kerberos\bin;C:\Program Files (x86)\MIT\Kerberos\bin
USERNAME=aprosser
OS=Windows_NT
PROCESSOR_IDENTIFIER=Intel64 Family 6 Model 42 Stepping 7, GenuineIntel



---------------  S Y S T E M  ---------------

OS: Windows 7 , 64 bit Build 7601 Service Pack 1

CPU:total 4 (2 cores per cpu, 2 threads per core) family 6 model 42 stepping 7, cmov, cx8, fxsr, mmx, sse, sse2, sse3, ssse3, sse4.1, sse4.2, popcnt, avx, clmul, ht, tsc, tscinvbit

Memory: 4k page, physical 4166716k(1093368k free), swap 8331572k(4000212k free)

vm_info: Java HotSpot(TM) 64-Bit Server VM (25.25-b02) for windows-amd64 JRE (1.8.0_25-b18), built on Oct  7 2014 14:25:37 by "java_re" with MS VC++ 10.0 (VS2010)

time: Thu Aug 11 14:34:30 2016
elapsed time: 15262 seconds (0d 4h 14m 22s)

