#
# A fatal error has been detected by the Java Runtime Environment:
#
#  EXCEPTION_ACCESS_VIOLATION (0xc0000005) at pc=0x000007fed1362e30, pid=1624, tid=6720
#
# JRE version: Java(TM) SE Runtime Environment (8.0_25-b18) (build 1.8.0_25-b18)
# Java VM: Java HotSpot(TM) 64-Bit Server VM (25.25-b02 mixed mode windows-amd64 compressed oops)
# Problematic frame:
# C  0x000007fed1362e30
#
# Failed to write core dump. Minidumps are not enabled by default on client versions of Windows
#
# If you would like to submit a bug report, please visit:
#   http://bugreport.sun.com/bugreport/crash.jsp
# The crash happened outside the Java Virtual Machine in native code.
# See problematic frame for where to report the bug.
#

---------------  T H R E A D  ---------------

Current thread (0x000000000496d000):  JavaThread "AWT-EventQueue-1" [_thread_in_native, id=6720, stack(0x00000000257a0000,0x0000000025ca0000)]

siginfo: ExceptionCode=0xc0000005, writing address 0x00000000000003bc

Registers:
RAX=0x0000000005a9f470, RBX=0x00000000279e8a50, RCX=0x00000000000003b0, RDX=0x0000000005a9f478
RSP=0x0000000025c9c0b0, RBP=0x0000000000000001, RSI=0x0000000000000000, RDI=0x00000000279e8a50
R8 =0x0000000000000000, R9 =0x000007feec6a0000, R10=0x0000000005a9f470, R11=0x0000000005a9f470
R12=0x0000000000000000, R13=0x0000000000000001, R14=0x00000000292988d0, R15=0x000000002f26fd60
RIP=0x000007fed1362e30, EFLAGS=0x0000000000010202

Top of Stack: (sp=0x0000000025c9c0b0)
0x0000000025c9c0b0:   0000a668ff158654 000000000a91808d
0x0000000025c9c0c0:   000000002f26fd60 00000000292988d0
0x0000000025c9c0d0:   fffffffffffffffe 0000000005ad3340
0x0000000025c9c0e0:   0000000005ad3340 0000000000000000
0x0000000025c9c0f0:   00000000279e8a50 000007fed1378783
0x0000000025c9c100:   00000000279e8a50 00000000292988d0
0x0000000025c9c110:   00000000279e8a50 0000000000000001
0x0000000025c9c120:   fffffffffffffffe 000000000a92f048
0x0000000025c9c130:   0000000000000000 000000000a9178e1
0x0000000025c9c140:   00000000232abe70 000000000a91808d
0x0000000025c9c150:   0000000001ea0020 000000000a91808d
0x0000000025c9c160:   0000000000000001 0000000000000028
0x0000000025c9c170:   ffffffff00000000 000000000a917bb3
0x0000000025c9c180:   00000000232abe70 000007fed1372e22
0x0000000025c9c190:   0000a668ff15f934 000007fed1372ec1
0x0000000025c9c1a0:   0000000000000000 000007fed1378a14 

Instructions: (pc=0x000007fed1362e30)
0x000007fed1362e10:   00 48 85 c9 74 05 e8 65 7d fc ff 48 8b cf e8 7d
0x000007fed1362e20:   00 01 00 90 48 8b 8f a0 03 00 00 48 85 c9 74 0d
0x000007fed1362e30:   f0 ff 49 0c 75 07 48 8b 01 ff 50 10 90 48 8d 8f
0x000007fed1362e40:   70 03 00 00 e8 67 95 f3 ff 90 48 8b ce 48 87 8f 


Register to memory mapping:

RAX=0x0000000005a9f470 is an unknown value
RBX=0x00000000279e8a50 is an unknown value
RCX=0x00000000000003b0 is an unknown value
RDX=0x0000000005a9f478 is an unknown value
RSP=0x0000000025c9c0b0 is pointing into the stack for thread: 0x000000000496d000
RBP=0x0000000000000001 is an unknown value
RSI=0x0000000000000000 is an unknown value
RDI=0x00000000279e8a50 is an unknown value
R8 =0x0000000000000000 is an unknown value
R9 =0x000007feec6a0000 is an unknown value
R10=0x0000000005a9f470 is an unknown value
R11=0x0000000005a9f470 is an unknown value
R12=0x0000000000000000 is an unknown value
R13=0x0000000000000001 is an unknown value
R14=0x00000000292988d0 is an unknown value
R15=0x000000002f26fd60 is an unknown value


Stack: [0x00000000257a0000,0x0000000025ca0000],  sp=0x0000000025c9c0b0,  free space=5104k
Native frames: (J=compiled Java code, j=interpreted, Vv=VM code, C=native code)
C  0x000007fed1362e30
C  0x000007fed1378783
C  0x000007fed1378a14
C  0x000007fed12dda74
C  0x000007fed12d1a16
C  0x000007fed12cb7b1
C  0x000007fed12d1378
C  0x000007fed14a60bf
C  0x0000000012285b74

Java frames: (J=compiled Java code, j=interpreted, Vv=VM code)
j  ui.data.labtools.lthwdatai.HWServerManager_destroyServer(J)V+0
j  ui.data.labtools.g.a(Lui/data/labtools/i;)V+11
j  ui.views.J.ap.ae(ZZ)V+16
j  ui.views.J.ap.b(ZLui/frmwork/y;ZZ)V+48
j  ui.views.J.W.a(ZLui/frmwork/y;ZZ)V+16
j  ui.cq.run()V+48
j  ui.cp.run()V+232
j  ui.dl.run()V+89
j  ui.views.J.aB.a(Ljava/lang/String;ZLjava/lang/Runnable;Ljava/lang/Runnable;)Z+245
j  ui.dl.b(ZLjava/lang/Runnable;)V+232
j  ui.dl.a(Lui/dl;ZLjava/lang/Runnable;)V+3
j  ui.PlanAhead.a(ZLjava/lang/Runnable;)V+13
j  ui.cl.bA()V+42
j  ui.ba.bA()V+0
j  ui.views.b.am.run()V+7
j  ui.frmwork.c.dmQ()Z+79
j  ui.frmwork.B.dnV()V+21
j  ui.aK.actionPerformed(Ljava/awt/event/ActionEvent;)V+21
j  javax.swing.AbstractButton.fireActionPerformed(Ljava/awt/event/ActionEvent;)V+83
j  javax.swing.AbstractButton$Handler.actionPerformed(Ljava/awt/event/ActionEvent;)V+5
j  javax.swing.DefaultButtonModel.fireActionPerformed(Ljava/awt/event/ActionEvent;)V+34
j  javax.swing.DefaultButtonModel.setPressed(Z)V+117
j  javax.swing.AbstractButton.doClick(I)V+64
j  com.jidesoft.plaf.vsnet.VsnetMenuItemUI.doClick(Ljavax/swing/MenuSelectionManager;)V+17
j  com.jidesoft.plaf.vsnet.VsnetMenuItemUI$MouseInputHandler.mouseReleased(Ljava/awt/event/MouseEvent;)V+85
j  java.awt.AWTEventMulticaster.mouseReleased(Ljava/awt/event/MouseEvent;)V+8
j  java.awt.AWTEventMulticaster.mouseReleased(Ljava/awt/event/MouseEvent;)V+8
j  java.awt.AWTEventMulticaster.mouseReleased(Ljava/awt/event/MouseEvent;)V+8
J 10094 C1 java.awt.Component.processMouseEvent(Ljava/awt/event/MouseEvent;)V (100 bytes) @ 0x00000000141b26bc [0x00000000141b2320+0x39c]
J 10093 C1 javax.swing.JComponent.processMouseEvent(Ljava/awt/event/MouseEvent;)V (27 bytes) @ 0x00000000141b2f7c [0x00000000141b2d60+0x21c]
J 8600 C2 java.awt.Container.processEvent(Ljava/awt/AWTEvent;)V (22 bytes) @ 0x0000000012c2f4c8 [0x0000000012c2f360+0x168]
J 11876 C2 java.awt.Component.dispatchEventImpl(Ljava/awt/AWTEvent;)V (883 bytes) @ 0x00000000142a4504 [0x00000000142a35c0+0xf44]
J 9413 C2 java.awt.Container.dispatchEventImpl(Ljava/awt/AWTEvent;)V (129 bytes) @ 0x0000000012842838 [0x00000000128427e0+0x58]
J 9608 C2 java.awt.LightweightDispatcher.retargetMouseEvent(Ljava/awt/Component;ILjava/awt/event/MouseEvent;)V (350 bytes) @ 0x0000000013e6ef78 [0x0000000013e6eac0+0x4b8]
J 12320 C2 java.awt.LightweightDispatcher.processMouseEvent(Ljava/awt/event/MouseEvent;)Z (301 bytes) @ 0x00000000136771c8 [0x0000000013676e80+0x348]
J 9413 C2 java.awt.Container.dispatchEventImpl(Ljava/awt/AWTEvent;)V (129 bytes) @ 0x0000000012842c10 [0x00000000128427e0+0x430]
J 12306 C2 java.awt.Window.dispatchEventImpl(Ljava/awt/AWTEvent;)V (23 bytes) @ 0x000000001377c10c [0x000000001377c0c0+0x4c]
J 8689 C2 java.awt.EventQueue$3.run()Ljava/lang/Object; (5 bytes) @ 0x0000000012e0f6a0 [0x0000000012e0f300+0x3a0]
v  ~StubRoutines::call_stub
J 1457  java.security.AccessController.doPrivileged(Ljava/security/PrivilegedAction;Ljava/security/AccessControlContext;)Ljava/lang/Object; (0 bytes) @ 0x00000000124d19a6 [0x00000000124d1940+0x66]
J 11559 C2 java.awt.EventQueue$4.run()Ljava/lang/Object; (5 bytes) @ 0x00000000136d8478 [0x00000000136d8360+0x118]
v  ~StubRoutines::call_stub
J 1457  java.security.AccessController.doPrivileged(Ljava/security/PrivilegedAction;Ljava/security/AccessControlContext;)Ljava/lang/Object; (0 bytes) @ 0x00000000124d19a6 [0x00000000124d1940+0x66]
J 9365 C2 ui.frmwork.a.e.dispatchEvent(Ljava/awt/AWTEvent;)V (30 bytes) @ 0x0000000013fd65d8 [0x0000000013fd6180+0x458]
J 10677 C2 java.awt.EventDispatchThread.pumpOneEventForFilters(I)V (295 bytes) @ 0x00000000143e44bc [0x00000000143e3fa0+0x51c]
J 13045% C2 java.awt.EventDispatchThread.pumpEventsForFilter(ILjava/awt/Conditional;Ljava/awt/EventFilter;)V (47 bytes) @ 0x00000000148d7c0c [0x00000000148d7ac0+0x14c]
j  java.awt.EventDispatchThread.pumpEventsForHierarchy(ILjava/awt/Conditional;Ljava/awt/Component;)V+11
j  java.awt.EventDispatchThread.pumpEvents(ILjava/awt/Conditional;)V+4
j  java.awt.EventDispatchThread.pumpEvents(Ljava/awt/Conditional;)V+3
j  java.awt.EventDispatchThread.run()V+9
v  ~StubRoutines::call_stub

---------------  P R O C E S S  ---------------

Java Threads: ( => current thread )
  0x000000000569f800 JavaThread "Image Fetcher 0" daemon [_thread_blocked, id=396, stack(0x0000000038fe0000,0x00000000394e0000)]
  0x000000002f4ae800 JavaThread "Refresh links" [_thread_blocked, id=4624, stack(0x0000000035270000,0x0000000035770000)]
  0x000000002f2ef800 JavaThread "Refresh GTs" [_thread_blocked, id=6448, stack(0x0000000034cb0000,0x00000000351b0000)]
  0x000000002f4b9800 JavaThread "Monitor File Timestamp" [_thread_blocked, id=7476, stack(0x00000000340f0000,0x00000000345f0000)]
  0x0000000028459000 JavaThread "hw_ila_monitor" [_thread_blocked, id=5484, stack(0x0000000026cb0000,0x00000000271b0000)]
  0x000000002d82d800 JavaThread "Update Runs" [_thread_blocked, id=4068, stack(0x000000002df60000,0x000000002e460000)]
  0x000000002d786000 JavaThread "Refresh Filesets" [_thread_blocked, id=4276, stack(0x000000002da20000,0x000000002df20000)]
  0x0000000027fb2000 JavaThread "Swing-Shell" daemon [_thread_blocked, id=7640, stack(0x0000000029a40000,0x0000000029f40000)]
  0x0000000027ddf800 JavaThread "Monitor File Timestamp" [_thread_blocked, id=468, stack(0x0000000028b90000,0x0000000029090000)]
  0x00000000232dc000 JavaThread "Process Messages" [_thread_blocked, id=1120, stack(0x0000000025e40000,0x0000000026340000)]
  0x0000000007653800 JavaThread "Thread-3" [_thread_in_native, id=7108, stack(0x00000000028b0000,0x0000000003cb0000)]
=>0x000000000496d000 JavaThread "AWT-EventQueue-1" [_thread_in_native, id=6720, stack(0x00000000257a0000,0x0000000025ca0000)]
  0x00000000213a1000 JavaThread "AWT-EventQueue-0" [_thread_blocked, id=6288, stack(0x0000000025100000,0x0000000025600000)]
  0x0000000021391800 JavaThread "AWT-Windows" daemon [_thread_in_native, id=404, stack(0x0000000024bb0000,0x00000000250b0000)]
  0x0000000022578800 JavaThread "AWT-Shutdown" [_thread_blocked, id=2992, stack(0x0000000024580000,0x0000000024a80000)]
  0x0000000022562800 JavaThread "Java2D Disposer" daemon [_thread_blocked, id=4748, stack(0x0000000023f00000,0x0000000024400000)]
  0x000000002278f800 JavaThread "TimerQueue" daemon [_thread_blocked, id=3216, stack(0x00000000229c0000,0x0000000022ec0000)]
  0x000000000a881000 JavaThread "Service Thread" daemon [_thread_blocked, id=4744, stack(0x0000000021b50000,0x0000000022050000)]
  0x000000000a885800 JavaThread "C1 CompilerThread2" daemon [_thread_blocked, id=3944, stack(0x00000000219d0000,0x0000000021ad0000)]
  0x000000000a886800 JavaThread "C2 CompilerThread1" daemon [_thread_blocked, id=7956, stack(0x0000000011e20000,0x0000000011f20000)]
  0x000000000a888800 JavaThread "C2 CompilerThread0" daemon [_thread_blocked, id=7520, stack(0x0000000011c20000,0x0000000011d20000)]
  0x000000000a88a000 JavaThread "Attach Listener" daemon [_thread_blocked, id=6116, stack(0x00000000213d0000,0x00000000218d0000)]
  0x000000000a88b800 JavaThread "Signal Dispatcher" daemon [_thread_blocked, id=6180, stack(0x0000000011700000,0x0000000011c00000)]
  0x000000000a711000 JavaThread "Finalizer" daemon [_thread_blocked, id=540, stack(0x0000000011120000,0x0000000011620000)]
  0x000000000a712800 JavaThread "Reference Handler" daemon [_thread_blocked, id=3792, stack(0x0000000010af0000,0x0000000010ff0000)]
  0x000000000819c800 JavaThread "main" [_thread_blocked, id=4600, stack(0x0000000008360000,0x0000000008460000)]

Other Threads:
  0x000000000a716000 VMThread [stack: 0x0000000010990000,0x0000000010a90000] [id=8008]
  0x000000000a861800 WatcherThread [stack: 0x00000000220f0000,0x00000000221f0000] [id=6960]

VM state:not at safepoint (normal execution)

VM Mutex/Monitor currently owned by a thread: None

Heap:
 PSYoungGen      total 48128K, used 10989K [0x00000007bc400000, 0x00000007c0000000, 0x00000007c0000000)
  eden space 35840K, 3% used [0x00000007bc400000,0x00000007bc54c010,0x00000007be700000)
  from space 12288K, 78% used [0x00000007bf400000,0x00000007bfd6f688,0x00000007c0000000)
  to   space 12800K, 0% used [0x00000007be700000,0x00000007be700000,0x00000007bf380000)
 ParOldGen       total 82944K, used 75146K [0x0000000700000000, 0x0000000705100000, 0x00000007bc400000)
  object space 82944K, 90% used [0x0000000700000000,0x0000000704962aa8,0x0000000705100000)
 Metaspace       used 56420K, capacity 56737K, committed 57472K, reserved 1097728K
  class space    used 8114K, capacity 8195K, committed 8320K, reserved 1048576K

Card table byte_map: [0x0000000008820000,0x0000000008e30000] byte_map_base: 0x0000000005020000

Marking Bits: (ParMarkBitMap*) 0x000000005157d490
 Begin Bits: [0x000000000a990000, 0x000000000d990000)
 End Bits:   [0x000000000d990000, 0x0000000010990000)

Polling page: 0x00000000002c0000

CodeCache: size=245760Kb used=41321Kb max_used=42272Kb free=204438Kb
 bounds [0x0000000012270000, 0x0000000014c10000, 0x0000000021270000]
 total_blobs=11340 nmethods=10523 adapters=722
 compilation: enabled

Compilation events (10 events):
Event: 1749.702 Thread 0x000000000a885800 nmethod 13783 0x00000000138ffcd0 code [0x00000000138ffe60, 0x0000000013900518]
Event: 1749.704 Thread 0x000000000a888800 13784       4       javax.swing.text.html.StyleSheet::<init> (58 bytes)
Event: 1749.705 Thread 0x000000000a886800 13785       4       javax.swing.text.html.HTMLDocument::<init> (16 bytes)
Event: 1749.722 Thread 0x000000000a888800 nmethod 13784 0x0000000012820d10 code [0x0000000012820fa0, 0x0000000012821e60]
Event: 1749.725 Thread 0x000000000a885800 13786       3       com.jidesoft.grid.JideTable::v (103 bytes)
Event: 1749.726 Thread 0x000000000a885800 nmethod 13786 0x000000001303e810 code [0x000000001303ea00, 0x000000001303f948]
Event: 1749.743 Thread 0x000000000a885800 13787       3       com.jidesoft.grid.JideTable::a (221 bytes)
Event: 1749.745 Thread 0x000000000a885800 nmethod 13787 0x000000001492d750 code [0x000000001492d960, 0x000000001492ec28]
Event: 1749.768 Thread 0x000000000a888800 13788       4       javax.swing.plaf.basic.BasicTextUI$RootView::getPreferredSpan (19 bytes)
Event: 1749.768 Thread 0x000000000a888800 nmethod 13788 0x00000000149152d0 code [0x0000000014915420, 0x00000000149154b8]

GC Heap History (10 events):
Event: 1332.168 GC heap before
{Heap before GC invocations=103 (full 5):
 PSYoungGen      total 51200K, used 48881K [0x00000007bc400000, 0x00000007c0000000, 0x00000007c0000000)
  eden space 40960K, 100% used [0x00000007bc400000,0x00000007bec00000,0x00000007bec00000)
  from space 10240K, 77% used [0x00000007bec00000,0x00000007bf3bc6a0,0x00000007bf600000)
  to   space 10240K, 0% used [0x00000007bf600000,0x00000007bf600000,0x00000007c0000000)
 ParOldGen       total 82944K, used 74501K [0x0000000700000000, 0x0000000705100000, 0x00000007bc400000)
  object space 82944K, 89% used [0x0000000700000000,0x00000007048c14d0,0x0000000705100000)
 Metaspace       used 55885K, capacity 56229K, committed 56832K, reserved 1097728K
  class space    used 8053K, capacity 8151K, committed 8192K, reserved 1048576K
Event: 1332.177 GC heap after
Heap after GC invocations=103 (full 5):
 PSYoungGen      total 50176K, used 7771K [0x00000007bc400000, 0x00000007c0000000, 0x00000007c0000000)
  eden space 39936K, 0% used [0x00000007bc400000,0x00000007bc400000,0x00000007beb00000)
  from space 10240K, 75% used [0x00000007bf600000,0x00000007bfd96e48,0x00000007c0000000)
  to   space 10752K, 0% used [0x00000007beb00000,0x00000007beb00000,0x00000007bf580000)
 ParOldGen       total 82944K, used 74509K [0x0000000700000000, 0x0000000705100000, 0x00000007bc400000)
  object space 82944K, 89% used [0x0000000700000000,0x00000007048c34d0,0x0000000705100000)
 Metaspace       used 55885K, capacity 56229K, committed 56832K, reserved 1097728K
  class space    used 8053K, capacity 8151K, committed 8192K, reserved 1048576K
}
Event: 1345.912 GC heap before
{Heap before GC invocations=104 (full 5):
 PSYoungGen      total 50176K, used 47707K [0x00000007bc400000, 0x00000007c0000000, 0x00000007c0000000)
  eden space 39936K, 100% used [0x00000007bc400000,0x00000007beb00000,0x00000007beb00000)
  from space 10240K, 75% used [0x00000007bf600000,0x00000007bfd96e48,0x00000007c0000000)
  to   space 10752K, 0% used [0x00000007beb00000,0x00000007beb00000,0x00000007bf580000)
 ParOldGen       total 82944K, used 74509K [0x0000000700000000, 0x0000000705100000, 0x00000007bc400000)
  object space 82944K, 89% used [0x0000000700000000,0x00000007048c34d0,0x0000000705100000)
 Metaspace       used 56095K, capacity 56481K, committed 57216K, reserved 1097728K
  class space    used 8103K, capacity 8195K, committed 8320K, reserved 1048576K
Event: 1345.923 GC heap after
Heap after GC invocations=104 (full 5):
 PSYoungGen      total 49152K, used 9247K [0x00000007bc400000, 0x00000007c0000000, 0x00000007c0000000)
  eden space 39424K, 0% used [0x00000007bc400000,0x00000007bc400000,0x00000007bea80000)
  from space 9728K, 95% used [0x00000007beb00000,0x00000007bf407d80,0x00000007bf480000)
  to   space 11264K, 0% used [0x00000007bf500000,0x00000007bf500000,0x00000007c0000000)
 ParOldGen       total 82944K, used 74525K [0x0000000700000000, 0x0000000705100000, 0x00000007bc400000)
  object space 82944K, 89% used [0x0000000700000000,0x00000007048c74d0,0x0000000705100000)
 Metaspace       used 56095K, capacity 56481K, committed 57216K, reserved 1097728K
  class space    used 8103K, capacity 8195K, committed 8320K, reserved 1048576K
}
Event: 1602.502 GC heap before
{Heap before GC invocations=105 (full 5):
 PSYoungGen      total 49152K, used 48671K [0x00000007bc400000, 0x00000007c0000000, 0x00000007c0000000)
  eden space 39424K, 100% used [0x00000007bc400000,0x00000007bea80000,0x00000007bea80000)
  from space 9728K, 95% used [0x00000007beb00000,0x00000007bf407d80,0x00000007bf480000)
  to   space 11264K, 0% used [0x00000007bf500000,0x00000007bf500000,0x00000007c0000000)
 ParOldGen       total 82944K, used 74525K [0x0000000700000000, 0x0000000705100000, 0x00000007bc400000)
  object space 82944K, 89% used [0x0000000700000000,0x00000007048c74d0,0x0000000705100000)
 Metaspace       used 56233K, capacity 56609K, committed 57216K, reserved 1097728K
  class space    used 8104K, capacity 8195K, committed 8320K, reserved 1048576K
Event: 1602.528 GC heap after
Heap after GC invocations=105 (full 5):
 PSYoungGen      total 49152K, used 10333K [0x00000007bc400000, 0x00000007c0000000, 0x00000007c0000000)
  eden space 37888K, 0% used [0x00000007bc400000,0x00000007bc400000,0x00000007be900000)
  from space 11264K, 91% used [0x00000007bf500000,0x00000007bff17710,0x00000007c0000000)
  to   space 11776K, 0% used [0x00000007be900000,0x00000007be900000,0x00000007bf480000)
 ParOldGen       total 82944K, used 74525K [0x0000000700000000, 0x0000000705100000, 0x00000007bc400000)
  object space 82944K, 89% used [0x0000000700000000,0x00000007048c74d0,0x0000000705100000)
 Metaspace       used 56233K, capacity 56609K, committed 57216K, reserved 1097728K
  class space    used 8104K, capacity 8195K, committed 8320K, reserved 1048576K
}
Event: 1714.006 GC heap before
{Heap before GC invocations=106 (full 5):
 PSYoungGen      total 49152K, used 48221K [0x00000007bc400000, 0x00000007c0000000, 0x00000007c0000000)
  eden space 37888K, 100% used [0x00000007bc400000,0x00000007be900000,0x00000007be900000)
  from space 11264K, 91% used [0x00000007bf500000,0x00000007bff17710,0x00000007c0000000)
  to   space 11776K, 0% used [0x00000007be900000,0x00000007be900000,0x00000007bf480000)
 ParOldGen       total 82944K, used 74525K [0x0000000700000000, 0x0000000705100000, 0x00000007bc400000)
  object space 82944K, 89% used [0x0000000700000000,0x00000007048c74d0,0x0000000705100000)
 Metaspace       used 56257K, capacity 56609K, committed 57216K, reserved 1097728K
  class space    used 8104K, capacity 8195K, committed 8320K, reserved 1048576K
Event: 1714.022 GC heap after
Heap after GC invocations=106 (full 5):
 PSYoungGen      total 47616K, used 9803K [0x00000007bc400000, 0x00000007c0000000, 0x00000007c0000000)
  eden space 37376K, 0% used [0x00000007bc400000,0x00000007bc400000,0x00000007be880000)
  from space 10240K, 95% used [0x00000007be900000,0x00000007bf292da0,0x00000007bf300000)
  to   space 12288K, 0% used [0x00000007bf400000,0x00000007bf400000,0x00000007c0000000)
 ParOldGen       total 82944K, used 74741K [0x0000000700000000, 0x0000000705100000, 0x00000007bc400000)
  object space 82944K, 90% used [0x0000000700000000,0x00000007048fd4f0,0x0000000705100000)
 Metaspace       used 56257K, capacity 56609K, committed 57216K, reserved 1097728K
  class space    used 8104K, capacity 8195K, committed 8320K, reserved 1048576K
}
Event: 1749.726 GC heap before
{Heap before GC invocations=107 (full 5):
 PSYoungGen      total 47616K, used 47179K [0x00000007bc400000, 0x00000007c0000000, 0x00000007c0000000)
  eden space 37376K, 100% used [0x00000007bc400000,0x00000007be880000,0x00000007be880000)
  from space 10240K, 95% used [0x00000007be900000,0x00000007bf292da0,0x00000007bf300000)
  to   space 12288K, 0% used [0x00000007bf400000,0x00000007bf400000,0x00000007c0000000)
 ParOldGen       total 82944K, used 74741K [0x0000000700000000, 0x0000000705100000, 0x00000007bc400000)
  object space 82944K, 90% used [0x0000000700000000,0x00000007048fd4f0,0x0000000705100000)
 Metaspace       used 56420K, capacity 56737K, committed 57472K, reserved 1097728K
  class space    used 8114K, capacity 8195K, committed 8320K, reserved 1048576K
Event: 1749.739 GC heap after
Heap after GC invocations=107 (full 5):
 PSYoungGen      total 48128K, used 9661K [0x00000007bc400000, 0x00000007c0000000, 0x00000007c0000000)
  eden space 35840K, 0% used [0x00000007bc400000,0x00000007bc400000,0x00000007be700000)
  from space 12288K, 78% used [0x00000007bf400000,0x00000007bfd6f688,0x00000007c0000000)
  to   space 12800K, 0% used [0x00000007be700000,0x00000007be700000,0x00000007bf380000)
 ParOldGen       total 82944K, used 75146K [0x0000000700000000, 0x0000000705100000, 0x00000007bc400000)
  object space 82944K, 90% used [0x0000000700000000,0x0000000704962aa8,0x0000000705100000)
 Metaspace       used 56420K, capacity 56737K, committed 57472K, reserved 1097728K
  class space    used 8114K, capacity 8195K, committed 8320K, reserved 1048576K
}

Deoptimization events (10 events):
Event: 1342.319 Thread 0x000000000496d000 Uncommon trap: reason=bimorphic action=maybe_recompile pc=0x00000000131b026c method=javax.swing.text.PlainDocument.insertUpdate(Ljavax/swing/text/AbstractDocument$DefaultDocumentEvent;Ljavax/swing/text/AttributeSet;)V @ 15
Event: 1342.381 Thread 0x000000000496d000 Uncommon trap: reason=class_check action=maybe_recompile pc=0x0000000012e7bcb8 method=java.awt.Component.processMouseMotionEvent(Ljava/awt/event/MouseEvent;)V @ 52
Event: 1744.269 Thread 0x000000000496d000 Uncommon trap: reason=class_check action=maybe_recompile pc=0x000000001405a0c4 method=javax.swing.JComponent._paintImmediately(IIII)V @ 88
Event: 1744.271 Thread 0x000000000496d000 Uncommon trap: reason=class_check action=maybe_recompile pc=0x000000001405a0c4 method=javax.swing.JComponent._paintImmediately(IIII)V @ 88
Event: 1744.323 Thread 0x000000000496d000 Uncommon trap: reason=class_check action=maybe_recompile pc=0x000000001405a0c4 method=javax.swing.JComponent._paintImmediately(IIII)V @ 88
Event: 1744.371 Thread 0x000000000496d000 Uncommon trap: reason=class_check action=maybe_recompile pc=0x000000001405a0c4 method=javax.swing.JComponent._paintImmediately(IIII)V @ 88
Event: 1747.900 Thread 0x000000000496d000 Uncommon trap: reason=range_check action=make_not_entrant pc=0x0000000012a6e9fc method=java.awt.image.DirectColorModel.getRedMask()I @ 5
Event: 1749.426 Thread 0x000000000496d000 Uncommon trap: reason=class_check action=maybe_recompile pc=0x0000000012e7bcb8 method=java.awt.Component.processMouseMotionEvent(Ljava/awt/event/MouseEvent;)V @ 52
Event: 1749.641 Thread 0x000000000496d000 Uncommon trap: reason=bimorphic action=maybe_recompile pc=0x0000000014683bbc method=java.util.HashMap.removeNode(ILjava/lang/Object;Ljava/lang/Object;ZZ)Ljava/util/HashMap$Node; @ 68
Event: 1749.741 Thread 0x000000000496d000 Uncommon trap: reason=unreached action=reinterpret pc=0x0000000014ab5574 method=java.util.Collections.eq(Ljava/lang/Object;Ljava/lang/Object;)Z @ 1

Internal exceptions (10 events):
Event: 1749.567 Thread 0x000000000496d000 Exception <a 'java/security/PrivilegedActionException'> (0x00000007be663958) thrown at [D:\re\workspace\8-2-build-windows-amd64-cygwin\jdk8u25\1677\hotspot\src\share\vm\prims\jvm.cpp, line 1312]
Event: 1749.579 Thread 0x000000000496d000 Exception <a 'java/security/PrivilegedActionException'> (0x00000007be668008) thrown at [D:\re\workspace\8-2-build-windows-amd64-cygwin\jdk8u25\1677\hotspot\src\share\vm\prims\jvm.cpp, line 1312]
Event: 1749.580 Thread 0x000000000496d000 Exception <a 'java/security/PrivilegedActionException'> (0x00000007be66eb70) thrown at [D:\re\workspace\8-2-build-windows-amd64-cygwin\jdk8u25\1677\hotspot\src\share\vm\prims\jvm.cpp, line 1312]
Event: 1749.592 Thread 0x000000000496d000 Exception <a 'java/security/PrivilegedActionException'> (0x00000007be6736e8) thrown at [D:\re\workspace\8-2-build-windows-amd64-cygwin\jdk8u25\1677\hotspot\src\share\vm\prims\jvm.cpp, line 1312]
Event: 1749.593 Thread 0x000000000496d000 Exception <a 'java/security/PrivilegedActionException'> (0x00000007be67e7b8) thrown at [D:\re\workspace\8-2-build-windows-amd64-cygwin\jdk8u25\1677\hotspot\src\share\vm\prims\jvm.cpp, line 1312]
Event: 1749.595 Thread 0x000000000496d000 Exception <a 'java/security/PrivilegedActionException'> (0x00000007be68a910) thrown at [D:\re\workspace\8-2-build-windows-amd64-cygwin\jdk8u25\1677\hotspot\src\share\vm\prims\jvm.cpp, line 1312]
Event: 1749.623 Thread 0x000000000496d000 Exception <a 'java/security/PrivilegedActionException'> (0x00000007be694ba0) thrown at [D:\re\workspace\8-2-build-windows-amd64-cygwin\jdk8u25\1677\hotspot\src\share\vm\prims\jvm.cpp, line 1312]
Event: 1749.624 Thread 0x000000000496d000 Exception <a 'java/security/PrivilegedActionException'> (0x00000007be698e30) thrown at [D:\re\workspace\8-2-build-windows-amd64-cygwin\jdk8u25\1677\hotspot\src\share\vm\prims\jvm.cpp, line 1312]
Event: 1749.687 Thread 0x000000000496d000 Exception <a 'java/security/PrivilegedActionException'> (0x00000007be79fe78) thrown at [D:\re\workspace\8-2-build-windows-amd64-cygwin\jdk8u25\1677\hotspot\src\share\vm\prims\jvm.cpp, line 1312]
Event: 1749.741 Thread 0x000000000496d000 Implicit null exception at 0x0000000014ab5510 to 0x0000000014ab5561

Events (10 events):
Event: 1749.660 loading class java/util/Collections$SingletonSet done
Event: 1749.687 loading class ui/views/q/c/u
Event: 1749.687 loading class ui/views/q/c/u done
Event: 1749.726 Executing VM operation: ParallelGCFailedAllocation
Event: 1749.739 Executing VM operation: ParallelGCFailedAllocation done
Event: 1749.741 Thread 0x000000000496d000 Uncommon trap: trap_request=0xffffffad fr.pc=0x0000000014ab5574
Event: 1749.741 Thread 0x000000000496d000 DEOPT PACKING pc=0x0000000014ab5574 sp=0x0000000025c9ad60
Event: 1749.741 Thread 0x000000000496d000 DEOPT UNPACKING pc=0x00000000122b556a sp=0x0000000025c9aca8 mode 2
Event: 1749.743 Executing VM operation: RevokeBias
Event: 1749.744 Executing VM operation: RevokeBias done


Dynamic libraries:
0x000000013fb10000 - 0x000000013fb4d000 	C:\Xilinx\Vivado\2015.2\bin\unwrapped\win64.o\vivado.exe
0x00000000774b0000 - 0x000000007765a000 	C:\Windows\SYSTEM32\ntdll.dll
0x0000000077290000 - 0x00000000773af000 	C:\Windows\system32\kernel32.dll
0x000007fefd530000 - 0x000007fefd59a000 	C:\Windows\system32\KERNELBASE.dll
0x0000000074ee0000 - 0x0000000074f69000 	C:\Windows\System32\SYSFER.DLL
0x000000000a900000 - 0x000000000a98d000 	C:\Xilinx\Vivado\2015.2\lib\win64.o\SHSMP64.dll
0x00000000773b0000 - 0x00000000774aa000 	C:\Windows\system32\USER32.dll
0x000007feff0b0000 - 0x000007feff117000 	C:\Windows\system32\GDI32.dll
0x000007feff2b0000 - 0x000007feff2be000 	C:\Windows\system32\LPK.dll
0x000007fefdfb0000 - 0x000007fefe07a000 	C:\Windows\system32\USP10.dll
0x000007fefd5c0000 - 0x000007fefd65f000 	C:\Windows\system32\msvcrt.dll
0x000007feff180000 - 0x000007feff25b000 	C:\Windows\system32\ADVAPI32.dll
0x000007fefe090000 - 0x000007fefe0af000 	C:\Windows\SYSTEM32\sechost.dll
0x000007fefee40000 - 0x000007fefef6d000 	C:\Windows\system32\RPCRT4.dll
0x000007fefc2c0000 - 0x000007fefc2cc000 	C:\Windows\system32\VERSION.dll
0x000007fef2fd0000 - 0x000007fef2fe3000 	C:\Xilinx\Vivado\2015.2\lib\win64.o\libboost_signals.dll
0x000007feee9b0000 - 0x000007feeea57000 	C:\Windows\system32\MSVCP110.dll
0x000007feec6a0000 - 0x000007feec774000 	C:\Windows\system32\MSVCR110.dll
0x000007fee6d30000 - 0x000007fee7673000 	C:\Xilinx\Vivado\2015.2\lib\win64.o\librdi_common.dll
0x000007fee6a80000 - 0x000007fee6d28000 	C:\Xilinx\Vivado\2015.2\lib\win64.o\libCOIN-all.dll
0x000007fee6860000 - 0x000007fee6a80000 	C:\Xilinx\Vivado\2015.2\lib\win64.o\libXil_lmgr11.dll
0x000007fefb0f0000 - 0x000007fefb106000 	C:\Windows\system32\NETAPI32.dll
0x000007fefcb90000 - 0x000007fefcb9c000 	C:\Windows\system32\netutils.dll
0x000007fefcee0000 - 0x000007fefcf03000 	C:\Windows\system32\srvcli.dll
0x000007fefb0d0000 - 0x000007fefb0e5000 	C:\Windows\system32\wkscli.dll
0x000007fefef70000 - 0x000007feff007000 	C:\Windows\system32\COMDLG32.dll
0x000007feff660000 - 0x000007feff6d1000 	C:\Windows\system32\SHLWAPI.dll
0x000007fef2380000 - 0x000007fef2420000 	C:\Windows\WinSxS\amd64_microsoft.windows.common-controls_6595b64144ccf1df_5.82.7601.18837_none_a4d981ff711297b6\COMCTL32.dll
0x000007fefe0b0000 - 0x000007fefee3a000 	C:\Windows\system32\SHELL32.dll
0x000007fef4260000 - 0x000007fef4269000 	C:\Windows\system32\WSOCK32.dll
0x000007feff260000 - 0x000007feff2ad000 	C:\Windows\system32\WS2_32.dll
0x000007fefe080000 - 0x000007fefe088000 	C:\Windows\system32\NSI.dll
0x000007feff6e0000 - 0x000007feff7ba000 	C:\Windows\system32\OLEAUT32.dll
0x000007feff450000 - 0x000007feff653000 	C:\Windows\system32\ole32.dll
0x000007fefd400000 - 0x000007fefd43b000 	C:\Windows\system32\WINTRUST.dll
0x000007fefd240000 - 0x000007fefd3ad000 	C:\Windows\system32\CRYPT32.dll
0x000007fefd1f0000 - 0x000007fefd1ff000 	C:\Windows\system32\MSASN1.dll
0x000007fefbe60000 - 0x000007fefbe70000 	C:\Xilinx\Vivado\2015.2\lib\win64.o\libboost_date_time.dll
0x000007fef25d0000 - 0x000007fef25f2000 	C:\Xilinx\Vivado\2015.2\lib\win64.o\libboost_filesystem.dll
0x000007fefbde0000 - 0x000007fefbde9000 	C:\Xilinx\Vivado\2015.2\lib\win64.o\libboost_system.dll
0x000007feecb20000 - 0x000007feecb94000 	C:\Xilinx\Vivado\2015.2\lib\win64.o\libboost_program_options.dll
0x000007fee93d0000 - 0x000007fee94ca000 	C:\Xilinx\Vivado\2015.2\lib\win64.o\libboost_regex.dll
0x000007fef2fb0000 - 0x000007fef2fcd000 	C:\Xilinx\Vivado\2015.2\lib\win64.o\libboost_thread.dll
0x000007fefb560000 - 0x000007fefb56b000 	C:\Xilinx\Vivado\2015.2\lib\win64.o\libboost_chrono.dll
0x000007feec7b0000 - 0x000007feec830000 	C:\Xilinx\Vivado\2015.2\lib\win64.o\libhdlpsolve.dll
0x000007feec110000 - 0x000007feec1aa000 	C:\Xilinx\Vivado\2015.2\lib\win64.o\libhdxml.dll
0x000007fee6250000 - 0x000007fee685a200 	C:\Xilinx\Vivado\2015.2\lib\win64.o\libisl_iostreams.dll
0x000007fef2f40000 - 0x000007fef2f56000 	C:\Xilinx\Vivado\2015.2\lib\win64.o\libboost_iostreams.dll
0x000007feef7f0000 - 0x000007feef813000 	C:\Xilinx\Vivado\2015.2\lib\win64.o\librdizlib.dll
0x000007feef270000 - 0x000007feef293000 	C:\Xilinx\Vivado\2015.2\lib\win64.o\libisl_iosutils.dll
0x000007feef140000 - 0x000007feef16a000 	C:\Xilinx\Vivado\2015.2\lib\win64.o\libisl_sysinfo.dll
0x0000000050da0000 - 0x00000000515fa000 	C:\Xilinx\Vivado\2015.2\tps\win64\jre\bin\server\jvm.dll
0x000007fefb250000 - 0x000007fefb28b000 	C:\Windows\system32\WINMM.dll
0x0000000077670000 - 0x0000000077677000 	C:\Windows\system32\PSAPI.DLL
0x000000005c0f0000 - 0x000000005c1c2000 	C:\Windows\system32\MSVCR100.dll
0x000007fef26d0000 - 0x000007fef26e5000 	C:\Xilinx\Vivado\2015.2\lib\win64.o\pthreadVC2.dll
0x000007feed9a0000 - 0x000007feed9f4000 	C:\Xilinx\Vivado\2015.2\lib\win64.o\librdi_commonxillic.dll
0x000007fee6120000 - 0x000007fee6250000 	C:\Xilinx\Vivado\2015.2\lib\win64.o\librdi_curl.dll
0x000007fefb380000 - 0x000007fefb398000 	C:\Xilinx\Vivado\2015.2\lib\win64.o\librdiconfig.dll
0x000000005b7e0000 - 0x000000005b907000 	C:\Xilinx\Vivado\2015.2\lib\win64.o\tcl85t.dll
0x0000000012000000 - 0x0000000012263000 	C:\Xilinx\Vivado\2015.2\lib\win64.o\xerces-c_3_1.dll
0x000007fefdc20000 - 0x000007fefdef2000 	C:\Windows\system32\WININET.dll
0x000007fefd3b0000 - 0x000007fefd3b4000 	C:\Windows\system32\api-ms-win-downlevel-user32-l1-1-0.dll
0x000007fefd3f0000 - 0x000007fefd3f4000 	C:\Windows\system32\api-ms-win-downlevel-shlwapi-l1-1-0.dll
0x000007fefd4e0000 - 0x000007fefd4e4000 	C:\Windows\system32\api-ms-win-downlevel-version-l1-1-0.dll
0x000007fefd510000 - 0x000007fefd513000 	C:\Windows\system32\api-ms-win-downlevel-normaliz-l1-1-0.dll
0x0000000077680000 - 0x0000000077683000 	C:\Windows\system32\normaliz.DLL
0x000007fefd840000 - 0x000007fefdb0a000 	C:\Windows\system32\iertutil.dll
0x000007fefd3e0000 - 0x000007fefd3e5000 	C:\Windows\system32\api-ms-win-downlevel-advapi32-l1-1-0.dll
0x000007fefd4f0000 - 0x000007fefd50e000 	C:\Windows\system32\USERENV.dll
0x000007fefd1e0000 - 0x000007fefd1ef000 	C:\Windows\system32\profapi.dll
0x000007fef76e0000 - 0x000007fef7751000 	C:\Windows\system32\WINHTTP.dll
0x000007fef7670000 - 0x000007fef76d5000 	C:\Windows\system32\webio.dll
0x000007feff2c0000 - 0x000007feff444000 	C:\Windows\system32\urlmon.dll
0x000007fefd520000 - 0x000007fefd524000 	C:\Windows\system32\api-ms-win-downlevel-ole32-l1-1-0.dll
0x000007feecd20000 - 0x000007feecd43000 	C:\Windows\system32\VCOMP110.DLL
0x000007fef2570000 - 0x000007fef2581000 	C:\Xilinx\Vivado\2015.2\lib\win64.o\librdi_commonmain.dll
0x000007fefb420000 - 0x000007fefb429000 	C:\Xilinx\Vivado\2015.2\lib\win64.o\librdi_commonversion.dll
0x000007fefdf80000 - 0x000007fefdfae000 	C:\Windows\system32\IMM32.DLL
0x000007fefdb10000 - 0x000007fefdc19000 	C:\Windows\system32\MSCTF.dll
0x000007fee5d10000 - 0x000007fee611a000 	C:\Xilinx\Vivado\2015.2\lib\win64.o\librdi_commontasks.dll
0x000007fee5500000 - 0x000007fee5d10000 	C:\Xilinx\Vivado\2015.2\lib\win64.o\libXil_lmgr11FNP.dll
0x000007fefa0c0000 - 0x000007fefa0e7000 	C:\Windows\system32\iphlpapi.dll
0x000007fefa080000 - 0x000007fefa08b000 	C:\Windows\system32\WINNSI.DLL
0x000007fef5250000 - 0x000007fef525b000 	C:\Windows\system32\snmpapi.dll
0x000007fefd660000 - 0x000007fefd837000 	C:\Windows\system32\SETUPAPI.dll
0x000007fefd200000 - 0x000007fefd236000 	C:\Windows\system32\CFGMGR32.dll
0x000007fefd3c0000 - 0x000007fefd3da000 	C:\Windows\system32\DEVOBJ.dll
0x000007fef4c80000 - 0x000007fef4cf1000 	C:\Windows\system32\WINSPOOL.DRV
0x000007fef1d10000 - 0x000007fef1d64000 	C:\Windows\system32\OLEACC.dll
0x000007fefcac0000 - 0x000007fefcad8000 	C:\Windows\system32\CRYPTSP.dll
0x000007fefc6c0000 - 0x000007fefc707000 	C:\Windows\system32\rsaenh.dll
0x000007fefd040000 - 0x000007fefd04f000 	C:\Windows\system32\CRYPTBASE.dll
0x000007fefcfb0000 - 0x000007fefcfd5000 	C:\Windows\system32\SspiCli.dll
0x000007fefb7b0000 - 0x000007fefb806000 	C:\Windows\system32\uxtheme.dll
0x000007fefabb0000 - 0x000007fefabc5000 	C:\Windows\system32\NLAapi.dll
0x000007fef9b40000 - 0x000007fef9b55000 	C:\Windows\system32\napinsp.dll
0x000007fef9b60000 - 0x000007fef9b79000 	C:\Windows\system32\pnrpnsp.dll
0x000007fefca10000 - 0x000007fefca65000 	C:\Windows\System32\mswsock.dll
0x000007fefc840000 - 0x000007fefc89b000 	C:\Windows\system32\DNSAPI.dll
0x000007fef9b30000 - 0x000007fef9b3b000 	C:\Windows\System32\winrnr.dll
0x0000000063560000 - 0x0000000063569000 	C:\Program Files\National Instruments\Shared\mDNS Responder\nimdnsNSP.dll
0x0000000063550000 - 0x000000006355e000 	C:\Windows\system32\nimdnsResponder.dll
0x0000000074e20000 - 0x0000000074ec3000 	C:\Windows\WinSxS\amd64_microsoft.vc90.crt_1fc8b3b9a1e18e3b_9.0.30729.6161_none_08e61857a83bc251\MSVCR90.dll
0x000007feff010000 - 0x000007feff0a9000 	C:\Windows\system32\CLBCatQ.DLL
0x000007fefa010000 - 0x000007fefa063000 	C:\Windows\System32\fwpuclnt.dll
0x000007fef9bb0000 - 0x000007fef9bb8000 	C:\Windows\system32\rasadhlp.dll
0x000007fefcba0000 - 0x000007fefcba7000 	C:\Windows\System32\wship6.dll
0x000007fefc390000 - 0x000007fefc397000 	C:\Windows\System32\wshtcpip.dll
0x000007fefd050000 - 0x000007fefd064000 	C:\Windows\system32\RpcRtRemote.dll
0x000000006fcf0000 - 0x000000006fcf3000 	C:\Windows\system32\icmp.Dll
0x000007fefa140000 - 0x000007fefa151000 	C:\Windows\system32\dhcpcsvc6.DLL
0x000007fefa120000 - 0x000007fefa138000 	C:\Windows\system32\dhcpcsvc.DLL
0x000007fee4f60000 - 0x000007fee54fb000 	C:\Xilinx\Vivado\2015.2\lib\win64.o\librdi_coretasks.dll
0x000007fee4e20000 - 0x000007fee4f5a000 	C:\Xilinx\Vivado\2015.2\lib\win64.o\librdi_board.dll
0x000007fee4c60000 - 0x000007fee4e1e000 	C:\Xilinx\Vivado\2015.2\lib\win64.o\librdi_chipscope.dll
0x000007fee9b50000 - 0x000007fee9bb3000 	C:\Xilinx\Vivado\2015.2\lib\win64.o\liblmx6.0.dll
0x000007fee3b50000 - 0x000007fee4c5b000 	C:\Xilinx\Vivado\2015.2\lib\win64.o\librdi_constraints.dll
0x000007fee9af0000 - 0x000007fee9b4d000 	C:\Xilinx\Vivado\2015.2\lib\win64.o\librdi_boarddep.dll
0x000007fedd050000 - 0x000007fee3b4f000 	C:\Xilinx\Vivado\2015.2\lib\win64.o\librdi_device.dll
0x000007feec550000 - 0x000007feec597000 	C:\Xilinx\Vivado\2015.2\lib\win64.o\libboost_serialization.dll
0x000007fedc840000 - 0x000007fedd04d000 	C:\Xilinx\Vivado\2015.2\lib\win64.o\libverific.dll
0x000007fedc510000 - 0x000007fedc83d000 	C:\Xilinx\Vivado\2015.2\lib\win64.o\librdi_filemgmt.dll
0x000007fedc0e0000 - 0x000007fedc502000 	C:\Xilinx\Vivado\2015.2\lib\win64.o\librdi_netlist.dll
0x000007fedbc50000 - 0x000007fedc0e0000 	C:\Xilinx\Vivado\2015.2\lib\win64.o\librdi_psta.dll
0x000007feda460000 - 0x000007fedbc50000 	C:\Xilinx\Vivado\2015.2\lib\win64.o\librdi_coregen.dll
0x000007fed9da0000 - 0x000007feda459000 	C:\Xilinx\Vivado\2015.2\lib\win64.o\librdi_coregenipxact.dll
0x000007fed6710000 - 0x000007fed9d95000 	C:\Xilinx\Vivado\2015.2\lib\win64.o\librdi_designutils.dll

VM Arguments:
jvm_args: -Dsun.java2d.pmoffscreen=false -Dsun.java2d.d3d=false -Dsun.awt.nopixfmt=true -Xverify:none -Dswing.aatext=true -XX:-UsePerfData -Djdk.map.althashing.threshold=512 -XX:StringTableSize=4072 -Djava.util.Arrays.useLegacyMergeSort=true -XX:NewSize=60m -XX:MaxNewSize=60m -Xms128m -Xmx3072m -Xss5m 
java_command: <unknown>
java_class_path (initial): C:/Xilinx/Vivado/2015.2\lib\classes\alloy.jar;C:/Xilinx/Vivado/2015.2\lib\classes\antlr-2.7.7.jar;C:/Xilinx/Vivado/2015.2\lib\classes\batik-anim.jar;C:/Xilinx/Vivado/2015.2\lib\classes\batik-awt-util.jar;C:/Xilinx/Vivado/2015.2\lib\classes\batik-bridge.jar;C:/Xilinx/Vivado/2015.2\lib\classes\batik-codec.jar;C:/Xilinx/Vivado/2015.2\lib\classes\batik-css.jar;C:/Xilinx/Vivado/2015.2\lib\classes\batik-dom.jar;C:/Xilinx/Vivado/2015.2\lib\classes\batik-ext.jar;C:/Xilinx/Vivado/2015.2\lib\classes\batik-gui-util.jar;C:/Xilinx/Vivado/2015.2\lib\classes\batik-gvt.jar;C:/Xilinx/Vivado/2015.2\lib\classes\batik-parser.jar;C:/Xilinx/Vivado/2015.2\lib\classes\batik-script.jar;C:/Xilinx/Vivado/2015.2\lib\classes\batik-svg-dom.jar;C:/Xilinx/Vivado/2015.2\lib\classes\batik-swing.jar;C:/Xilinx/Vivado/2015.2\lib\classes\batik-transcoder.jar;C:/Xilinx/Vivado/2015.2\lib\classes\batik-util.jar;C:/Xilinx/Vivado/2015.2\lib\classes\batik-xml.jar;C:/Xilinx/Vivado/2015.2\lib\classes\commons-logging.jar;C:/Xilinx/Vivado/2015.2\lib\classes\commons-math-2.2.jar;C:/Xilinx/Vivado/2015.2\lib\classes\dom4j-1.6.1.jar;C:/Xilinx/Vivado/2015.2\lib\classes\forms.jar;C:/Xilinx/Vivado/2015.2\lib\classes\guava-15.0.jar;C:/Xilinx/Vivado/2015.2\lib\classes\hsqldb.jar;C:/Xilinx/Vivado/2015.2\lib\classes\jdom.jar;C:/Xilinx/Vivado/2015.2\lib\classes\jide-action.jar;C:/Xilinx/Vivado/2015.2\lib\classes\jide-charts.jar;C:/Xilinx/Vivado/2015.2\lib\classes\jide-common.jar;C:/Xilinx/Vivado/2015.2\lib\classes\jide-components.jar;C:/Xilinx/Vivado/2015.2\lib\classes\jide-dashboard.jar;C:/Xilinx/Vivado/2015.2\lib\classes\jide-data.jar;C:/Xilinx/Vivado/2015.2\lib\classes\jide-dialogs.jar;C:/Xilinx/Vivado/2015.2\lib\classes\jide-diff.jar;C:/Xilinx/Vivado/2015.2\lib\classes\jide-dock.jar;C:/Xilinx/Vivado/2015.2\lib\classes\jide-editor.jar;C:/Xilinx/Vivado/2015.2\lib\classes\jide-gantt.jar;C:/Xilinx/Vivado/2015.2\lib\classes\jide-grids.jar;C:/Xilinx/Vivado/2015.2\lib\classes\jide-pivot.jar;C:/Xilin
Launcher Type: generic

Environment Variables:
PATH=C:/Xilinx/Vivado/2015.2/bin;C:/Xilinx/Vivado/2015.2/lib/win64.o;C:/Xilinx/Vivado/2015.2/tps/win64/jre/bin/server;C:/Xilinx/Vivado/2015.2/tps/win64/jre/bin;C:/Xilinx/Vivado/2015.2/ids_lite/ISE/bin/nt64;C:/Xilinx/Vivado/2015.2/ids_lite/ISE/lib/nt64;C:\ProgramData\Oracle\Java\javapath;C:\Windows\system32;C:\Windows;C:\Windows\System32\Wbem;C:\Windows\System32\WindowsPowerShell\v1.0\;C:\Program Files (x86)\IVI Foundation\IVI\bin;C:\Program Files\IVI Foundation\IVI\bin;C:\Program Files (x86)\IVI Foundation\VISA\WinNT\Bin\;C:\Program Files\IVI Foundation\VISA\Win64\Bin\;C:\Program Files (x86)\IVI Foundation\VISA\WinNT\Bin;C:\Program Files\MATLAB\R2014b\bin;C:\Aldec\Active-HDL 9.3\bin;C:\Program Files\MIT\Kerberos\bin;C:\Program Files (x86)\MIT\Kerberos\bin
USERNAME=aprosser
OS=Windows_NT
PROCESSOR_IDENTIFIER=Intel64 Family 6 Model 42 Stepping 7, GenuineIntel



---------------  S Y S T E M  ---------------

OS: Windows 7 , 64 bit Build 7601 Service Pack 1

CPU:total 4 (2 cores per cpu, 2 threads per core) family 6 model 42 stepping 7, cmov, cx8, fxsr, mmx, sse, sse2, sse3, ssse3, sse4.1, sse4.2, popcnt, avx, clmul, ht, tsc, tscinvbit

Memory: 4k page, physical 4166716k(1592956k free), swap 8331572k(4041440k free)

vm_info: Java HotSpot(TM) 64-Bit Server VM (25.25-b02) for windows-amd64 JRE (1.8.0_25-b18), built on Oct  7 2014 14:25:37 by "java_re" with MS VC++ 10.0 (VS2010)

time: Wed Feb 15 14:50:31 2017
elapsed time: 1750 seconds (0d 0h 29m 10s)

