--------------------------------------------------------------------------------
Release 14.7 Trace  (lin64)
Copyright (c) 1995-2013 Xilinx, Inc.  All rights reserved.

/opt/local/xilinx/14.7/ISE_DS/ISE/bin/lin64/unwrapped/trce -intstyle ise -e 3
-s 10 -n 3 -fastpaths -xml TOP_LEVEL.twx TOP_LEVEL.ncd -o TOP_LEVEL.twr
TOP_LEVEL.pcf -ucf TOP_LEVEL.ucf

Design file:              TOP_LEVEL.ncd
Physical constraint file: TOP_LEVEL.pcf
Device,package,speed:     xc4vlx25,ff668,-10 (PRODUCTION 1.71 2013-10-13, STEPPING level 1)
Report level:             error report

Environment Variable      Effect 
--------------------      ------ 
NONE                      No environment variables were set
--------------------------------------------------------------------------------

WARNING:Timing:3223 - Timing constraint TS_digsclk_to_rstmclk = MAXDELAY FROM 
   TIMEGRP "psi_dig_sdata_clk0" TO TIMEGRP        "XLXN_12498" 8 ns 
   DATAPATHONLY; ignored during timing analysis.
WARNING:Timing:3223 - Timing constraint TS_digsclk1_to_rstmclk = MAXDELAY FROM 
   TIMEGRP "psi_dig_sdata_clk1" TO TIMEGRP        "XLXN_12498" 8 ns 
   DATAPATHONLY; ignored during timing analysis.
WARNING:Timing:3223 - Timing constraint TS_digsclk2_to_rstmclk = MAXDELAY FROM 
   TIMEGRP "psi_dig_sdata_clk2" TO TIMEGRP        "XLXN_12498" 8 ns 
   DATAPATHONLY; ignored during timing analysis.
INFO:Timing:3386 - Intersecting Constraints found and resolved.  For more 
   information, see the TSI report.  Please consult the Xilinx Command Line 
   Tools User Guide for information on generating a TSI report.
INFO:Timing:3412 - To improve timing, see the Timing Closure User Guide (UG612).
INFO:Timing:2752 - To get complete path coverage, use the unconstrained paths 
   option. All paths that are not constrained will be reported in the 
   unconstrained paths section(s) of the report.
INFO:Timing:3339 - The clock-to-out numbers in this timing report are based on 
   a 50 Ohm transmission line loading model.  For the details of this model, 
   and for more information on accounting for different loading conditions, 
   please see the device datasheet.

================================================================================
Timing constraint: PATH "TS_D2_TO_T2_ila_pro_0_path" TIG;

 3 paths analyzed, 3 endpoints analyzed, 0 failing endpoints
 0 timing errors detected. (0 setup errors, 0 hold errors)
--------------------------------------------------------------------------------

================================================================================
Timing constraint: PATH "TS_J2_TO_D2_ila_pro_0_path" TIG;

 0 paths analyzed, 0 endpoints analyzed, 0 failing endpoints
 0 timing errors detected.
--------------------------------------------------------------------------------

================================================================================
Timing constraint: PATH "TS_J3_TO_D2_ila_pro_0_path" TIG;

 0 paths analyzed, 0 endpoints analyzed, 0 failing endpoints
 0 timing errors detected.
--------------------------------------------------------------------------------

================================================================================
Timing constraint: PATH "TS_J4_TO_D2_ila_pro_0_path" TIG;

 11 paths analyzed, 1 endpoint analyzed, 0 failing endpoints
 0 timing errors detected. (0 setup errors, 0 hold errors)
--------------------------------------------------------------------------------

================================================================================
Timing constraint: TS_J_CLK = PERIOD TIMEGRP "J_CLK" 30 ns HIGH 50%;
For more information, see Period Analysis in the Timing Closure User Guide (UG612).

 2896 paths analyzed, 453 endpoints analyzed, 0 failing endpoints
 0 timing errors detected. (0 setup errors, 0 hold errors, 0 component switching limit errors)
 Minimum period is   6.941ns.
--------------------------------------------------------------------------------

================================================================================
Timing constraint: TS_U_TO_J = MAXDELAY FROM TIMEGRP "U_CLK" TO TIMEGRP "J_CLK" 
15 ns;
For more information, see From:To (Multicycle) Analysis in the Timing Closure User Guide (UG612).

 18 paths analyzed, 18 endpoints analyzed, 0 failing endpoints
 0 timing errors detected. (0 setup errors, 0 hold errors)
 Maximum delay is   2.621ns.
--------------------------------------------------------------------------------

================================================================================
Timing constraint: TS_U_TO_U = MAXDELAY FROM TIMEGRP "U_CLK" TO TIMEGRP "U_CLK" 
15 ns;
For more information, see From:To (Multicycle) Analysis in the Timing Closure User Guide (UG612).

 1 path analyzed, 1 endpoint analyzed, 0 failing endpoints
 0 timing errors detected. (0 setup errors, 0 hold errors)
 Maximum delay is   0.987ns.
--------------------------------------------------------------------------------

================================================================================
Timing constraint: PATH "TS_J_TO_D_path" TIG;

 377 paths analyzed, 78 endpoints analyzed, 0 failing endpoints
 0 timing errors detected. (0 setup errors, 0 hold errors)
--------------------------------------------------------------------------------

================================================================================
Timing constraint: PATH "TS_D_TO_J_path" TIG;

 399 paths analyzed, 382 endpoints analyzed, 0 failing endpoints
 0 timing errors detected. (0 setup errors, 0 hold errors)
--------------------------------------------------------------------------------

================================================================================
Timing constraint: TS_SECONDARY_CLK = PERIOD TIMEGRP "SECONDARY_CLK" 5 MHz HIGH 
50%;
For more information, see Period Analysis in the Timing Closure User Guide (UG612).

 2 paths analyzed, 2 endpoints analyzed, 0 failing endpoints
 0 timing errors detected. (0 setup errors, 0 hold errors, 0 component switching limit errors)
 Minimum period is   2.419ns.
--------------------------------------------------------------------------------

================================================================================
Timing constraint: TS_GEL_RXCLK = PERIOD TIMEGRP "GEL_RXCLK" 8 ns HIGH 50%;
For more information, see Period Analysis in the Timing Closure User Guide (UG612).

 50607 paths analyzed, 7002 endpoints analyzed, 0 failing endpoints
 0 timing errors detected. (0 setup errors, 0 hold errors, 0 component switching limit errors)
 Minimum period is   7.878ns.
--------------------------------------------------------------------------------

================================================================================
Timing constraint: TS_dut_src_clk = PERIOD TIMEGRP "dut_src_clk" 34 ns HIGH 
50%;
For more information, see Period Analysis in the Timing Closure User Guide (UG612).

 0 paths analyzed, 0 endpoints analyzed, 0 failing endpoints
 0 timing errors detected. (0 component switching limit errors)
 Minimum period is  15.624ns.
--------------------------------------------------------------------------------

================================================================================
Timing constraint: TS_XLXN_18355 = PERIOD TIMEGRP "XLXN_18355" 8 ns HIGH 50%;
For more information, see Period Analysis in the Timing Closure User Guide (UG612).

 0 paths analyzed, 0 endpoints analyzed, 0 failing endpoints
 0 timing errors detected. (0 component switching limit errors)
 Minimum period is   1.058ns.
--------------------------------------------------------------------------------

================================================================================
Timing constraint: TS_XLXN_18372 = PERIOD TIMEGRP "XLXN_18372" 8 ns HIGH 50%;
For more information, see Period Analysis in the Timing Closure User Guide (UG612).

 0 paths analyzed, 0 endpoints analyzed, 0 failing endpoints
 0 timing errors detected. (0 component switching limit errors)
 Minimum period is   1.058ns.
--------------------------------------------------------------------------------

================================================================================
Timing constraint: TS_XLXN_18597 = PERIOD TIMEGRP "XLXN_18597" 8 ns HIGH 50%;
For more information, see Period Analysis in the Timing Closure User Guide (UG612).

 0 paths analyzed, 0 endpoints analyzed, 0 failing endpoints
 0 timing errors detected. (0 component switching limit errors)
 Minimum period is   1.058ns.
--------------------------------------------------------------------------------

================================================================================
Timing constraint: TS_rstclk_to_all = MAXDELAY FROM TIMEGRP "XLXN_12498" 16 ns 
DATAPATHONLY;
For more information, see From:To (Multicycle) Analysis in the Timing Closure User Guide (UG612).

 412 paths analyzed, 395 endpoints analyzed, 0 failing endpoints
 0 timing errors detected. (0 setup errors, 0 hold errors)
 Maximum delay is  10.872ns.
--------------------------------------------------------------------------------

================================================================================
Timing constraint: TS_digsclk_to_rstmclk = MAXDELAY FROM TIMEGRP 
"psi_dig_sdata_clk0" TO TIMEGRP         "XLXN_12498" 8 ns DATAPATHONLY;
For more information, see From:To (Multicycle) Analysis in the Timing Closure User Guide (UG612).

 0 paths analyzed, 0 endpoints analyzed, 0 failing endpoints
 0 timing errors detected.
--------------------------------------------------------------------------------

================================================================================
Timing constraint: TS_rstmclk_to_digsclk = MAXDELAY FROM TIMEGRP "XLXN_12498" 
TO TIMEGRP         "psi_dig_sdata_clk0" 8 ns DATAPATHONLY;
For more information, see From:To (Multicycle) Analysis in the Timing Closure User Guide (UG612).

 140 paths analyzed, 118 endpoints analyzed, 0 failing endpoints
 0 timing errors detected. (0 setup errors, 0 hold errors)
 Maximum delay is   6.401ns.
--------------------------------------------------------------------------------

================================================================================
Timing constraint: TS_digsclk1_to_rstmclk = MAXDELAY FROM TIMEGRP 
"psi_dig_sdata_clk1" TO TIMEGRP         "XLXN_12498" 8 ns DATAPATHONLY;
For more information, see From:To (Multicycle) Analysis in the Timing Closure User Guide (UG612).

 0 paths analyzed, 0 endpoints analyzed, 0 failing endpoints
 0 timing errors detected.
--------------------------------------------------------------------------------

================================================================================
Timing constraint: TS_rstmclk_to_digsclk1 = MAXDELAY FROM TIMEGRP "XLXN_12498" 
TO TIMEGRP         "psi_dig_sdata_clk1" 8 ns DATAPATHONLY;
For more information, see From:To (Multicycle) Analysis in the Timing Closure User Guide (UG612).

 0 paths analyzed, 0 endpoints analyzed, 0 failing endpoints
 0 timing errors detected.
--------------------------------------------------------------------------------

================================================================================
Timing constraint: TS_mclk_to_rstmclk = MAXDELAY FROM TIMEGRP "MASTER_CLK" TO 
TIMEGRP         "XLXN_12498" 8 ns DATAPATHONLY;
For more information, see From:To (Multicycle) Analysis in the Timing Closure User Guide (UG612).

 7 paths analyzed, 2 endpoints analyzed, 0 failing endpoints
 0 timing errors detected. (0 setup errors, 0 hold errors)
 Maximum delay is   4.889ns.
--------------------------------------------------------------------------------

================================================================================
Timing constraint: TS_rstmclk_to_mclk = MAXDELAY FROM TIMEGRP "XLXN_12498" TO 
TIMEGRP         "MASTER_CLK" 8 ns DATAPATHONLY;
For more information, see From:To (Multicycle) Analysis in the Timing Closure User Guide (UG612).

 1967 paths analyzed, 1682 endpoints analyzed, 0 failing endpoints
 0 timing errors detected. (0 setup errors, 0 hold errors)
 Maximum delay is   7.977ns.
--------------------------------------------------------------------------------

================================================================================
Timing constraint: TS_digsclk2_to_rstmclk = MAXDELAY FROM TIMEGRP 
"psi_dig_sdata_clk2" TO TIMEGRP         "XLXN_12498" 8 ns DATAPATHONLY;
For more information, see From:To (Multicycle) Analysis in the Timing Closure User Guide (UG612).

 0 paths analyzed, 0 endpoints analyzed, 0 failing endpoints
 0 timing errors detected.
--------------------------------------------------------------------------------

================================================================================
Timing constraint: TS_rstmclk_to_digsclk2 = MAXDELAY FROM TIMEGRP "XLXN_12498" 
TO TIMEGRP         "psi_dig_sdata_clk2" 8 ns DATAPATHONLY;
For more information, see From:To (Multicycle) Analysis in the Timing Closure User Guide (UG612).

 0 paths analyzed, 0 endpoints analyzed, 0 failing endpoints
 0 timing errors detected.
--------------------------------------------------------------------------------

================================================================================
Timing constraint: TS_digsclk1_to_mclk = MAXDELAY FROM TIMEGRP 
"psi_dig_sdata_clk1" TO TIMEGRP         "MASTER_CLK" 8 ns DATAPATHONLY;
For more information, see From:To (Multicycle) Analysis in the Timing Closure User Guide (UG612).

 0 paths analyzed, 0 endpoints analyzed, 0 failing endpoints
 0 timing errors detected.
--------------------------------------------------------------------------------

================================================================================
Timing constraint: TS_mclk_to_digsclk1 = MAXDELAY FROM TIMEGRP "MASTER_CLK" TO 
TIMEGRP         "psi_dig_sdata_clk1" 8 ns DATAPATHONLY;
For more information, see From:To (Multicycle) Analysis in the Timing Closure User Guide (UG612).

 0 paths analyzed, 0 endpoints analyzed, 0 failing endpoints
 0 timing errors detected.
--------------------------------------------------------------------------------

================================================================================
Timing constraint: TS_digsclk2_to_mclk = MAXDELAY FROM TIMEGRP 
"psi_dig_sdata_clk2" TO TIMEGRP         "MASTER_CLK" 8 ns DATAPATHONLY;
For more information, see From:To (Multicycle) Analysis in the Timing Closure User Guide (UG612).

 0 paths analyzed, 0 endpoints analyzed, 0 failing endpoints
 0 timing errors detected.
--------------------------------------------------------------------------------

================================================================================
Timing constraint: TS_mclk_to_digsclk2 = MAXDELAY FROM TIMEGRP "MASTER_CLK" TO 
TIMEGRP         "psi_dig_sdata_clk2" 8 ns DATAPATHONLY;
For more information, see From:To (Multicycle) Analysis in the Timing Closure User Guide (UG612).

 0 paths analyzed, 0 endpoints analyzed, 0 failing endpoints
 0 timing errors detected.
--------------------------------------------------------------------------------

================================================================================
Timing constraint: TS_digsclk1_to_gtxclk = MAXDELAY FROM TIMEGRP 
"psi_dig_sdata_clk1" TO TIMEGRP         "GEL_RXCLK" 8 ns DATAPATHONLY;
For more information, see From:To (Multicycle) Analysis in the Timing Closure User Guide (UG612).

 445 paths analyzed, 193 endpoints analyzed, 0 failing endpoints
 0 timing errors detected. (0 setup errors, 0 hold errors)
 Maximum delay is   5.024ns.
--------------------------------------------------------------------------------

================================================================================
Timing constraint: TS_gtxclk_to_digsclk1 = MAXDELAY FROM TIMEGRP "GEL_RXCLK" TO 
TIMEGRP         "psi_dig_sdata_clk1" 8 ns DATAPATHONLY;
For more information, see From:To (Multicycle) Analysis in the Timing Closure User Guide (UG612).

 505 paths analyzed, 225 endpoints analyzed, 0 failing endpoints
 0 timing errors detected. (0 setup errors, 0 hold errors)
 Maximum delay is   6.456ns.
--------------------------------------------------------------------------------

================================================================================
Timing constraint: TS_digsclk2_to_gtxclk = MAXDELAY FROM TIMEGRP 
"psi_dig_sdata_clk2" TO TIMEGRP         "GEL_RXCLK" 8 ns DATAPATHONLY;
For more information, see From:To (Multicycle) Analysis in the Timing Closure User Guide (UG612).

 445 paths analyzed, 193 endpoints analyzed, 0 failing endpoints
 0 timing errors detected. (0 setup errors, 0 hold errors)
 Maximum delay is   5.054ns.
--------------------------------------------------------------------------------

================================================================================
Timing constraint: TS_gtxclk_to_digsclk2 = MAXDELAY FROM TIMEGRP "GEL_RXCLK" TO 
TIMEGRP         "psi_dig_sdata_clk2" 8 ns DATAPATHONLY;
For more information, see From:To (Multicycle) Analysis in the Timing Closure User Guide (UG612).

 400 paths analyzed, 225 endpoints analyzed, 0 failing endpoints
 0 timing errors detected. (0 setup errors, 0 hold errors)
 Maximum delay is   6.594ns.
--------------------------------------------------------------------------------

================================================================================
Timing constraint: TS_XLXN_12172 = PERIOD TIMEGRP "XLXN_12172" TS_dut_src_clk 
HIGH 50%;
For more information, see Period Analysis in the Timing Closure User Guide (UG612).

 751 paths analyzed, 273 endpoints analyzed, 0 failing endpoints
 0 timing errors detected. (0 setup errors, 0 hold errors, 0 component switching limit errors)
 Minimum period is   6.136ns.
--------------------------------------------------------------------------------

================================================================================
Timing constraint: TS_XLXN_18993 = PERIOD TIMEGRP "XLXN_18993" TS_dut_src_clk 
PHASE 8.5 ns HIGH         50%;
For more information, see Period Analysis in the Timing Closure User Guide (UG612).

 2511 paths analyzed, 819 endpoints analyzed, 0 failing endpoints
 0 timing errors detected. (0 setup errors, 0 hold errors, 0 component switching limit errors)
 Minimum period is   6.749ns.
--------------------------------------------------------------------------------

================================================================================
Timing constraint: TS_XLXN_19149 = PERIOD TIMEGRP "XLXN_19149" TS_dut_src_clk 
PHASE 17 ns HIGH         50%;
For more information, see Period Analysis in the Timing Closure User Guide (UG612).

 4021 paths analyzed, 518 endpoints analyzed, 0 failing endpoints
 0 timing errors detected. (0 setup errors, 0 hold errors, 0 component switching limit errors)
 Minimum period is   8.176ns.
--------------------------------------------------------------------------------

================================================================================
Timing constraint: TS_XLXN_18537 = PERIOD TIMEGRP "XLXN_18537" TS_dut_src_clk / 
2 HIGH 50%;
For more information, see Period Analysis in the Timing Closure User Guide (UG612).

 0 paths analyzed, 0 endpoints analyzed, 0 failing endpoints
 0 timing errors detected. (0 component switching limit errors)
 Minimum period is   6.000ns.
--------------------------------------------------------------------------------

================================================================================
Timing constraint: TS_XLXN_18354 = PERIOD TIMEGRP "XLXN_18354" TS_XLXN_18537 / 
2 HIGH 50%;
For more information, see Period Analysis in the Timing Closure User Guide (UG612).

 0 paths analyzed, 0 endpoints analyzed, 0 failing endpoints
 0 timing errors detected. (0 component switching limit errors)
 Minimum period is   1.058ns.
--------------------------------------------------------------------------------

================================================================================
Timing constraint: TS_XLXN_18569 = PERIOD TIMEGRP "XLXN_18569" TS_XLXN_18537 / 
2 PHASE 4.25 ns         HIGH 50%;
For more information, see Period Analysis in the Timing Closure User Guide (UG612).

 4068 paths analyzed, 735 endpoints analyzed, 0 failing endpoints
 0 timing errors detected. (0 setup errors, 0 hold errors, 0 component switching limit errors)
 Minimum period is   8.182ns.
--------------------------------------------------------------------------------


Derived Constraint Report
Derived Constraints for TS_dut_src_clk
+-------------------------------+-------------+-------------+-------------+-------------+-------------+-------------+-------------+
|                               |   Period    |       Actual Period       |      Timing Errors        |      Paths Analyzed       |
|           Constraint          | Requirement |-------------+-------------|-------------+-------------|-------------+-------------|
|                               |             |   Direct    | Derivative  |   Direct    | Derivative  |   Direct    | Derivative  |
+-------------------------------+-------------+-------------+-------------+-------------+-------------+-------------+-------------+
|TS_dut_src_clk                 |     34.000ns|     15.624ns|     32.728ns|            0|            0|            0|        11351|
| TS_XLXN_12172                 |     34.000ns|      6.136ns|          N/A|            0|            0|          751|            0|
| TS_XLXN_18993                 |     34.000ns|      6.749ns|          N/A|            0|            0|         2511|            0|
| TS_XLXN_19149                 |     34.000ns|      8.176ns|          N/A|            0|            0|         4021|            0|
| TS_XLXN_18537                 |     17.000ns|      6.000ns|     16.364ns|            0|            0|            0|         4068|
|  TS_XLXN_18354                |      8.500ns|      1.058ns|          N/A|            0|            0|            0|            0|
|  TS_XLXN_18569                |      8.500ns|      8.182ns|          N/A|            0|            0|         4068|            0|
+-------------------------------+-------------+-------------+-------------+-------------+-------------+-------------+-------------+

All constraints were met.


Data Sheet report:
-----------------
All values displayed in nanoseconds (ns)

Clock GEL_RXCLK to Pad
-------------+------------+------------------+--------+
             | clk (edge) |                  | Clock  |
Destination  |   to PAD   |Internal Clock(s) | Phase  |
-------------+------------+------------------+--------+
BUSA_23DP_46S|   13.001(R)|XLXN_12498        |   0.000|
BUSB_28DP_56S|   11.759(R)|XLXN_12498        |   0.000|
BUSC_02DP_04S|   14.155(R)|XLXN_12498        |   0.000|
BUSC_21DN_43S|   11.136(R)|XLXN_12498        |   0.000|
-------------+------------+------------------+--------+

Clock SECONDARY_CLK to Pad
-------------+------------+------------------+--------+
             | clk (edge) |                  | Clock  |
Destination  |   to PAD   |Internal Clock(s) | Phase  |
-------------+------------+------------------+--------+
BUSA_23DP_46S|   14.635(R)|XLXN_12498        |   0.000|
BUSB_28DP_56S|   13.393(R)|XLXN_12498        |   0.000|
BUSC_02DP_04S|   15.789(R)|XLXN_12498        |   0.000|
BUSC_21DN_43S|   12.770(R)|XLXN_12498        |   0.000|
-------------+------------+------------------+--------+

Clock to Setup on destination clock GEL_RXCLK
---------------+---------+---------+---------+---------+
               | Src:Rise| Src:Fall| Src:Rise| Src:Fall|
Source Clock   |Dest:Rise|Dest:Rise|Dest:Fall|Dest:Fall|
---------------+---------+---------+---------+---------+
GEL_RXCLK      |    7.977|    3.939|         |         |
SECONDARY_CLK  |    7.977|         |         |         |
---------------+---------+---------+---------+---------+

Clock to Setup on destination clock SECONDARY_CLK
---------------+---------+---------+---------+---------+
               | Src:Rise| Src:Fall| Src:Rise| Src:Fall|
Source Clock   |Dest:Rise|Dest:Rise|Dest:Fall|Dest:Fall|
---------------+---------+---------+---------+---------+
GEL_RXCLK      |    4.889|         |         |         |
SECONDARY_CLK  |    2.586|         |         |         |
---------------+---------+---------+---------+---------+


Timing summary:
---------------

Timing errors: 0  Score: 0  (Setup/Max: 0, Hold: 0)

Constraints cover 69986 paths, 0 nets, and 23492 connections

Design statistics:
   Minimum period:  15.624ns   (Maximum frequency:  64.004MHz)
   Maximum path delay from/to any node:  10.872ns


Analysis completed Tue May 15 14:46:59 2018 
--------------------------------------------------------------------------------

Trace Settings:
-------------------------
Trace Settings 

Peak Memory Usage: 561 MB



