EN streampkt NULL /home/cmstestbeam/stib_June2015/stib/streampkt.vhd sub00/vhpl34 1433266934
PH clock NULL /home/cmstestbeam/stib_June2015/stib/clock.vhd sub00/vhpl07 1433266907
AR icmp rtl /home/cmstestbeam/stib_June2015/stib/icmp.vhd sub00/vhpl19 1433266919
EN txether NULL /home/cmstestbeam/stib_June2015/stib/txether.vhd sub00/vhpl26 1433266926
PH tlkserdes NULL /home/cmstestbeam/stib_June2015/stib/tlkserdes.vhd sub00/vhpl36 1433266936
EN arp NULL /home/cmstestbeam/stib_June2015/stib/arp.vhd sub00/vhpl12 1433266912
EN icmprep NULL /home/cmstestbeam/stib_June2015/stib/icmprep.vhd sub00/vhpl16 1433266916
AR ip rtl /home/cmstestbeam/stib_June2015/stib/ip.vhd sub00/vhpl23 1433266923
AR cksum rtl /home/cmstestbeam/stib_June2015/stib/cksum.vhd sub00/vhpl06 1433266904
EN icmp NULL /home/cmstestbeam/stib_June2015/stib/icmp.vhd sub00/vhpl18 1433266918
PH iobus NULL /home/cmstestbeam/stib_June2015/stib/iobus.vhd sub00/vhpl00 1433266898
EN arprep NULL /home/cmstestbeam/stib_June2015/stib/arprep.vhd sub00/vhpl28 1433266928
EN arpreq NULL /home/cmstestbeam/stib_June2015/stib/arpreq.vhd sub00/vhpl30 1433266930
AR streampkt rtl /home/cmstestbeam/stib_June2015/stib/streampkt.vhd sub00/vhpl35 1433266935
EN tlkserdes_interface NULL /home/cmstestbeam/stib_June2015/stib/tlkserdes_interface.vhd sub00/vhpl39 1433266943
EN ip NULL /home/cmstestbeam/stib_June2015/stib/ip.vhd sub00/vhpl22 1433266922
EN udp NULL /home/cmstestbeam/stib_June2015/stib/udp.vhd sub00/vhpl20 1433266920
EN trigpattern NULL /home/cmstestbeam/stib_June2015/stib/trigpattern.vhd sub00/vhpl37 1433266941
AR icmprep rtl /home/cmstestbeam/stib_June2015/stib/icmprep.vhd sub00/vhpl17 1433266917
AR udp rtl /home/cmstestbeam/stib_June2015/stib/udp.vhd sub00/vhpl21 1433266921
AR trigpattern rtl /home/cmstestbeam/stib_June2015/stib/trigpattern.vhd sub00/vhpl38 1433266942
EN arptab NULL /home/cmstestbeam/stib_June2015/stib/arptab.vhd sub00/vhpl14 1433266914
EN clock_interface NULL /home/cmstestbeam/stib_June2015/stib/clock_interface.vhd sub00/vhpl45 1433266949
EN cksum NULL /home/cmstestbeam/stib_June2015/stib/cksum.vhd sub00/vhpl05 1433266903
PH gbe NULL /home/cmstestbeam/stib_June2015/stib/gbe.vhd sub00/vhpl08 1433266908
AR tlkserdes_interface rtl /home/cmstestbeam/stib_June2015/stib/tlkserdes_interface.vhd sub00/vhpl40 1433266944
EN sendpkt NULL /home/cmstestbeam/stib_June2015/stib/sendpkt.vhd sub00/vhpl32 1433266932
AR ipheader rtl /home/cmstestbeam/stib_June2015/stib/ipheader.vhd sub00/vhpl25 1433266925
AR arptab rtl /home/cmstestbeam/stib_June2015/stib/arptab.vhd sub00/vhpl15 1433266915
AR clock_interface rtl /home/cmstestbeam/stib_June2015/stib/clock_interface.vhd sub00/vhpl46 1433266950
AR sendpkt rtl /home/cmstestbeam/stib_June2015/stib/sendpkt.vhd sub00/vhpl33 1433266933
AR ethernet rtl /home/cmstestbeam/stib_June2015/stib/ethernet.vhd sub00/vhpl11 1433266911
AR iobus_interface rtl /home/cmstestbeam/stib_June2015/stib/iobus_interface.vhd sub00/vhpl42 1433266946
EN ethernet NULL /home/cmstestbeam/stib_June2015/stib/ethernet.vhd sub00/vhpl10 1433266910
EN ipheader NULL /home/cmstestbeam/stib_June2015/stib/ipheader.vhd sub00/vhpl24 1433266924
AR crc32 rtl /home/cmstestbeam/stib_June2015/stib/crc32.vhd sub00/vhpl04 1433266902
AR arprep rtl /home/cmstestbeam/stib_June2015/stib/arprep.vhd sub00/vhpl29 1433266929
EN ipbuf NULL /home/cmstestbeam/stib_June2015/stib/ipbuf.vhd sub00/vhpl01 1433266899
EN crc32 NULL /home/cmstestbeam/stib_June2015/stib/crc32.vhd sub00/vhpl03 1433266901
AR gbe_interface rtl /home/cmstestbeam/stib_June2015/stib/gbe_interface.vhd sub00/vhpl44 1433266948
AR arp rtl /home/cmstestbeam/stib_June2015/stib/arp.vhd sub00/vhpl13 1433266913
EN gbe_interface NULL /home/cmstestbeam/stib_June2015/stib/gbe_interface.vhd sub00/vhpl43 1433266947
EN iobus_interface NULL /home/cmstestbeam/stib_June2015/stib/iobus_interface.vhd sub00/vhpl41 1433266945
AR txether rtl /home/cmstestbeam/stib_June2015/stib/txether.vhd sub00/vhpl27 1433266927
AR arpreq rtl /home/cmstestbeam/stib_June2015/stib/arpreq.vhd sub00/vhpl31 1433266931
AR ipbuf rtl /home/cmstestbeam/stib_June2015/stib/ipbuf.vhd sub00/vhpl02 1433266900
PB gbe gbe /home/cmstestbeam/stib_June2015/stib/gbe.vhd sub00/vhpl09 1433266909
