
*** Running vivado
    with args -log clk_wiz_1.vds -m64 -mode batch -messageDb vivado.pb -notrace -source clk_wiz_1.tcl


****** Vivado v2015.2 (64-bit)
  **** SW Build 1266856 on Fri Jun 26 16:35:25 MDT 2015
  **** IP Build 1264090 on Wed Jun 24 14:22:01 MDT 2015
    ** Copyright 1986-2015 Xilinx, Inc. All Rights Reserved.

source clk_wiz_1.tcl -notrace
INFO: [IP_Flow 19-234] Refreshing IP repositories
INFO: [IP_Flow 19-1704] No user IP repositories specified
INFO: [IP_Flow 19-2313] Loaded Vivado IP repository 'C:/Xilinx/Vivado/2015.2/data/ip'.
WARNING: [IP_Flow 19-3664] IP 'clk_wiz_1' generated file not found 'c:/Users/bhawks/Documents/Vivado Projects/nim_plus2/top/top.srcs/sources_1/ip/clk_wiz_1/clk_wiz_1.dcp'. Please regenerate to continue.
WARNING: [IP_Flow 19-3664] IP 'clk_wiz_1' generated file not found 'c:/Users/bhawks/Documents/Vivado Projects/nim_plus2/top/top.srcs/sources_1/ip/clk_wiz_1/clk_wiz_1_stub.v'. Please regenerate to continue.
WARNING: [IP_Flow 19-3664] IP 'clk_wiz_1' generated file not found 'c:/Users/bhawks/Documents/Vivado Projects/nim_plus2/top/top.srcs/sources_1/ip/clk_wiz_1/clk_wiz_1_stub.vhdl'. Please regenerate to continue.
WARNING: [IP_Flow 19-3664] IP 'clk_wiz_1' generated file not found 'c:/Users/bhawks/Documents/Vivado Projects/nim_plus2/top/top.srcs/sources_1/ip/clk_wiz_1/clk_wiz_1_funcsim.v'. Please regenerate to continue.
WARNING: [IP_Flow 19-3664] IP 'clk_wiz_1' generated file not found 'c:/Users/bhawks/Documents/Vivado Projects/nim_plus2/top/top.srcs/sources_1/ip/clk_wiz_1/clk_wiz_1_funcsim.vhdl'. Please regenerate to continue.
Command: synth_design -top clk_wiz_1 -part xc7a200tffg1156-2 -mode out_of_context
Starting synth_design
Attempting to get a license for feature 'Synthesis' and/or device 'xc7a200t'
INFO: [Common 17-349] Got license for feature 'Synthesis' and/or device 'xc7a200t'
---------------------------------------------------------------------------------
Starting RTL Elaboration : Time (s): cpu = 00:00:04 ; elapsed = 00:00:06 . Memory (MB): peak = 275.809 ; gain = 97.301
---------------------------------------------------------------------------------
INFO: [Synth 8-638] synthesizing module 'clk_wiz_1' [c:/Users/bhawks/Documents/Vivado Projects/nim_plus2/top/top.srcs/sources_1/ip/clk_wiz_1/clk_wiz_1.vhd:96]
INFO: [Synth 8-3491] module 'clk_wiz_1_clk_wiz' declared at 'c:/Users/bhawks/Documents/Vivado Projects/nim_plus2/top/top.srcs/sources_1/ip/clk_wiz_1/clk_wiz_1_clk_wiz.vhd:79' bound to instance 'U0' of component 'clk_wiz_1_clk_wiz' [c:/Users/bhawks/Documents/Vivado Projects/nim_plus2/top/top.srcs/sources_1/ip/clk_wiz_1/clk_wiz_1.vhd:119]
INFO: [Synth 8-638] synthesizing module 'clk_wiz_1_clk_wiz' [c:/Users/bhawks/Documents/Vivado Projects/nim_plus2/top/top.srcs/sources_1/ip/clk_wiz_1/clk_wiz_1_clk_wiz.vhd:96]
INFO: [Synth 8-113] binding component instance 'clkin1_bufg' to cell 'BUFG' [c:/Users/bhawks/Documents/Vivado Projects/nim_plus2/top/top.srcs/sources_1/ip/clk_wiz_1/clk_wiz_1_clk_wiz.vhd:130]
	Parameter BANDWIDTH bound to: OPTIMIZED - type: string 
	Parameter CLKFBOUT_MULT_F bound to: 15.000000 - type: float 
	Parameter CLKFBOUT_PHASE bound to: 0.000000 - type: float 
	Parameter CLKFBOUT_USE_FINE_PS bound to: 0 - type: bool 
	Parameter CLKIN1_PERIOD bound to: 18.867000 - type: float 
	Parameter CLKIN2_PERIOD bound to: 0.000000 - type: float 
	Parameter CLKOUT0_DIVIDE_F bound to: 5.000000 - type: float 
	Parameter CLKOUT0_DUTY_CYCLE bound to: 0.500000 - type: float 
	Parameter CLKOUT0_PHASE bound to: 0.000000 - type: float 
	Parameter CLKOUT0_USE_FINE_PS bound to: 0 - type: bool 
	Parameter CLKOUT1_DIVIDE bound to: 60 - type: integer 
	Parameter CLKOUT1_DUTY_CYCLE bound to: 0.500000 - type: float 
	Parameter CLKOUT1_PHASE bound to: 0.000000 - type: float 
	Parameter CLKOUT1_USE_FINE_PS bound to: 0 - type: bool 
	Parameter CLKOUT2_DIVIDE bound to: 120 - type: integer 
	Parameter CLKOUT2_DUTY_CYCLE bound to: 0.500000 - type: float 
	Parameter CLKOUT2_PHASE bound to: 0.000000 - type: float 
	Parameter CLKOUT2_USE_FINE_PS bound to: 0 - type: bool 
	Parameter CLKOUT3_DIVIDE bound to: 20 - type: integer 
	Parameter CLKOUT3_DUTY_CYCLE bound to: 0.500000 - type: float 
	Parameter CLKOUT3_PHASE bound to: 0.000000 - type: float 
	Parameter CLKOUT3_USE_FINE_PS bound to: 0 - type: bool 
	Parameter CLKOUT4_CASCADE bound to: 0 - type: bool 
	Parameter CLKOUT4_DIVIDE bound to: 15 - type: integer 
	Parameter CLKOUT4_DUTY_CYCLE bound to: 0.500000 - type: float 
	Parameter CLKOUT4_PHASE bound to: 0.000000 - type: float 
	Parameter CLKOUT4_USE_FINE_PS bound to: 0 - type: bool 
	Parameter CLKOUT5_DIVIDE bound to: 30 - type: integer 
	Parameter CLKOUT5_DUTY_CYCLE bound to: 0.500000 - type: float 
	Parameter CLKOUT5_PHASE bound to: 0.000000 - type: float 
	Parameter CLKOUT5_USE_FINE_PS bound to: 0 - type: bool 
	Parameter CLKOUT6_DIVIDE bound to: 1 - type: integer 
	Parameter CLKOUT6_DUTY_CYCLE bound to: 0.500000 - type: float 
	Parameter CLKOUT6_PHASE bound to: 0.000000 - type: float 
	Parameter CLKOUT6_USE_FINE_PS bound to: 0 - type: bool 
	Parameter COMPENSATION bound to: ZHOLD - type: string 
	Parameter DIVCLK_DIVIDE bound to: 1 - type: integer 
	Parameter IS_CLKINSEL_INVERTED bound to: 1'b0 
	Parameter IS_PSEN_INVERTED bound to: 1'b0 
	Parameter IS_PSINCDEC_INVERTED bound to: 1'b0 
	Parameter IS_PWRDWN_INVERTED bound to: 1'b0 
	Parameter IS_RST_INVERTED bound to: 1'b0 
	Parameter REF_JITTER1 bound to: 0.000000 - type: float 
	Parameter REF_JITTER2 bound to: 0.000000 - type: float 
	Parameter SS_EN bound to: FALSE - type: string 
	Parameter SS_MODE bound to: CENTER_HIGH - type: string 
	Parameter SS_MOD_PERIOD bound to: 10000 - type: integer 
	Parameter STARTUP_WAIT bound to: 0 - type: bool 
INFO: [Synth 8-113] binding component instance 'mmcm_adv_inst' to cell 'MMCME2_ADV' [c:/Users/bhawks/Documents/Vivado Projects/nim_plus2/top/top.srcs/sources_1/ip/clk_wiz_1/clk_wiz_1_clk_wiz.vhd:143]
INFO: [Synth 8-113] binding component instance 'clkf_buf' to cell 'BUFG' [c:/Users/bhawks/Documents/Vivado Projects/nim_plus2/top/top.srcs/sources_1/ip/clk_wiz_1/clk_wiz_1_clk_wiz.vhd:228]
INFO: [Synth 8-113] binding component instance 'clkout1_buf' to cell 'BUFG' [c:/Users/bhawks/Documents/Vivado Projects/nim_plus2/top/top.srcs/sources_1/ip/clk_wiz_1/clk_wiz_1_clk_wiz.vhd:235]
INFO: [Synth 8-113] binding component instance 'clkout2_buf' to cell 'BUFG' [c:/Users/bhawks/Documents/Vivado Projects/nim_plus2/top/top.srcs/sources_1/ip/clk_wiz_1/clk_wiz_1_clk_wiz.vhd:242]
INFO: [Synth 8-113] binding component instance 'clkout3_buf' to cell 'BUFG' [c:/Users/bhawks/Documents/Vivado Projects/nim_plus2/top/top.srcs/sources_1/ip/clk_wiz_1/clk_wiz_1_clk_wiz.vhd:247]
INFO: [Synth 8-113] binding component instance 'clkout4_buf' to cell 'BUFG' [c:/Users/bhawks/Documents/Vivado Projects/nim_plus2/top/top.srcs/sources_1/ip/clk_wiz_1/clk_wiz_1_clk_wiz.vhd:252]
INFO: [Synth 8-113] binding component instance 'clkout5_buf' to cell 'BUFG' [c:/Users/bhawks/Documents/Vivado Projects/nim_plus2/top/top.srcs/sources_1/ip/clk_wiz_1/clk_wiz_1_clk_wiz.vhd:257]
INFO: [Synth 8-113] binding component instance 'clkout6_buf' to cell 'BUFG' [c:/Users/bhawks/Documents/Vivado Projects/nim_plus2/top/top.srcs/sources_1/ip/clk_wiz_1/clk_wiz_1_clk_wiz.vhd:262]
INFO: [Synth 8-256] done synthesizing module 'clk_wiz_1_clk_wiz' (1#1) [c:/Users/bhawks/Documents/Vivado Projects/nim_plus2/top/top.srcs/sources_1/ip/clk_wiz_1/clk_wiz_1_clk_wiz.vhd:96]
INFO: [Synth 8-256] done synthesizing module 'clk_wiz_1' (2#1) [c:/Users/bhawks/Documents/Vivado Projects/nim_plus2/top/top.srcs/sources_1/ip/clk_wiz_1/clk_wiz_1.vhd:96]
---------------------------------------------------------------------------------
Finished RTL Elaboration : Time (s): cpu = 00:00:05 ; elapsed = 00:00:06 . Memory (MB): peak = 311.031 ; gain = 132.523
---------------------------------------------------------------------------------

Report Check Netlist: 
+------+------------------+-------+---------+-------+------------------+
|      |Item              |Errors |Warnings |Status |Description       |
+------+------------------+-------+---------+-------+------------------+
|1     |multi_driven_nets |      0|        0|Passed |Multi driven nets |
+------+------------------+-------+---------+-------+------------------+
---------------------------------------------------------------------------------
Finished RTL Optimization Phase 1 : Time (s): cpu = 00:00:05 ; elapsed = 00:00:06 . Memory (MB): peak = 311.031 ; gain = 132.523
---------------------------------------------------------------------------------
INFO: [Netlist 29-17] Analyzing 1 Unisim elements for replacement
INFO: [Netlist 29-28] Unisim Transformation completed in 0 CPU seconds
INFO: [Device 21-403] Loading part xc7a200tffg1156-2
INFO: [Project 1-570] Preparing netlist for logic optimization

Processing XDC Constraints
Initializing timing engine
Parsing XDC File [c:/Users/bhawks/Documents/Vivado Projects/nim_plus2/top/top.srcs/sources_1/ip/clk_wiz_1/clk_wiz_1_ooc.xdc] for cell 'U0'
Finished Parsing XDC File [c:/Users/bhawks/Documents/Vivado Projects/nim_plus2/top/top.srcs/sources_1/ip/clk_wiz_1/clk_wiz_1_ooc.xdc] for cell 'U0'
Parsing XDC File [c:/Users/bhawks/Documents/Vivado Projects/nim_plus2/top/top.srcs/sources_1/ip/clk_wiz_1/clk_wiz_1_board.xdc] for cell 'U0'
Finished Parsing XDC File [c:/Users/bhawks/Documents/Vivado Projects/nim_plus2/top/top.srcs/sources_1/ip/clk_wiz_1/clk_wiz_1_board.xdc] for cell 'U0'
Parsing XDC File [c:/Users/bhawks/Documents/Vivado Projects/nim_plus2/top/top.srcs/sources_1/ip/clk_wiz_1/clk_wiz_1.xdc] for cell 'U0'
Finished Parsing XDC File [c:/Users/bhawks/Documents/Vivado Projects/nim_plus2/top/top.srcs/sources_1/ip/clk_wiz_1/clk_wiz_1.xdc] for cell 'U0'
Parsing XDC File [C:/Users/bhawks/Documents/Vivado Projects/nim_plus2/top/top.runs/clk_wiz_1_synth_1/dont_touch.xdc]
Finished Parsing XDC File [C:/Users/bhawks/Documents/Vivado Projects/nim_plus2/top/top.runs/clk_wiz_1_synth_1/dont_touch.xdc]
Completed Processing XDC Constraints

INFO: [Project 1-111] Unisim Transformation Summary:
No Unisim elements were transformed.

INFO: [Timing 38-2] Deriving generated clocks
Constraint Validation Runtime : Time (s): cpu = 00:00:00 ; elapsed = 00:00:00.130 . Memory (MB): peak = 566.727 ; gain = 0.000
---------------------------------------------------------------------------------
Finished Constraint Validation : Time (s): cpu = 00:00:11 ; elapsed = 00:00:13 . Memory (MB): peak = 566.727 ; gain = 388.219
---------------------------------------------------------------------------------
---------------------------------------------------------------------------------
Start Loading Part and Timing Information
---------------------------------------------------------------------------------
Loading part: xc7a200tffg1156-2
---------------------------------------------------------------------------------
Finished Loading Part and Timing Information : Time (s): cpu = 00:00:11 ; elapsed = 00:00:13 . Memory (MB): peak = 566.727 ; gain = 388.219
---------------------------------------------------------------------------------
---------------------------------------------------------------------------------
Start Applying 'set_property' XDC Constraints
---------------------------------------------------------------------------------
Applied set_property DONT_TOUCH = true for U0. (constraint file  auto generated constraint, line ).
---------------------------------------------------------------------------------
Finished applying 'set_property' XDC Constraints : Time (s): cpu = 00:00:11 ; elapsed = 00:00:13 . Memory (MB): peak = 566.727 ; gain = 388.219
---------------------------------------------------------------------------------
---------------------------------------------------------------------------------
Finished RTL Optimization Phase 2 : Time (s): cpu = 00:00:11 ; elapsed = 00:00:13 . Memory (MB): peak = 566.727 ; gain = 388.219
---------------------------------------------------------------------------------

Report RTL Partitions: 
+-+--------------+------------+----------+
| |RTL Partition |Replication |Instances |
+-+--------------+------------+----------+
+-+--------------+------------+----------+
---------------------------------------------------------------------------------
Start RTL Component Statistics 
---------------------------------------------------------------------------------
Detailed RTL Component Info : 
---------------------------------------------------------------------------------
Finished RTL Component Statistics 
---------------------------------------------------------------------------------
---------------------------------------------------------------------------------
Start RTL Hierarchical Component Statistics 
---------------------------------------------------------------------------------
Hierarchical RTL Component report 
---------------------------------------------------------------------------------
Finished RTL Hierarchical Component Statistics
---------------------------------------------------------------------------------
---------------------------------------------------------------------------------
Start Part Resource Summary
---------------------------------------------------------------------------------
Part Resources:
DSPs: 740 (col length:100)
BRAMs: 730 (col length: RAMB18 100 RAMB36 50)
---------------------------------------------------------------------------------
Finished Part Resource Summary
---------------------------------------------------------------------------------
Start Parallel Synthesis Optimization  : Time (s): cpu = 00:00:11 ; elapsed = 00:00:13 . Memory (MB): peak = 566.727 ; gain = 388.219
---------------------------------------------------------------------------------
Start Cross Boundary Optimization
---------------------------------------------------------------------------------
---------------------------------------------------------------------------------
Finished Cross Boundary Optimization : Time (s): cpu = 00:00:11 ; elapsed = 00:00:13 . Memory (MB): peak = 566.727 ; gain = 388.219
---------------------------------------------------------------------------------
Finished Parallel Reinference  : Time (s): cpu = 00:00:11 ; elapsed = 00:00:13 . Memory (MB): peak = 566.727 ; gain = 388.219

Report RTL Partitions: 
+-+--------------+------------+----------+
| |RTL Partition |Replication |Instances |
+-+--------------+------------+----------+
+-+--------------+------------+----------+
---------------------------------------------------------------------------------
Start Area Optimization
---------------------------------------------------------------------------------
---------------------------------------------------------------------------------
Finished Area Optimization : Time (s): cpu = 00:00:11 ; elapsed = 00:00:13 . Memory (MB): peak = 566.727 ; gain = 388.219
---------------------------------------------------------------------------------
Finished Parallel Area Optimization  : Time (s): cpu = 00:00:11 ; elapsed = 00:00:13 . Memory (MB): peak = 566.727 ; gain = 388.219

Report RTL Partitions: 
+-+--------------+------------+----------+
| |RTL Partition |Replication |Instances |
+-+--------------+------------+----------+
+-+--------------+------------+----------+
Finished Parallel Synthesis Optimization  : Time (s): cpu = 00:00:11 ; elapsed = 00:00:13 . Memory (MB): peak = 566.727 ; gain = 388.219
---------------------------------------------------------------------------------
Start Timing Optimization
---------------------------------------------------------------------------------
---------------------------------------------------------------------------------
Start Applying XDC Timing Constraints
---------------------------------------------------------------------------------
---------------------------------------------------------------------------------
Finished Applying XDC Timing Constraints : Time (s): cpu = 00:00:20 ; elapsed = 00:00:22 . Memory (MB): peak = 590.234 ; gain = 411.727
---------------------------------------------------------------------------------
---------------------------------------------------------------------------------
Finished Timing Optimization : Time (s): cpu = 00:00:20 ; elapsed = 00:00:22 . Memory (MB): peak = 590.234 ; gain = 411.727
---------------------------------------------------------------------------------

Report RTL Partitions: 
+-+--------------+------------+----------+
| |RTL Partition |Replication |Instances |
+-+--------------+------------+----------+
+-+--------------+------------+----------+
---------------------------------------------------------------------------------
Start Technology Mapping
---------------------------------------------------------------------------------
---------------------------------------------------------------------------------
Finished Technology Mapping : Time (s): cpu = 00:00:20 ; elapsed = 00:00:22 . Memory (MB): peak = 599.941 ; gain = 421.434
---------------------------------------------------------------------------------

Report RTL Partitions: 
+-+--------------+------------+----------+
| |RTL Partition |Replication |Instances |
+-+--------------+------------+----------+
+-+--------------+------------+----------+
---------------------------------------------------------------------------------
Start IO Insertion
---------------------------------------------------------------------------------
---------------------------------------------------------------------------------
Start Final Netlist Cleanup
---------------------------------------------------------------------------------
---------------------------------------------------------------------------------
Finished Final Netlist Cleanup
---------------------------------------------------------------------------------
---------------------------------------------------------------------------------
Finished IO Insertion : Time (s): cpu = 00:00:20 ; elapsed = 00:00:22 . Memory (MB): peak = 599.941 ; gain = 421.434
---------------------------------------------------------------------------------

Report Check Netlist: 
+------+------------------+-------+---------+-------+------------------+
|      |Item              |Errors |Warnings |Status |Description       |
+------+------------------+-------+---------+-------+------------------+
|1     |multi_driven_nets |      0|        0|Passed |Multi driven nets |
+------+------------------+-------+---------+-------+------------------+
---------------------------------------------------------------------------------
Start Renaming Generated Instances
---------------------------------------------------------------------------------
---------------------------------------------------------------------------------
Finished Renaming Generated Instances : Time (s): cpu = 00:00:20 ; elapsed = 00:00:22 . Memory (MB): peak = 599.941 ; gain = 421.434
---------------------------------------------------------------------------------

Report RTL Partitions: 
+-+--------------+------------+----------+
| |RTL Partition |Replication |Instances |
+-+--------------+------------+----------+
+-+--------------+------------+----------+
---------------------------------------------------------------------------------
Start Rebuilding User Hierarchy
---------------------------------------------------------------------------------
---------------------------------------------------------------------------------
Finished Rebuilding User Hierarchy : Time (s): cpu = 00:00:20 ; elapsed = 00:00:22 . Memory (MB): peak = 599.941 ; gain = 421.434
---------------------------------------------------------------------------------
---------------------------------------------------------------------------------
Start Renaming Generated Ports : Time (s): cpu = 00:00:20 ; elapsed = 00:00:22 . Memory (MB): peak = 599.941 ; gain = 421.434
---------------------------------------------------------------------------------
---------------------------------------------------------------------------------
Finished Renaming Generated Ports : Time (s): cpu = 00:00:20 ; elapsed = 00:00:22 . Memory (MB): peak = 599.941 ; gain = 421.434
---------------------------------------------------------------------------------
---------------------------------------------------------------------------------
Start Writing Synthesis Report
---------------------------------------------------------------------------------

Report BlackBoxes: 
+-+--------------+----------+
| |BlackBox name |Instances |
+-+--------------+----------+
+-+--------------+----------+

Report Cell Usage: 
+------+-----------+------+
|      |Cell       |Count |
+------+-----------+------+
|1     |BUFG       |     8|
|2     |MMCME2_ADV |     1|
+------+-----------+------+

Report Instance Areas: 
+------+---------+------------------+------+
|      |Instance |Module            |Cells |
+------+---------+------------------+------+
|1     |top      |                  |     9|
|2     |  U0     |clk_wiz_1_clk_wiz |     9|
+------+---------+------------------+------+
---------------------------------------------------------------------------------
Finished Writing Synthesis Report : Time (s): cpu = 00:00:20 ; elapsed = 00:00:22 . Memory (MB): peak = 599.941 ; gain = 421.434
---------------------------------------------------------------------------------
Synthesis finished with 0 errors, 0 critical warnings and 0 warnings.
Synthesis Optimization Runtime : Time (s): cpu = 00:00:11 ; elapsed = 00:00:14 . Memory (MB): peak = 599.941 ; gain = 118.309
Synthesis Optimization Complete : Time (s): cpu = 00:00:20 ; elapsed = 00:00:22 . Memory (MB): peak = 599.941 ; gain = 421.434
INFO: [Project 1-571] Translating synthesized netlist
INFO: [Netlist 29-17] Analyzing 1 Unisim elements for replacement
INFO: [Netlist 29-28] Unisim Transformation completed in 0 CPU seconds
INFO: [Project 1-570] Preparing netlist for logic optimization
Parsing XDC File [c:/Users/bhawks/Documents/Vivado Projects/nim_plus2/top/top.srcs/sources_1/ip/clk_wiz_1/clk_wiz_1_ooc.xdc] for cell 'U0'
Finished Parsing XDC File [c:/Users/bhawks/Documents/Vivado Projects/nim_plus2/top/top.srcs/sources_1/ip/clk_wiz_1/clk_wiz_1_ooc.xdc] for cell 'U0'
Parsing XDC File [c:/Users/bhawks/Documents/Vivado Projects/nim_plus2/top/top.srcs/sources_1/ip/clk_wiz_1/clk_wiz_1_board.xdc] for cell 'U0'
Finished Parsing XDC File [c:/Users/bhawks/Documents/Vivado Projects/nim_plus2/top/top.srcs/sources_1/ip/clk_wiz_1/clk_wiz_1_board.xdc] for cell 'U0'
Parsing XDC File [c:/Users/bhawks/Documents/Vivado Projects/nim_plus2/top/top.srcs/sources_1/ip/clk_wiz_1/clk_wiz_1.xdc] for cell 'U0'
Finished Parsing XDC File [c:/Users/bhawks/Documents/Vivado Projects/nim_plus2/top/top.srcs/sources_1/ip/clk_wiz_1/clk_wiz_1.xdc] for cell 'U0'
INFO: [Opt 31-138] Pushed 0 inverter(s) to 0 load pin(s).
INFO: [Project 1-111] Unisim Transformation Summary:
No Unisim elements were transformed.

INFO: [Common 17-83] Releasing license: Synthesis
31 Infos, 5 Warnings, 0 Critical Warnings and 0 Errors encountered.
synth_design completed successfully
synth_design: Time (s): cpu = 00:00:18 ; elapsed = 00:00:21 . Memory (MB): peak = 599.941 ; gain = 374.004
report_utilization: Time (s): cpu = 00:00:00 ; elapsed = 00:00:00.050 . Memory (MB): peak = 599.941 ; gain = 0.000
INFO: [Common 17-206] Exiting Vivado at Thu Jan 23 16:12:06 2020...
