Release 14.6 - libgen Xilinx EDK 14.6 Build EDK_P.68d
 (lin64)
Copyright (c) 1995-2013 Xilinx, Inc.  All rights reserved.

Command Line: libgen -hw ../stib/system.xml -pe core -log libgen.log system.mss 

WARNING:EDK:411 - bram -
   /home/cmstestbeam/stib_June2015/slave/workspace/monitor_bsp/system.mss line
   21 - deprecated driver!
WARNING:EDK:411 - bram -
   /home/cmstestbeam/stib_June2015/slave/workspace/monitor_bsp/system.mss line
   27 - deprecated driver!
WARNING:EDK:411 - iomodule -
   /home/cmstestbeam/stib_June2015/slave/workspace/monitor_bsp/system.mss line
   33 - deprecated driver!
WARNING:EDK:411 - cpu -
   /home/cmstestbeam/stib_June2015/slave/workspace/monitor_bsp/system.mss line
   14 - deprecated processor!
WARNING:EDK:411 - standalone -
   /home/cmstestbeam/stib_June2015/slave/workspace/monitor_bsp/system.mss line 5
   - deprecated os!

Staging source files.
Running DRCs.
Running generate.
Running post_generate.
Running include - 'gmake -s include "COMPILER=mb-gcc" "ARCHIVER=mb-ar"
"COMPILER_FLAGS=-mlittle-endian -mxl-soft-mul -mno-xl-reorder -mcpu=v8.40.a  -O2
-c" "EXTRA_COMPILER_FLAGS=-g -ffunction-sections -fdata-sections"'.

Running libs - 'gmake -s libs "COMPILER=mb-gcc" "ARCHIVER=mb-ar"
"COMPILER_FLAGS=-mlittle-endian -mxl-soft-mul -mno-xl-reorder -mcpu=v8.40.a  -O2
-c" "EXTRA_COMPILER_FLAGS=-g -ffunction-sections -fdata-sections"'.
Running execs_generate.
