
*** Running vivado
    with args -log packetfifo.vds -m64 -mode batch -messageDb vivado.pb -notrace -source packetfifo.tcl


****** Vivado v2015.2 (64-bit)
  **** SW Build 1266856 on Fri Jun 26 16:35:25 MDT 2015
  **** IP Build 1264090 on Wed Jun 24 14:22:01 MDT 2015
    ** Copyright 1986-2015 Xilinx, Inc. All Rights Reserved.

source packetfifo.tcl -notrace
INFO: [IP_Flow 19-234] Refreshing IP repositories
INFO: [IP_Flow 19-1704] No user IP repositories specified
INFO: [IP_Flow 19-2313] Loaded Vivado IP repository '/opt/local/xilinx/Vivado/2015.2/data/ip'.
WARNING: [IP_Flow 19-3664] IP 'packetfifo' generated file not found '/home/rrivera/ots/srcs/otsdaq-firmware/cactus/projects/ftbf/kc705_strip_module/top/top.srcs/sources_1/ip/packetfifo/packetfifo.dcp'. Please regenerate to continue.
WARNING: [IP_Flow 19-3664] IP 'packetfifo' generated file not found '/home/rrivera/ots/srcs/otsdaq-firmware/cactus/projects/ftbf/kc705_strip_module/top/top.srcs/sources_1/ip/packetfifo/packetfifo_stub.v'. Please regenerate to continue.
WARNING: [IP_Flow 19-3664] IP 'packetfifo' generated file not found '/home/rrivera/ots/srcs/otsdaq-firmware/cactus/projects/ftbf/kc705_strip_module/top/top.srcs/sources_1/ip/packetfifo/packetfifo_stub.vhdl'. Please regenerate to continue.
WARNING: [IP_Flow 19-3664] IP 'packetfifo' generated file not found '/home/rrivera/ots/srcs/otsdaq-firmware/cactus/projects/ftbf/kc705_strip_module/top/top.srcs/sources_1/ip/packetfifo/packetfifo_funcsim.v'. Please regenerate to continue.
WARNING: [IP_Flow 19-3664] IP 'packetfifo' generated file not found '/home/rrivera/ots/srcs/otsdaq-firmware/cactus/projects/ftbf/kc705_strip_module/top/top.srcs/sources_1/ip/packetfifo/packetfifo_funcsim.vhdl'. Please regenerate to continue.
Command: synth_design -top packetfifo -part xc7k325tffg900-2 -mode out_of_context
Starting synth_design
Attempting to get a license for feature 'Synthesis' and/or device 'xc7k325t'
INFO: [Common 17-349] Got license for feature 'Synthesis' and/or device 'xc7k325t'
INFO: [Common 17-1223] The version limit for your license is '2018.05' and will expire in -291 days. A version limit expiration means that, although you may be able to continue to use the current version of tools or IP with this license, you will not be eligible for any updates or new releases.
---------------------------------------------------------------------------------
Starting RTL Elaboration : Time (s): cpu = 00:00:07 ; elapsed = 00:00:07 . Memory (MB): peak = 1036.285 ; gain = 166.523 ; free physical = 20746 ; free virtual = 59496
---------------------------------------------------------------------------------
INFO: [Synth 8-638] synthesizing module 'packetfifo' [/home/rrivera/ots/srcs/otsdaq-firmware/cactus/projects/ftbf/kc705_strip_module/top/top.srcs/sources_1/ip/packetfifo/synth/packetfifo.vhd:72]
	Parameter C_COMMON_CLOCK bound to: 1 - type: integer 
	Parameter C_COUNT_TYPE bound to: 0 - type: integer 
	Parameter C_DATA_COUNT_WIDTH bound to: 4 - type: integer 
	Parameter C_DEFAULT_VALUE bound to: BlankString - type: string 
	Parameter C_DIN_WIDTH bound to: 32 - type: integer 
	Parameter C_DOUT_RST_VAL bound to: 0 - type: string 
	Parameter C_DOUT_WIDTH bound to: 32 - type: integer 
	Parameter C_ENABLE_RLOCS bound to: 0 - type: integer 
	Parameter C_FAMILY bound to: kintex7 - type: string 
	Parameter C_FULL_FLAGS_RST_VAL bound to: 1 - type: integer 
	Parameter C_HAS_ALMOST_EMPTY bound to: 0 - type: integer 
	Parameter C_HAS_ALMOST_FULL bound to: 0 - type: integer 
	Parameter C_HAS_BACKUP bound to: 0 - type: integer 
	Parameter C_HAS_DATA_COUNT bound to: 0 - type: integer 
	Parameter C_HAS_INT_CLK bound to: 0 - type: integer 
	Parameter C_HAS_MEMINIT_FILE bound to: 0 - type: integer 
	Parameter C_HAS_OVERFLOW bound to: 0 - type: integer 
	Parameter C_HAS_RD_DATA_COUNT bound to: 0 - type: integer 
	Parameter C_HAS_RD_RST bound to: 0 - type: integer 
	Parameter C_HAS_RST bound to: 1 - type: integer 
	Parameter C_HAS_SRST bound to: 0 - type: integer 
	Parameter C_HAS_UNDERFLOW bound to: 0 - type: integer 
	Parameter C_HAS_VALID bound to: 0 - type: integer 
	Parameter C_HAS_WR_ACK bound to: 0 - type: integer 
	Parameter C_HAS_WR_DATA_COUNT bound to: 0 - type: integer 
	Parameter C_HAS_WR_RST bound to: 0 - type: integer 
	Parameter C_IMPLEMENTATION_TYPE bound to: 1 - type: integer 
	Parameter C_INIT_WR_PNTR_VAL bound to: 0 - type: integer 
	Parameter C_MEMORY_TYPE bound to: 3 - type: integer 
	Parameter C_MIF_FILE_NAME bound to: BlankString - type: string 
	Parameter C_OPTIMIZATION_MODE bound to: 0 - type: integer 
	Parameter C_OVERFLOW_LOW bound to: 0 - type: integer 
	Parameter C_PRELOAD_LATENCY bound to: 1 - type: integer 
	Parameter C_PRELOAD_REGS bound to: 0 - type: integer 
	Parameter C_PRIM_FIFO_TYPE bound to: 512x36 - type: string 
	Parameter C_PROG_EMPTY_THRESH_ASSERT_VAL bound to: 2 - type: integer 
	Parameter C_PROG_EMPTY_THRESH_NEGATE_VAL bound to: 3 - type: integer 
	Parameter C_PROG_EMPTY_TYPE bound to: 0 - type: integer 
	Parameter C_PROG_FULL_THRESH_ASSERT_VAL bound to: 14 - type: integer 
	Parameter C_PROG_FULL_THRESH_NEGATE_VAL bound to: 13 - type: integer 
	Parameter C_PROG_FULL_TYPE bound to: 0 - type: integer 
	Parameter C_RD_DATA_COUNT_WIDTH bound to: 4 - type: integer 
	Parameter C_RD_DEPTH bound to: 16 - type: integer 
	Parameter C_RD_FREQ bound to: 1 - type: integer 
	Parameter C_RD_PNTR_WIDTH bound to: 4 - type: integer 
	Parameter C_UNDERFLOW_LOW bound to: 0 - type: integer 
	Parameter C_USE_DOUT_RST bound to: 1 - type: integer 
	Parameter C_USE_ECC bound to: 0 - type: integer 
	Parameter C_USE_EMBEDDED_REG bound to: 0 - type: integer 
	Parameter C_USE_PIPELINE_REG bound to: 0 - type: integer 
	Parameter C_POWER_SAVING_MODE bound to: 0 - type: integer 
	Parameter C_USE_FIFO16_FLAGS bound to: 0 - type: integer 
	Parameter C_USE_FWFT_DATA_COUNT bound to: 0 - type: integer 
	Parameter C_VALID_LOW bound to: 0 - type: integer 
	Parameter C_WR_ACK_LOW bound to: 0 - type: integer 
	Parameter C_WR_DATA_COUNT_WIDTH bound to: 4 - type: integer 
	Parameter C_WR_DEPTH bound to: 16 - type: integer 
	Parameter C_WR_FREQ bound to: 1 - type: integer 
	Parameter C_WR_PNTR_WIDTH bound to: 4 - type: integer 
	Parameter C_WR_RESPONSE_LATENCY bound to: 1 - type: integer 
	Parameter C_MSGON_VAL bound to: 1 - type: integer 
	Parameter C_ENABLE_RST_SYNC bound to: 1 - type: integer 
	Parameter C_ERROR_INJECTION_TYPE bound to: 0 - type: integer 
	Parameter C_SYNCHRONIZER_STAGE bound to: 2 - type: integer 
	Parameter C_INTERFACE_TYPE bound to: 0 - type: integer 
	Parameter C_AXI_TYPE bound to: 1 - type: integer 
	Parameter C_HAS_AXI_WR_CHANNEL bound to: 1 - type: integer 
	Parameter C_HAS_AXI_RD_CHANNEL bound to: 1 - type: integer 
	Parameter C_HAS_SLAVE_CE bound to: 0 - type: integer 
	Parameter C_HAS_MASTER_CE bound to: 0 - type: integer 
	Parameter C_ADD_NGC_CONSTRAINT bound to: 0 - type: integer 
	Parameter C_USE_COMMON_OVERFLOW bound to: 0 - type: integer 
	Parameter C_USE_COMMON_UNDERFLOW bound to: 0 - type: integer 
	Parameter C_USE_DEFAULT_SETTINGS bound to: 0 - type: integer 
	Parameter C_AXI_ID_WIDTH bound to: 1 - type: integer 
	Parameter C_AXI_ADDR_WIDTH bound to: 32 - type: integer 
	Parameter C_AXI_DATA_WIDTH bound to: 64 - type: integer 
	Parameter C_AXI_LEN_WIDTH bound to: 8 - type: integer 
	Parameter C_AXI_LOCK_WIDTH bound to: 1 - type: integer 
	Parameter C_HAS_AXI_ID bound to: 0 - type: integer 
	Parameter C_HAS_AXI_AWUSER bound to: 0 - type: integer 
	Parameter C_HAS_AXI_WUSER bound to: 0 - type: integer 
	Parameter C_HAS_AXI_BUSER bound to: 0 - type: integer 
	Parameter C_HAS_AXI_ARUSER bound to: 0 - type: integer 
	Parameter C_HAS_AXI_RUSER bound to: 0 - type: integer 
	Parameter C_AXI_ARUSER_WIDTH bound to: 1 - type: integer 
	Parameter C_AXI_AWUSER_WIDTH bound to: 1 - type: integer 
	Parameter C_AXI_WUSER_WIDTH bound to: 1 - type: integer 
	Parameter C_AXI_BUSER_WIDTH bound to: 1 - type: integer 
	Parameter C_AXI_RUSER_WIDTH bound to: 1 - type: integer 
	Parameter C_HAS_AXIS_TDATA bound to: 0 - type: integer 
	Parameter C_HAS_AXIS_TID bound to: 0 - type: integer 
	Parameter C_HAS_AXIS_TDEST bound to: 0 - type: integer 
	Parameter C_HAS_AXIS_TUSER bound to: 1 - type: integer 
	Parameter C_HAS_AXIS_TREADY bound to: 1 - type: integer 
	Parameter C_HAS_AXIS_TLAST bound to: 0 - type: integer 
	Parameter C_HAS_AXIS_TSTRB bound to: 0 - type: integer 
	Parameter C_HAS_AXIS_TKEEP bound to: 0 - type: integer 
	Parameter C_AXIS_TDATA_WIDTH bound to: 1 - type: integer 
	Parameter C_AXIS_TID_WIDTH bound to: 1 - type: integer 
	Parameter C_AXIS_TDEST_WIDTH bound to: 1 - type: integer 
	Parameter C_AXIS_TUSER_WIDTH bound to: 4 - type: integer 
	Parameter C_AXIS_TSTRB_WIDTH bound to: 1 - type: integer 
	Parameter C_AXIS_TKEEP_WIDTH bound to: 1 - type: integer 
	Parameter C_WACH_TYPE bound to: 0 - type: integer 
	Parameter C_WDCH_TYPE bound to: 0 - type: integer 
	Parameter C_WRCH_TYPE bound to: 0 - type: integer 
	Parameter C_RACH_TYPE bound to: 0 - type: integer 
	Parameter C_RDCH_TYPE bound to: 0 - type: integer 
	Parameter C_AXIS_TYPE bound to: 0 - type: integer 
	Parameter C_IMPLEMENTATION_TYPE_WACH bound to: 1 - type: integer 
	Parameter C_IMPLEMENTATION_TYPE_WDCH bound to: 1 - type: integer 
	Parameter C_IMPLEMENTATION_TYPE_WRCH bound to: 1 - type: integer 
	Parameter C_IMPLEMENTATION_TYPE_RACH bound to: 1 - type: integer 
	Parameter C_IMPLEMENTATION_TYPE_RDCH bound to: 1 - type: integer 
	Parameter C_IMPLEMENTATION_TYPE_AXIS bound to: 1 - type: integer 
	Parameter C_APPLICATION_TYPE_WACH bound to: 0 - type: integer 
	Parameter C_APPLICATION_TYPE_WDCH bound to: 0 - type: integer 
	Parameter C_APPLICATION_TYPE_WRCH bound to: 0 - type: integer 
	Parameter C_APPLICATION_TYPE_RACH bound to: 0 - type: integer 
	Parameter C_APPLICATION_TYPE_RDCH bound to: 0 - type: integer 
	Parameter C_APPLICATION_TYPE_AXIS bound to: 0 - type: integer 
	Parameter C_PRIM_FIFO_TYPE_WACH bound to: 512x36 - type: string 
	Parameter C_PRIM_FIFO_TYPE_WDCH bound to: 1kx36 - type: string 
	Parameter C_PRIM_FIFO_TYPE_WRCH bound to: 512x36 - type: string 
	Parameter C_PRIM_FIFO_TYPE_RACH bound to: 512x36 - type: string 
	Parameter C_PRIM_FIFO_TYPE_RDCH bound to: 1kx36 - type: string 
	Parameter C_PRIM_FIFO_TYPE_AXIS bound to: 1kx18 - type: string 
	Parameter C_USE_ECC_WACH bound to: 0 - type: integer 
	Parameter C_USE_ECC_WDCH bound to: 0 - type: integer 
	Parameter C_USE_ECC_WRCH bound to: 0 - type: integer 
	Parameter C_USE_ECC_RACH bound to: 0 - type: integer 
	Parameter C_USE_ECC_RDCH bound to: 0 - type: integer 
	Parameter C_USE_ECC_AXIS bound to: 0 - type: integer 
	Parameter C_ERROR_INJECTION_TYPE_WACH bound to: 0 - type: integer 
	Parameter C_ERROR_INJECTION_TYPE_WDCH bound to: 0 - type: integer 
	Parameter C_ERROR_INJECTION_TYPE_WRCH bound to: 0 - type: integer 
	Parameter C_ERROR_INJECTION_TYPE_RACH bound to: 0 - type: integer 
	Parameter C_ERROR_INJECTION_TYPE_RDCH bound to: 0 - type: integer 
	Parameter C_ERROR_INJECTION_TYPE_AXIS bound to: 0 - type: integer 
	Parameter C_DIN_WIDTH_WACH bound to: 32 - type: integer 
	Parameter C_DIN_WIDTH_WDCH bound to: 64 - type: integer 
	Parameter C_DIN_WIDTH_WRCH bound to: 2 - type: integer 
	Parameter C_DIN_WIDTH_RACH bound to: 32 - type: integer 
	Parameter C_DIN_WIDTH_RDCH bound to: 64 - type: integer 
	Parameter C_DIN_WIDTH_AXIS bound to: 1 - type: integer 
	Parameter C_WR_DEPTH_WACH bound to: 16 - type: integer 
	Parameter C_WR_DEPTH_WDCH bound to: 1024 - type: integer 
	Parameter C_WR_DEPTH_WRCH bound to: 16 - type: integer 
	Parameter C_WR_DEPTH_RACH bound to: 16 - type: integer 
	Parameter C_WR_DEPTH_RDCH bound to: 1024 - type: integer 
	Parameter C_WR_DEPTH_AXIS bound to: 1024 - type: integer 
	Parameter C_WR_PNTR_WIDTH_WACH bound to: 4 - type: integer 
	Parameter C_WR_PNTR_WIDTH_WDCH bound to: 10 - type: integer 
	Parameter C_WR_PNTR_WIDTH_WRCH bound to: 4 - type: integer 
	Parameter C_WR_PNTR_WIDTH_RACH bound to: 4 - type: integer 
	Parameter C_WR_PNTR_WIDTH_RDCH bound to: 10 - type: integer 
	Parameter C_WR_PNTR_WIDTH_AXIS bound to: 10 - type: integer 
	Parameter C_HAS_DATA_COUNTS_WACH bound to: 0 - type: integer 
	Parameter C_HAS_DATA_COUNTS_WDCH bound to: 0 - type: integer 
	Parameter C_HAS_DATA_COUNTS_WRCH bound to: 0 - type: integer 
	Parameter C_HAS_DATA_COUNTS_RACH bound to: 0 - type: integer 
	Parameter C_HAS_DATA_COUNTS_RDCH bound to: 0 - type: integer 
	Parameter C_HAS_DATA_COUNTS_AXIS bound to: 0 - type: integer 
	Parameter C_HAS_PROG_FLAGS_WACH bound to: 0 - type: integer 
	Parameter C_HAS_PROG_FLAGS_WDCH bound to: 0 - type: integer 
	Parameter C_HAS_PROG_FLAGS_WRCH bound to: 0 - type: integer 
	Parameter C_HAS_PROG_FLAGS_RACH bound to: 0 - type: integer 
	Parameter C_HAS_PROG_FLAGS_RDCH bound to: 0 - type: integer 
	Parameter C_HAS_PROG_FLAGS_AXIS bound to: 0 - type: integer 
	Parameter C_PROG_FULL_TYPE_WACH bound to: 0 - type: integer 
	Parameter C_PROG_FULL_TYPE_WDCH bound to: 0 - type: integer 
	Parameter C_PROG_FULL_TYPE_WRCH bound to: 0 - type: integer 
	Parameter C_PROG_FULL_TYPE_RACH bound to: 0 - type: integer 
	Parameter C_PROG_FULL_TYPE_RDCH bound to: 0 - type: integer 
	Parameter C_PROG_FULL_TYPE_AXIS bound to: 0 - type: integer 
	Parameter C_PROG_FULL_THRESH_ASSERT_VAL_WACH bound to: 1023 - type: integer 
	Parameter C_PROG_FULL_THRESH_ASSERT_VAL_WDCH bound to: 1023 - type: integer 
	Parameter C_PROG_FULL_THRESH_ASSERT_VAL_WRCH bound to: 1023 - type: integer 
	Parameter C_PROG_FULL_THRESH_ASSERT_VAL_RACH bound to: 1023 - type: integer 
	Parameter C_PROG_FULL_THRESH_ASSERT_VAL_RDCH bound to: 1023 - type: integer 
	Parameter C_PROG_FULL_THRESH_ASSERT_VAL_AXIS bound to: 1023 - type: integer 
	Parameter C_PROG_EMPTY_TYPE_WACH bound to: 0 - type: integer 
	Parameter C_PROG_EMPTY_TYPE_WDCH bound to: 0 - type: integer 
	Parameter C_PROG_EMPTY_TYPE_WRCH bound to: 0 - type: integer 
	Parameter C_PROG_EMPTY_TYPE_RACH bound to: 0 - type: integer 
	Parameter C_PROG_EMPTY_TYPE_RDCH bound to: 0 - type: integer 
	Parameter C_PROG_EMPTY_TYPE_AXIS bound to: 0 - type: integer 
	Parameter C_PROG_EMPTY_THRESH_ASSERT_VAL_WACH bound to: 1022 - type: integer 
	Parameter C_PROG_EMPTY_THRESH_ASSERT_VAL_WDCH bound to: 1022 - type: integer 
	Parameter C_PROG_EMPTY_THRESH_ASSERT_VAL_WRCH bound to: 1022 - type: integer 
	Parameter C_PROG_EMPTY_THRESH_ASSERT_VAL_RACH bound to: 1022 - type: integer 
	Parameter C_PROG_EMPTY_THRESH_ASSERT_VAL_RDCH bound to: 1022 - type: integer 
	Parameter C_PROG_EMPTY_THRESH_ASSERT_VAL_AXIS bound to: 1022 - type: integer 
	Parameter C_REG_SLICE_MODE_WACH bound to: 0 - type: integer 
	Parameter C_REG_SLICE_MODE_WDCH bound to: 0 - type: integer 
	Parameter C_REG_SLICE_MODE_WRCH bound to: 0 - type: integer 
	Parameter C_REG_SLICE_MODE_RACH bound to: 0 - type: integer 
	Parameter C_REG_SLICE_MODE_RDCH bound to: 0 - type: integer 
	Parameter C_REG_SLICE_MODE_AXIS bound to: 0 - type: integer 
INFO: [Synth 8-3491] module 'fifo_generator_v12_0' declared at '/home/rrivera/ots/srcs/otsdaq-firmware/cactus/projects/ftbf/kc705_strip_module/top/top.srcs/sources_1/ip/packetfifo/fifo_generator_v12_0/hdl/fifo_generator_v12_0.vhd:127' bound to instance 'U0' of component 'fifo_generator_v12_0' [/home/rrivera/ots/srcs/otsdaq-firmware/cactus/projects/ftbf/kc705_strip_module/top/top.srcs/sources_1/ip/packetfifo/synth/packetfifo.vhd:528]
INFO: [Synth 8-638] synthesizing module 'fifo_generator_v12_0' [/home/rrivera/ots/srcs/otsdaq-firmware/cactus/projects/ftbf/kc705_strip_module/top/top.srcs/sources_1/ip/packetfifo/fifo_generator_v12_0/hdl/fifo_generator_v12_0.vhd:665]
	Parameter C_COMMON_CLOCK bound to: 1 - type: integer 
	Parameter C_COUNT_TYPE bound to: 0 - type: integer 
	Parameter C_DATA_COUNT_WIDTH bound to: 4 - type: integer 
	Parameter C_DEFAULT_VALUE bound to: BlankString - type: string 
	Parameter C_DIN_WIDTH bound to: 32 - type: integer 
	Parameter C_DOUT_RST_VAL bound to: 0 - type: string 
	Parameter C_DOUT_WIDTH bound to: 32 - type: integer 
	Parameter C_ENABLE_RLOCS bound to: 0 - type: integer 
	Parameter C_FAMILY bound to: kintex7 - type: string 
	Parameter C_FULL_FLAGS_RST_VAL bound to: 1 - type: integer 
	Parameter C_HAS_ALMOST_EMPTY bound to: 0 - type: integer 
	Parameter C_HAS_ALMOST_FULL bound to: 0 - type: integer 
	Parameter C_HAS_BACKUP bound to: 0 - type: integer 
	Parameter C_HAS_DATA_COUNT bound to: 0 - type: integer 
	Parameter C_HAS_INT_CLK bound to: 0 - type: integer 
	Parameter C_HAS_MEMINIT_FILE bound to: 0 - type: integer 
	Parameter C_HAS_OVERFLOW bound to: 0 - type: integer 
	Parameter C_HAS_RD_DATA_COUNT bound to: 0 - type: integer 
	Parameter C_HAS_RD_RST bound to: 0 - type: integer 
	Parameter C_HAS_RST bound to: 1 - type: integer 
	Parameter C_HAS_SRST bound to: 0 - type: integer 
	Parameter C_HAS_UNDERFLOW bound to: 0 - type: integer 
	Parameter C_HAS_VALID bound to: 0 - type: integer 
	Parameter C_HAS_WR_ACK bound to: 0 - type: integer 
	Parameter C_HAS_WR_DATA_COUNT bound to: 0 - type: integer 
	Parameter C_HAS_WR_RST bound to: 0 - type: integer 
	Parameter C_IMPLEMENTATION_TYPE bound to: 1 - type: integer 
	Parameter C_INIT_WR_PNTR_VAL bound to: 0 - type: integer 
	Parameter C_MEMORY_TYPE bound to: 3 - type: integer 
	Parameter C_MIF_FILE_NAME bound to: BlankString - type: string 
	Parameter C_OPTIMIZATION_MODE bound to: 0 - type: integer 
	Parameter C_OVERFLOW_LOW bound to: 0 - type: integer 
	Parameter C_PRELOAD_LATENCY bound to: 1 - type: integer 
	Parameter C_PRELOAD_REGS bound to: 0 - type: integer 
	Parameter C_PRIM_FIFO_TYPE bound to: 512x36 - type: string 
	Parameter C_PROG_EMPTY_THRESH_ASSERT_VAL bound to: 2 - type: integer 
	Parameter C_PROG_EMPTY_THRESH_NEGATE_VAL bound to: 3 - type: integer 
	Parameter C_PROG_EMPTY_TYPE bound to: 0 - type: integer 
	Parameter C_PROG_FULL_THRESH_ASSERT_VAL bound to: 14 - type: integer 
	Parameter C_PROG_FULL_THRESH_NEGATE_VAL bound to: 13 - type: integer 
	Parameter C_PROG_FULL_TYPE bound to: 0 - type: integer 
	Parameter C_RD_DATA_COUNT_WIDTH bound to: 4 - type: integer 
	Parameter C_RD_DEPTH bound to: 16 - type: integer 
	Parameter C_RD_FREQ bound to: 1 - type: integer 
	Parameter C_RD_PNTR_WIDTH bound to: 4 - type: integer 
	Parameter C_UNDERFLOW_LOW bound to: 0 - type: integer 
	Parameter C_USE_DOUT_RST bound to: 1 - type: integer 
	Parameter C_USE_ECC bound to: 0 - type: integer 
	Parameter C_USE_EMBEDDED_REG bound to: 0 - type: integer 
	Parameter C_USE_PIPELINE_REG bound to: 0 - type: integer 
	Parameter C_POWER_SAVING_MODE bound to: 0 - type: integer 
	Parameter C_USE_FIFO16_FLAGS bound to: 0 - type: integer 
	Parameter C_USE_FWFT_DATA_COUNT bound to: 0 - type: integer 
	Parameter C_VALID_LOW bound to: 0 - type: integer 
	Parameter C_WR_ACK_LOW bound to: 0 - type: integer 
	Parameter C_WR_DATA_COUNT_WIDTH bound to: 4 - type: integer 
	Parameter C_WR_DEPTH bound to: 16 - type: integer 
	Parameter C_WR_FREQ bound to: 1 - type: integer 
	Parameter C_WR_PNTR_WIDTH bound to: 4 - type: integer 
	Parameter C_WR_RESPONSE_LATENCY bound to: 1 - type: integer 
	Parameter C_MSGON_VAL bound to: 1 - type: integer 
	Parameter C_ENABLE_RST_SYNC bound to: 1 - type: integer 
	Parameter C_ERROR_INJECTION_TYPE bound to: 0 - type: integer 
	Parameter C_SYNCHRONIZER_STAGE bound to: 2 - type: integer 
	Parameter C_INTERFACE_TYPE bound to: 0 - type: integer 
	Parameter C_AXI_TYPE bound to: 1 - type: integer 
	Parameter C_HAS_AXI_WR_CHANNEL bound to: 1 - type: integer 
	Parameter C_HAS_AXI_RD_CHANNEL bound to: 1 - type: integer 
	Parameter C_HAS_SLAVE_CE bound to: 0 - type: integer 
	Parameter C_HAS_MASTER_CE bound to: 0 - type: integer 
	Parameter C_ADD_NGC_CONSTRAINT bound to: 0 - type: integer 
	Parameter C_USE_COMMON_OVERFLOW bound to: 0 - type: integer 
	Parameter C_USE_COMMON_UNDERFLOW bound to: 0 - type: integer 
	Parameter C_USE_DEFAULT_SETTINGS bound to: 0 - type: integer 
	Parameter C_AXI_ID_WIDTH bound to: 1 - type: integer 
	Parameter C_AXI_ADDR_WIDTH bound to: 32 - type: integer 
	Parameter C_AXI_DATA_WIDTH bound to: 64 - type: integer 
	Parameter C_AXI_LEN_WIDTH bound to: 8 - type: integer 
	Parameter C_AXI_LOCK_WIDTH bound to: 1 - type: integer 
	Parameter C_HAS_AXI_ID bound to: 0 - type: integer 
	Parameter C_HAS_AXI_AWUSER bound to: 0 - type: integer 
	Parameter C_HAS_AXI_WUSER bound to: 0 - type: integer 
	Parameter C_HAS_AXI_BUSER bound to: 0 - type: integer 
	Parameter C_HAS_AXI_ARUSER bound to: 0 - type: integer 
	Parameter C_HAS_AXI_RUSER bound to: 0 - type: integer 
	Parameter C_AXI_ARUSER_WIDTH bound to: 1 - type: integer 
	Parameter C_AXI_AWUSER_WIDTH bound to: 1 - type: integer 
	Parameter C_AXI_WUSER_WIDTH bound to: 1 - type: integer 
	Parameter C_AXI_BUSER_WIDTH bound to: 1 - type: integer 
	Parameter C_AXI_RUSER_WIDTH bound to: 1 - type: integer 
	Parameter C_HAS_AXIS_TDATA bound to: 0 - type: integer 
	Parameter C_HAS_AXIS_TID bound to: 0 - type: integer 
	Parameter C_HAS_AXIS_TDEST bound to: 0 - type: integer 
	Parameter C_HAS_AXIS_TUSER bound to: 1 - type: integer 
	Parameter C_HAS_AXIS_TREADY bound to: 1 - type: integer 
	Parameter C_HAS_AXIS_TLAST bound to: 0 - type: integer 
	Parameter C_HAS_AXIS_TSTRB bound to: 0 - type: integer 
	Parameter C_HAS_AXIS_TKEEP bound to: 0 - type: integer 
	Parameter C_AXIS_TDATA_WIDTH bound to: 1 - type: integer 
	Parameter C_AXIS_TID_WIDTH bound to: 1 - type: integer 
	Parameter C_AXIS_TDEST_WIDTH bound to: 1 - type: integer 
	Parameter C_AXIS_TUSER_WIDTH bound to: 4 - type: integer 
	Parameter C_AXIS_TSTRB_WIDTH bound to: 1 - type: integer 
	Parameter C_AXIS_TKEEP_WIDTH bound to: 1 - type: integer 
	Parameter C_WACH_TYPE bound to: 0 - type: integer 
	Parameter C_WDCH_TYPE bound to: 0 - type: integer 
	Parameter C_WRCH_TYPE bound to: 0 - type: integer 
	Parameter C_RACH_TYPE bound to: 0 - type: integer 
	Parameter C_RDCH_TYPE bound to: 0 - type: integer 
	Parameter C_AXIS_TYPE bound to: 0 - type: integer 
	Parameter C_IMPLEMENTATION_TYPE_WACH bound to: 1 - type: integer 
	Parameter C_IMPLEMENTATION_TYPE_WDCH bound to: 1 - type: integer 
	Parameter C_IMPLEMENTATION_TYPE_WRCH bound to: 1 - type: integer 
	Parameter C_IMPLEMENTATION_TYPE_RACH bound to: 1 - type: integer 
	Parameter C_IMPLEMENTATION_TYPE_RDCH bound to: 1 - type: integer 
	Parameter C_IMPLEMENTATION_TYPE_AXIS bound to: 1 - type: integer 
	Parameter C_APPLICATION_TYPE_WACH bound to: 0 - type: integer 
	Parameter C_APPLICATION_TYPE_WDCH bound to: 0 - type: integer 
	Parameter C_APPLICATION_TYPE_WRCH bound to: 0 - type: integer 
	Parameter C_APPLICATION_TYPE_RACH bound to: 0 - type: integer 
	Parameter C_APPLICATION_TYPE_RDCH bound to: 0 - type: integer 
	Parameter C_APPLICATION_TYPE_AXIS bound to: 0 - type: integer 
	Parameter C_PRIM_FIFO_TYPE_WACH bound to: 512x36 - type: string 
	Parameter C_PRIM_FIFO_TYPE_WDCH bound to: 1kx36 - type: string 
	Parameter C_PRIM_FIFO_TYPE_WRCH bound to: 512x36 - type: string 
	Parameter C_PRIM_FIFO_TYPE_RACH bound to: 512x36 - type: string 
	Parameter C_PRIM_FIFO_TYPE_RDCH bound to: 1kx36 - type: string 
	Parameter C_PRIM_FIFO_TYPE_AXIS bound to: 1kx18 - type: string 
	Parameter C_USE_ECC_WACH bound to: 0 - type: integer 
	Parameter C_USE_ECC_WDCH bound to: 0 - type: integer 
	Parameter C_USE_ECC_WRCH bound to: 0 - type: integer 
	Parameter C_USE_ECC_RACH bound to: 0 - type: integer 
	Parameter C_USE_ECC_RDCH bound to: 0 - type: integer 
	Parameter C_USE_ECC_AXIS bound to: 0 - type: integer 
	Parameter C_ERROR_INJECTION_TYPE_WACH bound to: 0 - type: integer 
	Parameter C_ERROR_INJECTION_TYPE_WDCH bound to: 0 - type: integer 
	Parameter C_ERROR_INJECTION_TYPE_WRCH bound to: 0 - type: integer 
	Parameter C_ERROR_INJECTION_TYPE_RACH bound to: 0 - type: integer 
	Parameter C_ERROR_INJECTION_TYPE_RDCH bound to: 0 - type: integer 
	Parameter C_ERROR_INJECTION_TYPE_AXIS bound to: 0 - type: integer 
	Parameter C_DIN_WIDTH_WACH bound to: 32 - type: integer 
	Parameter C_DIN_WIDTH_WDCH bound to: 64 - type: integer 
	Parameter C_DIN_WIDTH_WRCH bound to: 2 - type: integer 
	Parameter C_DIN_WIDTH_RACH bound to: 32 - type: integer 
	Parameter C_DIN_WIDTH_RDCH bound to: 64 - type: integer 
	Parameter C_DIN_WIDTH_AXIS bound to: 1 - type: integer 
	Parameter C_WR_DEPTH_WACH bound to: 16 - type: integer 
	Parameter C_WR_DEPTH_WDCH bound to: 1024 - type: integer 
	Parameter C_WR_DEPTH_WRCH bound to: 16 - type: integer 
	Parameter C_WR_DEPTH_RACH bound to: 16 - type: integer 
	Parameter C_WR_DEPTH_RDCH bound to: 1024 - type: integer 
	Parameter C_WR_DEPTH_AXIS bound to: 1024 - type: integer 
	Parameter C_WR_PNTR_WIDTH_WACH bound to: 4 - type: integer 
	Parameter C_WR_PNTR_WIDTH_WDCH bound to: 10 - type: integer 
	Parameter C_WR_PNTR_WIDTH_WRCH bound to: 4 - type: integer 
	Parameter C_WR_PNTR_WIDTH_RACH bound to: 4 - type: integer 
	Parameter C_WR_PNTR_WIDTH_RDCH bound to: 10 - type: integer 
	Parameter C_WR_PNTR_WIDTH_AXIS bound to: 10 - type: integer 
	Parameter C_HAS_DATA_COUNTS_WACH bound to: 0 - type: integer 
	Parameter C_HAS_DATA_COUNTS_WDCH bound to: 0 - type: integer 
	Parameter C_HAS_DATA_COUNTS_WRCH bound to: 0 - type: integer 
	Parameter C_HAS_DATA_COUNTS_RACH bound to: 0 - type: integer 
	Parameter C_HAS_DATA_COUNTS_RDCH bound to: 0 - type: integer 
	Parameter C_HAS_DATA_COUNTS_AXIS bound to: 0 - type: integer 
	Parameter C_HAS_PROG_FLAGS_WACH bound to: 0 - type: integer 
	Parameter C_HAS_PROG_FLAGS_WDCH bound to: 0 - type: integer 
	Parameter C_HAS_PROG_FLAGS_WRCH bound to: 0 - type: integer 
	Parameter C_HAS_PROG_FLAGS_RACH bound to: 0 - type: integer 
	Parameter C_HAS_PROG_FLAGS_RDCH bound to: 0 - type: integer 
	Parameter C_HAS_PROG_FLAGS_AXIS bound to: 0 - type: integer 
	Parameter C_PROG_FULL_TYPE_WACH bound to: 0 - type: integer 
	Parameter C_PROG_FULL_TYPE_WDCH bound to: 0 - type: integer 
	Parameter C_PROG_FULL_TYPE_WRCH bound to: 0 - type: integer 
	Parameter C_PROG_FULL_TYPE_RACH bound to: 0 - type: integer 
	Parameter C_PROG_FULL_TYPE_RDCH bound to: 0 - type: integer 
	Parameter C_PROG_FULL_TYPE_AXIS bound to: 0 - type: integer 
	Parameter C_PROG_FULL_THRESH_ASSERT_VAL_WACH bound to: 1023 - type: integer 
	Parameter C_PROG_FULL_THRESH_ASSERT_VAL_WDCH bound to: 1023 - type: integer 
	Parameter C_PROG_FULL_THRESH_ASSERT_VAL_WRCH bound to: 1023 - type: integer 
	Parameter C_PROG_FULL_THRESH_ASSERT_VAL_RACH bound to: 1023 - type: integer 
	Parameter C_PROG_FULL_THRESH_ASSERT_VAL_RDCH bound to: 1023 - type: integer 
	Parameter C_PROG_FULL_THRESH_ASSERT_VAL_AXIS bound to: 1023 - type: integer 
	Parameter C_PROG_EMPTY_TYPE_WACH bound to: 0 - type: integer 
	Parameter C_PROG_EMPTY_TYPE_WDCH bound to: 0 - type: integer 
	Parameter C_PROG_EMPTY_TYPE_WRCH bound to: 0 - type: integer 
	Parameter C_PROG_EMPTY_TYPE_RACH bound to: 0 - type: integer 
	Parameter C_PROG_EMPTY_TYPE_RDCH bound to: 0 - type: integer 
	Parameter C_PROG_EMPTY_TYPE_AXIS bound to: 0 - type: integer 
	Parameter C_PROG_EMPTY_THRESH_ASSERT_VAL_WACH bound to: 1022 - type: integer 
	Parameter C_PROG_EMPTY_THRESH_ASSERT_VAL_WDCH bound to: 1022 - type: integer 
	Parameter C_PROG_EMPTY_THRESH_ASSERT_VAL_WRCH bound to: 1022 - type: integer 
	Parameter C_PROG_EMPTY_THRESH_ASSERT_VAL_RACH bound to: 1022 - type: integer 
	Parameter C_PROG_EMPTY_THRESH_ASSERT_VAL_RDCH bound to: 1022 - type: integer 
	Parameter C_PROG_EMPTY_THRESH_ASSERT_VAL_AXIS bound to: 1022 - type: integer 
	Parameter C_REG_SLICE_MODE_WACH bound to: 0 - type: integer 
	Parameter C_REG_SLICE_MODE_WDCH bound to: 0 - type: integer 
	Parameter C_REG_SLICE_MODE_WRCH bound to: 0 - type: integer 
	Parameter C_REG_SLICE_MODE_RACH bound to: 0 - type: integer 
	Parameter C_REG_SLICE_MODE_RDCH bound to: 0 - type: integer 
	Parameter C_REG_SLICE_MODE_AXIS bound to: 0 - type: integer 
INFO: [Synth 8-638] synthesizing module 'fifo_generator_v12_0_synth' [/home/rrivera/ots/srcs/otsdaq-firmware/cactus/projects/ftbf/kc705_strip_module/top/top.srcs/sources_1/ip/packetfifo/fifo_generator_v12_0/hdl/fifo_generator_v12_0_vhsyn_rfs.vhd:33314]
	Parameter C_COMMON_CLOCK bound to: 1 - type: integer 
	Parameter C_COUNT_TYPE bound to: 0 - type: integer 
	Parameter C_DATA_COUNT_WIDTH bound to: 4 - type: integer 
	Parameter C_DEFAULT_VALUE bound to: BlankString - type: string 
	Parameter C_DIN_WIDTH bound to: 32 - type: integer 
	Parameter C_DOUT_RST_VAL bound to: 0 - type: string 
	Parameter C_DOUT_WIDTH bound to: 32 - type: integer 
	Parameter C_ENABLE_RLOCS bound to: 0 - type: integer 
	Parameter C_FAMILY bound to: kintex7 - type: string 
	Parameter C_FULL_FLAGS_RST_VAL bound to: 1 - type: integer 
	Parameter C_HAS_ALMOST_EMPTY bound to: 0 - type: integer 
	Parameter C_HAS_ALMOST_FULL bound to: 0 - type: integer 
	Parameter C_HAS_BACKUP bound to: 0 - type: integer 
	Parameter C_HAS_DATA_COUNT bound to: 0 - type: integer 
	Parameter C_HAS_INT_CLK bound to: 0 - type: integer 
	Parameter C_HAS_MEMINIT_FILE bound to: 0 - type: integer 
	Parameter C_HAS_OVERFLOW bound to: 0 - type: integer 
	Parameter C_HAS_RD_DATA_COUNT bound to: 0 - type: integer 
	Parameter C_HAS_RD_RST bound to: 0 - type: integer 
	Parameter C_HAS_RST bound to: 1 - type: integer 
	Parameter C_HAS_SRST bound to: 0 - type: integer 
	Parameter C_HAS_UNDERFLOW bound to: 0 - type: integer 
	Parameter C_HAS_VALID bound to: 0 - type: integer 
	Parameter C_HAS_WR_ACK bound to: 0 - type: integer 
	Parameter C_HAS_WR_DATA_COUNT bound to: 0 - type: integer 
	Parameter C_HAS_WR_RST bound to: 0 - type: integer 
	Parameter C_IMPLEMENTATION_TYPE bound to: 1 - type: integer 
	Parameter C_INIT_WR_PNTR_VAL bound to: 0 - type: integer 
	Parameter C_MEMORY_TYPE bound to: 3 - type: integer 
	Parameter C_MIF_FILE_NAME bound to: BlankString - type: string 
	Parameter C_OPTIMIZATION_MODE bound to: 0 - type: integer 
	Parameter C_OVERFLOW_LOW bound to: 0 - type: integer 
	Parameter C_PRELOAD_LATENCY bound to: 1 - type: integer 
	Parameter C_PRELOAD_REGS bound to: 0 - type: integer 
	Parameter C_PRIM_FIFO_TYPE bound to: 512x36 - type: string 
	Parameter C_PROG_EMPTY_THRESH_ASSERT_VAL bound to: 2 - type: integer 
	Parameter C_PROG_EMPTY_THRESH_NEGATE_VAL bound to: 3 - type: integer 
	Parameter C_PROG_EMPTY_TYPE bound to: 0 - type: integer 
	Parameter C_PROG_FULL_THRESH_ASSERT_VAL bound to: 14 - type: integer 
	Parameter C_PROG_FULL_THRESH_NEGATE_VAL bound to: 13 - type: integer 
	Parameter C_PROG_FULL_TYPE bound to: 0 - type: integer 
	Parameter C_RD_DATA_COUNT_WIDTH bound to: 4 - type: integer 
	Parameter C_RD_DEPTH bound to: 16 - type: integer 
	Parameter C_RD_FREQ bound to: 1 - type: integer 
	Parameter C_RD_PNTR_WIDTH bound to: 4 - type: integer 
	Parameter C_UNDERFLOW_LOW bound to: 0 - type: integer 
	Parameter C_USE_DOUT_RST bound to: 1 - type: integer 
	Parameter C_USE_ECC bound to: 0 - type: integer 
	Parameter C_USE_EMBEDDED_REG bound to: 0 - type: integer 
	Parameter C_USE_PIPELINE_REG bound to: 0 - type: integer 
	Parameter C_POWER_SAVING_MODE bound to: 0 - type: integer 
	Parameter C_USE_FIFO16_FLAGS bound to: 0 - type: integer 
	Parameter C_USE_FWFT_DATA_COUNT bound to: 0 - type: integer 
	Parameter C_VALID_LOW bound to: 0 - type: integer 
	Parameter C_WR_ACK_LOW bound to: 0 - type: integer 
	Parameter C_WR_DATA_COUNT_WIDTH bound to: 4 - type: integer 
	Parameter C_WR_DEPTH bound to: 16 - type: integer 
	Parameter C_WR_FREQ bound to: 1 - type: integer 
	Parameter C_WR_PNTR_WIDTH bound to: 4 - type: integer 
	Parameter C_WR_RESPONSE_LATENCY bound to: 1 - type: integer 
	Parameter C_MSGON_VAL bound to: 1 - type: integer 
	Parameter C_ENABLE_RST_SYNC bound to: 1 - type: integer 
	Parameter C_ERROR_INJECTION_TYPE bound to: 0 - type: integer 
	Parameter C_SYNCHRONIZER_STAGE bound to: 2 - type: integer 
	Parameter C_INTERFACE_TYPE bound to: 0 - type: integer 
	Parameter C_AXI_TYPE bound to: 1 - type: integer 
	Parameter C_HAS_AXI_WR_CHANNEL bound to: 1 - type: integer 
	Parameter C_HAS_AXI_RD_CHANNEL bound to: 1 - type: integer 
	Parameter C_HAS_SLAVE_CE bound to: 0 - type: integer 
	Parameter C_HAS_MASTER_CE bound to: 0 - type: integer 
	Parameter C_ADD_NGC_CONSTRAINT bound to: 0 - type: integer 
	Parameter C_USE_COMMON_OVERFLOW bound to: 0 - type: integer 
	Parameter C_USE_COMMON_UNDERFLOW bound to: 0 - type: integer 
	Parameter C_USE_DEFAULT_SETTINGS bound to: 0 - type: integer 
	Parameter C_AXI_ID_WIDTH bound to: 1 - type: integer 
	Parameter C_AXI_ADDR_WIDTH bound to: 32 - type: integer 
	Parameter C_AXI_DATA_WIDTH bound to: 64 - type: integer 
	Parameter C_AXI_LEN_WIDTH bound to: 8 - type: integer 
	Parameter C_AXI_LOCK_WIDTH bound to: 1 - type: integer 
	Parameter C_HAS_AXI_ID bound to: 0 - type: integer 
	Parameter C_HAS_AXI_AWUSER bound to: 0 - type: integer 
	Parameter C_HAS_AXI_WUSER bound to: 0 - type: integer 
	Parameter C_HAS_AXI_BUSER bound to: 0 - type: integer 
	Parameter C_HAS_AXI_ARUSER bound to: 0 - type: integer 
	Parameter C_HAS_AXI_RUSER bound to: 0 - type: integer 
	Parameter C_AXI_ARUSER_WIDTH bound to: 1 - type: integer 
	Parameter C_AXI_AWUSER_WIDTH bound to: 1 - type: integer 
	Parameter C_AXI_WUSER_WIDTH bound to: 1 - type: integer 
	Parameter C_AXI_BUSER_WIDTH bound to: 1 - type: integer 
	Parameter C_AXI_RUSER_WIDTH bound to: 1 - type: integer 
	Parameter C_HAS_AXIS_TDATA bound to: 0 - type: integer 
	Parameter C_HAS_AXIS_TID bound to: 0 - type: integer 
	Parameter C_HAS_AXIS_TDEST bound to: 0 - type: integer 
	Parameter C_HAS_AXIS_TUSER bound to: 1 - type: integer 
	Parameter C_HAS_AXIS_TREADY bound to: 1 - type: integer 
	Parameter C_HAS_AXIS_TLAST bound to: 0 - type: integer 
	Parameter C_HAS_AXIS_TSTRB bound to: 0 - type: integer 
	Parameter C_HAS_AXIS_TKEEP bound to: 0 - type: integer 
	Parameter C_AXIS_TDATA_WIDTH bound to: 1 - type: integer 
	Parameter C_AXIS_TID_WIDTH bound to: 1 - type: integer 
	Parameter C_AXIS_TDEST_WIDTH bound to: 1 - type: integer 
	Parameter C_AXIS_TUSER_WIDTH bound to: 4 - type: integer 
	Parameter C_AXIS_TSTRB_WIDTH bound to: 1 - type: integer 
	Parameter C_AXIS_TKEEP_WIDTH bound to: 1 - type: integer 
	Parameter C_WACH_TYPE bound to: 0 - type: integer 
	Parameter C_WDCH_TYPE bound to: 0 - type: integer 
	Parameter C_WRCH_TYPE bound to: 0 - type: integer 
	Parameter C_RACH_TYPE bound to: 0 - type: integer 
	Parameter C_RDCH_TYPE bound to: 0 - type: integer 
	Parameter C_AXIS_TYPE bound to: 0 - type: integer 
	Parameter C_IMPLEMENTATION_TYPE_WACH bound to: 1 - type: integer 
	Parameter C_IMPLEMENTATION_TYPE_WDCH bound to: 1 - type: integer 
	Parameter C_IMPLEMENTATION_TYPE_WRCH bound to: 1 - type: integer 
	Parameter C_IMPLEMENTATION_TYPE_RACH bound to: 1 - type: integer 
	Parameter C_IMPLEMENTATION_TYPE_RDCH bound to: 1 - type: integer 
	Parameter C_IMPLEMENTATION_TYPE_AXIS bound to: 1 - type: integer 
	Parameter C_APPLICATION_TYPE_WACH bound to: 0 - type: integer 
	Parameter C_APPLICATION_TYPE_WDCH bound to: 0 - type: integer 
	Parameter C_APPLICATION_TYPE_WRCH bound to: 0 - type: integer 
	Parameter C_APPLICATION_TYPE_RACH bound to: 0 - type: integer 
	Parameter C_APPLICATION_TYPE_RDCH bound to: 0 - type: integer 
	Parameter C_APPLICATION_TYPE_AXIS bound to: 0 - type: integer 
	Parameter C_PRIM_FIFO_TYPE_WACH bound to: 512x36 - type: string 
	Parameter C_PRIM_FIFO_TYPE_WDCH bound to: 1kx36 - type: string 
	Parameter C_PRIM_FIFO_TYPE_WRCH bound to: 512x36 - type: string 
	Parameter C_PRIM_FIFO_TYPE_RACH bound to: 512x36 - type: string 
	Parameter C_PRIM_FIFO_TYPE_RDCH bound to: 1kx36 - type: string 
	Parameter C_PRIM_FIFO_TYPE_AXIS bound to: 1kx18 - type: string 
	Parameter C_USE_ECC_WACH bound to: 0 - type: integer 
	Parameter C_USE_ECC_WDCH bound to: 0 - type: integer 
	Parameter C_USE_ECC_WRCH bound to: 0 - type: integer 
	Parameter C_USE_ECC_RACH bound to: 0 - type: integer 
	Parameter C_USE_ECC_RDCH bound to: 0 - type: integer 
	Parameter C_USE_ECC_AXIS bound to: 0 - type: integer 
	Parameter C_ERROR_INJECTION_TYPE_WACH bound to: 0 - type: integer 
	Parameter C_ERROR_INJECTION_TYPE_WDCH bound to: 0 - type: integer 
	Parameter C_ERROR_INJECTION_TYPE_WRCH bound to: 0 - type: integer 
	Parameter C_ERROR_INJECTION_TYPE_RACH bound to: 0 - type: integer 
	Parameter C_ERROR_INJECTION_TYPE_RDCH bound to: 0 - type: integer 
	Parameter C_ERROR_INJECTION_TYPE_AXIS bound to: 0 - type: integer 
	Parameter C_DIN_WIDTH_WACH bound to: 32 - type: integer 
	Parameter C_DIN_WIDTH_WDCH bound to: 64 - type: integer 
	Parameter C_DIN_WIDTH_WRCH bound to: 2 - type: integer 
	Parameter C_DIN_WIDTH_RACH bound to: 32 - type: integer 
	Parameter C_DIN_WIDTH_RDCH bound to: 64 - type: integer 
	Parameter C_DIN_WIDTH_AXIS bound to: 1 - type: integer 
	Parameter C_WR_DEPTH_WACH bound to: 16 - type: integer 
	Parameter C_WR_DEPTH_WDCH bound to: 1024 - type: integer 
	Parameter C_WR_DEPTH_WRCH bound to: 16 - type: integer 
	Parameter C_WR_DEPTH_RACH bound to: 16 - type: integer 
	Parameter C_WR_DEPTH_RDCH bound to: 1024 - type: integer 
	Parameter C_WR_DEPTH_AXIS bound to: 1024 - type: integer 
	Parameter C_WR_PNTR_WIDTH_WACH bound to: 4 - type: integer 
	Parameter C_WR_PNTR_WIDTH_WDCH bound to: 10 - type: integer 
	Parameter C_WR_PNTR_WIDTH_WRCH bound to: 4 - type: integer 
	Parameter C_WR_PNTR_WIDTH_RACH bound to: 4 - type: integer 
	Parameter C_WR_PNTR_WIDTH_RDCH bound to: 10 - type: integer 
	Parameter C_WR_PNTR_WIDTH_AXIS bound to: 10 - type: integer 
	Parameter C_HAS_DATA_COUNTS_WACH bound to: 0 - type: integer 
	Parameter C_HAS_DATA_COUNTS_WDCH bound to: 0 - type: integer 
	Parameter C_HAS_DATA_COUNTS_WRCH bound to: 0 - type: integer 
	Parameter C_HAS_DATA_COUNTS_RACH bound to: 0 - type: integer 
	Parameter C_HAS_DATA_COUNTS_RDCH bound to: 0 - type: integer 
	Parameter C_HAS_DATA_COUNTS_AXIS bound to: 0 - type: integer 
	Parameter C_HAS_PROG_FLAGS_WACH bound to: 0 - type: integer 
	Parameter C_HAS_PROG_FLAGS_WDCH bound to: 0 - type: integer 
	Parameter C_HAS_PROG_FLAGS_WRCH bound to: 0 - type: integer 
	Parameter C_HAS_PROG_FLAGS_RACH bound to: 0 - type: integer 
	Parameter C_HAS_PROG_FLAGS_RDCH bound to: 0 - type: integer 
	Parameter C_HAS_PROG_FLAGS_AXIS bound to: 0 - type: integer 
	Parameter C_PROG_FULL_TYPE_WACH bound to: 0 - type: integer 
	Parameter C_PROG_FULL_TYPE_WDCH bound to: 0 - type: integer 
	Parameter C_PROG_FULL_TYPE_WRCH bound to: 0 - type: integer 
	Parameter C_PROG_FULL_TYPE_RACH bound to: 0 - type: integer 
	Parameter C_PROG_FULL_TYPE_RDCH bound to: 0 - type: integer 
	Parameter C_PROG_FULL_TYPE_AXIS bound to: 0 - type: integer 
	Parameter C_PROG_FULL_THRESH_ASSERT_VAL_WACH bound to: 1023 - type: integer 
	Parameter C_PROG_FULL_THRESH_ASSERT_VAL_WDCH bound to: 1023 - type: integer 
	Parameter C_PROG_FULL_THRESH_ASSERT_VAL_WRCH bound to: 1023 - type: integer 
	Parameter C_PROG_FULL_THRESH_ASSERT_VAL_RACH bound to: 1023 - type: integer 
	Parameter C_PROG_FULL_THRESH_ASSERT_VAL_RDCH bound to: 1023 - type: integer 
	Parameter C_PROG_FULL_THRESH_ASSERT_VAL_AXIS bound to: 1023 - type: integer 
	Parameter C_PROG_EMPTY_TYPE_WACH bound to: 0 - type: integer 
	Parameter C_PROG_EMPTY_TYPE_WDCH bound to: 0 - type: integer 
	Parameter C_PROG_EMPTY_TYPE_WRCH bound to: 0 - type: integer 
	Parameter C_PROG_EMPTY_TYPE_RACH bound to: 0 - type: integer 
	Parameter C_PROG_EMPTY_TYPE_RDCH bound to: 0 - type: integer 
	Parameter C_PROG_EMPTY_TYPE_AXIS bound to: 0 - type: integer 
	Parameter C_PROG_EMPTY_THRESH_ASSERT_VAL_WACH bound to: 1022 - type: integer 
	Parameter C_PROG_EMPTY_THRESH_ASSERT_VAL_WDCH bound to: 1022 - type: integer 
	Parameter C_PROG_EMPTY_THRESH_ASSERT_VAL_WRCH bound to: 1022 - type: integer 
	Parameter C_PROG_EMPTY_THRESH_ASSERT_VAL_RACH bound to: 1022 - type: integer 
	Parameter C_PROG_EMPTY_THRESH_ASSERT_VAL_RDCH bound to: 1022 - type: integer 
	Parameter C_PROG_EMPTY_THRESH_ASSERT_VAL_AXIS bound to: 1022 - type: integer 
	Parameter C_REG_SLICE_MODE_WACH bound to: 0 - type: integer 
	Parameter C_REG_SLICE_MODE_WDCH bound to: 0 - type: integer 
	Parameter C_REG_SLICE_MODE_WRCH bound to: 0 - type: integer 
	Parameter C_REG_SLICE_MODE_RACH bound to: 0 - type: integer 
	Parameter C_REG_SLICE_MODE_RDCH bound to: 0 - type: integer 
	Parameter C_REG_SLICE_MODE_AXIS bound to: 0 - type: integer 
WARNING: [Synth 8-312] ignoring unsynthesizable construct: assertion statement [/home/rrivera/ots/srcs/otsdaq-firmware/cactus/projects/ftbf/kc705_strip_module/top/top.srcs/sources_1/ip/packetfifo/fifo_generator_v12_0/hdl/fifo_generator_v12_0_vhsyn_rfs.vhd:33373]
INFO: [Synth 8-638] synthesizing module 'fifo_generator_top' [/home/rrivera/ots/srcs/otsdaq-firmware/cactus/projects/ftbf/kc705_strip_module/top/top.srcs/sources_1/ip/packetfifo/fifo_generator_v12_0/hdl/fifo_generator_v12_0_vhsyn_rfs.vhd:32083]
	Parameter C_FAMILY bound to: kintex7 - type: string 
	Parameter C_COMMON_CLOCK bound to: 1 - type: integer 
	Parameter C_MEMORY_TYPE bound to: 3 - type: integer 
	Parameter C_IMPLEMENTATION_TYPE bound to: 1 - type: integer 
	Parameter C_PRELOAD_REGS bound to: 0 - type: integer 
	Parameter C_PRELOAD_LATENCY bound to: 1 - type: integer 
	Parameter C_DIN_WIDTH bound to: 32 - type: integer 
	Parameter C_WR_DEPTH bound to: 16 - type: integer 
	Parameter C_WR_PNTR_WIDTH bound to: 4 - type: integer 
	Parameter C_DOUT_WIDTH bound to: 32 - type: integer 
	Parameter C_RD_DEPTH bound to: 16 - type: integer 
	Parameter C_RD_PNTR_WIDTH bound to: 4 - type: integer 
	Parameter C_PROG_FULL_TYPE bound to: 0 - type: integer 
	Parameter C_PROG_FULL_THRESH_ASSERT_VAL bound to: 14 - type: integer 
	Parameter C_PROG_FULL_THRESH_NEGATE_VAL bound to: 13 - type: integer 
	Parameter C_PROG_EMPTY_TYPE bound to: 0 - type: integer 
	Parameter C_PROG_EMPTY_THRESH_ASSERT_VAL bound to: 2 - type: integer 
	Parameter C_PROG_EMPTY_THRESH_NEGATE_VAL bound to: 3 - type: integer 
	Parameter C_USE_ECC bound to: 0 - type: integer 
	Parameter C_ERROR_INJECTION_TYPE bound to: 0 - type: integer 
	Parameter C_HAS_ALMOST_EMPTY bound to: 0 - type: integer 
	Parameter C_HAS_ALMOST_FULL bound to: 0 - type: integer 
	Parameter C_PRIM_FIFO_TYPE bound to: 512x36 - type: string 
	Parameter C_FIFO_TYPE bound to: 0 - type: integer 
	Parameter C_USE_SYNC_CLK bound to: 0 - type: integer 
	Parameter C_BYTE_STRB_WIDTH bound to: 8 - type: integer 
	Parameter C_USE_INPUT_CE bound to: 0 - type: integer 
	Parameter C_USE_OUTPUT_CE bound to: 0 - type: integer 
	Parameter C_INTERFACE_TYPE bound to: 0 - type: integer 
	Parameter C_AXI_TYPE bound to: 0 - type: integer 
	Parameter C_HAS_WR_RST bound to: 0 - type: integer 
	Parameter C_HAS_RD_RST bound to: 0 - type: integer 
	Parameter C_HAS_RST bound to: 1 - type: integer 
	Parameter C_HAS_SRST bound to: 0 - type: integer 
	Parameter C_DOUT_RST_VAL bound to: 0 - type: string 
	Parameter C_HAS_VALID bound to: 0 - type: integer 
	Parameter C_VALID_LOW bound to: 0 - type: integer 
	Parameter C_HAS_UNDERFLOW bound to: 0 - type: integer 
	Parameter C_UNDERFLOW_LOW bound to: 0 - type: integer 
	Parameter C_HAS_WR_ACK bound to: 0 - type: integer 
	Parameter C_WR_ACK_LOW bound to: 0 - type: integer 
	Parameter C_HAS_OVERFLOW bound to: 0 - type: integer 
	Parameter C_OVERFLOW_LOW bound to: 0 - type: integer 
	Parameter C_HAS_DATA_COUNT bound to: 0 - type: integer 
	Parameter C_DATA_COUNT_WIDTH bound to: 4 - type: integer 
	Parameter C_HAS_RD_DATA_COUNT bound to: 0 - type: integer 
	Parameter C_RD_DATA_COUNT_WIDTH bound to: 4 - type: integer 
	Parameter C_USE_FWFT_DATA_COUNT bound to: 0 - type: integer 
	Parameter C_HAS_WR_DATA_COUNT bound to: 0 - type: integer 
	Parameter C_WR_DATA_COUNT_WIDTH bound to: 4 - type: integer 
	Parameter C_FULL_FLAGS_RST_VAL bound to: 1 - type: integer 
	Parameter C_USE_EMBEDDED_REG bound to: 0 - type: integer 
	Parameter C_USE_PIPELINE_REG bound to: 0 - type: integer 
	Parameter C_POWER_SAVING_MODE bound to: 0 - type: integer 
	Parameter C_USE_DOUT_RST bound to: 1 - type: integer 
	Parameter C_MSGON_VAL bound to: 1 - type: integer 
	Parameter C_ENABLE_RST_SYNC bound to: 1 - type: integer 
	Parameter C_SYNCHRONIZER_STAGE bound to: 2 - type: integer 
	Parameter C_COUNT_TYPE bound to: 0 - type: integer 
	Parameter C_DEFAULT_VALUE bound to: BlankString - type: string 
	Parameter C_ENABLE_RLOCS bound to: 0 - type: integer 
	Parameter C_HAS_BACKUP bound to: 0 - type: integer 
	Parameter C_HAS_INT_CLK bound to: 0 - type: integer 
	Parameter C_HAS_MEMINIT_FILE bound to: 0 - type: integer 
	Parameter C_INIT_WR_PNTR_VAL bound to: 0 - type: integer 
	Parameter C_MIF_FILE_NAME bound to: BlankString - type: string 
	Parameter C_OPTIMIZATION_MODE bound to: 0 - type: integer 
	Parameter C_RD_FREQ bound to: 1 - type: integer 
	Parameter C_USE_FIFO16_FLAGS bound to: 0 - type: integer 
	Parameter C_WR_FREQ bound to: 1 - type: integer 
	Parameter C_WR_RESPONSE_LATENCY bound to: 1 - type: integer 
INFO: [Synth 8-638] synthesizing module 'fifo_generator_ramfifo' [/home/rrivera/ots/srcs/otsdaq-firmware/cactus/projects/ftbf/kc705_strip_module/top/top.srcs/sources_1/ip/packetfifo/fifo_generator_v12_0/hdl/fifo_generator_v12_0_vhsyn_rfs.vhd:20531]
	Parameter C_FAMILY bound to: kintex7 - type: string 
	Parameter C_COMMON_CLOCK bound to: 1 - type: integer 
	Parameter C_MEMORY_TYPE bound to: 3 - type: integer 
	Parameter C_PRELOAD_REGS bound to: 0 - type: integer 
	Parameter C_PRELOAD_LATENCY bound to: 1 - type: integer 
	Parameter C_HAS_RST bound to: 1 - type: integer 
	Parameter C_HAS_SRST bound to: 0 - type: integer 
	Parameter C_DIN_WIDTH bound to: 32 - type: integer 
	Parameter C_DOUT_WIDTH bound to: 32 - type: integer 
	Parameter C_DOUT_RST_VAL bound to: 0 - type: string 
	Parameter C_RD_DEPTH bound to: 16 - type: integer 
	Parameter C_RD_PNTR_WIDTH bound to: 4 - type: integer 
	Parameter C_WR_DEPTH bound to: 16 - type: integer 
	Parameter C_WR_PNTR_WIDTH bound to: 4 - type: integer 
	Parameter C_DEPTH_RATIO_WR bound to: 1 - type: integer 
	Parameter C_DEPTH_RATIO_RD bound to: 1 - type: integer 
	Parameter C_FULL_FLAGS_RST_VAL bound to: 1 - type: integer 
	Parameter C_USE_EMBEDDED_REG bound to: 0 - type: integer 
	Parameter C_USE_PIPELINE_REG bound to: 0 - type: integer 
	Parameter C_MSGON_VAL bound to: 1 - type: integer 
	Parameter C_HAS_ALMOST_EMPTY bound to: 0 - type: integer 
	Parameter C_PROG_EMPTY_TYPE bound to: 0 - type: integer 
	Parameter C_PROG_EMPTY_THRESH_ASSERT_VAL bound to: 2 - type: integer 
	Parameter C_PROG_EMPTY_THRESH_NEGATE_VAL bound to: 3 - type: integer 
	Parameter C_HAS_ALMOST_FULL bound to: 0 - type: integer 
	Parameter C_PROG_FULL_TYPE bound to: 0 - type: integer 
	Parameter C_PROG_FULL_THRESH_ASSERT_VAL bound to: 14 - type: integer 
	Parameter C_PROG_FULL_THRESH_NEGATE_VAL bound to: 13 - type: integer 
	Parameter C_HAS_VALID bound to: 0 - type: integer 
	Parameter C_VALID_LOW bound to: 0 - type: integer 
	Parameter C_HAS_UNDERFLOW bound to: 0 - type: integer 
	Parameter C_UNDERFLOW_LOW bound to: 0 - type: integer 
	Parameter C_HAS_WR_ACK bound to: 0 - type: integer 
	Parameter C_WR_ACK_LOW bound to: 0 - type: integer 
	Parameter C_HAS_OVERFLOW bound to: 0 - type: integer 
	Parameter C_OVERFLOW_LOW bound to: 0 - type: integer 
	Parameter C_HAS_DATA_COUNT bound to: 0 - type: integer 
	Parameter C_DATA_COUNT_WIDTH bound to: 4 - type: integer 
	Parameter C_HAS_RD_DATA_COUNT bound to: 0 - type: integer 
	Parameter C_RD_DATA_COUNT_WIDTH bound to: 4 - type: integer 
	Parameter C_HAS_WR_DATA_COUNT bound to: 0 - type: integer 
	Parameter C_USE_FWFT_DATA_COUNT bound to: 0 - type: integer 
	Parameter C_WR_DATA_COUNT_WIDTH bound to: 4 - type: integer 
	Parameter C_USE_ECC bound to: 0 - type: integer 
	Parameter C_USE_DOUT_RST bound to: 1 - type: integer 
	Parameter C_ENABLE_RST_SYNC bound to: 1 - type: integer 
	Parameter C_ERROR_INJECTION_TYPE bound to: 0 - type: integer 
	Parameter C_SYNCHRONIZER_STAGE bound to: 2 - type: integer 
	Parameter C_FIFO_TYPE bound to: 0 - type: integer 
	Parameter C_BYTE_STRB_WIDTH bound to: 8 - type: integer 
	Parameter C_USE_INPUT_CE bound to: 0 - type: integer 
	Parameter C_USE_OUTPUT_CE bound to: 0 - type: integer 
	Parameter C_USE_SYNC_CLK bound to: 0 - type: integer 
	Parameter C_AXI_TYPE bound to: 0 - type: integer 
INFO: [Synth 8-638] synthesizing module 'reset_blk_ramfifo' [/home/rrivera/ots/srcs/otsdaq-firmware/cactus/projects/ftbf/kc705_strip_module/top/top.srcs/sources_1/ip/packetfifo/fifo_generator_v12_0/hdl/fifo_generator_v12_0_vhsyn_rfs.vhd:12343]
	Parameter C_FAMILY bound to: kintex7 - type: string 
	Parameter C_MEMORY_TYPE bound to: 3 - type: integer 
	Parameter C_COMMON_CLOCK bound to: 1 - type: integer 
	Parameter C_HAS_RST bound to: 1 - type: integer 
	Parameter C_HAS_SRST bound to: 0 - type: integer 
	Parameter C_WR_RST_MAXFAN bound to: 2 - type: integer 
	Parameter C_RD_RST_MAXFAN bound to: 3 - type: integer 
	Parameter C_MSGON_VAL bound to: 1 - type: integer 
	Parameter C_ENABLE_RST_SYNC bound to: 1 - type: integer 
	Parameter C_FULL_FLAGS_RST_VAL bound to: 1 - type: integer 
INFO: [Synth 8-5534] Detected attribute (* async_reg = "true" *) [/home/rrivera/ots/srcs/otsdaq-firmware/cactus/projects/ftbf/kc705_strip_module/top/top.srcs/sources_1/ip/packetfifo/fifo_generator_v12_0/hdl/fifo_generator_v12_0_vhsyn_rfs.vhd:12449]
INFO: [Synth 8-5534] Detected attribute (* async_reg = "true" *) [/home/rrivera/ots/srcs/otsdaq-firmware/cactus/projects/ftbf/kc705_strip_module/top/top.srcs/sources_1/ip/packetfifo/fifo_generator_v12_0/hdl/fifo_generator_v12_0_vhsyn_rfs.vhd:12450]
INFO: [Synth 8-5534] Detected attribute (* async_reg = "true" *) [/home/rrivera/ots/srcs/otsdaq-firmware/cactus/projects/ftbf/kc705_strip_module/top/top.srcs/sources_1/ip/packetfifo/fifo_generator_v12_0/hdl/fifo_generator_v12_0_vhsyn_rfs.vhd:12451]
INFO: [Synth 8-5534] Detected attribute (* async_reg = "true" *) [/home/rrivera/ots/srcs/otsdaq-firmware/cactus/projects/ftbf/kc705_strip_module/top/top.srcs/sources_1/ip/packetfifo/fifo_generator_v12_0/hdl/fifo_generator_v12_0_vhsyn_rfs.vhd:12452]
INFO: [Synth 8-5534] Detected attribute (* async_reg = "true" *) [/home/rrivera/ots/srcs/otsdaq-firmware/cactus/projects/ftbf/kc705_strip_module/top/top.srcs/sources_1/ip/packetfifo/fifo_generator_v12_0/hdl/fifo_generator_v12_0_vhsyn_rfs.vhd:12769]
INFO: [Synth 8-5534] Detected attribute (* async_reg = "true" *) [/home/rrivera/ots/srcs/otsdaq-firmware/cactus/projects/ftbf/kc705_strip_module/top/top.srcs/sources_1/ip/packetfifo/fifo_generator_v12_0/hdl/fifo_generator_v12_0_vhsyn_rfs.vhd:12770]
INFO: [Synth 8-5534] Detected attribute (* async_reg = "true" *) [/home/rrivera/ots/srcs/otsdaq-firmware/cactus/projects/ftbf/kc705_strip_module/top/top.srcs/sources_1/ip/packetfifo/fifo_generator_v12_0/hdl/fifo_generator_v12_0_vhsyn_rfs.vhd:12771]
INFO: [Synth 8-256] done synthesizing module 'reset_blk_ramfifo' (1#1) [/home/rrivera/ots/srcs/otsdaq-firmware/cactus/projects/ftbf/kc705_strip_module/top/top.srcs/sources_1/ip/packetfifo/fifo_generator_v12_0/hdl/fifo_generator_v12_0_vhsyn_rfs.vhd:12343]
INFO: [Synth 8-638] synthesizing module 'input_blk' [/home/rrivera/ots/srcs/otsdaq-firmware/cactus/projects/ftbf/kc705_strip_module/top/top.srcs/sources_1/ip/packetfifo/fifo_generator_v12_0/hdl/fifo_generator_v12_0_vhsyn_rfs.vhd:4020]
	Parameter C_COMMON_CLOCK bound to: 1 - type: integer 
	Parameter C_IMPLEMENTATION_TYPE bound to: 0 - type: integer 
	Parameter C_DIN_WIDTH bound to: 32 - type: integer 
	Parameter C_PKTFIFO_DATA_WIDTH bound to: 32 - type: integer 
	Parameter C_DOUT_WIDTH bound to: 32 - type: integer 
	Parameter C_HAS_INT_CLK bound to: 0 - type: integer 
	Parameter C_PROG_EMPTY_TYPE bound to: 0 - type: integer 
	Parameter C_PROG_FULL_TYPE bound to: 0 - type: integer 
	Parameter C_DEPTH_RATIO_RD bound to: 1 - type: integer 
	Parameter C_RD_PNTR_WIDTH bound to: 4 - type: integer 
	Parameter C_WR_PNTR_WIDTH bound to: 4 - type: integer 
	Parameter C_USE_EMBEDDED_REG bound to: 1 - type: integer 
	Parameter C_ERROR_INJECTION_TYPE bound to: 0 - type: integer 
	Parameter C_FIFO_TYPE bound to: 0 - type: integer 
	Parameter C_BYTE_STRB_WIDTH bound to: 8 - type: integer 
	Parameter C_USE_INPUT_CE bound to: 0 - type: integer 
	Parameter C_USE_OUTPUT_CE bound to: 0 - type: integer 
	Parameter C_USE_SYNC_CLK bound to: 0 - type: integer 
INFO: [Synth 8-256] done synthesizing module 'input_blk' (2#1) [/home/rrivera/ots/srcs/otsdaq-firmware/cactus/projects/ftbf/kc705_strip_module/top/top.srcs/sources_1/ip/packetfifo/fifo_generator_v12_0/hdl/fifo_generator_v12_0_vhsyn_rfs.vhd:4020]
INFO: [Synth 8-638] synthesizing module 'memory' [/home/rrivera/ots/srcs/otsdaq-firmware/cactus/projects/ftbf/kc705_strip_module/top/top.srcs/sources_1/ip/packetfifo/fifo_generator_v12_0/hdl/fifo_generator_v12_0_vhsyn_rfs.vhd:5654]
	Parameter C_FAMILY bound to: kintex7 - type: string 
	Parameter C_COMMON_CLOCK bound to: 1 - type: integer 
	Parameter C_HAS_RST bound to: 1 - type: integer 
	Parameter C_HAS_SRST bound to: 0 - type: integer 
	Parameter C_DIN_WIDTH bound to: 32 - type: integer 
	Parameter C_DOUT_WIDTH bound to: 32 - type: integer 
	Parameter C_USE_DOUT_RST bound to: 1 - type: integer 
	Parameter C_DOUT_RST_VAL bound to: 0 - type: string 
	Parameter C_MEMORY_TYPE bound to: 3 - type: integer 
	Parameter C_PRELOAD_LATENCY bound to: 1 - type: integer 
	Parameter C_PRELOAD_REGS bound to: 0 - type: integer 
	Parameter C_LARGER_DEPTH bound to: 16 - type: integer 
	Parameter C_RD_DEPTH bound to: 16 - type: integer 
	Parameter C_WR_DEPTH bound to: 16 - type: integer 
	Parameter C_SMALLER_DATA_WIDTH bound to: 32 - type: integer 
	Parameter C_RD_PNTR_WIDTH bound to: 4 - type: integer 
	Parameter C_WR_PNTR_WIDTH bound to: 4 - type: integer 
	Parameter C_DEPTH_RATIO_RD bound to: 1 - type: integer 
	Parameter C_DEPTH_RATIO_WR bound to: 1 - type: integer 
	Parameter C_USE_ECC bound to: 0 - type: integer 
	Parameter C_USE_PIPELINE_REG bound to: 0 - type: integer 
	Parameter C_USE_EMBEDDED_REG bound to: 0 - type: integer 
	Parameter C_ERROR_INJECTION_TYPE bound to: 0 - type: integer 
	Parameter C_FIFO_TYPE bound to: 0 - type: integer 
INFO: [Synth 8-638] synthesizing module 'shft_ram' [/home/rrivera/ots/srcs/otsdaq-firmware/cactus/projects/ftbf/kc705_strip_module/top/top.srcs/sources_1/ip/packetfifo/fifo_generator_v12_0/hdl/fifo_generator_v12_0_vhsyn_rfs.vhd:5131]
	Parameter C_FAMILY bound to: kintex7 - type: string 
	Parameter C_HAS_RST bound to: 1 - type: integer 
	Parameter C_HAS_SRST bound to: 0 - type: integer 
	Parameter C_DIN_WIDTH bound to: 32 - type: integer 
	Parameter C_DOUT_WIDTH bound to: 32 - type: integer 
	Parameter C_DOUT_RST_VAL bound to: 0 - type: string 
	Parameter C_RD_PNTR_WIDTH bound to: 4 - type: integer 
	Parameter C_WR_DEPTH bound to: 16 - type: integer 
INFO: [Synth 8-638] synthesizing module 'shft_wrapper' [/home/rrivera/ots/srcs/otsdaq-firmware/cactus/projects/ftbf/kc705_strip_module/top/top.srcs/sources_1/ip/packetfifo/fifo_generator_v12_0/hdl/fifo_generator_v12_0_vhsyn_rfs.vhd:4920]
	Parameter C_FAMILY bound to: kintex7 - type: string 
	Parameter C_IS_SRL32_NEEDED bound to: 0 - type: integer 
	Parameter C_DIN_WIDTH bound to: 32 - type: integer 
	Parameter C_DOUT_WIDTH bound to: 32 - type: integer 
	Parameter C_WR_DEPTH bound to: 16 - type: integer 
	Parameter C_RD_PNTR_WIDTH bound to: 4 - type: integer 
	Parameter INIT bound to: 16'b0000000000000000 
	Parameter IS_CLK_INVERTED bound to: 1'b0 
INFO: [Synth 8-113] binding component instance 'srl16' to cell 'SRLC16E' [/home/rrivera/ots/srcs/otsdaq-firmware/cactus/projects/ftbf/kc705_strip_module/top/top.srcs/sources_1/ip/packetfifo/fifo_generator_v12_0/hdl/fifo_generator_v12_0_vhsyn_rfs.vhd:4987]
	Parameter INIT bound to: 16'b0000000000000000 
	Parameter IS_CLK_INVERTED bound to: 1'b0 
INFO: [Synth 8-113] binding component instance 'srl16' to cell 'SRLC16E' [/home/rrivera/ots/srcs/otsdaq-firmware/cactus/projects/ftbf/kc705_strip_module/top/top.srcs/sources_1/ip/packetfifo/fifo_generator_v12_0/hdl/fifo_generator_v12_0_vhsyn_rfs.vhd:4987]
	Parameter INIT bound to: 16'b0000000000000000 
	Parameter IS_CLK_INVERTED bound to: 1'b0 
INFO: [Synth 8-113] binding component instance 'srl16' to cell 'SRLC16E' [/home/rrivera/ots/srcs/otsdaq-firmware/cactus/projects/ftbf/kc705_strip_module/top/top.srcs/sources_1/ip/packetfifo/fifo_generator_v12_0/hdl/fifo_generator_v12_0_vhsyn_rfs.vhd:4987]
	Parameter INIT bound to: 16'b0000000000000000 
	Parameter IS_CLK_INVERTED bound to: 1'b0 
INFO: [Synth 8-113] binding component instance 'srl16' to cell 'SRLC16E' [/home/rrivera/ots/srcs/otsdaq-firmware/cactus/projects/ftbf/kc705_strip_module/top/top.srcs/sources_1/ip/packetfifo/fifo_generator_v12_0/hdl/fifo_generator_v12_0_vhsyn_rfs.vhd:4987]
	Parameter INIT bound to: 16'b0000000000000000 
	Parameter IS_CLK_INVERTED bound to: 1'b0 
INFO: [Synth 8-113] binding component instance 'srl16' to cell 'SRLC16E' [/home/rrivera/ots/srcs/otsdaq-firmware/cactus/projects/ftbf/kc705_strip_module/top/top.srcs/sources_1/ip/packetfifo/fifo_generator_v12_0/hdl/fifo_generator_v12_0_vhsyn_rfs.vhd:4987]
	Parameter INIT bound to: 16'b0000000000000000 
	Parameter IS_CLK_INVERTED bound to: 1'b0 
INFO: [Synth 8-113] binding component instance 'srl16' to cell 'SRLC16E' [/home/rrivera/ots/srcs/otsdaq-firmware/cactus/projects/ftbf/kc705_strip_module/top/top.srcs/sources_1/ip/packetfifo/fifo_generator_v12_0/hdl/fifo_generator_v12_0_vhsyn_rfs.vhd:4987]
	Parameter INIT bound to: 16'b0000000000000000 
	Parameter IS_CLK_INVERTED bound to: 1'b0 
INFO: [Synth 8-113] binding component instance 'srl16' to cell 'SRLC16E' [/home/rrivera/ots/srcs/otsdaq-firmware/cactus/projects/ftbf/kc705_strip_module/top/top.srcs/sources_1/ip/packetfifo/fifo_generator_v12_0/hdl/fifo_generator_v12_0_vhsyn_rfs.vhd:4987]
	Parameter INIT bound to: 16'b0000000000000000 
	Parameter IS_CLK_INVERTED bound to: 1'b0 
INFO: [Synth 8-113] binding component instance 'srl16' to cell 'SRLC16E' [/home/rrivera/ots/srcs/otsdaq-firmware/cactus/projects/ftbf/kc705_strip_module/top/top.srcs/sources_1/ip/packetfifo/fifo_generator_v12_0/hdl/fifo_generator_v12_0_vhsyn_rfs.vhd:4987]
	Parameter INIT bound to: 16'b0000000000000000 
	Parameter IS_CLK_INVERTED bound to: 1'b0 
INFO: [Synth 8-113] binding component instance 'srl16' to cell 'SRLC16E' [/home/rrivera/ots/srcs/otsdaq-firmware/cactus/projects/ftbf/kc705_strip_module/top/top.srcs/sources_1/ip/packetfifo/fifo_generator_v12_0/hdl/fifo_generator_v12_0_vhsyn_rfs.vhd:4987]
	Parameter INIT bound to: 16'b0000000000000000 
	Parameter IS_CLK_INVERTED bound to: 1'b0 
INFO: [Synth 8-113] binding component instance 'srl16' to cell 'SRLC16E' [/home/rrivera/ots/srcs/otsdaq-firmware/cactus/projects/ftbf/kc705_strip_module/top/top.srcs/sources_1/ip/packetfifo/fifo_generator_v12_0/hdl/fifo_generator_v12_0_vhsyn_rfs.vhd:4987]
	Parameter INIT bound to: 16'b0000000000000000 
	Parameter IS_CLK_INVERTED bound to: 1'b0 
INFO: [Synth 8-113] binding component instance 'srl16' to cell 'SRLC16E' [/home/rrivera/ots/srcs/otsdaq-firmware/cactus/projects/ftbf/kc705_strip_module/top/top.srcs/sources_1/ip/packetfifo/fifo_generator_v12_0/hdl/fifo_generator_v12_0_vhsyn_rfs.vhd:4987]
	Parameter INIT bound to: 16'b0000000000000000 
	Parameter IS_CLK_INVERTED bound to: 1'b0 
INFO: [Synth 8-113] binding component instance 'srl16' to cell 'SRLC16E' [/home/rrivera/ots/srcs/otsdaq-firmware/cactus/projects/ftbf/kc705_strip_module/top/top.srcs/sources_1/ip/packetfifo/fifo_generator_v12_0/hdl/fifo_generator_v12_0_vhsyn_rfs.vhd:4987]
	Parameter INIT bound to: 16'b0000000000000000 
	Parameter IS_CLK_INVERTED bound to: 1'b0 
INFO: [Synth 8-113] binding component instance 'srl16' to cell 'SRLC16E' [/home/rrivera/ots/srcs/otsdaq-firmware/cactus/projects/ftbf/kc705_strip_module/top/top.srcs/sources_1/ip/packetfifo/fifo_generator_v12_0/hdl/fifo_generator_v12_0_vhsyn_rfs.vhd:4987]
	Parameter INIT bound to: 16'b0000000000000000 
	Parameter IS_CLK_INVERTED bound to: 1'b0 
INFO: [Synth 8-113] binding component instance 'srl16' to cell 'SRLC16E' [/home/rrivera/ots/srcs/otsdaq-firmware/cactus/projects/ftbf/kc705_strip_module/top/top.srcs/sources_1/ip/packetfifo/fifo_generator_v12_0/hdl/fifo_generator_v12_0_vhsyn_rfs.vhd:4987]
	Parameter INIT bound to: 16'b0000000000000000 
	Parameter IS_CLK_INVERTED bound to: 1'b0 
INFO: [Synth 8-113] binding component instance 'srl16' to cell 'SRLC16E' [/home/rrivera/ots/srcs/otsdaq-firmware/cactus/projects/ftbf/kc705_strip_module/top/top.srcs/sources_1/ip/packetfifo/fifo_generator_v12_0/hdl/fifo_generator_v12_0_vhsyn_rfs.vhd:4987]
	Parameter INIT bound to: 16'b0000000000000000 
	Parameter IS_CLK_INVERTED bound to: 1'b0 
INFO: [Synth 8-113] binding component instance 'srl16' to cell 'SRLC16E' [/home/rrivera/ots/srcs/otsdaq-firmware/cactus/projects/ftbf/kc705_strip_module/top/top.srcs/sources_1/ip/packetfifo/fifo_generator_v12_0/hdl/fifo_generator_v12_0_vhsyn_rfs.vhd:4987]
	Parameter INIT bound to: 16'b0000000000000000 
	Parameter IS_CLK_INVERTED bound to: 1'b0 
INFO: [Synth 8-113] binding component instance 'srl16' to cell 'SRLC16E' [/home/rrivera/ots/srcs/otsdaq-firmware/cactus/projects/ftbf/kc705_strip_module/top/top.srcs/sources_1/ip/packetfifo/fifo_generator_v12_0/hdl/fifo_generator_v12_0_vhsyn_rfs.vhd:4987]
	Parameter INIT bound to: 16'b0000000000000000 
	Parameter IS_CLK_INVERTED bound to: 1'b0 
INFO: [Synth 8-113] binding component instance 'srl16' to cell 'SRLC16E' [/home/rrivera/ots/srcs/otsdaq-firmware/cactus/projects/ftbf/kc705_strip_module/top/top.srcs/sources_1/ip/packetfifo/fifo_generator_v12_0/hdl/fifo_generator_v12_0_vhsyn_rfs.vhd:4987]
	Parameter INIT bound to: 16'b0000000000000000 
	Parameter IS_CLK_INVERTED bound to: 1'b0 
INFO: [Synth 8-113] binding component instance 'srl16' to cell 'SRLC16E' [/home/rrivera/ots/srcs/otsdaq-firmware/cactus/projects/ftbf/kc705_strip_module/top/top.srcs/sources_1/ip/packetfifo/fifo_generator_v12_0/hdl/fifo_generator_v12_0_vhsyn_rfs.vhd:4987]
	Parameter INIT bound to: 16'b0000000000000000 
	Parameter IS_CLK_INVERTED bound to: 1'b0 
INFO: [Synth 8-113] binding component instance 'srl16' to cell 'SRLC16E' [/home/rrivera/ots/srcs/otsdaq-firmware/cactus/projects/ftbf/kc705_strip_module/top/top.srcs/sources_1/ip/packetfifo/fifo_generator_v12_0/hdl/fifo_generator_v12_0_vhsyn_rfs.vhd:4987]
	Parameter INIT bound to: 16'b0000000000000000 
	Parameter IS_CLK_INVERTED bound to: 1'b0 
INFO: [Synth 8-113] binding component instance 'srl16' to cell 'SRLC16E' [/home/rrivera/ots/srcs/otsdaq-firmware/cactus/projects/ftbf/kc705_strip_module/top/top.srcs/sources_1/ip/packetfifo/fifo_generator_v12_0/hdl/fifo_generator_v12_0_vhsyn_rfs.vhd:4987]
	Parameter INIT bound to: 16'b0000000000000000 
	Parameter IS_CLK_INVERTED bound to: 1'b0 
INFO: [Synth 8-113] binding component instance 'srl16' to cell 'SRLC16E' [/home/rrivera/ots/srcs/otsdaq-firmware/cactus/projects/ftbf/kc705_strip_module/top/top.srcs/sources_1/ip/packetfifo/fifo_generator_v12_0/hdl/fifo_generator_v12_0_vhsyn_rfs.vhd:4987]
	Parameter INIT bound to: 16'b0000000000000000 
	Parameter IS_CLK_INVERTED bound to: 1'b0 
INFO: [Synth 8-113] binding component instance 'srl16' to cell 'SRLC16E' [/home/rrivera/ots/srcs/otsdaq-firmware/cactus/projects/ftbf/kc705_strip_module/top/top.srcs/sources_1/ip/packetfifo/fifo_generator_v12_0/hdl/fifo_generator_v12_0_vhsyn_rfs.vhd:4987]
	Parameter INIT bound to: 16'b0000000000000000 
	Parameter IS_CLK_INVERTED bound to: 1'b0 
INFO: [Synth 8-113] binding component instance 'srl16' to cell 'SRLC16E' [/home/rrivera/ots/srcs/otsdaq-firmware/cactus/projects/ftbf/kc705_strip_module/top/top.srcs/sources_1/ip/packetfifo/fifo_generator_v12_0/hdl/fifo_generator_v12_0_vhsyn_rfs.vhd:4987]
	Parameter INIT bound to: 16'b0000000000000000 
	Parameter IS_CLK_INVERTED bound to: 1'b0 
INFO: [Synth 8-113] binding component instance 'srl16' to cell 'SRLC16E' [/home/rrivera/ots/srcs/otsdaq-firmware/cactus/projects/ftbf/kc705_strip_module/top/top.srcs/sources_1/ip/packetfifo/fifo_generator_v12_0/hdl/fifo_generator_v12_0_vhsyn_rfs.vhd:4987]
	Parameter INIT bound to: 16'b0000000000000000 
	Parameter IS_CLK_INVERTED bound to: 1'b0 
INFO: [Synth 8-113] binding component instance 'srl16' to cell 'SRLC16E' [/home/rrivera/ots/srcs/otsdaq-firmware/cactus/projects/ftbf/kc705_strip_module/top/top.srcs/sources_1/ip/packetfifo/fifo_generator_v12_0/hdl/fifo_generator_v12_0_vhsyn_rfs.vhd:4987]
	Parameter INIT bound to: 16'b0000000000000000 
	Parameter IS_CLK_INVERTED bound to: 1'b0 
INFO: [Synth 8-113] binding component instance 'srl16' to cell 'SRLC16E' [/home/rrivera/ots/srcs/otsdaq-firmware/cactus/projects/ftbf/kc705_strip_module/top/top.srcs/sources_1/ip/packetfifo/fifo_generator_v12_0/hdl/fifo_generator_v12_0_vhsyn_rfs.vhd:4987]
	Parameter INIT bound to: 16'b0000000000000000 
	Parameter IS_CLK_INVERTED bound to: 1'b0 
INFO: [Synth 8-113] binding component instance 'srl16' to cell 'SRLC16E' [/home/rrivera/ots/srcs/otsdaq-firmware/cactus/projects/ftbf/kc705_strip_module/top/top.srcs/sources_1/ip/packetfifo/fifo_generator_v12_0/hdl/fifo_generator_v12_0_vhsyn_rfs.vhd:4987]
	Parameter INIT bound to: 16'b0000000000000000 
	Parameter IS_CLK_INVERTED bound to: 1'b0 
INFO: [Synth 8-113] binding component instance 'srl16' to cell 'SRLC16E' [/home/rrivera/ots/srcs/otsdaq-firmware/cactus/projects/ftbf/kc705_strip_module/top/top.srcs/sources_1/ip/packetfifo/fifo_generator_v12_0/hdl/fifo_generator_v12_0_vhsyn_rfs.vhd:4987]
	Parameter INIT bound to: 16'b0000000000000000 
	Parameter IS_CLK_INVERTED bound to: 1'b0 
INFO: [Synth 8-113] binding component instance 'srl16' to cell 'SRLC16E' [/home/rrivera/ots/srcs/otsdaq-firmware/cactus/projects/ftbf/kc705_strip_module/top/top.srcs/sources_1/ip/packetfifo/fifo_generator_v12_0/hdl/fifo_generator_v12_0_vhsyn_rfs.vhd:4987]
	Parameter INIT bound to: 16'b0000000000000000 
	Parameter IS_CLK_INVERTED bound to: 1'b0 
INFO: [Synth 8-113] binding component instance 'srl16' to cell 'SRLC16E' [/home/rrivera/ots/srcs/otsdaq-firmware/cactus/projects/ftbf/kc705_strip_module/top/top.srcs/sources_1/ip/packetfifo/fifo_generator_v12_0/hdl/fifo_generator_v12_0_vhsyn_rfs.vhd:4987]
	Parameter INIT bound to: 16'b0000000000000000 
	Parameter IS_CLK_INVERTED bound to: 1'b0 
INFO: [Synth 8-113] binding component instance 'srl16' to cell 'SRLC16E' [/home/rrivera/ots/srcs/otsdaq-firmware/cactus/projects/ftbf/kc705_strip_module/top/top.srcs/sources_1/ip/packetfifo/fifo_generator_v12_0/hdl/fifo_generator_v12_0_vhsyn_rfs.vhd:4987]
INFO: [Synth 8-256] done synthesizing module 'shft_wrapper' (3#1) [/home/rrivera/ots/srcs/otsdaq-firmware/cactus/projects/ftbf/kc705_strip_module/top/top.srcs/sources_1/ip/packetfifo/fifo_generator_v12_0/hdl/fifo_generator_v12_0_vhsyn_rfs.vhd:4920]
INFO: [Synth 8-256] done synthesizing module 'shft_ram' (4#1) [/home/rrivera/ots/srcs/otsdaq-firmware/cactus/projects/ftbf/kc705_strip_module/top/top.srcs/sources_1/ip/packetfifo/fifo_generator_v12_0/hdl/fifo_generator_v12_0_vhsyn_rfs.vhd:5131]
INFO: [Synth 8-256] done synthesizing module 'memory' (5#1) [/home/rrivera/ots/srcs/otsdaq-firmware/cactus/projects/ftbf/kc705_strip_module/top/top.srcs/sources_1/ip/packetfifo/fifo_generator_v12_0/hdl/fifo_generator_v12_0_vhsyn_rfs.vhd:5654]
INFO: [Synth 8-638] synthesizing module 'logic_sshft' [/home/rrivera/ots/srcs/otsdaq-firmware/cactus/projects/ftbf/kc705_strip_module/top/top.srcs/sources_1/ip/packetfifo/fifo_generator_v12_0/hdl/fifo_generator_v12_0_vhsyn_rfs.vhd:18581]
	Parameter C_HAS_ALMOST_FULL bound to: 0 - type: integer 
	Parameter C_HAS_ALMOST_EMPTY bound to: 0 - type: integer 
	Parameter C_HAS_RST bound to: 1 - type: integer 
	Parameter C_HAS_SRST bound to: 0 - type: integer 
	Parameter C_HAS_WR_ACK bound to: 0 - type: integer 
	Parameter C_WR_ACK_LOW bound to: 0 - type: integer 
	Parameter C_HAS_OVERFLOW bound to: 0 - type: integer 
	Parameter C_OVERFLOW_LOW bound to: 0 - type: integer 
	Parameter C_HAS_VALID bound to: 0 - type: integer 
	Parameter C_VALID_LOW bound to: 0 - type: integer 
	Parameter C_HAS_UNDERFLOW bound to: 0 - type: integer 
	Parameter C_UNDERFLOW_LOW bound to: 0 - type: integer 
	Parameter C_WR_DEPTH bound to: 16 - type: integer 
	Parameter C_PNTR_WIDTH bound to: 4 - type: integer 
	Parameter C_WR_PNTR_WIDTH bound to: 4 - type: integer 
	Parameter C_RD_PNTR_WIDTH bound to: 4 - type: integer 
	Parameter C_PROG_FULL_TYPE bound to: 0 - type: integer 
	Parameter C_PROG_FULL_THRESH_ASSERT_VAL bound to: 14 - type: integer 
	Parameter C_PROG_FULL_THRESH_NEGATE_VAL bound to: 13 - type: integer 
	Parameter C_PROG_EMPTY_TYPE bound to: 0 - type: integer 
	Parameter C_PROG_EMPTY_THRESH_ASSERT_VAL bound to: 2 - type: integer 
	Parameter C_PROG_EMPTY_THRESH_NEGATE_VAL bound to: 3 - type: integer 
	Parameter C_HAS_DATA_COUNT bound to: 0 - type: integer 
	Parameter C_FULL_FLAGS_RST_VAL bound to: 1 - type: integer 
	Parameter C_USE_EMBEDDED_REG bound to: 0 - type: integer 
INFO: [Synth 8-638] synthesizing module 'updn_cntr' [/home/rrivera/ots/srcs/otsdaq-firmware/cactus/projects/ftbf/kc705_strip_module/top/top.srcs/sources_1/ip/packetfifo/fifo_generator_v12_0/hdl/fifo_generator_v12_0_vhsyn_rfs.vhd:8348]
	Parameter C_HAS_RST bound to: 1 - type: integer 
	Parameter C_HAS_SRST bound to: 0 - type: integer 
	Parameter C_COUNTER_RESET_VAL bound to: 15 - type: integer 
	Parameter C_PNTR_WIDTH bound to: 4 - type: integer 
INFO: [Synth 8-256] done synthesizing module 'updn_cntr' (6#1) [/home/rrivera/ots/srcs/otsdaq-firmware/cactus/projects/ftbf/kc705_strip_module/top/top.srcs/sources_1/ip/packetfifo/fifo_generator_v12_0/hdl/fifo_generator_v12_0_vhsyn_rfs.vhd:8348]
INFO: [Synth 8-638] synthesizing module 'updn_cntr__parameterized0' [/home/rrivera/ots/srcs/otsdaq-firmware/cactus/projects/ftbf/kc705_strip_module/top/top.srcs/sources_1/ip/packetfifo/fifo_generator_v12_0/hdl/fifo_generator_v12_0_vhsyn_rfs.vhd:8348]
	Parameter C_HAS_RST bound to: 1 - type: integer 
	Parameter C_HAS_SRST bound to: 0 - type: integer 
	Parameter C_COUNTER_RESET_VAL bound to: 0 - type: integer 
	Parameter C_PNTR_WIDTH bound to: 4 - type: integer 
INFO: [Synth 8-256] done synthesizing module 'updn_cntr__parameterized0' (6#1) [/home/rrivera/ots/srcs/otsdaq-firmware/cactus/projects/ftbf/kc705_strip_module/top/top.srcs/sources_1/ip/packetfifo/fifo_generator_v12_0/hdl/fifo_generator_v12_0_vhsyn_rfs.vhd:8348]
INFO: [Synth 8-638] synthesizing module 'updn_cntr__parameterized1' [/home/rrivera/ots/srcs/otsdaq-firmware/cactus/projects/ftbf/kc705_strip_module/top/top.srcs/sources_1/ip/packetfifo/fifo_generator_v12_0/hdl/fifo_generator_v12_0_vhsyn_rfs.vhd:8348]
	Parameter C_HAS_RST bound to: 1 - type: integer 
	Parameter C_HAS_SRST bound to: 0 - type: integer 
	Parameter C_COUNTER_RESET_VAL bound to: 1 - type: integer 
	Parameter C_PNTR_WIDTH bound to: 4 - type: integer 
INFO: [Synth 8-256] done synthesizing module 'updn_cntr__parameterized1' (6#1) [/home/rrivera/ots/srcs/otsdaq-firmware/cactus/projects/ftbf/kc705_strip_module/top/top.srcs/sources_1/ip/packetfifo/fifo_generator_v12_0/hdl/fifo_generator_v12_0_vhsyn_rfs.vhd:8348]
INFO: [Synth 8-638] synthesizing module 'updn_cntr__parameterized2' [/home/rrivera/ots/srcs/otsdaq-firmware/cactus/projects/ftbf/kc705_strip_module/top/top.srcs/sources_1/ip/packetfifo/fifo_generator_v12_0/hdl/fifo_generator_v12_0_vhsyn_rfs.vhd:8348]
	Parameter C_HAS_RST bound to: 1 - type: integer 
	Parameter C_HAS_SRST bound to: 0 - type: integer 
	Parameter C_COUNTER_RESET_VAL bound to: 2 - type: integer 
	Parameter C_PNTR_WIDTH bound to: 4 - type: integer 
INFO: [Synth 8-256] done synthesizing module 'updn_cntr__parameterized2' (6#1) [/home/rrivera/ots/srcs/otsdaq-firmware/cactus/projects/ftbf/kc705_strip_module/top/top.srcs/sources_1/ip/packetfifo/fifo_generator_v12_0/hdl/fifo_generator_v12_0_vhsyn_rfs.vhd:8348]
INFO: [Synth 8-638] synthesizing module 'wr_status_flags_sshft' [/home/rrivera/ots/srcs/otsdaq-firmware/cactus/projects/ftbf/kc705_strip_module/top/top.srcs/sources_1/ip/packetfifo/fifo_generator_v12_0/hdl/fifo_generator_v12_0_vhsyn_rfs.vhd:17275]
	Parameter C_PNTR_WIDTH bound to: 4 - type: integer 
	Parameter C_WR_DEPTH bound to: 16 - type: integer 
	Parameter C_HAS_RST bound to: 1 - type: integer 
	Parameter C_HAS_SRST bound to: 0 - type: integer 
	Parameter C_HAS_ALMOST_FULL bound to: 0 - type: integer 
	Parameter C_PROG_FULL_TYPE bound to: 0 - type: integer 
	Parameter C_PROG_EMPTY_TYPE bound to: 0 - type: integer 
	Parameter C_FULL_FLAGS_RST_VAL bound to: 1 - type: integer 
INFO: [Synth 8-638] synthesizing module 'compare' [/home/rrivera/ots/srcs/otsdaq-firmware/cactus/projects/ftbf/kc705_strip_module/top/top.srcs/sources_1/ip/packetfifo/fifo_generator_v12_0/hdl/fifo_generator_v12_0_vhsyn_rfs.vhd:7530]
	Parameter C_WIDTH bound to: 4 - type: integer 
INFO: [Synth 8-256] done synthesizing module 'compare' (7#1) [/home/rrivera/ots/srcs/otsdaq-firmware/cactus/projects/ftbf/kc705_strip_module/top/top.srcs/sources_1/ip/packetfifo/fifo_generator_v12_0/hdl/fifo_generator_v12_0_vhsyn_rfs.vhd:7530]
INFO: [Synth 8-256] done synthesizing module 'wr_status_flags_sshft' (8#1) [/home/rrivera/ots/srcs/otsdaq-firmware/cactus/projects/ftbf/kc705_strip_module/top/top.srcs/sources_1/ip/packetfifo/fifo_generator_v12_0/hdl/fifo_generator_v12_0_vhsyn_rfs.vhd:17275]
INFO: [Synth 8-638] synthesizing module 'rd_status_flags_sshft' [/home/rrivera/ots/srcs/otsdaq-firmware/cactus/projects/ftbf/kc705_strip_module/top/top.srcs/sources_1/ip/packetfifo/fifo_generator_v12_0/hdl/fifo_generator_v12_0_vhsyn_rfs.vhd:17608]
	Parameter C_PNTR_WIDTH bound to: 4 - type: integer 
	Parameter C_HAS_RST bound to: 1 - type: integer 
	Parameter C_HAS_SRST bound to: 0 - type: integer 
	Parameter C_HAS_ALMOST_EMPTY bound to: 0 - type: integer 
INFO: [Synth 8-256] done synthesizing module 'rd_status_flags_sshft' (9#1) [/home/rrivera/ots/srcs/otsdaq-firmware/cactus/projects/ftbf/kc705_strip_module/top/top.srcs/sources_1/ip/packetfifo/fifo_generator_v12_0/hdl/fifo_generator_v12_0_vhsyn_rfs.vhd:17608]
INFO: [Synth 8-256] done synthesizing module 'logic_sshft' (10#1) [/home/rrivera/ots/srcs/otsdaq-firmware/cactus/projects/ftbf/kc705_strip_module/top/top.srcs/sources_1/ip/packetfifo/fifo_generator_v12_0/hdl/fifo_generator_v12_0_vhsyn_rfs.vhd:18581]
INFO: [Synth 8-638] synthesizing module 'output_blk' [/home/rrivera/ots/srcs/otsdaq-firmware/cactus/projects/ftbf/kc705_strip_module/top/top.srcs/sources_1/ip/packetfifo/fifo_generator_v12_0/hdl/fifo_generator_v12_0_vhsyn_rfs.vhd:4460]
	Parameter C_COMMON_CLOCK bound to: 1 - type: integer 
	Parameter C_DATA_COUNT_WIDTH bound to: 4 - type: integer 
	Parameter C_DIN_WIDTH bound to: 32 - type: integer 
	Parameter C_DOUT_WIDTH bound to: 32 - type: integer 
	Parameter C_PKTFIFO_DATA_WIDTH bound to: 32 - type: integer 
	Parameter C_HAS_ALMOST_EMPTY bound to: 0 - type: integer 
	Parameter C_HAS_ALMOST_FULL bound to: 0 - type: integer 
	Parameter C_HAS_DATA_COUNT bound to: 0 - type: integer 
	Parameter C_HAS_OVERFLOW bound to: 0 - type: integer 
	Parameter C_HAS_RD_DATA_COUNT bound to: 0 - type: integer 
	Parameter C_HAS_UNDERFLOW bound to: 0 - type: integer 
	Parameter C_HAS_VALID bound to: 0 - type: integer 
	Parameter C_HAS_WR_ACK bound to: 0 - type: integer 
	Parameter C_HAS_WR_DATA_COUNT bound to: 0 - type: integer 
	Parameter C_PROG_EMPTY_TYPE bound to: 0 - type: integer 
	Parameter C_PROG_FULL_TYPE bound to: 0 - type: integer 
	Parameter C_DEPTH_RATIO_WR bound to: 1 - type: integer 
	Parameter C_RD_DATA_COUNT_WIDTH bound to: 4 - type: integer 
	Parameter C_RD_PNTR_WIDTH bound to: 4 - type: integer 
	Parameter C_WR_PNTR_WIDTH bound to: 4 - type: integer 
	Parameter C_WR_DATA_COUNT_WIDTH bound to: 4 - type: integer 
	Parameter C_USE_FWFT_DATA_COUNT bound to: 0 - type: integer 
	Parameter C_USE_ECC bound to: 0 - type: integer 
	Parameter C_FIFO_TYPE bound to: 0 - type: integer 
	Parameter C_BYTE_STRB_WIDTH bound to: 8 - type: integer 
INFO: [Synth 8-256] done synthesizing module 'output_blk' (11#1) [/home/rrivera/ots/srcs/otsdaq-firmware/cactus/projects/ftbf/kc705_strip_module/top/top.srcs/sources_1/ip/packetfifo/fifo_generator_v12_0/hdl/fifo_generator_v12_0_vhsyn_rfs.vhd:4460]
INFO: [Synth 8-256] done synthesizing module 'fifo_generator_ramfifo' (12#1) [/home/rrivera/ots/srcs/otsdaq-firmware/cactus/projects/ftbf/kc705_strip_module/top/top.srcs/sources_1/ip/packetfifo/fifo_generator_v12_0/hdl/fifo_generator_v12_0_vhsyn_rfs.vhd:20531]
INFO: [Synth 8-256] done synthesizing module 'fifo_generator_top' (13#1) [/home/rrivera/ots/srcs/otsdaq-firmware/cactus/projects/ftbf/kc705_strip_module/top/top.srcs/sources_1/ip/packetfifo/fifo_generator_v12_0/hdl/fifo_generator_v12_0_vhsyn_rfs.vhd:32083]
INFO: [Synth 8-256] done synthesizing module 'fifo_generator_v12_0_synth' (14#1) [/home/rrivera/ots/srcs/otsdaq-firmware/cactus/projects/ftbf/kc705_strip_module/top/top.srcs/sources_1/ip/packetfifo/fifo_generator_v12_0/hdl/fifo_generator_v12_0_vhsyn_rfs.vhd:33314]
INFO: [Synth 8-256] done synthesizing module 'fifo_generator_v12_0' (15#1) [/home/rrivera/ots/srcs/otsdaq-firmware/cactus/projects/ftbf/kc705_strip_module/top/top.srcs/sources_1/ip/packetfifo/fifo_generator_v12_0/hdl/fifo_generator_v12_0.vhd:665]
INFO: [Synth 8-256] done synthesizing module 'packetfifo' (16#1) [/home/rrivera/ots/srcs/otsdaq-firmware/cactus/projects/ftbf/kc705_strip_module/top/top.srcs/sources_1/ip/packetfifo/synth/packetfifo.vhd:72]
---------------------------------------------------------------------------------
Finished RTL Elaboration : Time (s): cpu = 00:00:13 ; elapsed = 00:00:13 . Memory (MB): peak = 1151.570 ; gain = 281.809 ; free physical = 20137 ; free virtual = 58888
---------------------------------------------------------------------------------

Report Check Netlist: 
+------+------------------+-------+---------+-------+------------------+
|      |Item              |Errors |Warnings |Status |Description       |
+------+------------------+-------+---------+-------+------------------+
|1     |multi_driven_nets |      0|        0|Passed |Multi driven nets |
+------+------------------+-------+---------+-------+------------------+
---------------------------------------------------------------------------------
Finished RTL Optimization Phase 1 : Time (s): cpu = 00:00:13 ; elapsed = 00:00:14 . Memory (MB): peak = 1151.570 ; gain = 281.809 ; free physical = 20139 ; free virtual = 58890
---------------------------------------------------------------------------------
INFO: [Device 21-403] Loading part xc7k325tffg900-2
INFO: [Project 1-570] Preparing netlist for logic optimization

Processing XDC Constraints
Initializing timing engine
Parsing XDC File [/home/rrivera/ots/srcs/otsdaq-firmware/cactus/projects/ftbf/kc705_strip_module/top/top.srcs/sources_1/ip/packetfifo/packetfifo_ooc.xdc] for cell 'U0'
Finished Parsing XDC File [/home/rrivera/ots/srcs/otsdaq-firmware/cactus/projects/ftbf/kc705_strip_module/top/top.srcs/sources_1/ip/packetfifo/packetfifo_ooc.xdc] for cell 'U0'
Parsing XDC File [/home/rrivera/ots/srcs/otsdaq-firmware/cactus/projects/ftbf/kc705_strip_module/top/top.srcs/sources_1/ip/packetfifo/packetfifo/packetfifo.xdc] for cell 'U0'
Finished Parsing XDC File [/home/rrivera/ots/srcs/otsdaq-firmware/cactus/projects/ftbf/kc705_strip_module/top/top.srcs/sources_1/ip/packetfifo/packetfifo/packetfifo.xdc] for cell 'U0'
Parsing XDC File [/home/rrivera/ots/srcs/otsdaq-firmware/cactus/projects/ftbf/kc705_strip_module/top/top.runs/packetfifo_synth_1/dont_touch.xdc]
Finished Parsing XDC File [/home/rrivera/ots/srcs/otsdaq-firmware/cactus/projects/ftbf/kc705_strip_module/top/top.runs/packetfifo_synth_1/dont_touch.xdc]
Completed Processing XDC Constraints

INFO: [Project 1-111] Unisim Transformation Summary:
No Unisim elements were transformed.

Constraint Validation Runtime : Time (s): cpu = 00:00:00.01 ; elapsed = 00:00:00.01 . Memory (MB): peak = 1471.555 ; gain = 0.000 ; free physical = 19797 ; free virtual = 58547
---------------------------------------------------------------------------------
Finished Constraint Validation : Time (s): cpu = 00:00:21 ; elapsed = 00:00:21 . Memory (MB): peak = 1471.555 ; gain = 601.793 ; free physical = 19789 ; free virtual = 58540
---------------------------------------------------------------------------------
---------------------------------------------------------------------------------
Start Loading Part and Timing Information
---------------------------------------------------------------------------------
Loading part: xc7k325tffg900-2
---------------------------------------------------------------------------------
Finished Loading Part and Timing Information : Time (s): cpu = 00:00:21 ; elapsed = 00:00:21 . Memory (MB): peak = 1471.555 ; gain = 601.793 ; free physical = 19789 ; free virtual = 58540
---------------------------------------------------------------------------------
---------------------------------------------------------------------------------
Start Applying 'set_property' XDC Constraints
---------------------------------------------------------------------------------
Applied set_property DONT_TOUCH = true for U0. (constraint file  auto generated constraint, line ).
---------------------------------------------------------------------------------
Finished applying 'set_property' XDC Constraints : Time (s): cpu = 00:00:21 ; elapsed = 00:00:21 . Memory (MB): peak = 1471.555 ; gain = 601.793 ; free physical = 19789 ; free virtual = 58540
---------------------------------------------------------------------------------
---------------------------------------------------------------------------------
Finished RTL Optimization Phase 2 : Time (s): cpu = 00:00:21 ; elapsed = 00:00:21 . Memory (MB): peak = 1471.555 ; gain = 601.793 ; free physical = 19778 ; free virtual = 58528
---------------------------------------------------------------------------------

Report RTL Partitions: 
+-+--------------+------------+----------+
| |RTL Partition |Replication |Instances |
+-+--------------+------------+----------+
+-+--------------+------------+----------+
---------------------------------------------------------------------------------
Start RTL Component Statistics 
---------------------------------------------------------------------------------
Detailed RTL Component Info : 
+---Adders : 
	   2 Input      4 Bit       Adders := 4     
+---XORs : 
	   2 Input      1 Bit         XORs := 17    
+---Registers : 
	               32 Bit    Registers := 1     
	                4 Bit    Registers := 4     
	                3 Bit    Registers := 1     
	                2 Bit    Registers := 1     
	                1 Bit    Registers := 18    
---------------------------------------------------------------------------------
Finished RTL Component Statistics 
---------------------------------------------------------------------------------
---------------------------------------------------------------------------------
Start RTL Hierarchical Component Statistics 
---------------------------------------------------------------------------------
Hierarchical RTL Component report 
Module reset_blk_ramfifo 
Detailed RTL Component Info : 
+---Registers : 
	                3 Bit    Registers := 1     
	                2 Bit    Registers := 1     
	                1 Bit    Registers := 14    
Module shft_ram 
Detailed RTL Component Info : 
+---Registers : 
	               32 Bit    Registers := 1     
Module updn_cntr 
Detailed RTL Component Info : 
+---Adders : 
	   2 Input      4 Bit       Adders := 1     
+---Registers : 
	                4 Bit    Registers := 1     
Module updn_cntr__parameterized0 
Detailed RTL Component Info : 
+---Adders : 
	   2 Input      4 Bit       Adders := 1     
+---Registers : 
	                4 Bit    Registers := 1     
Module updn_cntr__parameterized1 
Detailed RTL Component Info : 
+---Adders : 
	   2 Input      4 Bit       Adders := 1     
+---Registers : 
	                4 Bit    Registers := 1     
Module updn_cntr__parameterized2 
Detailed RTL Component Info : 
+---Adders : 
	   2 Input      4 Bit       Adders := 1     
+---Registers : 
	                4 Bit    Registers := 1     
Module compare 
Detailed RTL Component Info : 
+---XORs : 
	   2 Input      1 Bit         XORs := 4     
Module wr_status_flags_sshft 
Detailed RTL Component Info : 
+---Registers : 
	                1 Bit    Registers := 2     
Module rd_status_flags_sshft 
Detailed RTL Component Info : 
+---Registers : 
	                1 Bit    Registers := 2     
Module logic_sshft 
Detailed RTL Component Info : 
+---XORs : 
	   2 Input      1 Bit         XORs := 1     
---------------------------------------------------------------------------------
Finished RTL Hierarchical Component Statistics
---------------------------------------------------------------------------------
---------------------------------------------------------------------------------
Start Part Resource Summary
---------------------------------------------------------------------------------
Part Resources:
DSPs: 840 (col length:140)
BRAMs: 890 (col length: RAMB18 140 RAMB36 70)
---------------------------------------------------------------------------------
Finished Part Resource Summary
---------------------------------------------------------------------------------
Start Parallel Synthesis Optimization  : Time (s): cpu = 00:00:21 ; elapsed = 00:00:21 . Memory (MB): peak = 1471.555 ; gain = 601.793 ; free physical = 19762 ; free virtual = 58513
---------------------------------------------------------------------------------
Start Cross Boundary Optimization
---------------------------------------------------------------------------------
---------------------------------------------------------------------------------
Finished Cross Boundary Optimization : Time (s): cpu = 00:00:21 ; elapsed = 00:00:21 . Memory (MB): peak = 1471.555 ; gain = 601.793 ; free physical = 19753 ; free virtual = 58504
---------------------------------------------------------------------------------
Finished Parallel Reinference  : Time (s): cpu = 00:00:21 ; elapsed = 00:00:21 . Memory (MB): peak = 1471.555 ; gain = 601.793 ; free physical = 19753 ; free virtual = 58504

Report RTL Partitions: 
+-+--------------+------------+----------+
| |RTL Partition |Replication |Instances |
+-+--------------+------------+----------+
+-+--------------+------------+----------+
---------------------------------------------------------------------------------
Start Area Optimization
---------------------------------------------------------------------------------
---------------------------------------------------------------------------------
Finished Area Optimization : Time (s): cpu = 00:00:21 ; elapsed = 00:00:22 . Memory (MB): peak = 1471.555 ; gain = 601.793 ; free physical = 19723 ; free virtual = 58474
---------------------------------------------------------------------------------
Finished Parallel Area Optimization  : Time (s): cpu = 00:00:21 ; elapsed = 00:00:22 . Memory (MB): peak = 1471.555 ; gain = 601.793 ; free physical = 19723 ; free virtual = 58474

Report RTL Partitions: 
+-+--------------+------------+----------+
| |RTL Partition |Replication |Instances |
+-+--------------+------------+----------+
+-+--------------+------------+----------+
Finished Parallel Synthesis Optimization  : Time (s): cpu = 00:00:21 ; elapsed = 00:00:22 . Memory (MB): peak = 1471.555 ; gain = 601.793 ; free physical = 19723 ; free virtual = 58474
---------------------------------------------------------------------------------
Start Timing Optimization
---------------------------------------------------------------------------------
---------------------------------------------------------------------------------
Start Applying XDC Timing Constraints
---------------------------------------------------------------------------------
---------------------------------------------------------------------------------
Finished Applying XDC Timing Constraints : Time (s): cpu = 00:00:29 ; elapsed = 00:00:29 . Memory (MB): peak = 1471.555 ; gain = 601.793 ; free physical = 20138 ; free virtual = 58889
---------------------------------------------------------------------------------
---------------------------------------------------------------------------------
Finished Timing Optimization : Time (s): cpu = 00:00:29 ; elapsed = 00:00:29 . Memory (MB): peak = 1471.555 ; gain = 601.793 ; free physical = 20138 ; free virtual = 58889
---------------------------------------------------------------------------------

Report RTL Partitions: 
+-+--------------+------------+----------+
| |RTL Partition |Replication |Instances |
+-+--------------+------------+----------+
+-+--------------+------------+----------+
---------------------------------------------------------------------------------
Start Technology Mapping
---------------------------------------------------------------------------------
WARNING: [Synth 8-3332] Sequential element (\inst_fifo_gen/gconvfifo.rf/grf.rf/rstblk/ngwrdrst.grst.g7serrst.wr_rst_asreg_d1_reg ) is unused and will be removed from module fifo_generator_v12_0.
WARNING: [Synth 8-3332] Sequential element (\inst_fifo_gen/gconvfifo.rf/grf.rf/rstblk/ngwrdrst.grst.g7serrst.wr_rst_asreg_reg ) is unused and will be removed from module fifo_generator_v12_0.
WARNING: [Synth 8-3332] Sequential element (\inst_fifo_gen/gconvfifo.rf/grf.rf/rstblk/ngwrdrst.grst.g7serrst.wr_rst_asreg_d2_reg ) is unused and will be removed from module fifo_generator_v12_0.
---------------------------------------------------------------------------------
Finished Technology Mapping : Time (s): cpu = 00:00:29 ; elapsed = 00:00:29 . Memory (MB): peak = 1471.555 ; gain = 601.793 ; free physical = 20120 ; free virtual = 58870
---------------------------------------------------------------------------------

Report RTL Partitions: 
+-+--------------+------------+----------+
| |RTL Partition |Replication |Instances |
+-+--------------+------------+----------+
+-+--------------+------------+----------+
---------------------------------------------------------------------------------
Start IO Insertion
---------------------------------------------------------------------------------
---------------------------------------------------------------------------------
Start Final Netlist Cleanup
---------------------------------------------------------------------------------
---------------------------------------------------------------------------------
Finished Final Netlist Cleanup
---------------------------------------------------------------------------------
---------------------------------------------------------------------------------
Finished IO Insertion : Time (s): cpu = 00:00:29 ; elapsed = 00:00:29 . Memory (MB): peak = 1471.555 ; gain = 601.793 ; free physical = 20120 ; free virtual = 58870
---------------------------------------------------------------------------------

Report Check Netlist: 
+------+------------------+-------+---------+-------+------------------+
|      |Item              |Errors |Warnings |Status |Description       |
+------+------------------+-------+---------+-------+------------------+
|1     |multi_driven_nets |      0|        0|Passed |Multi driven nets |
+------+------------------+-------+---------+-------+------------------+
---------------------------------------------------------------------------------
Start Renaming Generated Instances
---------------------------------------------------------------------------------
---------------------------------------------------------------------------------
Finished Renaming Generated Instances : Time (s): cpu = 00:00:29 ; elapsed = 00:00:29 . Memory (MB): peak = 1471.555 ; gain = 601.793 ; free physical = 20120 ; free virtual = 58870
---------------------------------------------------------------------------------

Report RTL Partitions: 
+-+--------------+------------+----------+
| |RTL Partition |Replication |Instances |
+-+--------------+------------+----------+
+-+--------------+------------+----------+
---------------------------------------------------------------------------------
Start Rebuilding User Hierarchy
---------------------------------------------------------------------------------
---------------------------------------------------------------------------------
Finished Rebuilding User Hierarchy : Time (s): cpu = 00:00:29 ; elapsed = 00:00:29 . Memory (MB): peak = 1471.555 ; gain = 601.793 ; free physical = 20120 ; free virtual = 58870
---------------------------------------------------------------------------------
---------------------------------------------------------------------------------
Start Renaming Generated Ports : Time (s): cpu = 00:00:29 ; elapsed = 00:00:29 . Memory (MB): peak = 1471.555 ; gain = 601.793 ; free physical = 20120 ; free virtual = 58870
---------------------------------------------------------------------------------
---------------------------------------------------------------------------------
Finished Renaming Generated Ports : Time (s): cpu = 00:00:29 ; elapsed = 00:00:29 . Memory (MB): peak = 1471.555 ; gain = 601.793 ; free physical = 20120 ; free virtual = 58870
---------------------------------------------------------------------------------
---------------------------------------------------------------------------------
Start Writing Synthesis Report
---------------------------------------------------------------------------------

Report BlackBoxes: 
+-+--------------+----------+
| |BlackBox name |Instances |
+-+--------------+----------+
+-+--------------+----------+

Report Cell Usage: 
+------+--------+------+
|      |Cell    |Count |
+------+--------+------+
|1     |LUT1    |     3|
|2     |LUT2    |     4|
|3     |LUT4    |     5|
|4     |LUT5    |     4|
|5     |LUT6    |     7|
|6     |SRLC16E |    32|
|7     |FDCE    |    40|
|8     |FDPE    |    19|
|9     |FDRE    |     2|
+------+--------+------+

Report Instance Areas: 
+------+-----------------------------------------+---------------------------+------+
|      |Instance                                 |Module                     |Cells |
+------+-----------------------------------------+---------------------------+------+
|1     |top                                      |                           |   116|
|2     |  U0                                     |fifo_generator_v12_0       |   116|
|3     |    inst_fifo_gen                        |fifo_generator_v12_0_synth |   116|
|4     |      \gconvfifo.rf                      |fifo_generator_top         |   116|
|5     |        \grf.rf                          |fifo_generator_ramfifo     |   116|
|6     |          \gntv_or_sync_fifo.gl1.lsshft  |logic_sshft                |    37|
|7     |            c0                           |updn_cntr__parameterized0  |    13|
|8     |            c1                           |updn_cntr__parameterized1  |     9|
|9     |            crd                          |updn_cntr                  |     8|
|10    |            rsts                         |rd_status_flags_sshft      |     4|
|11    |            wsts                         |wr_status_flags_sshft      |     3|
|12    |          \gntv_or_sync_fifo.mem         |memory                     |    64|
|13    |            \gsm.sm                      |shft_ram                   |    64|
|14    |              \gsm1.sm1                  |shft_wrapper               |    32|
|15    |          rstblk                         |reset_blk_ramfifo          |    15|
+------+-----------------------------------------+---------------------------+------+
---------------------------------------------------------------------------------
Finished Writing Synthesis Report : Time (s): cpu = 00:00:29 ; elapsed = 00:00:29 . Memory (MB): peak = 1471.555 ; gain = 601.793 ; free physical = 20120 ; free virtual = 58870
---------------------------------------------------------------------------------
Synthesis finished with 0 errors, 0 critical warnings and 3 warnings.
Synthesis Optimization Runtime : Time (s): cpu = 00:00:21 ; elapsed = 00:00:21 . Memory (MB): peak = 1471.555 ; gain = 163.285 ; free physical = 20120 ; free virtual = 58870
Synthesis Optimization Complete : Time (s): cpu = 00:00:29 ; elapsed = 00:00:29 . Memory (MB): peak = 1471.555 ; gain = 601.793 ; free physical = 20120 ; free virtual = 58870
INFO: [Project 1-571] Translating synthesized netlist
INFO: [Project 1-570] Preparing netlist for logic optimization
Parsing XDC File [/home/rrivera/ots/srcs/otsdaq-firmware/cactus/projects/ftbf/kc705_strip_module/top/top.srcs/sources_1/ip/packetfifo/packetfifo_ooc.xdc] for cell 'U0'
Finished Parsing XDC File [/home/rrivera/ots/srcs/otsdaq-firmware/cactus/projects/ftbf/kc705_strip_module/top/top.srcs/sources_1/ip/packetfifo/packetfifo_ooc.xdc] for cell 'U0'
Parsing XDC File [/home/rrivera/ots/srcs/otsdaq-firmware/cactus/projects/ftbf/kc705_strip_module/top/top.srcs/sources_1/ip/packetfifo/packetfifo/packetfifo.xdc] for cell 'U0'
Finished Parsing XDC File [/home/rrivera/ots/srcs/otsdaq-firmware/cactus/projects/ftbf/kc705_strip_module/top/top.srcs/sources_1/ip/packetfifo/packetfifo/packetfifo.xdc] for cell 'U0'
INFO: [Opt 31-138] Pushed 0 inverter(s) to 0 load pin(s).
INFO: [Project 1-111] Unisim Transformation Summary:
  A total of 32 instances were transformed.
  SRLC16E => SRL16E: 32 instances

INFO: [Common 17-83] Releasing license: Synthesis
91 Infos, 9 Warnings, 0 Critical Warnings and 0 Errors encountered.
synth_design completed successfully
synth_design: Time (s): cpu = 00:00:28 ; elapsed = 00:00:28 . Memory (MB): peak = 1471.555 ; gain = 493.273 ; free physical = 20110 ; free virtual = 58861
INFO: [Coretcl 2-1174] Renamed 14 cell refs.
report_utilization: Time (s): cpu = 00:00:00.06 ; elapsed = 00:00:00.09 . Memory (MB): peak = 1511.570 ; gain = 0.000 ; free physical = 20097 ; free virtual = 58848
INFO: [Common 17-206] Exiting Vivado at Mon Mar 18 22:20:25 2019...
