#-----------------------------------------------------------
# Vivado v2015.2 (64-bit)
# SW Build 1266856 on Fri Jun 26 16:35:25 MDT 2015
# IP Build 1264090 on Wed Jun 24 14:22:01 MDT 2015
# Start of session at: Mon Nov 27 14:14:24 2017
# Process ID: 12468
# Log file: C:/nimPlus_nov16_2017_t0923/nimPlus_/top/vivado.log
# Journal file: C:/nimPlus_nov16_2017_t0923/nimPlus_/top\vivado.jou
#-----------------------------------------------------------
start_gui
open_project C:/nimPlus_nov16_2017_t0923/nimPlus_/top/top.xpr
Scanning sources...
Finished scanning sources
INFO: [IP_Flow 19-234] Refreshing IP repositories
INFO: [IP_Flow 19-1704] No user IP repositories specified
INFO: [IP_Flow 19-2313] Loaded Vivado IP repository 'C:/Xilinx/Vivado/2015.2/data/ip'.
open_project: Time (s): cpu = 00:00:13 ; elapsed = 00:00:08 . Memory (MB): peak = 821.645 ; gain = 252.625
INFO: [xilinx.com:ip:clk_wiz:5.1-147] clk_wiz_1: clkphy_en: false , clkphy_freq: 600.000
INFO: [xilinx.com:ip:clk_wiz:5.1-132] clk_wiz_1: mmcm_pll_calc_optimals: GetClosestSolution: errStr: 1
INFO: [xilinx.com:ip:clk_wiz:5.1-137] clk_wiz_1: phyMode: NONE phyFreq: 318.000
INFO: [xilinx.com:ip:clk_wiz:5.1-147] clk_wiz_1: clkphy_en: false , clkphy_freq: 600.000
INFO: [xilinx.com:ip:clk_wiz:5.1-132] clk_wiz_1: mmcm_pll_calc_optimals: GetClosestSolution: errStr: 1
INFO: [xilinx.com:ip:clk_wiz:5.1-137] clk_wiz_1: phyMode: NONE phyFreq: 318.000
INFO: [xilinx.com:ip:clk_wiz:5.1-147] clk_wiz_1: clkphy_en: false , clkphy_freq: 600.000
INFO: [xilinx.com:ip:clk_wiz:5.1-132] clk_wiz_1: mmcm_pll_calc_optimals: GetClosestSolution: errStr: 1
INFO: [xilinx.com:ip:clk_wiz:5.1-137] clk_wiz_1: phyMode: NONE phyFreq: 318.000
INFO: [xilinx.com:ip:clk_wiz:5.1-147] clk_wiz_1: clkphy_en: false , clkphy_freq: 600.000
INFO: [xilinx.com:ip:clk_wiz:5.1-132] clk_wiz_1: mmcm_pll_calc_optimals: GetClosestSolution: errStr: 1
INFO: [xilinx.com:ip:clk_wiz:5.1-137] clk_wiz_1: phyMode: NONE phyFreq: 318.000
INFO: [xilinx.com:ip:clk_wiz:5.1-147] clk_wiz_1: clkphy_en: false , clkphy_freq: 600.000
INFO: [xilinx.com:ip:clk_wiz:5.1-132] clk_wiz_1: mmcm_pll_calc_optimals: GetClosestSolution: errStr: 1
INFO: [xilinx.com:ip:clk_wiz:5.1-137] clk_wiz_1: phyMode: NONE phyFreq: 318.000
INFO: [xilinx.com:ip:clk_wiz:5.1-147] clk_wiz_1: clkphy_en: false , clkphy_freq: 600.000
INFO: [xilinx.com:ip:clk_wiz:5.1-132] clk_wiz_1: mmcm_pll_calc_optimals: GetClosestSolution: errStr: 1
INFO: [xilinx.com:ip:clk_wiz:5.1-137] clk_wiz_1: phyMode: NONE phyFreq: 318.000
INFO: [xilinx.com:ip:clk_wiz:5.1-147] clk_wiz_1: clkphy_en: false , clkphy_freq: 600.000
INFO: [xilinx.com:ip:clk_wiz:5.1-132] clk_wiz_1: mmcm_pll_calc_optimals: GetClosestSolution: errStr: 1
INFO: [xilinx.com:ip:clk_wiz:5.1-137] clk_wiz_1: phyMode: NONE phyFreq: 318.000
INFO: [xilinx.com:ip:clk_wiz:5.1-147] clk_wiz_1: clkphy_en: false , clkphy_freq: 600.000
INFO: [xilinx.com:ip:clk_wiz:5.1-132] clk_wiz_1: mmcm_pll_calc_optimals: GetClosestSolution: errStr: 1
INFO: [xilinx.com:ip:clk_wiz:5.1-137] clk_wiz_1: phyMode: NONE phyFreq: 318.000
INFO: [xilinx.com:ip:clk_wiz:5.1-147] clk_wiz_1: clkphy_en: false , clkphy_freq: 600.000
INFO: [xilinx.com:ip:clk_wiz:5.1-132] clk_wiz_1: mmcm_pll_calc_optimals: GetClosestSolution: errStr: 1
INFO: [xilinx.com:ip:clk_wiz:5.1-137] clk_wiz_1: phyMode: NONE phyFreq: 318.000
INFO: [xilinx.com:ip:clk_wiz:5.1-147] clk_wiz_1: clkphy_en: false , clkphy_freq: 600.000
INFO: [xilinx.com:ip:clk_wiz:5.1-132] clk_wiz_1: mmcm_pll_calc_optimals: GetClosestSolution: errStr: 1
INFO: [xilinx.com:ip:clk_wiz:5.1-137] clk_wiz_1: phyMode: NONE phyFreq: 318.000
INFO: [xilinx.com:ip:clk_wiz:5.1-147] clk_wiz_1: clkphy_en: false , clkphy_freq: 600.000
INFO: [xilinx.com:ip:clk_wiz:5.1-132] clk_wiz_1: mmcm_pll_calc_optimals: GetClosestSolution: errStr: 1
INFO: [xilinx.com:ip:clk_wiz:5.1-137] clk_wiz_1: phyMode: NONE phyFreq: 318.000
INFO: [xilinx.com:ip:clk_wiz:5.1-147] clk_wiz_1: clkphy_en: false , clkphy_freq: 600.000
INFO: [xilinx.com:ip:clk_wiz:5.1-132] clk_wiz_1: mmcm_pll_calc_optimals: GetClosestSolution: errStr: 1
INFO: [xilinx.com:ip:clk_wiz:5.1-137] clk_wiz_1: phyMode: NONE phyFreq: 318.000
INFO: [xilinx.com:ip:clk_wiz:5.1-147] clk_wiz_1: clkphy_en: false , clkphy_freq: 600.000
INFO: [xilinx.com:ip:clk_wiz:5.1-132] clk_wiz_1: mmcm_pll_calc_optimals: GetClosestSolution: errStr: 1
INFO: [xilinx.com:ip:clk_wiz:5.1-137] clk_wiz_1: phyMode: NONE phyFreq: 318.000
INFO: [xilinx.com:ip:clk_wiz:5.1-147] clk_wiz_1: clkphy_en: false , clkphy_freq: 600.000
INFO: [xilinx.com:ip:clk_wiz:5.1-132] clk_wiz_1: mmcm_pll_calc_optimals: GetClosestSolution: errStr: 1
INFO: [xilinx.com:ip:clk_wiz:5.1-137] clk_wiz_1: phyMode: NONE phyFreq: 318.000
INFO: [xilinx.com:ip:clk_wiz:5.1-147] clk_wiz_1: clkphy_en: false , clkphy_freq: 600.000
INFO: [xilinx.com:ip:clk_wiz:5.1-132] clk_wiz_1: mmcm_pll_calc_optimals: GetClosestSolution: errStr: 1
INFO: [xilinx.com:ip:clk_wiz:5.1-137] clk_wiz_1: phyMode: NONE phyFreq: 318.000
INFO: [xilinx.com:ip:clk_wiz:5.1-147] clk_wiz_1: clkphy_en: false , clkphy_freq: 600.000
INFO: [xilinx.com:ip:clk_wiz:5.1-132] clk_wiz_1: mmcm_pll_calc_optimals: GetClosestSolution: errStr: 1
INFO: [xilinx.com:ip:clk_wiz:5.1-137] clk_wiz_1: phyMode: NONE phyFreq: 318.000
INFO: [xilinx.com:ip:clk_wiz:5.1-147] clk_wiz_1: clkphy_en: false , clkphy_freq: 600.000
INFO: [xilinx.com:ip:clk_wiz:5.1-132] clk_wiz_1: mmcm_pll_calc_optimals: GetClosestSolution: errStr: 1
INFO: [xilinx.com:ip:clk_wiz:5.1-137] clk_wiz_1: phyMode: NONE phyFreq: 318.000
INFO: [xilinx.com:ip:clk_wiz:5.1-147] clk_wiz_1: clkphy_en: false , clkphy_freq: 600.000
INFO: [xilinx.com:ip:clk_wiz:5.1-132] clk_wiz_1: mmcm_pll_calc_optimals: GetClosestSolution: errStr: 1
INFO: [xilinx.com:ip:clk_wiz:5.1-137] clk_wiz_1: phyMode: NONE phyFreq: 318.000
INFO: [xilinx.com:ip:clk_wiz:5.1-147] clk_wiz_1: clkphy_en: false , clkphy_freq: 600.000
INFO: [xilinx.com:ip:clk_wiz:5.1-132] clk_wiz_1: mmcm_pll_calc_optimals: GetClosestSolution: errStr: 1
INFO: [xilinx.com:ip:clk_wiz:5.1-137] clk_wiz_1: phyMode: NONE phyFreq: 318.000
INFO: [xilinx.com:ip:clk_wiz:5.1-147] clk_wiz_1: clkphy_en: false , clkphy_freq: 600.000
INFO: [xilinx.com:ip:clk_wiz:5.1-132] clk_wiz_1: mmcm_pll_calc_optimals: GetClosestSolution: errStr: 1
INFO: [xilinx.com:ip:clk_wiz:5.1-137] clk_wiz_1: phyMode: NONE phyFreq: 318.000
INFO: [xilinx.com:ip:clk_wiz:5.1-147] clk_wiz_1: clkphy_en: false , clkphy_freq: 600.000
INFO: [xilinx.com:ip:clk_wiz:5.1-132] clk_wiz_1: mmcm_pll_calc_optimals: GetClosestSolution: errStr: 1
INFO: [xilinx.com:ip:clk_wiz:5.1-137] clk_wiz_1: phyMode: NONE phyFreq: 318.000
INFO: [xilinx.com:ip:clk_wiz:5.1-147] clk_wiz_1: clkphy_en: false , clkphy_freq: 600.000
INFO: [xilinx.com:ip:clk_wiz:5.1-132] clk_wiz_1: mmcm_pll_calc_optimals: GetClosestSolution: errStr: 1
INFO: [xilinx.com:ip:clk_wiz:5.1-137] clk_wiz_1: phyMode: NONE phyFreq: 318.000
INFO: [xilinx.com:ip:clk_wiz:5.1-147] clk_wiz_1: clkphy_en: false , clkphy_freq: 600.000
INFO: [xilinx.com:ip:clk_wiz:5.1-132] clk_wiz_1: mmcm_pll_calc_optimals: GetClosestSolution: errStr: 1
INFO: [xilinx.com:ip:clk_wiz:5.1-137] clk_wiz_1: phyMode: NONE phyFreq: 318.000
INFO: [xilinx.com:ip:clk_wiz:5.1-147] clk_wiz_1: clkphy_en: false , clkphy_freq: 600.000
INFO: [xilinx.com:ip:clk_wiz:5.1-132] clk_wiz_1: mmcm_pll_calc_optimals: GetClosestSolution: errStr: 1
INFO: [xilinx.com:ip:clk_wiz:5.1-137] clk_wiz_1: phyMode: NONE phyFreq: 318.000
INFO: [xilinx.com:ip:clk_wiz:5.1-147] clk_wiz_1: clkphy_en: false , clkphy_freq: 600.000
INFO: [xilinx.com:ip:clk_wiz:5.1-132] clk_wiz_1: mmcm_pll_calc_optimals: GetClosestSolution: errStr: 1
INFO: [xilinx.com:ip:clk_wiz:5.1-137] clk_wiz_1: phyMode: NONE phyFreq: 318.000
INFO: [xilinx.com:ip:clk_wiz:5.1-147] clk_wiz_1: clkphy_en: false , clkphy_freq: 600.000
INFO: [xilinx.com:ip:clk_wiz:5.1-132] clk_wiz_1: mmcm_pll_calc_optimals: GetClosestSolution: errStr: 1
INFO: [xilinx.com:ip:clk_wiz:5.1-137] clk_wiz_1: phyMode: NONE phyFreq: 318.000
INFO: [xilinx.com:ip:clk_wiz:5.1-147] clk_wiz_1: clkphy_en: false , clkphy_freq: 600.000
INFO: [xilinx.com:ip:clk_wiz:5.1-132] clk_wiz_1: mmcm_pll_calc_optimals: GetClosestSolution: errStr: 1
INFO: [xilinx.com:ip:clk_wiz:5.1-137] clk_wiz_1: phyMode: NONE phyFreq: 318.000
INFO: [xilinx.com:ip:clk_wiz:5.1-147] clk_wiz_1: clkphy_en: false , clkphy_freq: 600.000
INFO: [xilinx.com:ip:clk_wiz:5.1-132] clk_wiz_1: mmcm_pll_calc_optimals: GetClosestSolution: errStr: 1
INFO: [xilinx.com:ip:clk_wiz:5.1-137] clk_wiz_1: phyMode: NONE phyFreq: 318.000
INFO: [xilinx.com:ip:clk_wiz:5.1-147] clk_wiz_1: clkphy_en: false , clkphy_freq: 600.000
INFO: [xilinx.com:ip:clk_wiz:5.1-132] clk_wiz_1: mmcm_pll_calc_optimals: GetClosestSolution: errStr: 1
INFO: [xilinx.com:ip:clk_wiz:5.1-137] clk_wiz_1: phyMode: NONE phyFreq: 318.000
INFO: [xilinx.com:ip:clk_wiz:5.1-147] clk_wiz_1: clkphy_en: false , clkphy_freq: 600.000
INFO: [xilinx.com:ip:clk_wiz:5.1-132] clk_wiz_1: mmcm_pll_calc_optimals: GetClosestSolution: errStr: 1
INFO: [xilinx.com:ip:clk_wiz:5.1-137] clk_wiz_1: phyMode: NONE phyFreq: 318.000
INFO: [xilinx.com:ip:clk_wiz:5.1-147] clk_wiz_1: clkphy_en: false , clkphy_freq: 600.000
INFO: [xilinx.com:ip:clk_wiz:5.1-132] clk_wiz_1: mmcm_pll_calc_optimals: GetClosestSolution: errStr: 1
INFO: [xilinx.com:ip:clk_wiz:5.1-137] clk_wiz_1: phyMode: NONE phyFreq: 318.000
INFO: [xilinx.com:ip:clk_wiz:5.1-147] clk_wiz_1: clkphy_en: false , clkphy_freq: 600.000
INFO: [xilinx.com:ip:clk_wiz:5.1-132] clk_wiz_1: mmcm_pll_calc_optimals: GetClosestSolution: errStr: 1
INFO: [xilinx.com:ip:clk_wiz:5.1-137] clk_wiz_1: phyMode: NONE phyFreq: 318.000
INFO: [xilinx.com:ip:clk_wiz:5.1-147] clk_wiz_1: clkphy_en: false , clkphy_freq: 600.000
INFO: [xilinx.com:ip:clk_wiz:5.1-132] clk_wiz_1: mmcm_pll_calc_optimals: GetClosestSolution: errStr: 1
INFO: [xilinx.com:ip:clk_wiz:5.1-137] clk_wiz_1: phyMode: NONE phyFreq: 318.000
INFO: [xilinx.com:ip:clk_wiz:5.1-147] clk_wiz_1: clkphy_en: false , clkphy_freq: 600.000
INFO: [xilinx.com:ip:clk_wiz:5.1-132] clk_wiz_1: mmcm_pll_calc_optimals: GetClosestSolution: errStr: 1
INFO: [xilinx.com:ip:clk_wiz:5.1-137] clk_wiz_1: phyMode: NONE phyFreq: 318.000
INFO: [xilinx.com:ip:clk_wiz:5.1-147] clk_wiz_1: clkphy_en: false , clkphy_freq: 600.000
INFO: [xilinx.com:ip:clk_wiz:5.1-132] clk_wiz_1: mmcm_pll_calc_optimals: GetClosestSolution: errStr: 1
INFO: [xilinx.com:ip:clk_wiz:5.1-137] clk_wiz_1: phyMode: NONE phyFreq: 318.000
INFO: [xilinx.com:ip:clk_wiz:5.1-147] clk_wiz_1: clkphy_en: false , clkphy_freq: 600.000
INFO: [xilinx.com:ip:clk_wiz:5.1-132] clk_wiz_1: mmcm_pll_calc_optimals: GetClosestSolution: errStr: 1
INFO: [xilinx.com:ip:clk_wiz:5.1-137] clk_wiz_1: phyMode: NONE phyFreq: 318.000
INFO: [xilinx.com:ip:clk_wiz:5.1-147] clk_wiz_1: clkphy_en: false , clkphy_freq: 600.000
INFO: [xilinx.com:ip:clk_wiz:5.1-132] clk_wiz_1: mmcm_pll_calc_optimals: GetClosestSolution: errStr: 1
INFO: [xilinx.com:ip:clk_wiz:5.1-137] clk_wiz_1: phyMode: NONE phyFreq: 318.000
INFO: [xilinx.com:ip:clk_wiz:5.1-147] clk_wiz_1: clkphy_en: false , clkphy_freq: 600.000
INFO: [xilinx.com:ip:clk_wiz:5.1-132] clk_wiz_1: mmcm_pll_calc_optimals: GetClosestSolution: errStr: 1
INFO: [xilinx.com:ip:clk_wiz:5.1-137] clk_wiz_1: phyMode: NONE phyFreq: 318.000
INFO: [xilinx.com:ip:clk_wiz:5.1-147] clk_wiz_1: clkphy_en: false , clkphy_freq: 600.000
INFO: [xilinx.com:ip:clk_wiz:5.1-132] clk_wiz_1: mmcm_pll_calc_optimals: GetClosestSolution: errStr: 1
INFO: [xilinx.com:ip:clk_wiz:5.1-137] clk_wiz_1: phyMode: NONE phyFreq: 318.000
INFO: [xilinx.com:ip:clk_wiz:5.1-147] clk_wiz_1: clkphy_en: false , clkphy_freq: 600.000
INFO: [xilinx.com:ip:clk_wiz:5.1-132] clk_wiz_1: mmcm_pll_calc_optimals: GetClosestSolution: errStr: 1
INFO: [xilinx.com:ip:clk_wiz:5.1-137] clk_wiz_1: phyMode: NONE phyFreq: 318.000
INFO: [xilinx.com:ip:clk_wiz:5.1-147] clk_wiz_1: clkphy_en: false , clkphy_freq: 600.000
INFO: [xilinx.com:ip:clk_wiz:5.1-132] clk_wiz_1: mmcm_pll_calc_optimals: GetClosestSolution: errStr: 1
INFO: [xilinx.com:ip:clk_wiz:5.1-137] clk_wiz_1: phyMode: NONE phyFreq: 318.000
INFO: [xilinx.com:ip:clk_wiz:5.1-147] clk_wiz_1: clkphy_en: false , clkphy_freq: 600.000
INFO: [xilinx.com:ip:clk_wiz:5.1-132] clk_wiz_1: mmcm_pll_calc_optimals: GetClosestSolution: errStr: 1
INFO: [xilinx.com:ip:clk_wiz:5.1-137] clk_wiz_1: phyMode: NONE phyFreq: 318.000
INFO: [xilinx.com:ip:clk_wiz:5.1-147] clk_wiz_1: clkphy_en: false , clkphy_freq: 600.000
INFO: [xilinx.com:ip:clk_wiz:5.1-132] clk_wiz_1: mmcm_pll_calc_optimals: GetClosestSolution: errStr: 1
INFO: [xilinx.com:ip:clk_wiz:5.1-137] clk_wiz_1: phyMode: NONE phyFreq: 318.000
INFO: [xilinx.com:ip:clk_wiz:5.1-147] clk_wiz_1: clkphy_en: false , clkphy_freq: 600.000
INFO: [xilinx.com:ip:clk_wiz:5.1-132] clk_wiz_1: mmcm_pll_calc_optimals: GetClosestSolution: errStr: 1
INFO: [xilinx.com:ip:clk_wiz:5.1-137] clk_wiz_1: phyMode: NONE phyFreq: 318.000
INFO: [xilinx.com:ip:clk_wiz:5.1-147] clk_wiz_1: clkphy_en: false , clkphy_freq: 600.000
INFO: [xilinx.com:ip:clk_wiz:5.1-132] clk_wiz_1: mmcm_pll_calc_optimals: GetClosestSolution: errStr: 1
INFO: [xilinx.com:ip:clk_wiz:5.1-137] clk_wiz_1: phyMode: NONE phyFreq: 318.000
INFO: [xilinx.com:ip:clk_wiz:5.1-147] clk_wiz_1: clkphy_en: false , clkphy_freq: 600.000
INFO: [xilinx.com:ip:clk_wiz:5.1-132] clk_wiz_1: mmcm_pll_calc_optimals: GetClosestSolution: errStr: 1
INFO: [xilinx.com:ip:clk_wiz:5.1-137] clk_wiz_1: phyMode: NONE phyFreq: 318.000
INFO: [xilinx.com:ip:clk_wiz:5.1-147] clk_wiz_1: clkphy_en: false , clkphy_freq: 600.000
INFO: [xilinx.com:ip:clk_wiz:5.1-132] clk_wiz_1: mmcm_pll_calc_optimals: GetClosestSolution: errStr: 1
INFO: [xilinx.com:ip:clk_wiz:5.1-137] clk_wiz_1: phyMode: NONE phyFreq: 318.000
INFO: [xilinx.com:ip:clk_wiz:5.1-147] clk_wiz_1: clkphy_en: false , clkphy_freq: 600.000
INFO: [xilinx.com:ip:clk_wiz:5.1-132] clk_wiz_1: mmcm_pll_calc_optimals: GetClosestSolution: errStr: 1
INFO: [xilinx.com:ip:clk_wiz:5.1-137] clk_wiz_1: phyMode: NONE phyFreq: 318.000
INFO: [xilinx.com:ip:clk_wiz:5.1-147] clk_wiz_1: clkphy_en: false , clkphy_freq: 600.000
INFO: [xilinx.com:ip:clk_wiz:5.1-132] clk_wiz_1: mmcm_pll_calc_optimals: GetClosestSolution: errStr: 1
INFO: [xilinx.com:ip:clk_wiz:5.1-137] clk_wiz_1: phyMode: NONE phyFreq: 318.000
INFO: [xilinx.com:ip:clk_wiz:5.1-147] clk_wiz_1: clkphy_en: false , clkphy_freq: 600.000
INFO: [xilinx.com:ip:clk_wiz:5.1-132] clk_wiz_1: mmcm_pll_calc_optimals: GetClosestSolution: errStr: 1
INFO: [xilinx.com:ip:clk_wiz:5.1-137] clk_wiz_1: phyMode: NONE phyFreq: 318.000
INFO: [xilinx.com:ip:clk_wiz:5.1-147] clk_wiz_1: clkphy_en: false , clkphy_freq: 600.000
INFO: [xilinx.com:ip:clk_wiz:5.1-132] clk_wiz_1: mmcm_pll_calc_optimals: GetClosestSolution: errStr: 1
INFO: [xilinx.com:ip:clk_wiz:5.1-137] clk_wiz_1: phyMode: NONE phyFreq: 318.000
INFO: [xilinx.com:ip:clk_wiz:5.1-147] clk_wiz_1: clkphy_en: false , clkphy_freq: 600.000
INFO: [xilinx.com:ip:clk_wiz:5.1-132] clk_wiz_1: mmcm_pll_calc_optimals: GetClosestSolution: errStr: 1
INFO: [xilinx.com:ip:clk_wiz:5.1-137] clk_wiz_1: phyMode: NONE phyFreq: 318.000
INFO: [xilinx.com:ip:clk_wiz:5.1-147] clk_wiz_1: clkphy_en: false , clkphy_freq: 600.000
INFO: [xilinx.com:ip:clk_wiz:5.1-132] clk_wiz_1: mmcm_pll_calc_optimals: GetClosestSolution: errStr: 1
INFO: [xilinx.com:ip:clk_wiz:5.1-137] clk_wiz_1: phyMode: NONE phyFreq: 318.000
INFO: [xilinx.com:ip:clk_wiz:5.1-147] clk_wiz_1: clkphy_en: false , clkphy_freq: 600.000
INFO: [xilinx.com:ip:clk_wiz:5.1-132] clk_wiz_1: mmcm_pll_calc_optimals: GetClosestSolution: errStr: 1
INFO: [xilinx.com:ip:clk_wiz:5.1-137] clk_wiz_1: phyMode: NONE phyFreq: 318.000
INFO: [xilinx.com:ip:clk_wiz:5.1-147] clk_wiz_1: clkphy_en: false , clkphy_freq: 600.000
INFO: [xilinx.com:ip:clk_wiz:5.1-132] clk_wiz_1: mmcm_pll_calc_optimals: GetClosestSolution: errStr: 1
INFO: [xilinx.com:ip:clk_wiz:5.1-137] clk_wiz_1: phyMode: NONE phyFreq: 318.000
INFO: [xilinx.com:ip:clk_wiz:5.1-147] clk_wiz_1: clkphy_en: false , clkphy_freq: 600.000
INFO: [xilinx.com:ip:clk_wiz:5.1-132] clk_wiz_1: mmcm_pll_calc_optimals: GetClosestSolution: errStr: 1
INFO: [xilinx.com:ip:clk_wiz:5.1-137] clk_wiz_1: phyMode: NONE phyFreq: 318.000
INFO: [xilinx.com:ip:clk_wiz:5.1-147] clk_wiz_1: clkphy_en: false , clkphy_freq: 600.000
INFO: [xilinx.com:ip:clk_wiz:5.1-132] clk_wiz_1: mmcm_pll_calc_optimals: GetClosestSolution: errStr: 1
INFO: [xilinx.com:ip:clk_wiz:5.1-137] clk_wiz_1: phyMode: NONE phyFreq: 318.000
INFO: [xilinx.com:ip:clk_wiz:5.1-147] clk_wiz_1: clkphy_en: false , clkphy_freq: 600.000
INFO: [xilinx.com:ip:clk_wiz:5.1-132] clk_wiz_1: mmcm_pll_calc_optimals: GetClosestSolution: errStr: 1
INFO: [xilinx.com:ip:clk_wiz:5.1-137] clk_wiz_1: phyMode: NONE phyFreq: 318.000
INFO: [xilinx.com:ip:clk_wiz:5.1-147] clk_wiz_1: clkphy_en: false , clkphy_freq: 600.000
INFO: [xilinx.com:ip:clk_wiz:5.1-132] clk_wiz_1: mmcm_pll_calc_optimals: GetClosestSolution: errStr: 1
INFO: [xilinx.com:ip:clk_wiz:5.1-137] clk_wiz_1: phyMode: NONE phyFreq: 318.000
INFO: [xilinx.com:ip:clk_wiz:5.1-147] clk_wiz_1: clkphy_en: false , clkphy_freq: 600.000
INFO: [xilinx.com:ip:clk_wiz:5.1-132] clk_wiz_1: mmcm_pll_calc_optimals: GetClosestSolution: errStr: 1
INFO: [xilinx.com:ip:clk_wiz:5.1-137] clk_wiz_1: phyMode: NONE phyFreq: 318.000
INFO: [xilinx.com:ip:clk_wiz:5.1-147] clk_wiz_1: clkphy_en: false , clkphy_freq: 600.000
INFO: [xilinx.com:ip:clk_wiz:5.1-132] clk_wiz_1: mmcm_pll_calc_optimals: GetClosestSolution: errStr: 1
INFO: [xilinx.com:ip:clk_wiz:5.1-137] clk_wiz_1: phyMode: NONE phyFreq: 318.000
INFO: [xilinx.com:ip:clk_wiz:5.1-147] clk_wiz_1: clkphy_en: false , clkphy_freq: 600.000
INFO: [xilinx.com:ip:clk_wiz:5.1-132] clk_wiz_1: mmcm_pll_calc_optimals: GetClosestSolution: errStr: 1
INFO: [xilinx.com:ip:clk_wiz:5.1-137] clk_wiz_1: phyMode: NONE phyFreq: 318.000
INFO: [xilinx.com:ip:clk_wiz:5.1-147] clk_wiz_1: clkphy_en: false , clkphy_freq: 600.000
INFO: [xilinx.com:ip:clk_wiz:5.1-132] clk_wiz_1: mmcm_pll_calc_optimals: GetClosestSolution: errStr: 1
INFO: [xilinx.com:ip:clk_wiz:5.1-137] clk_wiz_1: phyMode: NONE phyFreq: 318.000
INFO: [xilinx.com:ip:clk_wiz:5.1-147] clk_wiz_1: clkphy_en: false , clkphy_freq: 600.000
INFO: [xilinx.com:ip:clk_wiz:5.1-132] clk_wiz_1: mmcm_pll_calc_optimals: GetClosestSolution: errStr: 1
INFO: [xilinx.com:ip:clk_wiz:5.1-137] clk_wiz_1: phyMode: NONE phyFreq: 318.000
INFO: [xilinx.com:ip:clk_wiz:5.1-147] clk_wiz_1: clkphy_en: false , clkphy_freq: 600.000
INFO: [xilinx.com:ip:clk_wiz:5.1-132] clk_wiz_1: mmcm_pll_calc_optimals: GetClosestSolution: errStr: 1
INFO: [xilinx.com:ip:clk_wiz:5.1-137] clk_wiz_1: phyMode: NONE phyFreq: 318.000
INFO: [xilinx.com:ip:clk_wiz:5.1-147] clk_wiz_1: clkphy_en: false , clkphy_freq: 600.000
INFO: [xilinx.com:ip:clk_wiz:5.1-132] clk_wiz_1: mmcm_pll_calc_optimals: GetClosestSolution: errStr: 1
INFO: [xilinx.com:ip:clk_wiz:5.1-137] clk_wiz_1: phyMode: NONE phyFreq: 318.000
INFO: [xilinx.com:ip:clk_wiz:5.1-147] clk_wiz_1: clkphy_en: false , clkphy_freq: 600.000
INFO: [xilinx.com:ip:clk_wiz:5.1-132] clk_wiz_1: mmcm_pll_calc_optimals: GetClosestSolution: errStr: 1
INFO: [xilinx.com:ip:clk_wiz:5.1-137] clk_wiz_1: phyMode: NONE phyFreq: 318.000
INFO: [xilinx.com:ip:clk_wiz:5.1-147] clk_wiz_1: clkphy_en: false , clkphy_freq: 600.000
INFO: [xilinx.com:ip:clk_wiz:5.1-132] clk_wiz_1: mmcm_pll_calc_optimals: GetClosestSolution: errStr: 1
INFO: [xilinx.com:ip:clk_wiz:5.1-137] clk_wiz_1: phyMode: NONE phyFreq: 318.000
INFO: [xilinx.com:ip:clk_wiz:5.1-147] clk_wiz_1: clkphy_en: false , clkphy_freq: 600.000
INFO: [xilinx.com:ip:clk_wiz:5.1-132] clk_wiz_1: mmcm_pll_calc_optimals: GetClosestSolution: errStr: 1
INFO: [xilinx.com:ip:clk_wiz:5.1-137] clk_wiz_1: phyMode: NONE phyFreq: 318.000
INFO: [xilinx.com:ip:clk_wiz:5.1-147] clk_wiz_1: clkphy_en: false , clkphy_freq: 600.000
INFO: [xilinx.com:ip:clk_wiz:5.1-132] clk_wiz_1: mmcm_pll_calc_optimals: GetClosestSolution: errStr: 1
INFO: [xilinx.com:ip:clk_wiz:5.1-137] clk_wiz_1: phyMode: NONE phyFreq: 318.000
INFO: [xilinx.com:ip:clk_wiz:5.1-147] clk_wiz_1: clkphy_en: false , clkphy_freq: 600.000
INFO: [xilinx.com:ip:clk_wiz:5.1-132] clk_wiz_1: mmcm_pll_calc_optimals: GetClosestSolution: errStr: 1
INFO: [xilinx.com:ip:clk_wiz:5.1-137] clk_wiz_1: phyMode: NONE phyFreq: 318.000
INFO: [xilinx.com:ip:clk_wiz:5.1-147] clk_wiz_1: clkphy_en: false , clkphy_freq: 600.000
INFO: [xilinx.com:ip:clk_wiz:5.1-132] clk_wiz_1: mmcm_pll_calc_optimals: GetClosestSolution: errStr: 1
INFO: [xilinx.com:ip:clk_wiz:5.1-137] clk_wiz_1: phyMode: NONE phyFreq: 318.000
INFO: [xilinx.com:ip:clk_wiz:5.1-147] clk_wiz_1: clkphy_en: false , clkphy_freq: 600.000
INFO: [xilinx.com:ip:clk_wiz:5.1-132] clk_wiz_1: mmcm_pll_calc_optimals: GetClosestSolution: errStr: 1
INFO: [xilinx.com:ip:clk_wiz:5.1-137] clk_wiz_1: phyMode: NONE phyFreq: 318.000
INFO: [xilinx.com:ip:clk_wiz:5.1-147] clk_wiz_1: clkphy_en: false , clkphy_freq: 600.000
INFO: [xilinx.com:ip:clk_wiz:5.1-132] clk_wiz_1: mmcm_pll_calc_optimals: GetClosestSolution: errStr: 1
INFO: [xilinx.com:ip:clk_wiz:5.1-137] clk_wiz_1: phyMode: NONE phyFreq: 318.000
INFO: [xilinx.com:ip:clk_wiz:5.1-147] clk_wiz_1: clkphy_en: false , clkphy_freq: 600.000
INFO: [xilinx.com:ip:clk_wiz:5.1-132] clk_wiz_1: mmcm_pll_calc_optimals: GetClosestSolution: errStr: 1
INFO: [xilinx.com:ip:clk_wiz:5.1-137] clk_wiz_1: phyMode: NONE phyFreq: 318.000
INFO: [xilinx.com:ip:clk_wiz:5.1-147] clk_wiz_1: clkphy_en: false , clkphy_freq: 600.000
INFO: [xilinx.com:ip:clk_wiz:5.1-132] clk_wiz_1: mmcm_pll_calc_optimals: GetClosestSolution: errStr: 1
INFO: [xilinx.com:ip:clk_wiz:5.1-137] clk_wiz_1: phyMode: NONE phyFreq: 318.000
INFO: [xilinx.com:ip:clk_wiz:5.1-147] clk_wiz_1: clkphy_en: false , clkphy_freq: 600.000
INFO: [xilinx.com:ip:clk_wiz:5.1-132] clk_wiz_1: mmcm_pll_calc_optimals: GetClosestSolution: errStr: 1
INFO: [xilinx.com:ip:clk_wiz:5.1-137] clk_wiz_1: phyMode: NONE phyFreq: 318.000
INFO: [xilinx.com:ip:clk_wiz:5.1-147] clk_wiz_1: clkphy_en: false , clkphy_freq: 600.000
INFO: [xilinx.com:ip:clk_wiz:5.1-132] clk_wiz_1: mmcm_pll_calc_optimals: GetClosestSolution: errStr: 1
INFO: [xilinx.com:ip:clk_wiz:5.1-137] clk_wiz_1: phyMode: NONE phyFreq: 318.000
INFO: [xilinx.com:ip:clk_wiz:5.1-147] clk_wiz_1: clkphy_en: false , clkphy_freq: 600.000
INFO: [xilinx.com:ip:clk_wiz:5.1-132] clk_wiz_1: mmcm_pll_calc_optimals: GetClosestSolution: errStr: 1
INFO: [xilinx.com:ip:clk_wiz:5.1-137] clk_wiz_1: phyMode: NONE phyFreq: 318.000
INFO: [xilinx.com:ip:clk_wiz:5.1-147] clk_wiz_1: clkphy_en: false , clkphy_freq: 600.000
INFO: [xilinx.com:ip:clk_wiz:5.1-132] clk_wiz_1: mmcm_pll_calc_optimals: GetClosestSolution: errStr: 1
INFO: [xilinx.com:ip:clk_wiz:5.1-137] clk_wiz_1: phyMode: NONE phyFreq: 318.000
INFO: [xilinx.com:ip:clk_wiz:5.1-147] clk_wiz_1: clkphy_en: false , clkphy_freq: 600.000
INFO: [xilinx.com:ip:clk_wiz:5.1-132] clk_wiz_1: mmcm_pll_calc_optimals: GetClosestSolution: errStr: 1
INFO: [xilinx.com:ip:clk_wiz:5.1-137] clk_wiz_1: phyMode: NONE phyFreq: 318.000
INFO: [xilinx.com:ip:clk_wiz:5.1-147] clk_wiz_1: clkphy_en: false , clkphy_freq: 600.000
INFO: [xilinx.com:ip:clk_wiz:5.1-132] clk_wiz_1: mmcm_pll_calc_optimals: GetClosestSolution: errStr: 1
INFO: [xilinx.com:ip:clk_wiz:5.1-137] clk_wiz_1: phyMode: NONE phyFreq: 318.000
INFO: [xilinx.com:ip:clk_wiz:5.1-147] clk_wiz_1: clkphy_en: false , clkphy_freq: 600.000
INFO: [xilinx.com:ip:clk_wiz:5.1-132] clk_wiz_1: mmcm_pll_calc_optimals: GetClosestSolution: errStr: 1
INFO: [xilinx.com:ip:clk_wiz:5.1-137] clk_wiz_1: phyMode: NONE phyFreq: 318.000
INFO: [xilinx.com:ip:clk_wiz:5.1-147] clk_wiz_1: clkphy_en: false , clkphy_freq: 600.000
INFO: [xilinx.com:ip:clk_wiz:5.1-132] clk_wiz_1: mmcm_pll_calc_optimals: GetClosestSolution: errStr: 1
INFO: [xilinx.com:ip:clk_wiz:5.1-137] clk_wiz_1: phyMode: NONE phyFreq: 318.000
can't read "p_MMCM_CLKOUT0_DIVIDE": no such variable
can't read "p_MMCM_CLKOUT0_DIVIDE": no such variable
expected floating-point number but got ""
expected floating-point number but got ""
expected floating-point number but got ""
INFO: [xilinx.com:ip:clk_wiz:5.1-147] clk_wiz_1: clkphy_en: false , clkphy_freq: 600.000
INFO: [xilinx.com:ip:clk_wiz:5.1-132] clk_wiz_1: mmcm_pll_calc_optimals: GetClosestSolution: errStr: 1
INFO: [xilinx.com:ip:clk_wiz:5.1-137] clk_wiz_1: phyMode: NONE phyFreq: 318.000
INFO: [xilinx.com:ip:clk_wiz:5.1-147] clk_wiz_1: clkphy_en: false , clkphy_freq: 600.000
INFO: [xilinx.com:ip:clk_wiz:5.1-132] clk_wiz_1: mmcm_pll_calc_optimals: GetClosestSolution: errStr: 1
INFO: [xilinx.com:ip:clk_wiz:5.1-137] clk_wiz_1: phyMode: NONE phyFreq: 318.000
INFO: [xilinx.com:ip:clk_wiz:5.1-147] clk_wiz_1: clkphy_en: false , clkphy_freq: 600.000
INFO: [xilinx.com:ip:clk_wiz:5.1-132] clk_wiz_1: mmcm_pll_calc_optimals: GetClosestSolution: errStr: 1
INFO: [xilinx.com:ip:clk_wiz:5.1-137] clk_wiz_1: phyMode: NONE phyFreq: 318.000
INFO: [xilinx.com:ip:clk_wiz:5.1-147] clk_wiz_1: clkphy_en: false , clkphy_freq: 600.000
INFO: [xilinx.com:ip:clk_wiz:5.1-132] clk_wiz_1: mmcm_pll_calc_optimals: GetClosestSolution: errStr: 1
INFO: [xilinx.com:ip:clk_wiz:5.1-137] clk_wiz_1: phyMode: NONE phyFreq: 318.000
INFO: [xilinx.com:ip:clk_wiz:5.1-147] clk_wiz_1: clkphy_en: false , clkphy_freq: 600.000
INFO: [xilinx.com:ip:clk_wiz:5.1-132] clk_wiz_1: mmcm_pll_calc_optimals: GetClosestSolution: errStr: 1
INFO: [xilinx.com:ip:clk_wiz:5.1-137] clk_wiz_1: phyMode: NONE phyFreq: 318.000
INFO: [xilinx.com:ip:clk_wiz:5.1-147] clk_wiz_1: clkphy_en: false , clkphy_freq: 600.000
INFO: [xilinx.com:ip:clk_wiz:5.1-132] clk_wiz_1: mmcm_pll_calc_optimals: GetClosestSolution: errStr: 1
INFO: [xilinx.com:ip:clk_wiz:5.1-137] clk_wiz_1: phyMode: NONE phyFreq: 318.000
INFO: [xilinx.com:ip:clk_wiz:5.1-147] clk_wiz_1: clkphy_en: false , clkphy_freq: 600.000
INFO: [xilinx.com:ip:clk_wiz:5.1-132] clk_wiz_1: mmcm_pll_calc_optimals: GetClosestSolution: errStr: 1
INFO: [xilinx.com:ip:clk_wiz:5.1-137] clk_wiz_1: phyMode: NONE phyFreq: 318.000
INFO: [xilinx.com:ip:clk_wiz:5.1-147] clk_wiz_1: clkphy_en: false , clkphy_freq: 600.000
INFO: [xilinx.com:ip:clk_wiz:5.1-132] clk_wiz_1: mmcm_pll_calc_optimals: GetClosestSolution: errStr: 1
INFO: [xilinx.com:ip:clk_wiz:5.1-137] clk_wiz_1: phyMode: NONE phyFreq: 318.000
INFO: [xilinx.com:ip:clk_wiz:5.1-147] clk_wiz_1: clkphy_en: false , clkphy_freq: 600.000
INFO: [xilinx.com:ip:clk_wiz:5.1-132] clk_wiz_1: mmcm_pll_calc_optimals: GetClosestSolution: errStr: 1
INFO: [xilinx.com:ip:clk_wiz:5.1-137] clk_wiz_1: phyMode: NONE phyFreq: 318.000
INFO: [xilinx.com:ip:clk_wiz:5.1-147] clk_wiz_1: clkphy_en: false , clkphy_freq: 600.000
INFO: [xilinx.com:ip:clk_wiz:5.1-132] clk_wiz_1: mmcm_pll_calc_optimals: GetClosestSolution: errStr: 1
INFO: [xilinx.com:ip:clk_wiz:5.1-137] clk_wiz_1: phyMode: NONE phyFreq: 318.000
INFO: [xilinx.com:ip:clk_wiz:5.1-147] clk_wiz_1: clkphy_en: false , clkphy_freq: 600.000
INFO: [xilinx.com:ip:clk_wiz:5.1-132] clk_wiz_1: mmcm_pll_calc_optimals: GetClosestSolution: errStr: 1
INFO: [xilinx.com:ip:clk_wiz:5.1-137] clk_wiz_1: phyMode: NONE phyFreq: 318.000
INFO: [xilinx.com:ip:clk_wiz:5.1-147] clk_wiz_1: clkphy_en: false , clkphy_freq: 600.000
INFO: [xilinx.com:ip:clk_wiz:5.1-132] clk_wiz_1: mmcm_pll_calc_optimals: GetClosestSolution: errStr: 1
INFO: [xilinx.com:ip:clk_wiz:5.1-137] clk_wiz_1: phyMode: NONE phyFreq: 318.000
INFO: [xilinx.com:ip:clk_wiz:5.1-147] clk_wiz_1: clkphy_en: false , clkphy_freq: 600.000
INFO: [xilinx.com:ip:clk_wiz:5.1-132] clk_wiz_1: mmcm_pll_calc_optimals: GetClosestSolution: errStr: 1
INFO: [xilinx.com:ip:clk_wiz:5.1-137] clk_wiz_1: phyMode: NONE phyFreq: 318.000
INFO: [xilinx.com:ip:clk_wiz:5.1-147] clk_wiz_1: clkphy_en: false , clkphy_freq: 600.000
INFO: [xilinx.com:ip:clk_wiz:5.1-132] clk_wiz_1: mmcm_pll_calc_optimals: GetClosestSolution: errStr: 1
INFO: [xilinx.com:ip:clk_wiz:5.1-137] clk_wiz_1: phyMode: NONE phyFreq: 318.000
INFO: [xilinx.com:ip:clk_wiz:5.1-147] clk_wiz_1: clkphy_en: false , clkphy_freq: 600.000
INFO: [xilinx.com:ip:clk_wiz:5.1-132] clk_wiz_1: mmcm_pll_calc_optimals: GetClosestSolution: errStr: 1
INFO: [xilinx.com:ip:clk_wiz:5.1-137] clk_wiz_1: phyMode: NONE phyFreq: 318.000
INFO: [xilinx.com:ip:clk_wiz:5.1-147] clk_wiz_1: clkphy_en: false , clkphy_freq: 600.000
INFO: [Common 17-14] Message 'xilinx.com:ip:clk_wiz:5.1 147' appears 100 times and further instances of the messages will be disabled. Use the Tcl command set_msg_config to change the current settings.
INFO: [xilinx.com:ip:clk_wiz:5.1-132] clk_wiz_1: mmcm_pll_calc_optimals: GetClosestSolution: errStr: 1
INFO: [Common 17-14] Message 'xilinx.com:ip:clk_wiz:5.1 132' appears 100 times and further instances of the messages will be disabled. Use the Tcl command set_msg_config to change the current settings.
INFO: [xilinx.com:ip:clk_wiz:5.1-137] clk_wiz_1: phyMode: NONE phyFreq: 318.000
INFO: [Common 17-14] Message 'xilinx.com:ip:clk_wiz:5.1 137' appears 100 times and further instances of the messages will be disabled. Use the Tcl command set_msg_config to change the current settings.
can't read "p_MMCM_CLKOUT0_DIVIDE": no such variable
can't read "p_MMCM_CLKOUT0_DIVIDE": no such variable
expected floating-point number but got ""
expected floating-point number but got ""
expected floating-point number but got ""
expected floating-point number but got ""
expected floating-point number but got ""
INFO: [xilinx.com:ip:clk_wiz:5.1-147] clk_wiz_1: clkphy_en: false , clkphy_freq: 600.000
INFO: [xilinx.com:ip:clk_wiz:5.1-132] clk_wiz_1: mmcm_pll_calc_optimals: GetClosestSolution: errStr: 1
INFO: [xilinx.com:ip:clk_wiz:5.1-137] clk_wiz_1: phyMode: NONE phyFreq: 318.000
INFO: [xilinx.com:ip:clk_wiz:5.1-147] clk_wiz_1: clkphy_en: false , clkphy_freq: 600.000
INFO: [xilinx.com:ip:clk_wiz:5.1-132] clk_wiz_1: mmcm_pll_calc_optimals: GetClosestSolution: errStr: 1
INFO: [xilinx.com:ip:clk_wiz:5.1-137] clk_wiz_1: phyMode: NONE phyFreq: 318.000
INFO: [xilinx.com:ip:clk_wiz:5.1-147] clk_wiz_1: clkphy_en: false , clkphy_freq: 600.000
INFO: [xilinx.com:ip:clk_wiz:5.1-132] clk_wiz_1: mmcm_pll_calc_optimals: GetClosestSolution: errStr: 1
INFO: [xilinx.com:ip:clk_wiz:5.1-137] clk_wiz_1: phyMode: NONE phyFreq: 318.000
INFO: [xilinx.com:ip:clk_wiz:5.1-147] clk_wiz_1: clkphy_en: false , clkphy_freq: 600.000
INFO: [xilinx.com:ip:clk_wiz:5.1-132] clk_wiz_1: mmcm_pll_calc_optimals: GetClosestSolution: errStr: 1
INFO: [xilinx.com:ip:clk_wiz:5.1-137] clk_wiz_1: phyMode: NONE phyFreq: 318.000
INFO: [xilinx.com:ip:clk_wiz:5.1-147] clk_wiz_1: clkphy_en: false , clkphy_freq: 600.000
INFO: [xilinx.com:ip:clk_wiz:5.1-132] clk_wiz_1: mmcm_pll_calc_optimals: GetClosestSolution: errStr: 1
INFO: [xilinx.com:ip:clk_wiz:5.1-137] clk_wiz_1: phyMode: NONE phyFreq: 318.000
INFO: [xilinx.com:ip:clk_wiz:5.1-147] clk_wiz_1: clkphy_en: false , clkphy_freq: 600.000
INFO: [xilinx.com:ip:clk_wiz:5.1-132] clk_wiz_1: mmcm_pll_calc_optimals: GetClosestSolution: errStr: 1
INFO: [xilinx.com:ip:clk_wiz:5.1-137] clk_wiz_1: phyMode: NONE phyFreq: 318.000
INFO: [xilinx.com:ip:clk_wiz:5.1-147] clk_wiz_1: clkphy_en: false , clkphy_freq: 600.000
INFO: [xilinx.com:ip:clk_wiz:5.1-132] clk_wiz_1: mmcm_pll_calc_optimals: GetClosestSolution: errStr: 1
INFO: [xilinx.com:ip:clk_wiz:5.1-137] clk_wiz_1: phyMode: NONE phyFreq: 318.000
INFO: [xilinx.com:ip:clk_wiz:5.1-147] clk_wiz_1: clkphy_en: false , clkphy_freq: 600.000
INFO: [xilinx.com:ip:clk_wiz:5.1-132] clk_wiz_1: mmcm_pll_calc_optimals: GetClosestSolution: errStr: 1
INFO: [xilinx.com:ip:clk_wiz:5.1-137] clk_wiz_1: phyMode: NONE phyFreq: 318.000
INFO: [xilinx.com:ip:clk_wiz:5.1-147] clk_wiz_1: clkphy_en: false , clkphy_freq: 600.000
INFO: [xilinx.com:ip:clk_wiz:5.1-132] clk_wiz_1: mmcm_pll_calc_optimals: GetClosestSolution: errStr: 1
INFO: [xilinx.com:ip:clk_wiz:5.1-137] clk_wiz_1: phyMode: NONE phyFreq: 318.000
INFO: [xilinx.com:ip:clk_wiz:5.1-147] clk_wiz_1: clkphy_en: false , clkphy_freq: 600.000
INFO: [xilinx.com:ip:clk_wiz:5.1-132] clk_wiz_1: mmcm_pll_calc_optimals: GetClosestSolution: errStr: 1
INFO: [xilinx.com:ip:clk_wiz:5.1-137] clk_wiz_1: phyMode: NONE phyFreq: 318.000
INFO: [xilinx.com:ip:clk_wiz:5.1-147] clk_wiz_1: clkphy_en: false , clkphy_freq: 600.000
INFO: [xilinx.com:ip:clk_wiz:5.1-132] clk_wiz_1: mmcm_pll_calc_optimals: GetClosestSolution: errStr: 1
INFO: [xilinx.com:ip:clk_wiz:5.1-137] clk_wiz_1: phyMode: NONE phyFreq: 318.000
INFO: [xilinx.com:ip:clk_wiz:5.1-147] clk_wiz_1: clkphy_en: false , clkphy_freq: 600.000
INFO: [xilinx.com:ip:clk_wiz:5.1-132] clk_wiz_1: mmcm_pll_calc_optimals: GetClosestSolution: errStr: 1
INFO: [xilinx.com:ip:clk_wiz:5.1-137] clk_wiz_1: phyMode: NONE phyFreq: 318.000
INFO: [xilinx.com:ip:clk_wiz:5.1-147] clk_wiz_1: clkphy_en: false , clkphy_freq: 600.000
INFO: [xilinx.com:ip:clk_wiz:5.1-132] clk_wiz_1: mmcm_pll_calc_optimals: GetClosestSolution: errStr: 1
INFO: [xilinx.com:ip:clk_wiz:5.1-137] clk_wiz_1: phyMode: NONE phyFreq: 318.000
INFO: [xilinx.com:ip:clk_wiz:5.1-147] clk_wiz_1: clkphy_en: false , clkphy_freq: 600.000
INFO: [xilinx.com:ip:clk_wiz:5.1-132] clk_wiz_1: mmcm_pll_calc_optimals: GetClosestSolution: errStr: 1
INFO: [xilinx.com:ip:clk_wiz:5.1-137] clk_wiz_1: phyMode: NONE phyFreq: 318.000
INFO: [xilinx.com:ip:clk_wiz:5.1-147] clk_wiz_1: clkphy_en: false , clkphy_freq: 600.000
INFO: [xilinx.com:ip:clk_wiz:5.1-132] clk_wiz_1: mmcm_pll_calc_optimals: GetClosestSolution: errStr: 1
INFO: [xilinx.com:ip:clk_wiz:5.1-137] clk_wiz_1: phyMode: NONE phyFreq: 318.000
INFO: [xilinx.com:ip:clk_wiz:5.1-147] clk_wiz_1: clkphy_en: false , clkphy_freq: 600.000
INFO: [xilinx.com:ip:clk_wiz:5.1-132] clk_wiz_1: mmcm_pll_calc_optimals: GetClosestSolution: errStr: 1
INFO: [xilinx.com:ip:clk_wiz:5.1-137] clk_wiz_1: phyMode: NONE phyFreq: 318.000
INFO: [xilinx.com:ip:clk_wiz:5.1-147] clk_wiz_1: clkphy_en: false , clkphy_freq: 600.000
INFO: [xilinx.com:ip:clk_wiz:5.1-132] clk_wiz_1: mmcm_pll_calc_optimals: GetClosestSolution: errStr: 1
INFO: [xilinx.com:ip:clk_wiz:5.1-137] clk_wiz_1: phyMode: NONE phyFreq: 318.000
INFO: [xilinx.com:ip:clk_wiz:5.1-147] clk_wiz_1: clkphy_en: false , clkphy_freq: 600.000
INFO: [xilinx.com:ip:clk_wiz:5.1-132] clk_wiz_1: mmcm_pll_calc_optimals: GetClosestSolution: errStr: 1
INFO: [xilinx.com:ip:clk_wiz:5.1-137] clk_wiz_1: phyMode: NONE phyFreq: 318.000
INFO: [xilinx.com:ip:clk_wiz:5.1-147] clk_wiz_1: clkphy_en: false , clkphy_freq: 600.000
INFO: [xilinx.com:ip:clk_wiz:5.1-132] clk_wiz_1: mmcm_pll_calc_optimals: GetClosestSolution: errStr: 1
INFO: [xilinx.com:ip:clk_wiz:5.1-137] clk_wiz_1: phyMode: NONE phyFreq: 318.000
INFO: [xilinx.com:ip:clk_wiz:5.1-147] clk_wiz_1: clkphy_en: false , clkphy_freq: 600.000
INFO: [xilinx.com:ip:clk_wiz:5.1-132] clk_wiz_1: mmcm_pll_calc_optimals: GetClosestSolution: errStr: 1
INFO: [xilinx.com:ip:clk_wiz:5.1-137] clk_wiz_1: phyMode: NONE phyFreq: 318.000
INFO: [xilinx.com:ip:clk_wiz:5.1-147] clk_wiz_1: clkphy_en: false , clkphy_freq: 600.000
INFO: [xilinx.com:ip:clk_wiz:5.1-132] clk_wiz_1: mmcm_pll_calc_optimals: GetClosestSolution: errStr: 1
INFO: [xilinx.com:ip:clk_wiz:5.1-137] clk_wiz_1: phyMode: NONE phyFreq: 318.000
INFO: [xilinx.com:ip:clk_wiz:5.1-147] clk_wiz_1: clkphy_en: false , clkphy_freq: 600.000
INFO: [xilinx.com:ip:clk_wiz:5.1-132] clk_wiz_1: mmcm_pll_calc_optimals: GetClosestSolution: errStr: 1
INFO: [xilinx.com:ip:clk_wiz:5.1-137] clk_wiz_1: phyMode: NONE phyFreq: 318.000
INFO: [xilinx.com:ip:clk_wiz:5.1-147] clk_wiz_1: clkphy_en: false , clkphy_freq: 600.000
INFO: [xilinx.com:ip:clk_wiz:5.1-132] clk_wiz_1: mmcm_pll_calc_optimals: GetClosestSolution: errStr: 1
INFO: [xilinx.com:ip:clk_wiz:5.1-137] clk_wiz_1: phyMode: NONE phyFreq: 318.000
INFO: [xilinx.com:ip:clk_wiz:5.1-147] clk_wiz_1: clkphy_en: false , clkphy_freq: 600.000
INFO: [xilinx.com:ip:clk_wiz:5.1-132] clk_wiz_1: mmcm_pll_calc_optimals: GetClosestSolution: errStr: 1
INFO: [xilinx.com:ip:clk_wiz:5.1-137] clk_wiz_1: phyMode: NONE phyFreq: 318.000
INFO: [xilinx.com:ip:clk_wiz:5.1-147] clk_wiz_1: clkphy_en: false , clkphy_freq: 600.000
INFO: [xilinx.com:ip:clk_wiz:5.1-132] clk_wiz_1: mmcm_pll_calc_optimals: GetClosestSolution: errStr: 1
INFO: [xilinx.com:ip:clk_wiz:5.1-137] clk_wiz_1: phyMode: NONE phyFreq: 318.000
INFO: [xilinx.com:ip:clk_wiz:5.1-147] clk_wiz_1: clkphy_en: false , clkphy_freq: 600.000
INFO: [xilinx.com:ip:clk_wiz:5.1-132] clk_wiz_1: mmcm_pll_calc_optimals: GetClosestSolution: errStr: 1
INFO: [xilinx.com:ip:clk_wiz:5.1-137] clk_wiz_1: phyMode: NONE phyFreq: 318.000
INFO: [xilinx.com:ip:clk_wiz:5.1-147] clk_wiz_1: clkphy_en: false , clkphy_freq: 600.000
INFO: [xilinx.com:ip:clk_wiz:5.1-132] clk_wiz_1: mmcm_pll_calc_optimals: GetClosestSolution: errStr: 1
INFO: [xilinx.com:ip:clk_wiz:5.1-137] clk_wiz_1: phyMode: NONE phyFreq: 318.000
INFO: [xilinx.com:ip:clk_wiz:5.1-147] clk_wiz_1: clkphy_en: false , clkphy_freq: 600.000
INFO: [xilinx.com:ip:clk_wiz:5.1-132] clk_wiz_1: mmcm_pll_calc_optimals: GetClosestSolution: errStr: 1
INFO: [xilinx.com:ip:clk_wiz:5.1-137] clk_wiz_1: phyMode: NONE phyFreq: 318.000
INFO: [xilinx.com:ip:clk_wiz:5.1-147] clk_wiz_1: clkphy_en: false , clkphy_freq: 600.000
INFO: [xilinx.com:ip:clk_wiz:5.1-132] clk_wiz_1: mmcm_pll_calc_optimals: GetClosestSolution: errStr: 1
INFO: [xilinx.com:ip:clk_wiz:5.1-137] clk_wiz_1: phyMode: NONE phyFreq: 318.000
INFO: [xilinx.com:ip:clk_wiz:5.1-147] clk_wiz_1: clkphy_en: false , clkphy_freq: 600.000
INFO: [xilinx.com:ip:clk_wiz:5.1-132] clk_wiz_1: mmcm_pll_calc_optimals: GetClosestSolution: errStr: 1
INFO: [xilinx.com:ip:clk_wiz:5.1-137] clk_wiz_1: phyMode: NONE phyFreq: 318.000
INFO: [xilinx.com:ip:clk_wiz:5.1-147] clk_wiz_1: clkphy_en: false , clkphy_freq: 600.000
INFO: [xilinx.com:ip:clk_wiz:5.1-132] clk_wiz_1: mmcm_pll_calc_optimals: GetClosestSolution: errStr: 1
INFO: [xilinx.com:ip:clk_wiz:5.1-137] clk_wiz_1: phyMode: NONE phyFreq: 318.000
INFO: [xilinx.com:ip:clk_wiz:5.1-147] clk_wiz_1: clkphy_en: false , clkphy_freq: 600.000
INFO: [xilinx.com:ip:clk_wiz:5.1-132] clk_wiz_1: mmcm_pll_calc_optimals: GetClosestSolution: errStr: 1
INFO: [xilinx.com:ip:clk_wiz:5.1-137] clk_wiz_1: phyMode: NONE phyFreq: 318.000
INFO: [xilinx.com:ip:clk_wiz:5.1-147] clk_wiz_1: clkphy_en: false , clkphy_freq: 600.000
INFO: [xilinx.com:ip:clk_wiz:5.1-132] clk_wiz_1: mmcm_pll_calc_optimals: GetClosestSolution: errStr: 1
INFO: [xilinx.com:ip:clk_wiz:5.1-137] clk_wiz_1: phyMode: NONE phyFreq: 318.000
INFO: [xilinx.com:ip:clk_wiz:5.1-147] clk_wiz_1: clkphy_en: false , clkphy_freq: 600.000
INFO: [xilinx.com:ip:clk_wiz:5.1-132] clk_wiz_1: mmcm_pll_calc_optimals: GetClosestSolution: errStr: 1
INFO: [xilinx.com:ip:clk_wiz:5.1-137] clk_wiz_1: phyMode: NONE phyFreq: 318.000
INFO: [xilinx.com:ip:clk_wiz:5.1-147] clk_wiz_1: clkphy_en: false , clkphy_freq: 600.000
INFO: [xilinx.com:ip:clk_wiz:5.1-132] clk_wiz_1: mmcm_pll_calc_optimals: GetClosestSolution: errStr: 1
INFO: [xilinx.com:ip:clk_wiz:5.1-137] clk_wiz_1: phyMode: NONE phyFreq: 318.000
INFO: [xilinx.com:ip:clk_wiz:5.1-147] clk_wiz_1: clkphy_en: false , clkphy_freq: 600.000
INFO: [xilinx.com:ip:clk_wiz:5.1-132] clk_wiz_1: mmcm_pll_calc_optimals: GetClosestSolution: errStr: 1
INFO: [xilinx.com:ip:clk_wiz:5.1-137] clk_wiz_1: phyMode: NONE phyFreq: 318.000
INFO: [xilinx.com:ip:clk_wiz:5.1-147] clk_wiz_1: clkphy_en: false , clkphy_freq: 600.000
INFO: [xilinx.com:ip:clk_wiz:5.1-132] clk_wiz_1: mmcm_pll_calc_optimals: GetClosestSolution: errStr: 1
INFO: [xilinx.com:ip:clk_wiz:5.1-137] clk_wiz_1: phyMode: NONE phyFreq: 318.000
INFO: [xilinx.com:ip:clk_wiz:5.1-147] clk_wiz_1: clkphy_en: false , clkphy_freq: 600.000
INFO: [xilinx.com:ip:clk_wiz:5.1-132] clk_wiz_1: mmcm_pll_calc_optimals: GetClosestSolution: errStr: 1
INFO: [xilinx.com:ip:clk_wiz:5.1-137] clk_wiz_1: phyMode: NONE phyFreq: 318.000
INFO: [xilinx.com:ip:clk_wiz:5.1-147] clk_wiz_1: clkphy_en: false , clkphy_freq: 600.000
INFO: [xilinx.com:ip:clk_wiz:5.1-132] clk_wiz_1: mmcm_pll_calc_optimals: GetClosestSolution: errStr: 1
INFO: [xilinx.com:ip:clk_wiz:5.1-137] clk_wiz_1: phyMode: NONE phyFreq: 318.000
INFO: [xilinx.com:ip:clk_wiz:5.1-147] clk_wiz_1: clkphy_en: false , clkphy_freq: 600.000
INFO: [xilinx.com:ip:clk_wiz:5.1-132] clk_wiz_1: mmcm_pll_calc_optimals: GetClosestSolution: errStr: 1
INFO: [xilinx.com:ip:clk_wiz:5.1-137] clk_wiz_1: phyMode: NONE phyFreq: 318.000
INFO: [xilinx.com:ip:clk_wiz:5.1-147] clk_wiz_1: clkphy_en: false , clkphy_freq: 600.000
INFO: [xilinx.com:ip:clk_wiz:5.1-132] clk_wiz_1: mmcm_pll_calc_optimals: GetClosestSolution: errStr: 1
INFO: [xilinx.com:ip:clk_wiz:5.1-137] clk_wiz_1: phyMode: NONE phyFreq: 318.000
INFO: [xilinx.com:ip:clk_wiz:5.1-147] clk_wiz_1: clkphy_en: false , clkphy_freq: 600.000
INFO: [xilinx.com:ip:clk_wiz:5.1-132] clk_wiz_1: mmcm_pll_calc_optimals: GetClosestSolution: errStr: 1
INFO: [xilinx.com:ip:clk_wiz:5.1-137] clk_wiz_1: phyMode: NONE phyFreq: 318.000
can't read "p_MMCM_CLKOUT0_DIVIDE": no such variable
can't read "p_MMCM_CLKOUT0_DIVIDE": no such variable
expected floating-point number but got ""
expected floating-point number but got ""
expected floating-point number but got ""
can't read "p_MMCM_CLKOUT0_DIVIDE": no such variable
can't read "p_MMCM_CLKOUT0_DIVIDE": no such variable
expected floating-point number but got ""
expected floating-point number but got ""
expected floating-point number but got ""
INFO: [xilinx.com:ip:clk_wiz:5.1-147] clk_wiz_1: clkphy_en: false , clkphy_freq: 600.000
INFO: [xilinx.com:ip:clk_wiz:5.1-132] clk_wiz_1: mmcm_pll_calc_optimals: GetClosestSolution: errStr: 1
INFO: [xilinx.com:ip:clk_wiz:5.1-137] clk_wiz_1: phyMode: NONE phyFreq: 318.000
INFO: [xilinx.com:ip:clk_wiz:5.1-147] clk_wiz_1: clkphy_en: false , clkphy_freq: 600.000
INFO: [xilinx.com:ip:clk_wiz:5.1-132] clk_wiz_1: mmcm_pll_calc_optimals: GetClosestSolution: errStr: 1
INFO: [xilinx.com:ip:clk_wiz:5.1-137] clk_wiz_1: phyMode: NONE phyFreq: 318.000
INFO: [xilinx.com:ip:clk_wiz:5.1-147] clk_wiz_1: clkphy_en: false , clkphy_freq: 600.000
INFO: [xilinx.com:ip:clk_wiz:5.1-132] clk_wiz_1: mmcm_pll_calc_optimals: GetClosestSolution: errStr: 1
INFO: [xilinx.com:ip:clk_wiz:5.1-137] clk_wiz_1: phyMode: NONE phyFreq: 318.000
INFO: [xilinx.com:ip:clk_wiz:5.1-147] clk_wiz_1: clkphy_en: false , clkphy_freq: 600.000
INFO: [xilinx.com:ip:clk_wiz:5.1-132] clk_wiz_1: mmcm_pll_calc_optimals: GetClosestSolution: errStr: 1
INFO: [xilinx.com:ip:clk_wiz:5.1-137] clk_wiz_1: phyMode: NONE phyFreq: 318.000
INFO: [xilinx.com:ip:clk_wiz:5.1-147] clk_wiz_1: clkphy_en: false , clkphy_freq: 600.000
INFO: [xilinx.com:ip:clk_wiz:5.1-132] clk_wiz_1: mmcm_pll_calc_optimals: GetClosestSolution: errStr: 1
INFO: [xilinx.com:ip:clk_wiz:5.1-137] clk_wiz_1: phyMode: NONE phyFreq: 318.000
INFO: [xilinx.com:ip:clk_wiz:5.1-147] clk_wiz_1: clkphy_en: false , clkphy_freq: 600.000
INFO: [xilinx.com:ip:clk_wiz:5.1-132] clk_wiz_1: mmcm_pll_calc_optimals: GetClosestSolution: errStr: 1
INFO: [xilinx.com:ip:clk_wiz:5.1-137] clk_wiz_1: phyMode: NONE phyFreq: 318.000
INFO: [xilinx.com:ip:clk_wiz:5.1-147] clk_wiz_1: clkphy_en: false , clkphy_freq: 600.000
INFO: [xilinx.com:ip:clk_wiz:5.1-132] clk_wiz_1: mmcm_pll_calc_optimals: GetClosestSolution: errStr: 1
INFO: [xilinx.com:ip:clk_wiz:5.1-137] clk_wiz_1: phyMode: NONE phyFreq: 318.000
INFO: [xilinx.com:ip:clk_wiz:5.1-147] clk_wiz_1: clkphy_en: false , clkphy_freq: 600.000
INFO: [xilinx.com:ip:clk_wiz:5.1-132] clk_wiz_1: mmcm_pll_calc_optimals: GetClosestSolution: errStr: 1
INFO: [xilinx.com:ip:clk_wiz:5.1-137] clk_wiz_1: phyMode: NONE phyFreq: 318.000
INFO: [xilinx.com:ip:clk_wiz:5.1-147] clk_wiz_1: clkphy_en: false , clkphy_freq: 600.000
INFO: [xilinx.com:ip:clk_wiz:5.1-132] clk_wiz_1: mmcm_pll_calc_optimals: GetClosestSolution: errStr: 1
INFO: [xilinx.com:ip:clk_wiz:5.1-137] clk_wiz_1: phyMode: NONE phyFreq: 318.000
INFO: [xilinx.com:ip:clk_wiz:5.1-147] clk_wiz_1: clkphy_en: false , clkphy_freq: 600.000
INFO: [xilinx.com:ip:clk_wiz:5.1-132] clk_wiz_1: mmcm_pll_calc_optimals: GetClosestSolution: errStr: 1
INFO: [xilinx.com:ip:clk_wiz:5.1-137] clk_wiz_1: phyMode: NONE phyFreq: 318.000
INFO: [xilinx.com:ip:clk_wiz:5.1-147] clk_wiz_1: clkphy_en: false , clkphy_freq: 600.000
INFO: [xilinx.com:ip:clk_wiz:5.1-132] clk_wiz_1: mmcm_pll_calc_optimals: GetClosestSolution: errStr: 1
INFO: [xilinx.com:ip:clk_wiz:5.1-137] clk_wiz_1: phyMode: NONE phyFreq: 318.000
INFO: [xilinx.com:ip:clk_wiz:5.1-147] clk_wiz_1: clkphy_en: false , clkphy_freq: 600.000
INFO: [xilinx.com:ip:clk_wiz:5.1-132] clk_wiz_1: mmcm_pll_calc_optimals: GetClosestSolution: errStr: 1
INFO: [xilinx.com:ip:clk_wiz:5.1-137] clk_wiz_1: phyMode: NONE phyFreq: 318.000
INFO: [xilinx.com:ip:clk_wiz:5.1-147] clk_wiz_1: clkphy_en: false , clkphy_freq: 600.000
INFO: [xilinx.com:ip:clk_wiz:5.1-132] clk_wiz_1: mmcm_pll_calc_optimals: GetClosestSolution: errStr: 1
INFO: [xilinx.com:ip:clk_wiz:5.1-137] clk_wiz_1: phyMode: NONE phyFreq: 318.000
INFO: [xilinx.com:ip:clk_wiz:5.1-147] clk_wiz_1: clkphy_en: false , clkphy_freq: 600.000
INFO: [xilinx.com:ip:clk_wiz:5.1-132] clk_wiz_1: mmcm_pll_calc_optimals: GetClosestSolution: errStr: 1
INFO: [xilinx.com:ip:clk_wiz:5.1-137] clk_wiz_1: phyMode: NONE phyFreq: 318.000
INFO: [xilinx.com:ip:clk_wiz:5.1-147] clk_wiz_1: clkphy_en: false , clkphy_freq: 600.000
INFO: [xilinx.com:ip:clk_wiz:5.1-132] clk_wiz_1: mmcm_pll_calc_optimals: GetClosestSolution: errStr: 1
INFO: [xilinx.com:ip:clk_wiz:5.1-137] clk_wiz_1: phyMode: NONE phyFreq: 318.000
INFO: [xilinx.com:ip:clk_wiz:5.1-147] clk_wiz_1: clkphy_en: false , clkphy_freq: 600.000
INFO: [xilinx.com:ip:clk_wiz:5.1-132] clk_wiz_1: mmcm_pll_calc_optimals: GetClosestSolution: errStr: 1
INFO: [xilinx.com:ip:clk_wiz:5.1-137] clk_wiz_1: phyMode: NONE phyFreq: 318.000
INFO: [xilinx.com:ip:clk_wiz:5.1-147] clk_wiz_1: clkphy_en: false , clkphy_freq: 600.000
INFO: [xilinx.com:ip:clk_wiz:5.1-132] clk_wiz_1: mmcm_pll_calc_optimals: GetClosestSolution: errStr: 1
INFO: [xilinx.com:ip:clk_wiz:5.1-137] clk_wiz_1: phyMode: NONE phyFreq: 318.000
INFO: [xilinx.com:ip:clk_wiz:5.1-147] clk_wiz_1: clkphy_en: false , clkphy_freq: 600.000
INFO: [xilinx.com:ip:clk_wiz:5.1-132] clk_wiz_1: mmcm_pll_calc_optimals: GetClosestSolution: errStr: 1
INFO: [xilinx.com:ip:clk_wiz:5.1-137] clk_wiz_1: phyMode: NONE phyFreq: 318.000
INFO: [xilinx.com:ip:clk_wiz:5.1-147] clk_wiz_1: clkphy_en: false , clkphy_freq: 600.000
INFO: [xilinx.com:ip:clk_wiz:5.1-132] clk_wiz_1: mmcm_pll_calc_optimals: GetClosestSolution: errStr: 1
INFO: [xilinx.com:ip:clk_wiz:5.1-137] clk_wiz_1: phyMode: NONE phyFreq: 318.000
INFO: [xilinx.com:ip:clk_wiz:5.1-147] clk_wiz_1: clkphy_en: false , clkphy_freq: 600.000
INFO: [xilinx.com:ip:clk_wiz:5.1-132] clk_wiz_1: mmcm_pll_calc_optimals: GetClosestSolution: errStr: 1
INFO: [xilinx.com:ip:clk_wiz:5.1-137] clk_wiz_1: phyMode: NONE phyFreq: 318.000
INFO: [xilinx.com:ip:clk_wiz:5.1-147] clk_wiz_1: clkphy_en: false , clkphy_freq: 600.000
INFO: [xilinx.com:ip:clk_wiz:5.1-132] clk_wiz_1: mmcm_pll_calc_optimals: GetClosestSolution: errStr: 1
INFO: [xilinx.com:ip:clk_wiz:5.1-137] clk_wiz_1: phyMode: NONE phyFreq: 318.000
INFO: [xilinx.com:ip:clk_wiz:5.1-147] clk_wiz_1: clkphy_en: false , clkphy_freq: 600.000
INFO: [xilinx.com:ip:clk_wiz:5.1-132] clk_wiz_1: mmcm_pll_calc_optimals: GetClosestSolution: errStr: 1
INFO: [xilinx.com:ip:clk_wiz:5.1-137] clk_wiz_1: phyMode: NONE phyFreq: 318.000
INFO: [xilinx.com:ip:clk_wiz:5.1-147] clk_wiz_1: clkphy_en: false , clkphy_freq: 600.000
INFO: [xilinx.com:ip:clk_wiz:5.1-132] clk_wiz_1: mmcm_pll_calc_optimals: GetClosestSolution: errStr: 1
INFO: [xilinx.com:ip:clk_wiz:5.1-137] clk_wiz_1: phyMode: NONE phyFreq: 318.000
INFO: [xilinx.com:ip:clk_wiz:5.1-147] clk_wiz_1: clkphy_en: false , clkphy_freq: 600.000
INFO: [xilinx.com:ip:clk_wiz:5.1-132] clk_wiz_1: mmcm_pll_calc_optimals: GetClosestSolution: errStr: 1
INFO: [xilinx.com:ip:clk_wiz:5.1-137] clk_wiz_1: phyMode: NONE phyFreq: 318.000
INFO: [xilinx.com:ip:clk_wiz:5.1-147] clk_wiz_1: clkphy_en: false , clkphy_freq: 600.000
INFO: [xilinx.com:ip:clk_wiz:5.1-132] clk_wiz_1: mmcm_pll_calc_optimals: GetClosestSolution: errStr: 1
INFO: [xilinx.com:ip:clk_wiz:5.1-137] clk_wiz_1: phyMode: NONE phyFreq: 318.000
INFO: [xilinx.com:ip:clk_wiz:5.1-147] clk_wiz_1: clkphy_en: false , clkphy_freq: 600.000
INFO: [xilinx.com:ip:clk_wiz:5.1-132] clk_wiz_1: mmcm_pll_calc_optimals: GetClosestSolution: errStr: 1
INFO: [xilinx.com:ip:clk_wiz:5.1-137] clk_wiz_1: phyMode: NONE phyFreq: 318.000
INFO: [xilinx.com:ip:clk_wiz:5.1-147] clk_wiz_1: clkphy_en: false , clkphy_freq: 600.000
INFO: [xilinx.com:ip:clk_wiz:5.1-132] clk_wiz_1: mmcm_pll_calc_optimals: GetClosestSolution: errStr: 1
INFO: [xilinx.com:ip:clk_wiz:5.1-137] clk_wiz_1: phyMode: NONE phyFreq: 318.000
INFO: [xilinx.com:ip:clk_wiz:5.1-147] clk_wiz_1: clkphy_en: false , clkphy_freq: 600.000
INFO: [xilinx.com:ip:clk_wiz:5.1-132] clk_wiz_1: mmcm_pll_calc_optimals: GetClosestSolution: errStr: 1
INFO: [xilinx.com:ip:clk_wiz:5.1-137] clk_wiz_1: phyMode: NONE phyFreq: 318.000
INFO: [xilinx.com:ip:clk_wiz:5.1-147] clk_wiz_1: clkphy_en: false , clkphy_freq: 600.000
INFO: [xilinx.com:ip:clk_wiz:5.1-132] clk_wiz_1: mmcm_pll_calc_optimals: GetClosestSolution: errStr: 1
INFO: [xilinx.com:ip:clk_wiz:5.1-137] clk_wiz_1: phyMode: NONE phyFreq: 318.000
INFO: [xilinx.com:ip:clk_wiz:5.1-147] clk_wiz_1: clkphy_en: false , clkphy_freq: 600.000
INFO: [xilinx.com:ip:clk_wiz:5.1-132] clk_wiz_1: mmcm_pll_calc_optimals: GetClosestSolution: errStr: 1
INFO: [xilinx.com:ip:clk_wiz:5.1-137] clk_wiz_1: phyMode: NONE phyFreq: 318.000
INFO: [xilinx.com:ip:clk_wiz:5.1-147] clk_wiz_1: clkphy_en: false , clkphy_freq: 600.000
INFO: [xilinx.com:ip:clk_wiz:5.1-132] clk_wiz_1: mmcm_pll_calc_optimals: GetClosestSolution: errStr: 1
INFO: [xilinx.com:ip:clk_wiz:5.1-137] clk_wiz_1: phyMode: NONE phyFreq: 318.000
INFO: [xilinx.com:ip:clk_wiz:5.1-147] clk_wiz_1: clkphy_en: false , clkphy_freq: 600.000
INFO: [xilinx.com:ip:clk_wiz:5.1-132] clk_wiz_1: mmcm_pll_calc_optimals: GetClosestSolution: errStr: 1
INFO: [xilinx.com:ip:clk_wiz:5.1-137] clk_wiz_1: phyMode: NONE phyFreq: 318.000
INFO: [xilinx.com:ip:clk_wiz:5.1-147] clk_wiz_1: clkphy_en: false , clkphy_freq: 600.000
INFO: [xilinx.com:ip:clk_wiz:5.1-132] clk_wiz_1: mmcm_pll_calc_optimals: GetClosestSolution: errStr: 1
INFO: [xilinx.com:ip:clk_wiz:5.1-137] clk_wiz_1: phyMode: NONE phyFreq: 318.000
INFO: [xilinx.com:ip:clk_wiz:5.1-147] clk_wiz_1: clkphy_en: false , clkphy_freq: 600.000
INFO: [xilinx.com:ip:clk_wiz:5.1-132] clk_wiz_1: mmcm_pll_calc_optimals: GetClosestSolution: errStr: 1
INFO: [xilinx.com:ip:clk_wiz:5.1-137] clk_wiz_1: phyMode: NONE phyFreq: 318.000
INFO: [xilinx.com:ip:clk_wiz:5.1-147] clk_wiz_1: clkphy_en: false , clkphy_freq: 600.000
INFO: [xilinx.com:ip:clk_wiz:5.1-132] clk_wiz_1: mmcm_pll_calc_optimals: GetClosestSolution: errStr: 1
INFO: [xilinx.com:ip:clk_wiz:5.1-137] clk_wiz_1: phyMode: NONE phyFreq: 318.000
INFO: [xilinx.com:ip:clk_wiz:5.1-147] clk_wiz_1: clkphy_en: false , clkphy_freq: 600.000
INFO: [xilinx.com:ip:clk_wiz:5.1-132] clk_wiz_1: mmcm_pll_calc_optimals: GetClosestSolution: errStr: 1
INFO: [xilinx.com:ip:clk_wiz:5.1-137] clk_wiz_1: phyMode: NONE phyFreq: 318.000
INFO: [xilinx.com:ip:clk_wiz:5.1-147] clk_wiz_1: clkphy_en: false , clkphy_freq: 600.000
INFO: [xilinx.com:ip:clk_wiz:5.1-132] clk_wiz_1: mmcm_pll_calc_optimals: GetClosestSolution: errStr: 1
INFO: [xilinx.com:ip:clk_wiz:5.1-137] clk_wiz_1: phyMode: NONE phyFreq: 318.000
INFO: [xilinx.com:ip:clk_wiz:5.1-147] clk_wiz_1: clkphy_en: false , clkphy_freq: 600.000
INFO: [xilinx.com:ip:clk_wiz:5.1-132] clk_wiz_1: mmcm_pll_calc_optimals: GetClosestSolution: errStr: 1
INFO: [xilinx.com:ip:clk_wiz:5.1-137] clk_wiz_1: phyMode: NONE phyFreq: 318.000
INFO: [xilinx.com:ip:clk_wiz:5.1-147] clk_wiz_1: clkphy_en: false , clkphy_freq: 600.000
INFO: [xilinx.com:ip:clk_wiz:5.1-132] clk_wiz_1: mmcm_pll_calc_optimals: GetClosestSolution: errStr: 1
INFO: [xilinx.com:ip:clk_wiz:5.1-137] clk_wiz_1: phyMode: NONE phyFreq: 318.000
INFO: [xilinx.com:ip:clk_wiz:5.1-147] clk_wiz_1: clkphy_en: false , clkphy_freq: 600.000
INFO: [xilinx.com:ip:clk_wiz:5.1-132] clk_wiz_1: mmcm_pll_calc_optimals: GetClosestSolution: errStr: 1
INFO: [xilinx.com:ip:clk_wiz:5.1-137] clk_wiz_1: phyMode: NONE phyFreq: 318.000
INFO: [xilinx.com:ip:clk_wiz:5.1-147] clk_wiz_1: clkphy_en: false , clkphy_freq: 600.000
INFO: [xilinx.com:ip:clk_wiz:5.1-132] clk_wiz_1: mmcm_pll_calc_optimals: GetClosestSolution: errStr: 1
INFO: [xilinx.com:ip:clk_wiz:5.1-137] clk_wiz_1: phyMode: NONE phyFreq: 318.000
INFO: [xilinx.com:ip:clk_wiz:5.1-147] clk_wiz_1: clkphy_en: false , clkphy_freq: 600.000
INFO: [xilinx.com:ip:clk_wiz:5.1-132] clk_wiz_1: mmcm_pll_calc_optimals: GetClosestSolution: errStr: 1
INFO: [xilinx.com:ip:clk_wiz:5.1-137] clk_wiz_1: phyMode: NONE phyFreq: 318.000
can't read "p_MMCM_CLKOUT0_DIVIDE": no such variable
can't read "p_MMCM_CLKOUT0_DIVIDE": no such variable
expected floating-point number but got ""
expected floating-point number but got ""
expected floating-point number but got ""
INFO: [xilinx.com:ip:clk_wiz:5.1-147] clk_wiz_1: clkphy_en: false , clkphy_freq: 600.000
INFO: [xilinx.com:ip:clk_wiz:5.1-132] clk_wiz_1: mmcm_pll_calc_optimals: GetClosestSolution: errStr: 1
INFO: [xilinx.com:ip:clk_wiz:5.1-137] clk_wiz_1: phyMode: NONE phyFreq: 318.000
INFO: [xilinx.com:ip:clk_wiz:5.1-147] clk_wiz_1: clkphy_en: false , clkphy_freq: 600.000
INFO: [xilinx.com:ip:clk_wiz:5.1-132] clk_wiz_1: mmcm_pll_calc_optimals: GetClosestSolution: errStr: 1
INFO: [xilinx.com:ip:clk_wiz:5.1-137] clk_wiz_1: phyMode: NONE phyFreq: 318.000
INFO: [xilinx.com:ip:clk_wiz:5.1-147] clk_wiz_1: clkphy_en: false , clkphy_freq: 600.000
INFO: [xilinx.com:ip:clk_wiz:5.1-132] clk_wiz_1: mmcm_pll_calc_optimals: GetClosestSolution: errStr: 1
INFO: [xilinx.com:ip:clk_wiz:5.1-137] clk_wiz_1: phyMode: NONE phyFreq: 318.000
INFO: [xilinx.com:ip:clk_wiz:5.1-147] clk_wiz_1: clkphy_en: false , clkphy_freq: 600.000
INFO: [xilinx.com:ip:clk_wiz:5.1-132] clk_wiz_1: mmcm_pll_calc_optimals: GetClosestSolution: errStr: 1
INFO: [xilinx.com:ip:clk_wiz:5.1-137] clk_wiz_1: phyMode: NONE phyFreq: 318.000
INFO: [xilinx.com:ip:clk_wiz:5.1-147] clk_wiz_1: clkphy_en: false , clkphy_freq: 600.000
INFO: [xilinx.com:ip:clk_wiz:5.1-132] clk_wiz_1: mmcm_pll_calc_optimals: GetClosestSolution: errStr: 1
INFO: [xilinx.com:ip:clk_wiz:5.1-137] clk_wiz_1: phyMode: NONE phyFreq: 318.000
INFO: [xilinx.com:ip:clk_wiz:5.1-147] clk_wiz_1: clkphy_en: false , clkphy_freq: 600.000
INFO: [xilinx.com:ip:clk_wiz:5.1-132] clk_wiz_1: mmcm_pll_calc_optimals: GetClosestSolution: errStr: 1
INFO: [xilinx.com:ip:clk_wiz:5.1-137] clk_wiz_1: phyMode: NONE phyFreq: 318.000
INFO: [xilinx.com:ip:clk_wiz:5.1-147] clk_wiz_1: clkphy_en: false , clkphy_freq: 600.000
INFO: [xilinx.com:ip:clk_wiz:5.1-132] clk_wiz_1: mmcm_pll_calc_optimals: GetClosestSolution: errStr: 1
INFO: [xilinx.com:ip:clk_wiz:5.1-137] clk_wiz_1: phyMode: NONE phyFreq: 318.000
INFO: [xilinx.com:ip:clk_wiz:5.1-147] clk_wiz_1: clkphy_en: false , clkphy_freq: 600.000
INFO: [xilinx.com:ip:clk_wiz:5.1-132] clk_wiz_1: mmcm_pll_calc_optimals: GetClosestSolution: errStr: 1
INFO: [xilinx.com:ip:clk_wiz:5.1-137] clk_wiz_1: phyMode: NONE phyFreq: 318.000
INFO: [xilinx.com:ip:clk_wiz:5.1-147] clk_wiz_1: clkphy_en: false , clkphy_freq: 600.000
INFO: [xilinx.com:ip:clk_wiz:5.1-132] clk_wiz_1: mmcm_pll_calc_optimals: GetClosestSolution: errStr: 1
INFO: [xilinx.com:ip:clk_wiz:5.1-137] clk_wiz_1: phyMode: NONE phyFreq: 318.000
INFO: [xilinx.com:ip:clk_wiz:5.1-147] clk_wiz_1: clkphy_en: false , clkphy_freq: 600.000
INFO: [xilinx.com:ip:clk_wiz:5.1-132] clk_wiz_1: mmcm_pll_calc_optimals: GetClosestSolution: errStr: 1
INFO: [xilinx.com:ip:clk_wiz:5.1-137] clk_wiz_1: phyMode: NONE phyFreq: 318.000
INFO: [xilinx.com:ip:clk_wiz:5.1-147] clk_wiz_1: clkphy_en: false , clkphy_freq: 600.000
INFO: [xilinx.com:ip:clk_wiz:5.1-132] clk_wiz_1: mmcm_pll_calc_optimals: GetClosestSolution: errStr: 1
INFO: [xilinx.com:ip:clk_wiz:5.1-137] clk_wiz_1: phyMode: NONE phyFreq: 318.000
INFO: [xilinx.com:ip:clk_wiz:5.1-147] clk_wiz_1: clkphy_en: false , clkphy_freq: 600.000
INFO: [xilinx.com:ip:clk_wiz:5.1-132] clk_wiz_1: mmcm_pll_calc_optimals: GetClosestSolution: errStr: 1
INFO: [xilinx.com:ip:clk_wiz:5.1-137] clk_wiz_1: phyMode: NONE phyFreq: 318.000
INFO: [xilinx.com:ip:clk_wiz:5.1-147] clk_wiz_1: clkphy_en: false , clkphy_freq: 600.000
INFO: [xilinx.com:ip:clk_wiz:5.1-132] clk_wiz_1: mmcm_pll_calc_optimals: GetClosestSolution: errStr: 1
INFO: [xilinx.com:ip:clk_wiz:5.1-137] clk_wiz_1: phyMode: NONE phyFreq: 318.000
INFO: [xilinx.com:ip:clk_wiz:5.1-147] clk_wiz_1: clkphy_en: false , clkphy_freq: 600.000
INFO: [xilinx.com:ip:clk_wiz:5.1-132] clk_wiz_1: mmcm_pll_calc_optimals: GetClosestSolution: errStr: 1
INFO: [xilinx.com:ip:clk_wiz:5.1-137] clk_wiz_1: phyMode: NONE phyFreq: 318.000
INFO: [xilinx.com:ip:clk_wiz:5.1-147] clk_wiz_1: clkphy_en: false , clkphy_freq: 600.000
INFO: [xilinx.com:ip:clk_wiz:5.1-132] clk_wiz_1: mmcm_pll_calc_optimals: GetClosestSolution: errStr: 1
INFO: [xilinx.com:ip:clk_wiz:5.1-137] clk_wiz_1: phyMode: NONE phyFreq: 318.000
INFO: [xilinx.com:ip:clk_wiz:5.1-147] clk_wiz_1: clkphy_en: false , clkphy_freq: 600.000
INFO: [Common 17-14] Message 'xilinx.com:ip:clk_wiz:5.1 147' appears 100 times and further instances of the messages will be disabled. Use the Tcl command set_msg_config to change the current settings.
INFO: [xilinx.com:ip:clk_wiz:5.1-132] clk_wiz_1: mmcm_pll_calc_optimals: GetClosestSolution: errStr: 1
INFO: [Common 17-14] Message 'xilinx.com:ip:clk_wiz:5.1 132' appears 100 times and further instances of the messages will be disabled. Use the Tcl command set_msg_config to change the current settings.
INFO: [xilinx.com:ip:clk_wiz:5.1-137] clk_wiz_1: phyMode: NONE phyFreq: 318.000
INFO: [Common 17-14] Message 'xilinx.com:ip:clk_wiz:5.1 137' appears 100 times and further instances of the messages will be disabled. Use the Tcl command set_msg_config to change the current settings.
can't read "p_MMCM_CLKOUT0_DIVIDE": no such variable
can't read "p_MMCM_CLKOUT0_DIVIDE": no such variable
expected floating-point number but got ""
expected floating-point number but got ""
expected floating-point number but got ""
can't read "p_MMCM_CLKOUT0_DIVIDE": no such variable
expected floating-point number but got ""
expected floating-point number but got ""
can't read "p_MMCM_CLKOUT0_DIVIDE": no such variable
can't read "p_MMCM_CLKOUT0_DIVIDE": no such variable
expected floating-point number but got ""
expected floating-point number but got ""
expected floating-point number but got ""
can't read "p_MMCM_CLKOUT0_DIVIDE": no such variable
can't read "p_MMCM_CLKOUT0_DIVIDE": no such variable
expected floating-point number but got ""
expected floating-point number but got ""
expected floating-point number but got ""
can't read "p_MMCM_CLKOUT0_DIVIDE": no such variable
can't read "p_MMCM_CLKOUT0_DIVIDE": no such variable
can't read "p_MMCM_CLKOUT0_DIVIDE": no such variable
can't read "p_MMCM_CLKOUT0_DIVIDE": no such variable
expected floating-point number but got ""
expected floating-point number but got ""
expected floating-point number but got ""
expected floating-point number but got ""
expected floating-point number but got ""
expected floating-point number but got ""
expected floating-point number but got ""
can't read "p_MMCM_CLKOUT0_DIVIDE": no such variable
can't read "p_MMCM_CLKOUT0_DIVIDE": no such variable
expected floating-point number but got ""
expected floating-point number but got ""
expected floating-point number but got ""
can't read "p_MMCM_CLKOUT0_DIVIDE": no such variable
can't read "p_MMCM_CLKOUT0_DIVIDE": no such variable
expected floating-point number but got ""
expected floating-point number but got ""
expected floating-point number but got ""
expected floating-point number but got ""
can't read "p_MMCM_CLKOUT0_DIVIDE": no such variable
can't read "p_MMCM_CLKOUT0_DIVIDE": no such variable
expected floating-point number but got ""
expected floating-point number but got ""
expected floating-point number but got ""
can't read "p_MMCM_CLKOUT0_DIVIDE": no such variable
can't read "p_MMCM_CLKOUT0_DIVIDE": no such variable
expected floating-point number but got ""
expected floating-point number but got ""
expected floating-point number but got ""
expected floating-point number but got ""
set_property -dict [list CONFIG.CLKOUT4_USED {true} CONFIG.CLK_OUT4_PORT {clk_out3975} CONFIG.CLKOUT4_REQUESTED_OUT_FREQ {39.75} CONFIG.MMCM_DIVCLK_DIVIDE {1} CONFIG.MMCM_CLKOUT3_DIVIDE {24} CONFIG.NUM_OUT_CLKS {4} CONFIG.CLKOUT4_JITTER {307.705}] [get_ips clk_wiz_1]
generate_target all [get_files  C:/nimPlus_nov16_2017_t0923/nimPlus_/top/top.srcs/sources_1/ip/clk_wiz_1/clk_wiz_1.xci]
INFO: [IP_Flow 19-1686] Generating 'Instantiation Template' target for IP 'clk_wiz_1'...
INFO: [IP_Flow 19-1686] Generating 'Synthesis' target for IP 'clk_wiz_1'...
INFO: [IP_Flow 19-1686] Generating 'Simulation' target for IP 'clk_wiz_1'...
INFO: [IP_Flow 19-1686] Generating 'Implementation' target for IP 'clk_wiz_1'...
INFO: [IP_Flow 19-1686] Generating 'Change Log' target for IP 'clk_wiz_1'...
reset_run clk_wiz_1_synth_1
launch_run -jobs 4 clk_wiz_1_synth_1
[Mon Nov 27 15:04:28 2017] Launched clk_wiz_1_synth_1...
Run output will be captured here: C:/nimPlus_nov16_2017_t0923/nimPlus_/top/top.runs/clk_wiz_1_synth_1/runme.log
INFO: [xilinx.com:ip:clk_wiz:5.1-147] clk_wiz_0: clkphy_en: false , clkphy_freq: 600.000
INFO: [xilinx.com:ip:clk_wiz:5.1-132] clk_wiz_0: mmcm_pll_calc_optimals: GetClosestSolution: errStr: 1
INFO: [xilinx.com:ip:clk_wiz:5.1-137] clk_wiz_0: phyMode: NONE phyFreq: 320.000
INFO: [xilinx.com:ip:clk_wiz:5.1-147] clk_wiz_0: clkphy_en: false , clkphy_freq: 600.000
INFO: [xilinx.com:ip:clk_wiz:5.1-132] clk_wiz_0: mmcm_pll_calc_optimals: GetClosestSolution: errStr: 1
INFO: [xilinx.com:ip:clk_wiz:5.1-137] clk_wiz_0: phyMode: NONE phyFreq: 320.000
INFO: [xilinx.com:ip:clk_wiz:5.1-147] clk_wiz_0: clkphy_en: false , clkphy_freq: 600.000
INFO: [xilinx.com:ip:clk_wiz:5.1-132] clk_wiz_0: mmcm_pll_calc_optimals: GetClosestSolution: errStr: 1
INFO: [xilinx.com:ip:clk_wiz:5.1-137] clk_wiz_0: phyMode: NONE phyFreq: 320.000
INFO: [xilinx.com:ip:clk_wiz:5.1-147] clk_wiz_0: clkphy_en: false , clkphy_freq: 600.000
INFO: [xilinx.com:ip:clk_wiz:5.1-132] clk_wiz_0: mmcm_pll_calc_optimals: GetClosestSolution: errStr: 1
INFO: [xilinx.com:ip:clk_wiz:5.1-137] clk_wiz_0: phyMode: NONE phyFreq: 320.000
INFO: [xilinx.com:ip:clk_wiz:5.1-147] clk_wiz_0: clkphy_en: false , clkphy_freq: 600.000
INFO: [xilinx.com:ip:clk_wiz:5.1-132] clk_wiz_0: mmcm_pll_calc_optimals: GetClosestSolution: errStr: 1
INFO: [xilinx.com:ip:clk_wiz:5.1-137] clk_wiz_0: phyMode: NONE phyFreq: 320.000
INFO: [xilinx.com:ip:clk_wiz:5.1-147] clk_wiz_0: clkphy_en: false , clkphy_freq: 600.000
INFO: [xilinx.com:ip:clk_wiz:5.1-132] clk_wiz_0: mmcm_pll_calc_optimals: GetClosestSolution: errStr: 1
INFO: [xilinx.com:ip:clk_wiz:5.1-137] clk_wiz_0: phyMode: NONE phyFreq: 320.000
INFO: [xilinx.com:ip:clk_wiz:5.1-147] clk_wiz_0: clkphy_en: false , clkphy_freq: 600.000
INFO: [xilinx.com:ip:clk_wiz:5.1-132] clk_wiz_0: mmcm_pll_calc_optimals: GetClosestSolution: errStr: 1
INFO: [xilinx.com:ip:clk_wiz:5.1-137] clk_wiz_0: phyMode: NONE phyFreq: 320.000
INFO: [xilinx.com:ip:clk_wiz:5.1-147] clk_wiz_0: clkphy_en: false , clkphy_freq: 600.000
INFO: [xilinx.com:ip:clk_wiz:5.1-132] clk_wiz_0: mmcm_pll_calc_optimals: GetClosestSolution: errStr: 1
INFO: [xilinx.com:ip:clk_wiz:5.1-137] clk_wiz_0: phyMode: NONE phyFreq: 320.000
INFO: [xilinx.com:ip:clk_wiz:5.1-147] clk_wiz_0: clkphy_en: false , clkphy_freq: 600.000
INFO: [xilinx.com:ip:clk_wiz:5.1-132] clk_wiz_0: mmcm_pll_calc_optimals: GetClosestSolution: errStr: 1
INFO: [xilinx.com:ip:clk_wiz:5.1-137] clk_wiz_0: phyMode: NONE phyFreq: 320.000
INFO: [xilinx.com:ip:clk_wiz:5.1-147] clk_wiz_0: clkphy_en: false , clkphy_freq: 600.000
INFO: [xilinx.com:ip:clk_wiz:5.1-132] clk_wiz_0: mmcm_pll_calc_optimals: GetClosestSolution: errStr: 1
INFO: [xilinx.com:ip:clk_wiz:5.1-137] clk_wiz_0: phyMode: NONE phyFreq: 320.000
INFO: [xilinx.com:ip:clk_wiz:5.1-147] clk_wiz_0: clkphy_en: false , clkphy_freq: 600.000
INFO: [xilinx.com:ip:clk_wiz:5.1-132] clk_wiz_0: mmcm_pll_calc_optimals: GetClosestSolution: errStr: 1
INFO: [xilinx.com:ip:clk_wiz:5.1-137] clk_wiz_0: phyMode: NONE phyFreq: 320.000
INFO: [xilinx.com:ip:clk_wiz:5.1-147] clk_wiz_0: clkphy_en: false , clkphy_freq: 600.000
INFO: [xilinx.com:ip:clk_wiz:5.1-132] clk_wiz_0: mmcm_pll_calc_optimals: GetClosestSolution: errStr: 1
INFO: [xilinx.com:ip:clk_wiz:5.1-137] clk_wiz_0: phyMode: NONE phyFreq: 320.000
INFO: [xilinx.com:ip:clk_wiz:5.1-147] clk_wiz_0: clkphy_en: false , clkphy_freq: 600.000
INFO: [xilinx.com:ip:clk_wiz:5.1-132] clk_wiz_0: mmcm_pll_calc_optimals: GetClosestSolution: errStr: 1
INFO: [xilinx.com:ip:clk_wiz:5.1-137] clk_wiz_0: phyMode: NONE phyFreq: 320.000
INFO: [xilinx.com:ip:clk_wiz:5.1-147] clk_wiz_0: clkphy_en: false , clkphy_freq: 600.000
INFO: [xilinx.com:ip:clk_wiz:5.1-132] clk_wiz_0: mmcm_pll_calc_optimals: GetClosestSolution: errStr: 1
INFO: [xilinx.com:ip:clk_wiz:5.1-137] clk_wiz_0: phyMode: NONE phyFreq: 320.000
INFO: [xilinx.com:ip:clk_wiz:5.1-147] clk_wiz_0: clkphy_en: false , clkphy_freq: 600.000
INFO: [xilinx.com:ip:clk_wiz:5.1-132] clk_wiz_0: mmcm_pll_calc_optimals: GetClosestSolution: errStr: 1
INFO: [xilinx.com:ip:clk_wiz:5.1-137] clk_wiz_0: phyMode: NONE phyFreq: 320.000
INFO: [xilinx.com:ip:clk_wiz:5.1-147] clk_wiz_0: clkphy_en: false , clkphy_freq: 600.000
INFO: [xilinx.com:ip:clk_wiz:5.1-132] clk_wiz_0: mmcm_pll_calc_optimals: GetClosestSolution: errStr: 1
INFO: [xilinx.com:ip:clk_wiz:5.1-137] clk_wiz_0: phyMode: NONE phyFreq: 320.000
INFO: [xilinx.com:ip:clk_wiz:5.1-147] clk_wiz_0: clkphy_en: false , clkphy_freq: 600.000
INFO: [xilinx.com:ip:clk_wiz:5.1-132] clk_wiz_0: mmcm_pll_calc_optimals: GetClosestSolution: errStr: 1
INFO: [xilinx.com:ip:clk_wiz:5.1-137] clk_wiz_0: phyMode: NONE phyFreq: 320.000
INFO: [xilinx.com:ip:clk_wiz:5.1-147] clk_wiz_0: clkphy_en: false , clkphy_freq: 600.000
INFO: [xilinx.com:ip:clk_wiz:5.1-132] clk_wiz_0: mmcm_pll_calc_optimals: GetClosestSolution: errStr: 1
INFO: [xilinx.com:ip:clk_wiz:5.1-137] clk_wiz_0: phyMode: NONE phyFreq: 320.000
INFO: [xilinx.com:ip:clk_wiz:5.1-147] clk_wiz_0: clkphy_en: false , clkphy_freq: 600.000
INFO: [xilinx.com:ip:clk_wiz:5.1-132] clk_wiz_0: mmcm_pll_calc_optimals: GetClosestSolution: errStr: 1
INFO: [xilinx.com:ip:clk_wiz:5.1-137] clk_wiz_0: phyMode: NONE phyFreq: 320.000
INFO: [xilinx.com:ip:clk_wiz:5.1-147] clk_wiz_0: clkphy_en: false , clkphy_freq: 600.000
INFO: [xilinx.com:ip:clk_wiz:5.1-132] clk_wiz_0: mmcm_pll_calc_optimals: GetClosestSolution: errStr: 1
INFO: [xilinx.com:ip:clk_wiz:5.1-137] clk_wiz_0: phyMode: NONE phyFreq: 320.000
INFO: [xilinx.com:ip:clk_wiz:5.1-147] clk_wiz_0: clkphy_en: false , clkphy_freq: 600.000
INFO: [xilinx.com:ip:clk_wiz:5.1-132] clk_wiz_0: mmcm_pll_calc_optimals: GetClosestSolution: errStr: 1
INFO: [xilinx.com:ip:clk_wiz:5.1-137] clk_wiz_0: phyMode: NONE phyFreq: 320.000
INFO: [xilinx.com:ip:clk_wiz:5.1-147] clk_wiz_0: clkphy_en: false , clkphy_freq: 600.000
INFO: [xilinx.com:ip:clk_wiz:5.1-132] clk_wiz_0: mmcm_pll_calc_optimals: GetClosestSolution: errStr: 1
INFO: [xilinx.com:ip:clk_wiz:5.1-137] clk_wiz_0: phyMode: NONE phyFreq: 320.000
INFO: [xilinx.com:ip:clk_wiz:5.1-147] clk_wiz_0: clkphy_en: false , clkphy_freq: 600.000
INFO: [xilinx.com:ip:clk_wiz:5.1-132] clk_wiz_0: mmcm_pll_calc_optimals: GetClosestSolution: errStr: 1
INFO: [xilinx.com:ip:clk_wiz:5.1-137] clk_wiz_0: phyMode: NONE phyFreq: 320.000
INFO: [xilinx.com:ip:clk_wiz:5.1-147] clk_wiz_0: clkphy_en: false , clkphy_freq: 600.000
INFO: [xilinx.com:ip:clk_wiz:5.1-132] clk_wiz_0: mmcm_pll_calc_optimals: GetClosestSolution: errStr: 1
INFO: [xilinx.com:ip:clk_wiz:5.1-137] clk_wiz_0: phyMode: NONE phyFreq: 320.000
INFO: [xilinx.com:ip:clk_wiz:5.1-147] clk_wiz_0: clkphy_en: false , clkphy_freq: 600.000
INFO: [xilinx.com:ip:clk_wiz:5.1-132] clk_wiz_0: mmcm_pll_calc_optimals: GetClosestSolution: errStr: 1
INFO: [xilinx.com:ip:clk_wiz:5.1-137] clk_wiz_0: phyMode: NONE phyFreq: 320.000
INFO: [xilinx.com:ip:clk_wiz:5.1-147] clk_wiz_0: clkphy_en: false , clkphy_freq: 600.000
INFO: [xilinx.com:ip:clk_wiz:5.1-132] clk_wiz_0: mmcm_pll_calc_optimals: GetClosestSolution: errStr: 1
INFO: [xilinx.com:ip:clk_wiz:5.1-137] clk_wiz_0: phyMode: NONE phyFreq: 320.000
INFO: [xilinx.com:ip:clk_wiz:5.1-147] clk_wiz_0: clkphy_en: false , clkphy_freq: 600.000
INFO: [xilinx.com:ip:clk_wiz:5.1-132] clk_wiz_0: mmcm_pll_calc_optimals: GetClosestSolution: errStr: 1
INFO: [xilinx.com:ip:clk_wiz:5.1-137] clk_wiz_0: phyMode: NONE phyFreq: 320.000
INFO: [xilinx.com:ip:clk_wiz:5.1-147] clk_wiz_0: clkphy_en: false , clkphy_freq: 600.000
INFO: [xilinx.com:ip:clk_wiz:5.1-132] clk_wiz_0: mmcm_pll_calc_optimals: GetClosestSolution: errStr: 1
INFO: [xilinx.com:ip:clk_wiz:5.1-137] clk_wiz_0: phyMode: NONE phyFreq: 320.000
INFO: [xilinx.com:ip:clk_wiz:5.1-147] clk_wiz_0: clkphy_en: false , clkphy_freq: 600.000
INFO: [xilinx.com:ip:clk_wiz:5.1-132] clk_wiz_0: mmcm_pll_calc_optimals: GetClosestSolution: errStr: 1
INFO: [xilinx.com:ip:clk_wiz:5.1-137] clk_wiz_0: phyMode: NONE phyFreq: 320.000
INFO: [xilinx.com:ip:clk_wiz:5.1-147] clk_wiz_0: clkphy_en: false , clkphy_freq: 600.000
INFO: [xilinx.com:ip:clk_wiz:5.1-132] clk_wiz_0: mmcm_pll_calc_optimals: GetClosestSolution: errStr: 1
INFO: [xilinx.com:ip:clk_wiz:5.1-137] clk_wiz_0: phyMode: NONE phyFreq: 320.000
INFO: [xilinx.com:ip:clk_wiz:5.1-147] clk_wiz_0: clkphy_en: false , clkphy_freq: 600.000
INFO: [xilinx.com:ip:clk_wiz:5.1-132] clk_wiz_0: mmcm_pll_calc_optimals: GetClosestSolution: errStr: 1
INFO: [xilinx.com:ip:clk_wiz:5.1-137] clk_wiz_0: phyMode: NONE phyFreq: 320.000
INFO: [xilinx.com:ip:clk_wiz:5.1-147] clk_wiz_0: clkphy_en: false , clkphy_freq: 600.000
INFO: [xilinx.com:ip:clk_wiz:5.1-132] clk_wiz_0: mmcm_pll_calc_optimals: GetClosestSolution: errStr: 1
INFO: [xilinx.com:ip:clk_wiz:5.1-137] clk_wiz_0: phyMode: NONE phyFreq: 320.000
INFO: [xilinx.com:ip:clk_wiz:5.1-147] clk_wiz_0: clkphy_en: false , clkphy_freq: 600.000
INFO: [xilinx.com:ip:clk_wiz:5.1-132] clk_wiz_0: mmcm_pll_calc_optimals: GetClosestSolution: errStr: 1
INFO: [xilinx.com:ip:clk_wiz:5.1-137] clk_wiz_0: phyMode: NONE phyFreq: 320.000
INFO: [xilinx.com:ip:clk_wiz:5.1-147] clk_wiz_0: clkphy_en: false , clkphy_freq: 600.000
INFO: [xilinx.com:ip:clk_wiz:5.1-132] clk_wiz_0: mmcm_pll_calc_optimals: GetClosestSolution: errStr: 1
INFO: [xilinx.com:ip:clk_wiz:5.1-137] clk_wiz_0: phyMode: NONE phyFreq: 320.000
INFO: [xilinx.com:ip:clk_wiz:5.1-147] clk_wiz_0: clkphy_en: false , clkphy_freq: 600.000
INFO: [xilinx.com:ip:clk_wiz:5.1-132] clk_wiz_0: mmcm_pll_calc_optimals: GetClosestSolution: errStr: 1
INFO: [xilinx.com:ip:clk_wiz:5.1-137] clk_wiz_0: phyMode: NONE phyFreq: 320.000
INFO: [xilinx.com:ip:clk_wiz:5.1-147] clk_wiz_0: clkphy_en: false , clkphy_freq: 600.000
INFO: [xilinx.com:ip:clk_wiz:5.1-132] clk_wiz_0: mmcm_pll_calc_optimals: GetClosestSolution: errStr: 1
INFO: [xilinx.com:ip:clk_wiz:5.1-137] clk_wiz_0: phyMode: NONE phyFreq: 320.000
INFO: [xilinx.com:ip:clk_wiz:5.1-147] clk_wiz_0: clkphy_en: false , clkphy_freq: 600.000
INFO: [xilinx.com:ip:clk_wiz:5.1-132] clk_wiz_0: mmcm_pll_calc_optimals: GetClosestSolution: errStr: 1
INFO: [xilinx.com:ip:clk_wiz:5.1-137] clk_wiz_0: phyMode: NONE phyFreq: 320.000
INFO: [xilinx.com:ip:clk_wiz:5.1-147] clk_wiz_0: clkphy_en: false , clkphy_freq: 600.000
INFO: [xilinx.com:ip:clk_wiz:5.1-132] clk_wiz_0: mmcm_pll_calc_optimals: GetClosestSolution: errStr: 1
INFO: [xilinx.com:ip:clk_wiz:5.1-137] clk_wiz_0: phyMode: NONE phyFreq: 320.000
INFO: [xilinx.com:ip:clk_wiz:5.1-147] clk_wiz_0: clkphy_en: false , clkphy_freq: 600.000
INFO: [xilinx.com:ip:clk_wiz:5.1-132] clk_wiz_0: mmcm_pll_calc_optimals: GetClosestSolution: errStr: 1
INFO: [xilinx.com:ip:clk_wiz:5.1-137] clk_wiz_0: phyMode: NONE phyFreq: 320.000
INFO: [xilinx.com:ip:clk_wiz:5.1-147] clk_wiz_0: clkphy_en: false , clkphy_freq: 600.000
INFO: [xilinx.com:ip:clk_wiz:5.1-132] clk_wiz_0: mmcm_pll_calc_optimals: GetClosestSolution: errStr: 1
INFO: [xilinx.com:ip:clk_wiz:5.1-137] clk_wiz_0: phyMode: NONE phyFreq: 320.000
INFO: [xilinx.com:ip:clk_wiz:5.1-147] clk_wiz_0: clkphy_en: false , clkphy_freq: 600.000
INFO: [xilinx.com:ip:clk_wiz:5.1-132] clk_wiz_0: mmcm_pll_calc_optimals: GetClosestSolution: errStr: 1
INFO: [xilinx.com:ip:clk_wiz:5.1-137] clk_wiz_0: phyMode: NONE phyFreq: 320.000
can't read "p_MMCM_CLKOUT0_DIVIDE": no such variable
expected floating-point number but got ""
expected floating-point number but got ""
INFO: [xilinx.com:ip:clk_wiz:5.1-147] clk_wiz_1: clkphy_en: false , clkphy_freq: 600.000
INFO: [xilinx.com:ip:clk_wiz:5.1-132] clk_wiz_1: mmcm_pll_calc_optimals: GetClosestSolution: errStr: 1
INFO: [xilinx.com:ip:clk_wiz:5.1-137] clk_wiz_1: phyMode: NONE phyFreq: 318.000
INFO: [xilinx.com:ip:clk_wiz:5.1-147] clk_wiz_1: clkphy_en: false , clkphy_freq: 600.000
INFO: [xilinx.com:ip:clk_wiz:5.1-132] clk_wiz_1: mmcm_pll_calc_optimals: GetClosestSolution: errStr: 1
INFO: [xilinx.com:ip:clk_wiz:5.1-137] clk_wiz_1: phyMode: NONE phyFreq: 318.000
INFO: [xilinx.com:ip:clk_wiz:5.1-147] clk_wiz_1: clkphy_en: false , clkphy_freq: 600.000
INFO: [xilinx.com:ip:clk_wiz:5.1-132] clk_wiz_1: mmcm_pll_calc_optimals: GetClosestSolution: errStr: 1
INFO: [xilinx.com:ip:clk_wiz:5.1-137] clk_wiz_1: phyMode: NONE phyFreq: 318.000
INFO: [xilinx.com:ip:clk_wiz:5.1-147] clk_wiz_1: clkphy_en: false , clkphy_freq: 600.000
INFO: [xilinx.com:ip:clk_wiz:5.1-132] clk_wiz_1: mmcm_pll_calc_optimals: GetClosestSolution: errStr: 1
INFO: [xilinx.com:ip:clk_wiz:5.1-137] clk_wiz_1: phyMode: NONE phyFreq: 318.000
INFO: [xilinx.com:ip:clk_wiz:5.1-147] clk_wiz_1: clkphy_en: false , clkphy_freq: 600.000
INFO: [xilinx.com:ip:clk_wiz:5.1-132] clk_wiz_1: mmcm_pll_calc_optimals: GetClosestSolution: errStr: 1
INFO: [xilinx.com:ip:clk_wiz:5.1-137] clk_wiz_1: phyMode: NONE phyFreq: 318.000
INFO: [xilinx.com:ip:clk_wiz:5.1-147] clk_wiz_1: clkphy_en: false , clkphy_freq: 600.000
INFO: [xilinx.com:ip:clk_wiz:5.1-132] clk_wiz_1: mmcm_pll_calc_optimals: GetClosestSolution: errStr: 1
INFO: [xilinx.com:ip:clk_wiz:5.1-137] clk_wiz_1: phyMode: NONE phyFreq: 318.000
INFO: [xilinx.com:ip:clk_wiz:5.1-147] clk_wiz_1: clkphy_en: false , clkphy_freq: 600.000
INFO: [xilinx.com:ip:clk_wiz:5.1-132] clk_wiz_1: mmcm_pll_calc_optimals: GetClosestSolution: errStr: 1
INFO: [xilinx.com:ip:clk_wiz:5.1-137] clk_wiz_1: phyMode: NONE phyFreq: 318.000
INFO: [xilinx.com:ip:clk_wiz:5.1-147] clk_wiz_1: clkphy_en: false , clkphy_freq: 600.000
INFO: [xilinx.com:ip:clk_wiz:5.1-132] clk_wiz_1: mmcm_pll_calc_optimals: GetClosestSolution: errStr: 1
INFO: [xilinx.com:ip:clk_wiz:5.1-137] clk_wiz_1: phyMode: NONE phyFreq: 318.000
INFO: [xilinx.com:ip:clk_wiz:5.1-147] clk_wiz_1: clkphy_en: false , clkphy_freq: 600.000
INFO: [xilinx.com:ip:clk_wiz:5.1-132] clk_wiz_1: mmcm_pll_calc_optimals: GetClosestSolution: errStr: 1
INFO: [xilinx.com:ip:clk_wiz:5.1-137] clk_wiz_1: phyMode: NONE phyFreq: 318.000
INFO: [xilinx.com:ip:clk_wiz:5.1-147] clk_wiz_1: clkphy_en: false , clkphy_freq: 600.000
INFO: [xilinx.com:ip:clk_wiz:5.1-132] clk_wiz_1: mmcm_pll_calc_optimals: GetClosestSolution: errStr: 1
INFO: [xilinx.com:ip:clk_wiz:5.1-137] clk_wiz_1: phyMode: NONE phyFreq: 318.000
INFO: [xilinx.com:ip:clk_wiz:5.1-147] clk_wiz_1: clkphy_en: false , clkphy_freq: 600.000
INFO: [xilinx.com:ip:clk_wiz:5.1-132] clk_wiz_1: mmcm_pll_calc_optimals: GetClosestSolution: errStr: 1
INFO: [xilinx.com:ip:clk_wiz:5.1-137] clk_wiz_1: phyMode: NONE phyFreq: 318.000
INFO: [xilinx.com:ip:clk_wiz:5.1-147] clk_wiz_1: clkphy_en: false , clkphy_freq: 600.000
INFO: [xilinx.com:ip:clk_wiz:5.1-132] clk_wiz_1: mmcm_pll_calc_optimals: GetClosestSolution: errStr: 1
INFO: [xilinx.com:ip:clk_wiz:5.1-137] clk_wiz_1: phyMode: NONE phyFreq: 318.000
INFO: [xilinx.com:ip:clk_wiz:5.1-147] clk_wiz_1: clkphy_en: false , clkphy_freq: 600.000
INFO: [xilinx.com:ip:clk_wiz:5.1-132] clk_wiz_1: mmcm_pll_calc_optimals: GetClosestSolution: errStr: 1
INFO: [xilinx.com:ip:clk_wiz:5.1-137] clk_wiz_1: phyMode: NONE phyFreq: 318.000
INFO: [xilinx.com:ip:clk_wiz:5.1-147] clk_wiz_1: clkphy_en: false , clkphy_freq: 600.000
INFO: [xilinx.com:ip:clk_wiz:5.1-132] clk_wiz_1: mmcm_pll_calc_optimals: GetClosestSolution: errStr: 1
INFO: [xilinx.com:ip:clk_wiz:5.1-137] clk_wiz_1: phyMode: NONE phyFreq: 318.000
INFO: [xilinx.com:ip:clk_wiz:5.1-147] clk_wiz_1: clkphy_en: false , clkphy_freq: 600.000
INFO: [xilinx.com:ip:clk_wiz:5.1-132] clk_wiz_1: mmcm_pll_calc_optimals: GetClosestSolution: errStr: 1
INFO: [xilinx.com:ip:clk_wiz:5.1-137] clk_wiz_1: phyMode: NONE phyFreq: 318.000
INFO: [xilinx.com:ip:clk_wiz:5.1-147] clk_wiz_1: clkphy_en: false , clkphy_freq: 600.000
INFO: [xilinx.com:ip:clk_wiz:5.1-132] clk_wiz_1: mmcm_pll_calc_optimals: GetClosestSolution: errStr: 1
INFO: [xilinx.com:ip:clk_wiz:5.1-137] clk_wiz_1: phyMode: NONE phyFreq: 318.000
INFO: [xilinx.com:ip:clk_wiz:5.1-147] clk_wiz_1: clkphy_en: false , clkphy_freq: 600.000
INFO: [xilinx.com:ip:clk_wiz:5.1-132] clk_wiz_1: mmcm_pll_calc_optimals: GetClosestSolution: errStr: 1
INFO: [xilinx.com:ip:clk_wiz:5.1-137] clk_wiz_1: phyMode: NONE phyFreq: 318.000
INFO: [xilinx.com:ip:clk_wiz:5.1-147] clk_wiz_1: clkphy_en: false , clkphy_freq: 600.000
INFO: [xilinx.com:ip:clk_wiz:5.1-132] clk_wiz_1: mmcm_pll_calc_optimals: GetClosestSolution: errStr: 1
INFO: [xilinx.com:ip:clk_wiz:5.1-137] clk_wiz_1: phyMode: NONE phyFreq: 318.000
INFO: [xilinx.com:ip:clk_wiz:5.1-147] clk_wiz_1: clkphy_en: false , clkphy_freq: 600.000
INFO: [xilinx.com:ip:clk_wiz:5.1-132] clk_wiz_1: mmcm_pll_calc_optimals: GetClosestSolution: errStr: 1
INFO: [xilinx.com:ip:clk_wiz:5.1-137] clk_wiz_1: phyMode: NONE phyFreq: 318.000
INFO: [xilinx.com:ip:clk_wiz:5.1-147] clk_wiz_1: clkphy_en: false , clkphy_freq: 600.000
INFO: [xilinx.com:ip:clk_wiz:5.1-132] clk_wiz_1: mmcm_pll_calc_optimals: GetClosestSolution: errStr: 1
INFO: [xilinx.com:ip:clk_wiz:5.1-137] clk_wiz_1: phyMode: NONE phyFreq: 318.000
INFO: [xilinx.com:ip:clk_wiz:5.1-147] clk_wiz_1: clkphy_en: false , clkphy_freq: 600.000
INFO: [xilinx.com:ip:clk_wiz:5.1-132] clk_wiz_1: mmcm_pll_calc_optimals: GetClosestSolution: errStr: 1
INFO: [xilinx.com:ip:clk_wiz:5.1-137] clk_wiz_1: phyMode: NONE phyFreq: 318.000
INFO: [xilinx.com:ip:clk_wiz:5.1-147] clk_wiz_1: clkphy_en: false , clkphy_freq: 600.000
INFO: [xilinx.com:ip:clk_wiz:5.1-132] clk_wiz_1: mmcm_pll_calc_optimals: GetClosestSolution: errStr: 1
INFO: [xilinx.com:ip:clk_wiz:5.1-137] clk_wiz_1: phyMode: NONE phyFreq: 318.000
INFO: [xilinx.com:ip:clk_wiz:5.1-147] clk_wiz_1: clkphy_en: false , clkphy_freq: 600.000
INFO: [xilinx.com:ip:clk_wiz:5.1-132] clk_wiz_1: mmcm_pll_calc_optimals: GetClosestSolution: errStr: 1
INFO: [xilinx.com:ip:clk_wiz:5.1-137] clk_wiz_1: phyMode: NONE phyFreq: 318.000
INFO: [xilinx.com:ip:clk_wiz:5.1-147] clk_wiz_1: clkphy_en: false , clkphy_freq: 600.000
INFO: [xilinx.com:ip:clk_wiz:5.1-132] clk_wiz_1: mmcm_pll_calc_optimals: GetClosestSolution: errStr: 1
INFO: [xilinx.com:ip:clk_wiz:5.1-137] clk_wiz_1: phyMode: NONE phyFreq: 318.000
INFO: [xilinx.com:ip:clk_wiz:5.1-147] clk_wiz_1: clkphy_en: false , clkphy_freq: 600.000
INFO: [xilinx.com:ip:clk_wiz:5.1-132] clk_wiz_1: mmcm_pll_calc_optimals: GetClosestSolution: errStr: 1
INFO: [xilinx.com:ip:clk_wiz:5.1-137] clk_wiz_1: phyMode: NONE phyFreq: 318.000
INFO: [xilinx.com:ip:clk_wiz:5.1-147] clk_wiz_1: clkphy_en: false , clkphy_freq: 600.000
INFO: [xilinx.com:ip:clk_wiz:5.1-132] clk_wiz_1: mmcm_pll_calc_optimals: GetClosestSolution: errStr: 1
INFO: [xilinx.com:ip:clk_wiz:5.1-137] clk_wiz_1: phyMode: NONE phyFreq: 318.000
INFO: [xilinx.com:ip:clk_wiz:5.1-147] clk_wiz_1: clkphy_en: false , clkphy_freq: 600.000
INFO: [xilinx.com:ip:clk_wiz:5.1-132] clk_wiz_1: mmcm_pll_calc_optimals: GetClosestSolution: errStr: 1
INFO: [xilinx.com:ip:clk_wiz:5.1-137] clk_wiz_1: phyMode: NONE phyFreq: 318.000
INFO: [xilinx.com:ip:clk_wiz:5.1-147] clk_wiz_1: clkphy_en: false , clkphy_freq: 600.000
INFO: [xilinx.com:ip:clk_wiz:5.1-132] clk_wiz_1: mmcm_pll_calc_optimals: GetClosestSolution: errStr: 1
INFO: [xilinx.com:ip:clk_wiz:5.1-137] clk_wiz_1: phyMode: NONE phyFreq: 318.000
INFO: [xilinx.com:ip:clk_wiz:5.1-147] clk_wiz_1: clkphy_en: false , clkphy_freq: 600.000
INFO: [xilinx.com:ip:clk_wiz:5.1-132] clk_wiz_1: mmcm_pll_calc_optimals: GetClosestSolution: errStr: 1
INFO: [xilinx.com:ip:clk_wiz:5.1-137] clk_wiz_1: phyMode: NONE phyFreq: 318.000
INFO: [xilinx.com:ip:clk_wiz:5.1-147] clk_wiz_1: clkphy_en: false , clkphy_freq: 600.000
INFO: [xilinx.com:ip:clk_wiz:5.1-132] clk_wiz_1: mmcm_pll_calc_optimals: GetClosestSolution: errStr: 1
INFO: [xilinx.com:ip:clk_wiz:5.1-137] clk_wiz_1: phyMode: NONE phyFreq: 318.000
INFO: [xilinx.com:ip:clk_wiz:5.1-147] clk_wiz_1: clkphy_en: false , clkphy_freq: 600.000
INFO: [xilinx.com:ip:clk_wiz:5.1-132] clk_wiz_1: mmcm_pll_calc_optimals: GetClosestSolution: errStr: 1
INFO: [xilinx.com:ip:clk_wiz:5.1-137] clk_wiz_1: phyMode: NONE phyFreq: 318.000
INFO: [xilinx.com:ip:clk_wiz:5.1-147] clk_wiz_1: clkphy_en: false , clkphy_freq: 600.000
INFO: [xilinx.com:ip:clk_wiz:5.1-132] clk_wiz_1: mmcm_pll_calc_optimals: GetClosestSolution: errStr: 1
INFO: [xilinx.com:ip:clk_wiz:5.1-137] clk_wiz_1: phyMode: NONE phyFreq: 318.000
INFO: [xilinx.com:ip:clk_wiz:5.1-147] clk_wiz_1: clkphy_en: false , clkphy_freq: 600.000
INFO: [xilinx.com:ip:clk_wiz:5.1-132] clk_wiz_1: mmcm_pll_calc_optimals: GetClosestSolution: errStr: 1
INFO: [xilinx.com:ip:clk_wiz:5.1-137] clk_wiz_1: phyMode: NONE phyFreq: 318.000
INFO: [xilinx.com:ip:clk_wiz:5.1-147] clk_wiz_1: clkphy_en: false , clkphy_freq: 600.000
INFO: [xilinx.com:ip:clk_wiz:5.1-132] clk_wiz_1: mmcm_pll_calc_optimals: GetClosestSolution: errStr: 1
INFO: [xilinx.com:ip:clk_wiz:5.1-137] clk_wiz_1: phyMode: NONE phyFreq: 318.000
INFO: [xilinx.com:ip:clk_wiz:5.1-147] clk_wiz_1: clkphy_en: false , clkphy_freq: 600.000
INFO: [xilinx.com:ip:clk_wiz:5.1-132] clk_wiz_1: mmcm_pll_calc_optimals: GetClosestSolution: errStr: 1
INFO: [xilinx.com:ip:clk_wiz:5.1-137] clk_wiz_1: phyMode: NONE phyFreq: 318.000
INFO: [xilinx.com:ip:clk_wiz:5.1-147] clk_wiz_1: clkphy_en: false , clkphy_freq: 600.000
INFO: [xilinx.com:ip:clk_wiz:5.1-132] clk_wiz_1: mmcm_pll_calc_optimals: GetClosestSolution: errStr: 1
INFO: [xilinx.com:ip:clk_wiz:5.1-137] clk_wiz_1: phyMode: NONE phyFreq: 318.000
INFO: [xilinx.com:ip:clk_wiz:5.1-147] clk_wiz_1: clkphy_en: false , clkphy_freq: 600.000
INFO: [xilinx.com:ip:clk_wiz:5.1-132] clk_wiz_1: mmcm_pll_calc_optimals: GetClosestSolution: errStr: 1
INFO: [xilinx.com:ip:clk_wiz:5.1-137] clk_wiz_1: phyMode: NONE phyFreq: 318.000
INFO: [xilinx.com:ip:clk_wiz:5.1-147] clk_wiz_1: clkphy_en: false , clkphy_freq: 600.000
INFO: [xilinx.com:ip:clk_wiz:5.1-132] clk_wiz_1: mmcm_pll_calc_optimals: GetClosestSolution: errStr: 1
INFO: [xilinx.com:ip:clk_wiz:5.1-137] clk_wiz_1: phyMode: NONE phyFreq: 318.000
INFO: [xilinx.com:ip:clk_wiz:5.1-147] clk_wiz_1: clkphy_en: false , clkphy_freq: 600.000
INFO: [xilinx.com:ip:clk_wiz:5.1-132] clk_wiz_1: mmcm_pll_calc_optimals: GetClosestSolution: errStr: 1
INFO: [xilinx.com:ip:clk_wiz:5.1-137] clk_wiz_1: phyMode: NONE phyFreq: 318.000
INFO: [xilinx.com:ip:clk_wiz:5.1-147] clk_wiz_1: clkphy_en: false , clkphy_freq: 600.000
INFO: [xilinx.com:ip:clk_wiz:5.1-132] clk_wiz_1: mmcm_pll_calc_optimals: GetClosestSolution: errStr: 1
INFO: [xilinx.com:ip:clk_wiz:5.1-137] clk_wiz_1: phyMode: NONE phyFreq: 318.000
INFO: [xilinx.com:ip:clk_wiz:5.1-147] clk_wiz_1: clkphy_en: false , clkphy_freq: 600.000
INFO: [xilinx.com:ip:clk_wiz:5.1-132] clk_wiz_1: mmcm_pll_calc_optimals: GetClosestSolution: errStr: 1
INFO: [xilinx.com:ip:clk_wiz:5.1-137] clk_wiz_1: phyMode: NONE phyFreq: 318.000
INFO: [xilinx.com:ip:clk_wiz:5.1-147] clk_wiz_1: clkphy_en: false , clkphy_freq: 600.000
INFO: [xilinx.com:ip:clk_wiz:5.1-132] clk_wiz_1: mmcm_pll_calc_optimals: GetClosestSolution: errStr: 1
INFO: [xilinx.com:ip:clk_wiz:5.1-137] clk_wiz_1: phyMode: NONE phyFreq: 318.000
INFO: [xilinx.com:ip:clk_wiz:5.1-147] clk_wiz_1: clkphy_en: false , clkphy_freq: 600.000
INFO: [xilinx.com:ip:clk_wiz:5.1-132] clk_wiz_1: mmcm_pll_calc_optimals: GetClosestSolution: errStr: 1
INFO: [xilinx.com:ip:clk_wiz:5.1-137] clk_wiz_1: phyMode: NONE phyFreq: 318.000
can't read "p_MMCM_CLKOUT0_DIVIDE": no such variable
can't read "p_MMCM_CLKOUT0_DIVIDE": no such variable
expected floating-point number but got ""
expected floating-point number but got ""
expected floating-point number but got ""
expected floating-point number but got ""
exit
INFO: [Common 17-206] Exiting Vivado at Mon Nov 27 15:40:47 2017...
