#-----------------------------------------------------------
# Vivado v2015.2 (64-bit)
# SW Build 1266856 on Fri Jun 26 16:35:25 MDT 2015
# IP Build 1264090 on Wed Jun 24 14:22:01 MDT 2015
# Start of session at: Tue Nov 28 14:44:59 2017
# Process ID: 15084
# Log file: C:/nimPlus_nov16_2017_t0923/nimPlus_/top/vivado.log
# Journal file: C:/nimPlus_nov16_2017_t0923/nimPlus_/top\vivado.jou
#-----------------------------------------------------------
start_gui
open_project C:/nimPlus_nov16_2017_t0923/nimPlus_/top/top.xpr
Scanning sources...
Finished scanning sources
INFO: [IP_Flow 19-234] Refreshing IP repositories
INFO: [IP_Flow 19-1704] No user IP repositories specified
INFO: [IP_Flow 19-2313] Loaded Vivado IP repository 'C:/Xilinx/Vivado/2015.2/data/ip'.
open_project: Time (s): cpu = 00:00:13 ; elapsed = 00:00:06 . Memory (MB): peak = 800.898 ; gain = 230.484
INFO: [xilinx.com:ip:clk_wiz:5.1-147] clk_wiz_1: clkphy_en: false , clkphy_freq: 600.000
INFO: [xilinx.com:ip:clk_wiz:5.1-132] clk_wiz_1: mmcm_pll_calc_optimals: GetClosestSolution: errStr: 1
INFO: [xilinx.com:ip:clk_wiz:5.1-137] clk_wiz_1: phyMode: NONE phyFreq: 318.000
INFO: [xilinx.com:ip:clk_wiz:5.1-147] clk_wiz_1: clkphy_en: false , clkphy_freq: 600.000
INFO: [xilinx.com:ip:clk_wiz:5.1-132] clk_wiz_1: mmcm_pll_calc_optimals: GetClosestSolution: errStr: 1
INFO: [xilinx.com:ip:clk_wiz:5.1-137] clk_wiz_1: phyMode: NONE phyFreq: 318.000
INFO: [xilinx.com:ip:clk_wiz:5.1-147] clk_wiz_1: clkphy_en: false , clkphy_freq: 600.000
INFO: [xilinx.com:ip:clk_wiz:5.1-132] clk_wiz_1: mmcm_pll_calc_optimals: GetClosestSolution: errStr: 1
INFO: [xilinx.com:ip:clk_wiz:5.1-137] clk_wiz_1: phyMode: NONE phyFreq: 318.000
INFO: [xilinx.com:ip:clk_wiz:5.1-147] clk_wiz_1: clkphy_en: false , clkphy_freq: 600.000
INFO: [xilinx.com:ip:clk_wiz:5.1-132] clk_wiz_1: mmcm_pll_calc_optimals: GetClosestSolution: errStr: 1
INFO: [xilinx.com:ip:clk_wiz:5.1-137] clk_wiz_1: phyMode: NONE phyFreq: 318.000
INFO: [xilinx.com:ip:clk_wiz:5.1-147] clk_wiz_1: clkphy_en: false , clkphy_freq: 600.000
INFO: [xilinx.com:ip:clk_wiz:5.1-132] clk_wiz_1: mmcm_pll_calc_optimals: GetClosestSolution: errStr: 1
INFO: [xilinx.com:ip:clk_wiz:5.1-137] clk_wiz_1: phyMode: NONE phyFreq: 318.000
INFO: [xilinx.com:ip:clk_wiz:5.1-147] clk_wiz_1: clkphy_en: false , clkphy_freq: 600.000
INFO: [xilinx.com:ip:clk_wiz:5.1-132] clk_wiz_1: mmcm_pll_calc_optimals: GetClosestSolution: errStr: 1
INFO: [xilinx.com:ip:clk_wiz:5.1-137] clk_wiz_1: phyMode: NONE phyFreq: 318.000
INFO: [xilinx.com:ip:clk_wiz:5.1-147] clk_wiz_1: clkphy_en: false , clkphy_freq: 600.000
INFO: [xilinx.com:ip:clk_wiz:5.1-132] clk_wiz_1: mmcm_pll_calc_optimals: GetClosestSolution: errStr: 1
INFO: [xilinx.com:ip:clk_wiz:5.1-137] clk_wiz_1: phyMode: NONE phyFreq: 318.000
INFO: [xilinx.com:ip:clk_wiz:5.1-147] clk_wiz_1: clkphy_en: false , clkphy_freq: 600.000
INFO: [xilinx.com:ip:clk_wiz:5.1-132] clk_wiz_1: mmcm_pll_calc_optimals: GetClosestSolution: errStr: 1
INFO: [xilinx.com:ip:clk_wiz:5.1-137] clk_wiz_1: phyMode: NONE phyFreq: 318.000
INFO: [xilinx.com:ip:clk_wiz:5.1-147] clk_wiz_1: clkphy_en: false , clkphy_freq: 600.000
INFO: [xilinx.com:ip:clk_wiz:5.1-132] clk_wiz_1: mmcm_pll_calc_optimals: GetClosestSolution: errStr: 1
INFO: [xilinx.com:ip:clk_wiz:5.1-137] clk_wiz_1: phyMode: NONE phyFreq: 318.000
INFO: [xilinx.com:ip:clk_wiz:5.1-147] clk_wiz_1: clkphy_en: false , clkphy_freq: 600.000
INFO: [xilinx.com:ip:clk_wiz:5.1-132] clk_wiz_1: mmcm_pll_calc_optimals: GetClosestSolution: errStr: 1
INFO: [xilinx.com:ip:clk_wiz:5.1-137] clk_wiz_1: phyMode: NONE phyFreq: 318.000
INFO: [xilinx.com:ip:clk_wiz:5.1-147] clk_wiz_1: clkphy_en: false , clkphy_freq: 600.000
INFO: [xilinx.com:ip:clk_wiz:5.1-132] clk_wiz_1: mmcm_pll_calc_optimals: GetClosestSolution: errStr: 1
INFO: [xilinx.com:ip:clk_wiz:5.1-137] clk_wiz_1: phyMode: NONE phyFreq: 318.000
INFO: [xilinx.com:ip:clk_wiz:5.1-147] clk_wiz_1: clkphy_en: false , clkphy_freq: 600.000
INFO: [xilinx.com:ip:clk_wiz:5.1-132] clk_wiz_1: mmcm_pll_calc_optimals: GetClosestSolution: errStr: 1
INFO: [xilinx.com:ip:clk_wiz:5.1-137] clk_wiz_1: phyMode: NONE phyFreq: 318.000
INFO: [xilinx.com:ip:clk_wiz:5.1-147] clk_wiz_1: clkphy_en: false , clkphy_freq: 600.000
INFO: [xilinx.com:ip:clk_wiz:5.1-132] clk_wiz_1: mmcm_pll_calc_optimals: GetClosestSolution: errStr: 1
INFO: [xilinx.com:ip:clk_wiz:5.1-137] clk_wiz_1: phyMode: NONE phyFreq: 318.000
INFO: [xilinx.com:ip:clk_wiz:5.1-147] clk_wiz_1: clkphy_en: false , clkphy_freq: 600.000
INFO: [xilinx.com:ip:clk_wiz:5.1-132] clk_wiz_1: mmcm_pll_calc_optimals: GetClosestSolution: errStr: 1
INFO: [xilinx.com:ip:clk_wiz:5.1-137] clk_wiz_1: phyMode: NONE phyFreq: 318.000
INFO: [xilinx.com:ip:clk_wiz:5.1-147] clk_wiz_1: clkphy_en: false , clkphy_freq: 600.000
INFO: [xilinx.com:ip:clk_wiz:5.1-132] clk_wiz_1: mmcm_pll_calc_optimals: GetClosestSolution: errStr: 1
INFO: [xilinx.com:ip:clk_wiz:5.1-137] clk_wiz_1: phyMode: NONE phyFreq: 318.000
INFO: [xilinx.com:ip:clk_wiz:5.1-147] clk_wiz_1: clkphy_en: false , clkphy_freq: 600.000
INFO: [xilinx.com:ip:clk_wiz:5.1-132] clk_wiz_1: mmcm_pll_calc_optimals: GetClosestSolution: errStr: 1
INFO: [xilinx.com:ip:clk_wiz:5.1-137] clk_wiz_1: phyMode: NONE phyFreq: 318.000
INFO: [xilinx.com:ip:clk_wiz:5.1-147] clk_wiz_1: clkphy_en: false , clkphy_freq: 600.000
INFO: [xilinx.com:ip:clk_wiz:5.1-132] clk_wiz_1: mmcm_pll_calc_optimals: GetClosestSolution: errStr: 1
INFO: [xilinx.com:ip:clk_wiz:5.1-137] clk_wiz_1: phyMode: NONE phyFreq: 318.000
INFO: [xilinx.com:ip:clk_wiz:5.1-147] clk_wiz_1: clkphy_en: false , clkphy_freq: 600.000
INFO: [xilinx.com:ip:clk_wiz:5.1-132] clk_wiz_1: mmcm_pll_calc_optimals: GetClosestSolution: errStr: 1
INFO: [xilinx.com:ip:clk_wiz:5.1-137] clk_wiz_1: phyMode: NONE phyFreq: 318.000
INFO: [xilinx.com:ip:clk_wiz:5.1-147] clk_wiz_1: clkphy_en: false , clkphy_freq: 600.000
INFO: [xilinx.com:ip:clk_wiz:5.1-132] clk_wiz_1: mmcm_pll_calc_optimals: GetClosestSolution: errStr: 1
INFO: [xilinx.com:ip:clk_wiz:5.1-137] clk_wiz_1: phyMode: NONE phyFreq: 318.000
INFO: [xilinx.com:ip:clk_wiz:5.1-147] clk_wiz_1: clkphy_en: false , clkphy_freq: 600.000
INFO: [xilinx.com:ip:clk_wiz:5.1-132] clk_wiz_1: mmcm_pll_calc_optimals: GetClosestSolution: errStr: 1
INFO: [xilinx.com:ip:clk_wiz:5.1-137] clk_wiz_1: phyMode: NONE phyFreq: 318.000
INFO: [xilinx.com:ip:clk_wiz:5.1-147] clk_wiz_1: clkphy_en: false , clkphy_freq: 600.000
INFO: [xilinx.com:ip:clk_wiz:5.1-132] clk_wiz_1: mmcm_pll_calc_optimals: GetClosestSolution: errStr: 1
INFO: [xilinx.com:ip:clk_wiz:5.1-137] clk_wiz_1: phyMode: NONE phyFreq: 318.000
INFO: [xilinx.com:ip:clk_wiz:5.1-147] clk_wiz_1: clkphy_en: false , clkphy_freq: 600.000
INFO: [xilinx.com:ip:clk_wiz:5.1-132] clk_wiz_1: mmcm_pll_calc_optimals: GetClosestSolution: errStr: 1
INFO: [xilinx.com:ip:clk_wiz:5.1-137] clk_wiz_1: phyMode: NONE phyFreq: 318.000
INFO: [xilinx.com:ip:clk_wiz:5.1-147] clk_wiz_1: clkphy_en: false , clkphy_freq: 600.000
INFO: [xilinx.com:ip:clk_wiz:5.1-132] clk_wiz_1: mmcm_pll_calc_optimals: GetClosestSolution: errStr: 1
INFO: [xilinx.com:ip:clk_wiz:5.1-137] clk_wiz_1: phyMode: NONE phyFreq: 318.000
INFO: [xilinx.com:ip:clk_wiz:5.1-147] clk_wiz_1: clkphy_en: false , clkphy_freq: 600.000
INFO: [xilinx.com:ip:clk_wiz:5.1-132] clk_wiz_1: mmcm_pll_calc_optimals: GetClosestSolution: errStr: 1
INFO: [xilinx.com:ip:clk_wiz:5.1-137] clk_wiz_1: phyMode: NONE phyFreq: 318.000
INFO: [xilinx.com:ip:clk_wiz:5.1-147] clk_wiz_1: clkphy_en: false , clkphy_freq: 600.000
INFO: [xilinx.com:ip:clk_wiz:5.1-132] clk_wiz_1: mmcm_pll_calc_optimals: GetClosestSolution: errStr: 1
INFO: [xilinx.com:ip:clk_wiz:5.1-137] clk_wiz_1: phyMode: NONE phyFreq: 318.000
INFO: [xilinx.com:ip:clk_wiz:5.1-147] clk_wiz_1: clkphy_en: false , clkphy_freq: 600.000
INFO: [xilinx.com:ip:clk_wiz:5.1-132] clk_wiz_1: mmcm_pll_calc_optimals: GetClosestSolution: errStr: 1
INFO: [xilinx.com:ip:clk_wiz:5.1-137] clk_wiz_1: phyMode: NONE phyFreq: 318.000
INFO: [xilinx.com:ip:clk_wiz:5.1-147] clk_wiz_1: clkphy_en: false , clkphy_freq: 600.000
INFO: [xilinx.com:ip:clk_wiz:5.1-132] clk_wiz_1: mmcm_pll_calc_optimals: GetClosestSolution: errStr: 1
INFO: [xilinx.com:ip:clk_wiz:5.1-137] clk_wiz_1: phyMode: NONE phyFreq: 318.000
INFO: [xilinx.com:ip:clk_wiz:5.1-147] clk_wiz_1: clkphy_en: false , clkphy_freq: 600.000
INFO: [xilinx.com:ip:clk_wiz:5.1-132] clk_wiz_1: mmcm_pll_calc_optimals: GetClosestSolution: errStr: 1
INFO: [xilinx.com:ip:clk_wiz:5.1-137] clk_wiz_1: phyMode: NONE phyFreq: 318.000
INFO: [xilinx.com:ip:clk_wiz:5.1-147] clk_wiz_1: clkphy_en: false , clkphy_freq: 600.000
INFO: [xilinx.com:ip:clk_wiz:5.1-132] clk_wiz_1: mmcm_pll_calc_optimals: GetClosestSolution: errStr: 1
INFO: [xilinx.com:ip:clk_wiz:5.1-137] clk_wiz_1: phyMode: NONE phyFreq: 318.000
INFO: [xilinx.com:ip:clk_wiz:5.1-147] clk_wiz_1: clkphy_en: false , clkphy_freq: 600.000
INFO: [xilinx.com:ip:clk_wiz:5.1-132] clk_wiz_1: mmcm_pll_calc_optimals: GetClosestSolution: errStr: 1
INFO: [xilinx.com:ip:clk_wiz:5.1-137] clk_wiz_1: phyMode: NONE phyFreq: 318.000
INFO: [xilinx.com:ip:clk_wiz:5.1-147] clk_wiz_1: clkphy_en: false , clkphy_freq: 600.000
INFO: [xilinx.com:ip:clk_wiz:5.1-132] clk_wiz_1: mmcm_pll_calc_optimals: GetClosestSolution: errStr: 1
INFO: [xilinx.com:ip:clk_wiz:5.1-137] clk_wiz_1: phyMode: NONE phyFreq: 318.000
INFO: [xilinx.com:ip:clk_wiz:5.1-147] clk_wiz_1: clkphy_en: false , clkphy_freq: 600.000
INFO: [xilinx.com:ip:clk_wiz:5.1-132] clk_wiz_1: mmcm_pll_calc_optimals: GetClosestSolution: errStr: 1
INFO: [xilinx.com:ip:clk_wiz:5.1-137] clk_wiz_1: phyMode: NONE phyFreq: 318.000
INFO: [xilinx.com:ip:clk_wiz:5.1-147] clk_wiz_1: clkphy_en: false , clkphy_freq: 600.000
INFO: [xilinx.com:ip:clk_wiz:5.1-132] clk_wiz_1: mmcm_pll_calc_optimals: GetClosestSolution: errStr: 1
INFO: [xilinx.com:ip:clk_wiz:5.1-137] clk_wiz_1: phyMode: NONE phyFreq: 318.000
INFO: [xilinx.com:ip:clk_wiz:5.1-147] clk_wiz_1: clkphy_en: false , clkphy_freq: 600.000
INFO: [xilinx.com:ip:clk_wiz:5.1-132] clk_wiz_1: mmcm_pll_calc_optimals: GetClosestSolution: errStr: 1
INFO: [xilinx.com:ip:clk_wiz:5.1-137] clk_wiz_1: phyMode: NONE phyFreq: 318.000
INFO: [xilinx.com:ip:clk_wiz:5.1-147] clk_wiz_1: clkphy_en: false , clkphy_freq: 600.000
INFO: [xilinx.com:ip:clk_wiz:5.1-132] clk_wiz_1: mmcm_pll_calc_optimals: GetClosestSolution: errStr: 1
INFO: [xilinx.com:ip:clk_wiz:5.1-137] clk_wiz_1: phyMode: NONE phyFreq: 318.000
INFO: [xilinx.com:ip:clk_wiz:5.1-147] clk_wiz_1: clkphy_en: false , clkphy_freq: 600.000
INFO: [xilinx.com:ip:clk_wiz:5.1-132] clk_wiz_1: mmcm_pll_calc_optimals: GetClosestSolution: errStr: 1
INFO: [xilinx.com:ip:clk_wiz:5.1-137] clk_wiz_1: phyMode: NONE phyFreq: 318.000
INFO: [xilinx.com:ip:clk_wiz:5.1-147] clk_wiz_1: clkphy_en: false , clkphy_freq: 600.000
INFO: [xilinx.com:ip:clk_wiz:5.1-132] clk_wiz_1: mmcm_pll_calc_optimals: GetClosestSolution: errStr: 1
INFO: [xilinx.com:ip:clk_wiz:5.1-137] clk_wiz_1: phyMode: NONE phyFreq: 318.000
INFO: [xilinx.com:ip:clk_wiz:5.1-147] clk_wiz_1: clkphy_en: false , clkphy_freq: 600.000
INFO: [xilinx.com:ip:clk_wiz:5.1-132] clk_wiz_1: mmcm_pll_calc_optimals: GetClosestSolution: errStr: 1
INFO: [xilinx.com:ip:clk_wiz:5.1-137] clk_wiz_1: phyMode: NONE phyFreq: 318.000
INFO: [xilinx.com:ip:clk_wiz:5.1-147] clk_wiz_1: clkphy_en: false , clkphy_freq: 600.000
INFO: [xilinx.com:ip:clk_wiz:5.1-132] clk_wiz_1: mmcm_pll_calc_optimals: GetClosestSolution: errStr: 1
INFO: [xilinx.com:ip:clk_wiz:5.1-137] clk_wiz_1: phyMode: NONE phyFreq: 318.000
INFO: [xilinx.com:ip:clk_wiz:5.1-147] clk_wiz_1: clkphy_en: false , clkphy_freq: 600.000
INFO: [xilinx.com:ip:clk_wiz:5.1-132] clk_wiz_1: mmcm_pll_calc_optimals: GetClosestSolution: errStr: 1
INFO: [xilinx.com:ip:clk_wiz:5.1-137] clk_wiz_1: phyMode: NONE phyFreq: 318.000
INFO: [xilinx.com:ip:clk_wiz:5.1-147] clk_wiz_1: clkphy_en: false , clkphy_freq: 600.000
INFO: [xilinx.com:ip:clk_wiz:5.1-132] clk_wiz_1: mmcm_pll_calc_optimals: GetClosestSolution: errStr: 1
INFO: [xilinx.com:ip:clk_wiz:5.1-137] clk_wiz_1: phyMode: NONE phyFreq: 318.000
INFO: [xilinx.com:ip:clk_wiz:5.1-147] clk_wiz_1: clkphy_en: false , clkphy_freq: 600.000
INFO: [xilinx.com:ip:clk_wiz:5.1-132] clk_wiz_1: mmcm_pll_calc_optimals: GetClosestSolution: errStr: 1
INFO: [xilinx.com:ip:clk_wiz:5.1-137] clk_wiz_1: phyMode: NONE phyFreq: 318.000
INFO: [xilinx.com:ip:clk_wiz:5.1-147] clk_wiz_1: clkphy_en: false , clkphy_freq: 600.000
INFO: [xilinx.com:ip:clk_wiz:5.1-132] clk_wiz_1: mmcm_pll_calc_optimals: GetClosestSolution: errStr: 1
INFO: [xilinx.com:ip:clk_wiz:5.1-137] clk_wiz_1: phyMode: NONE phyFreq: 318.000
INFO: [xilinx.com:ip:clk_wiz:5.1-147] clk_wiz_1: clkphy_en: false , clkphy_freq: 600.000
INFO: [xilinx.com:ip:clk_wiz:5.1-132] clk_wiz_1: mmcm_pll_calc_optimals: GetClosestSolution: errStr: 1
INFO: [xilinx.com:ip:clk_wiz:5.1-137] clk_wiz_1: phyMode: NONE phyFreq: 318.000
INFO: [xilinx.com:ip:clk_wiz:5.1-147] clk_wiz_1: clkphy_en: false , clkphy_freq: 600.000
INFO: [xilinx.com:ip:clk_wiz:5.1-132] clk_wiz_1: mmcm_pll_calc_optimals: GetClosestSolution: errStr: 1
INFO: [xilinx.com:ip:clk_wiz:5.1-137] clk_wiz_1: phyMode: NONE phyFreq: 318.000
INFO: [xilinx.com:ip:clk_wiz:5.1-147] clk_wiz_1: clkphy_en: false , clkphy_freq: 600.000
INFO: [xilinx.com:ip:clk_wiz:5.1-132] clk_wiz_1: mmcm_pll_calc_optimals: GetClosestSolution: errStr: 1
INFO: [xilinx.com:ip:clk_wiz:5.1-137] clk_wiz_1: phyMode: NONE phyFreq: 318.000
INFO: [xilinx.com:ip:clk_wiz:5.1-147] clk_wiz_1: clkphy_en: false , clkphy_freq: 600.000
INFO: [xilinx.com:ip:clk_wiz:5.1-132] clk_wiz_1: mmcm_pll_calc_optimals: GetClosestSolution: errStr: 1
INFO: [xilinx.com:ip:clk_wiz:5.1-137] clk_wiz_1: phyMode: NONE phyFreq: 318.000
INFO: [xilinx.com:ip:clk_wiz:5.1-147] clk_wiz_1: clkphy_en: false , clkphy_freq: 600.000
INFO: [xilinx.com:ip:clk_wiz:5.1-132] clk_wiz_1: mmcm_pll_calc_optimals: GetClosestSolution: errStr: 1
INFO: [xilinx.com:ip:clk_wiz:5.1-137] clk_wiz_1: phyMode: NONE phyFreq: 318.000
INFO: [xilinx.com:ip:clk_wiz:5.1-147] clk_wiz_1: clkphy_en: false , clkphy_freq: 600.000
INFO: [xilinx.com:ip:clk_wiz:5.1-132] clk_wiz_1: mmcm_pll_calc_optimals: GetClosestSolution: errStr: 1
INFO: [xilinx.com:ip:clk_wiz:5.1-137] clk_wiz_1: phyMode: NONE phyFreq: 318.000
INFO: [xilinx.com:ip:clk_wiz:5.1-147] clk_wiz_1: clkphy_en: false , clkphy_freq: 600.000
INFO: [xilinx.com:ip:clk_wiz:5.1-132] clk_wiz_1: mmcm_pll_calc_optimals: GetClosestSolution: errStr: 1
INFO: [xilinx.com:ip:clk_wiz:5.1-137] clk_wiz_1: phyMode: NONE phyFreq: 318.000
INFO: [xilinx.com:ip:clk_wiz:5.1-147] clk_wiz_1: clkphy_en: false , clkphy_freq: 600.000
INFO: [xilinx.com:ip:clk_wiz:5.1-132] clk_wiz_1: mmcm_pll_calc_optimals: GetClosestSolution: errStr: 1
INFO: [xilinx.com:ip:clk_wiz:5.1-137] clk_wiz_1: phyMode: NONE phyFreq: 318.000
INFO: [xilinx.com:ip:clk_wiz:5.1-147] clk_wiz_1: clkphy_en: false , clkphy_freq: 600.000
INFO: [xilinx.com:ip:clk_wiz:5.1-132] clk_wiz_1: mmcm_pll_calc_optimals: GetClosestSolution: errStr: 1
INFO: [xilinx.com:ip:clk_wiz:5.1-137] clk_wiz_1: phyMode: NONE phyFreq: 318.000
INFO: [xilinx.com:ip:clk_wiz:5.1-147] clk_wiz_1: clkphy_en: false , clkphy_freq: 600.000
INFO: [xilinx.com:ip:clk_wiz:5.1-132] clk_wiz_1: mmcm_pll_calc_optimals: GetClosestSolution: errStr: 1
INFO: [xilinx.com:ip:clk_wiz:5.1-137] clk_wiz_1: phyMode: NONE phyFreq: 318.000
INFO: [xilinx.com:ip:clk_wiz:5.1-147] clk_wiz_1: clkphy_en: false , clkphy_freq: 600.000
INFO: [xilinx.com:ip:clk_wiz:5.1-132] clk_wiz_1: mmcm_pll_calc_optimals: GetClosestSolution: errStr: 1
INFO: [xilinx.com:ip:clk_wiz:5.1-137] clk_wiz_1: phyMode: NONE phyFreq: 318.000
INFO: [xilinx.com:ip:clk_wiz:5.1-147] clk_wiz_1: clkphy_en: false , clkphy_freq: 600.000
INFO: [xilinx.com:ip:clk_wiz:5.1-132] clk_wiz_1: mmcm_pll_calc_optimals: GetClosestSolution: errStr: 1
INFO: [xilinx.com:ip:clk_wiz:5.1-137] clk_wiz_1: phyMode: NONE phyFreq: 318.000
INFO: [xilinx.com:ip:clk_wiz:5.1-147] clk_wiz_1: clkphy_en: false , clkphy_freq: 600.000
INFO: [xilinx.com:ip:clk_wiz:5.1-132] clk_wiz_1: mmcm_pll_calc_optimals: GetClosestSolution: errStr: 1
INFO: [xilinx.com:ip:clk_wiz:5.1-137] clk_wiz_1: phyMode: NONE phyFreq: 318.000
INFO: [xilinx.com:ip:clk_wiz:5.1-147] clk_wiz_1: clkphy_en: false , clkphy_freq: 600.000
INFO: [xilinx.com:ip:clk_wiz:5.1-132] clk_wiz_1: mmcm_pll_calc_optimals: GetClosestSolution: errStr: 1
INFO: [xilinx.com:ip:clk_wiz:5.1-137] clk_wiz_1: phyMode: NONE phyFreq: 318.000
INFO: [xilinx.com:ip:clk_wiz:5.1-147] clk_wiz_1: clkphy_en: false , clkphy_freq: 600.000
INFO: [xilinx.com:ip:clk_wiz:5.1-132] clk_wiz_1: mmcm_pll_calc_optimals: GetClosestSolution: errStr: 1
INFO: [xilinx.com:ip:clk_wiz:5.1-137] clk_wiz_1: phyMode: NONE phyFreq: 318.000
INFO: [xilinx.com:ip:clk_wiz:5.1-147] clk_wiz_1: clkphy_en: false , clkphy_freq: 600.000
INFO: [xilinx.com:ip:clk_wiz:5.1-132] clk_wiz_1: mmcm_pll_calc_optimals: GetClosestSolution: errStr: 1
INFO: [xilinx.com:ip:clk_wiz:5.1-137] clk_wiz_1: phyMode: NONE phyFreq: 318.000
INFO: [xilinx.com:ip:clk_wiz:5.1-147] clk_wiz_1: clkphy_en: false , clkphy_freq: 600.000
INFO: [xilinx.com:ip:clk_wiz:5.1-132] clk_wiz_1: mmcm_pll_calc_optimals: GetClosestSolution: errStr: 1
INFO: [xilinx.com:ip:clk_wiz:5.1-137] clk_wiz_1: phyMode: NONE phyFreq: 318.000
INFO: [xilinx.com:ip:clk_wiz:5.1-147] clk_wiz_1: clkphy_en: false , clkphy_freq: 600.000
INFO: [xilinx.com:ip:clk_wiz:5.1-132] clk_wiz_1: mmcm_pll_calc_optimals: GetClosestSolution: errStr: 1
INFO: [xilinx.com:ip:clk_wiz:5.1-137] clk_wiz_1: phyMode: NONE phyFreq: 318.000
INFO: [xilinx.com:ip:clk_wiz:5.1-147] clk_wiz_1: clkphy_en: false , clkphy_freq: 600.000
INFO: [xilinx.com:ip:clk_wiz:5.1-132] clk_wiz_1: mmcm_pll_calc_optimals: GetClosestSolution: errStr: 1
INFO: [xilinx.com:ip:clk_wiz:5.1-137] clk_wiz_1: phyMode: NONE phyFreq: 318.000
INFO: [xilinx.com:ip:clk_wiz:5.1-147] clk_wiz_1: clkphy_en: false , clkphy_freq: 600.000
INFO: [xilinx.com:ip:clk_wiz:5.1-132] clk_wiz_1: mmcm_pll_calc_optimals: GetClosestSolution: errStr: 1
INFO: [xilinx.com:ip:clk_wiz:5.1-137] clk_wiz_1: phyMode: NONE phyFreq: 318.000
INFO: [xilinx.com:ip:clk_wiz:5.1-147] clk_wiz_1: clkphy_en: false , clkphy_freq: 600.000
INFO: [xilinx.com:ip:clk_wiz:5.1-132] clk_wiz_1: mmcm_pll_calc_optimals: GetClosestSolution: errStr: 1
INFO: [xilinx.com:ip:clk_wiz:5.1-137] clk_wiz_1: phyMode: NONE phyFreq: 318.000
INFO: [xilinx.com:ip:clk_wiz:5.1-147] clk_wiz_1: clkphy_en: false , clkphy_freq: 600.000
INFO: [xilinx.com:ip:clk_wiz:5.1-132] clk_wiz_1: mmcm_pll_calc_optimals: GetClosestSolution: errStr: 1
INFO: [xilinx.com:ip:clk_wiz:5.1-137] clk_wiz_1: phyMode: NONE phyFreq: 318.000
INFO: [xilinx.com:ip:clk_wiz:5.1-147] clk_wiz_1: clkphy_en: false , clkphy_freq: 600.000
INFO: [xilinx.com:ip:clk_wiz:5.1-132] clk_wiz_1: mmcm_pll_calc_optimals: GetClosestSolution: errStr: 1
INFO: [xilinx.com:ip:clk_wiz:5.1-137] clk_wiz_1: phyMode: NONE phyFreq: 318.000
INFO: [xilinx.com:ip:clk_wiz:5.1-147] clk_wiz_1: clkphy_en: false , clkphy_freq: 600.000
INFO: [xilinx.com:ip:clk_wiz:5.1-132] clk_wiz_1: mmcm_pll_calc_optimals: GetClosestSolution: errStr: 1
INFO: [xilinx.com:ip:clk_wiz:5.1-137] clk_wiz_1: phyMode: NONE phyFreq: 318.000
INFO: [xilinx.com:ip:clk_wiz:5.1-147] clk_wiz_1: clkphy_en: false , clkphy_freq: 600.000
INFO: [xilinx.com:ip:clk_wiz:5.1-132] clk_wiz_1: mmcm_pll_calc_optimals: GetClosestSolution: errStr: 1
INFO: [xilinx.com:ip:clk_wiz:5.1-137] clk_wiz_1: phyMode: NONE phyFreq: 318.000
INFO: [xilinx.com:ip:clk_wiz:5.1-147] clk_wiz_1: clkphy_en: false , clkphy_freq: 600.000
INFO: [xilinx.com:ip:clk_wiz:5.1-132] clk_wiz_1: mmcm_pll_calc_optimals: GetClosestSolution: errStr: 1
INFO: [xilinx.com:ip:clk_wiz:5.1-137] clk_wiz_1: phyMode: NONE phyFreq: 318.000
INFO: [xilinx.com:ip:clk_wiz:5.1-147] clk_wiz_1: clkphy_en: false , clkphy_freq: 600.000
INFO: [xilinx.com:ip:clk_wiz:5.1-132] clk_wiz_1: mmcm_pll_calc_optimals: GetClosestSolution: errStr: 1
INFO: [xilinx.com:ip:clk_wiz:5.1-137] clk_wiz_1: phyMode: NONE phyFreq: 318.000
INFO: [xilinx.com:ip:clk_wiz:5.1-147] clk_wiz_1: clkphy_en: false , clkphy_freq: 600.000
INFO: [xilinx.com:ip:clk_wiz:5.1-132] clk_wiz_1: mmcm_pll_calc_optimals: GetClosestSolution: errStr: 1
INFO: [xilinx.com:ip:clk_wiz:5.1-137] clk_wiz_1: phyMode: NONE phyFreq: 318.000
INFO: [xilinx.com:ip:clk_wiz:5.1-147] clk_wiz_1: clkphy_en: false , clkphy_freq: 600.000
INFO: [xilinx.com:ip:clk_wiz:5.1-132] clk_wiz_1: mmcm_pll_calc_optimals: GetClosestSolution: errStr: 1
INFO: [xilinx.com:ip:clk_wiz:5.1-137] clk_wiz_1: phyMode: NONE phyFreq: 318.000
INFO: [xilinx.com:ip:clk_wiz:5.1-147] clk_wiz_1: clkphy_en: false , clkphy_freq: 600.000
INFO: [xilinx.com:ip:clk_wiz:5.1-132] clk_wiz_1: mmcm_pll_calc_optimals: GetClosestSolution: errStr: 1
INFO: [xilinx.com:ip:clk_wiz:5.1-137] clk_wiz_1: phyMode: NONE phyFreq: 318.000
INFO: [xilinx.com:ip:clk_wiz:5.1-147] clk_wiz_1: clkphy_en: false , clkphy_freq: 600.000
INFO: [xilinx.com:ip:clk_wiz:5.1-132] clk_wiz_1: mmcm_pll_calc_optimals: GetClosestSolution: errStr: 1
INFO: [xilinx.com:ip:clk_wiz:5.1-137] clk_wiz_1: phyMode: NONE phyFreq: 318.000
INFO: [xilinx.com:ip:clk_wiz:5.1-147] clk_wiz_1: clkphy_en: false , clkphy_freq: 600.000
INFO: [xilinx.com:ip:clk_wiz:5.1-132] clk_wiz_1: mmcm_pll_calc_optimals: GetClosestSolution: errStr: 1
INFO: [xilinx.com:ip:clk_wiz:5.1-137] clk_wiz_1: phyMode: NONE phyFreq: 318.000
INFO: [xilinx.com:ip:clk_wiz:5.1-147] clk_wiz_1: clkphy_en: false , clkphy_freq: 600.000
INFO: [xilinx.com:ip:clk_wiz:5.1-132] clk_wiz_1: mmcm_pll_calc_optimals: GetClosestSolution: errStr: 1
INFO: [xilinx.com:ip:clk_wiz:5.1-137] clk_wiz_1: phyMode: NONE phyFreq: 318.000
INFO: [xilinx.com:ip:clk_wiz:5.1-147] clk_wiz_1: clkphy_en: false , clkphy_freq: 600.000
INFO: [xilinx.com:ip:clk_wiz:5.1-132] clk_wiz_1: mmcm_pll_calc_optimals: GetClosestSolution: errStr: 1
INFO: [xilinx.com:ip:clk_wiz:5.1-137] clk_wiz_1: phyMode: NONE phyFreq: 318.000
INFO: [xilinx.com:ip:clk_wiz:5.1-147] clk_wiz_1: clkphy_en: false , clkphy_freq: 600.000
INFO: [xilinx.com:ip:clk_wiz:5.1-132] clk_wiz_1: mmcm_pll_calc_optimals: GetClosestSolution: errStr: 1
INFO: [xilinx.com:ip:clk_wiz:5.1-137] clk_wiz_1: phyMode: NONE phyFreq: 318.000
INFO: [xilinx.com:ip:clk_wiz:5.1-147] clk_wiz_1: clkphy_en: false , clkphy_freq: 600.000
INFO: [xilinx.com:ip:clk_wiz:5.1-132] clk_wiz_1: mmcm_pll_calc_optimals: GetClosestSolution: errStr: 1
INFO: [xilinx.com:ip:clk_wiz:5.1-137] clk_wiz_1: phyMode: NONE phyFreq: 318.000
INFO: [xilinx.com:ip:clk_wiz:5.1-147] clk_wiz_1: clkphy_en: false , clkphy_freq: 600.000
INFO: [xilinx.com:ip:clk_wiz:5.1-132] clk_wiz_1: mmcm_pll_calc_optimals: GetClosestSolution: errStr: 1
INFO: [xilinx.com:ip:clk_wiz:5.1-137] clk_wiz_1: phyMode: NONE phyFreq: 318.000
INFO: [xilinx.com:ip:clk_wiz:5.1-147] clk_wiz_1: clkphy_en: false , clkphy_freq: 600.000
INFO: [xilinx.com:ip:clk_wiz:5.1-132] clk_wiz_1: mmcm_pll_calc_optimals: GetClosestSolution: errStr: 1
INFO: [xilinx.com:ip:clk_wiz:5.1-137] clk_wiz_1: phyMode: NONE phyFreq: 318.000
INFO: [xilinx.com:ip:clk_wiz:5.1-147] clk_wiz_1: clkphy_en: false , clkphy_freq: 600.000
INFO: [xilinx.com:ip:clk_wiz:5.1-132] clk_wiz_1: mmcm_pll_calc_optimals: GetClosestSolution: errStr: 1
INFO: [xilinx.com:ip:clk_wiz:5.1-137] clk_wiz_1: phyMode: NONE phyFreq: 318.000
INFO: [xilinx.com:ip:clk_wiz:5.1-147] clk_wiz_1: clkphy_en: false , clkphy_freq: 600.000
INFO: [xilinx.com:ip:clk_wiz:5.1-132] clk_wiz_1: mmcm_pll_calc_optimals: GetClosestSolution: errStr: 1
INFO: [xilinx.com:ip:clk_wiz:5.1-137] clk_wiz_1: phyMode: NONE phyFreq: 318.000
INFO: [xilinx.com:ip:clk_wiz:5.1-147] clk_wiz_1: clkphy_en: false , clkphy_freq: 600.000
INFO: [xilinx.com:ip:clk_wiz:5.1-132] clk_wiz_1: mmcm_pll_calc_optimals: GetClosestSolution: errStr: 1
INFO: [xilinx.com:ip:clk_wiz:5.1-137] clk_wiz_1: phyMode: NONE phyFreq: 318.000
INFO: [xilinx.com:ip:clk_wiz:5.1-147] clk_wiz_1: clkphy_en: false , clkphy_freq: 600.000
INFO: [xilinx.com:ip:clk_wiz:5.1-132] clk_wiz_1: mmcm_pll_calc_optimals: GetClosestSolution: errStr: 1
INFO: [xilinx.com:ip:clk_wiz:5.1-137] clk_wiz_1: phyMode: NONE phyFreq: 318.000
INFO: [xilinx.com:ip:clk_wiz:5.1-147] clk_wiz_1: clkphy_en: false , clkphy_freq: 600.000
INFO: [xilinx.com:ip:clk_wiz:5.1-132] clk_wiz_1: mmcm_pll_calc_optimals: GetClosestSolution: errStr: 1
INFO: [xilinx.com:ip:clk_wiz:5.1-137] clk_wiz_1: phyMode: NONE phyFreq: 318.000
can't read "p_MMCM_CLKOUT0_DIVIDE": no such variable
can't read "p_MMCM_CLKOUT0_DIVIDE": no such variable
expected floating-point number but got ""
expected floating-point number but got ""
expected floating-point number but got ""
expected floating-point number but got ""
INFO: [xilinx.com:ip:clk_wiz:5.1-147] clk_wiz_1: clkphy_en: false , clkphy_freq: 600.000
INFO: [xilinx.com:ip:clk_wiz:5.1-132] clk_wiz_1: mmcm_pll_calc_optimals: GetClosestSolution: errStr: 1
INFO: [xilinx.com:ip:clk_wiz:5.1-137] clk_wiz_1: phyMode: NONE phyFreq: 318.000
can't read "p_MMCM_CLKOUT0_DIVIDE": no such variable
can't read "p_MMCM_CLKOUT0_DIVIDE": no such variable
can't read "p_MMCM_CLKOUT0_DIVIDE": no such variable
can't read "p_MMCM_CLKOUT0_DIVIDE": no such variable
expected floating-point number but got ""
expected floating-point number but got ""
expected floating-point number but got ""
expected floating-point number but got ""
expected floating-point number but got ""
expected floating-point number but got ""
expected floating-point number but got ""
set_property -dict [list CONFIG.CLKOUT4_USED {false} CONFIG.MMCM_DIVCLK_DIVIDE {1} CONFIG.MMCM_CLKOUT3_DIVIDE {1} CONFIG.NUM_OUT_CLKS {3}] [get_ips clk_wiz_1]
INFO: [xilinx.com:ip:clk_wiz:5.1-147] clk_wiz_1: clkphy_en: false , clkphy_freq: 600.000
INFO: [xilinx.com:ip:clk_wiz:5.1-132] clk_wiz_1: mmcm_pll_calc_optimals: GetClosestSolution: errStr: 1
INFO: [xilinx.com:ip:clk_wiz:5.1-137] clk_wiz_1: phyMode: NONE phyFreq: 318.000
generate_target all [get_files  C:/nimPlus_nov16_2017_t0923/nimPlus_/top/top.srcs/sources_1/ip/clk_wiz_1/clk_wiz_1.xci]
INFO: [IP_Flow 19-1686] Generating 'Instantiation Template' target for IP 'clk_wiz_1'...
INFO: [IP_Flow 19-1686] Generating 'Synthesis' target for IP 'clk_wiz_1'...
INFO: [IP_Flow 19-1686] Generating 'Simulation' target for IP 'clk_wiz_1'...
INFO: [IP_Flow 19-1686] Generating 'Implementation' target for IP 'clk_wiz_1'...
INFO: [IP_Flow 19-1686] Generating 'Change Log' target for IP 'clk_wiz_1'...
reset_run clk_wiz_1_synth_1
launch_run -jobs 4 clk_wiz_1_synth_1
[Tue Nov 28 14:51:42 2017] Launched clk_wiz_1_synth_1...
Run output will be captured here: C:/nimPlus_nov16_2017_t0923/nimPlus_/top/top.runs/clk_wiz_1_synth_1/runme.log
remove_files U:/PREP/PREP_Modernization/Firmware_Backups/Aldec_Backups/One_Phase_Designs/AGP_2017_11_16_NIMPlus_jw121_320MHz_1Phase_Accel_Sync/NIMPlus/NIMPlus/compile/nim_plus_blk_1_phase_4ps.vhd
add_files -norecurse U:/PREP/PREP_Modernization/Firmware_Backups/Aldec_Backups/One_Phase_Designs/AGP_2017_11_16_NIMPlus_jw121_320MHz_1Phase_Accel_Sync/NIMPlus/NIMPlus/compile/nim_plus_blk_1_phase_4ps.vhd
add_files -norecurse U:/PREP/PREP_Modernization/Firmware_Backups/Aldec_Backups/One_Phase_Designs/AGP_2017_11_16_NIMPlus_jw121_320MHz_1Phase_Accel_Sync/NIMPlus/NIMPlus/compile/divide_by_8.vhd
WARNING: [filemgmt 56-12] File 'U:/PREP/PREP_Modernization/Firmware_Backups/Aldec_Backups/One_Phase_Designs/AGP_2017_11_16_NIMPlus_jw121_320MHz_1Phase_Accel_Sync/NIMPlus/NIMPlus/compile/divide_by_8.vhd' cannot be added to the project because it already exists in the project, skipping this file
reset_run synth_1
launch_runs synth_1 -jobs 4
[Tue Nov 28 14:54:13 2017] Launched synth_1...
Run output will be captured here: C:/nimPlus_nov16_2017_t0923/nimPlus_/top/top.runs/synth_1/runme.log
reset_run synth_1
launch_runs synth_1 -jobs 4
[Tue Nov 28 14:59:12 2017] Launched synth_1...
Run output will be captured here: C:/nimPlus_nov16_2017_t0923/nimPlus_/top/top.runs/synth_1/runme.log
launch_runs impl_1 -jobs 4
[Tue Nov 28 15:00:50 2017] Launched impl_1...
Run output will be captured here: C:/nimPlus_nov16_2017_t0923/nimPlus_/top/top.runs/impl_1/runme.log
launch_runs impl_1 -to_step write_bitstream -jobs 4
[Tue Nov 28 15:03:20 2017] Launched impl_1...
Run output will be captured here: C:/nimPlus_nov16_2017_t0923/nimPlus_/top/top.runs/impl_1/runme.log
write_cfgmem -force -format MCS -size 32 -interface SPIx4 -loadbit "up 0x0 
C:/nimPlus_nov16_2017_t0923/top.bit" -file "top.mcs"
Creating config memory files...
Creating bitstream load up from address 0x00000000
Loading bitfile C:/nimPlus_nov16_2017_t0923/top.bit
Writing file ./top.mcs
Writing log file ./top.prm
===================================
Configuration Memory information
===================================
File Format        MCS
Interface          SPIX4
Size               32M
Start Address      0x00000000
End Address        0x01FFFFFF

Addr1         Addr2         Date                    File(s)
0x00000000    0x002256A7    Nov 28 15:04:17 2017    C:/nimPlus_nov16_2017_t0923/top.bit
exit
INFO: [Common 17-206] Exiting Vivado at Tue Nov 28 15:07:18 2017...
