Active-HDL 9.3.2744.sp1.09.4995  2018-01-30 4:22:11 PM

Elaboration top modules:
Architecture                  cnt_64_simp_arch(cnt_64_simp)


--------------------------------------------------------------------------------------------------------
Entity      | Architecture     | Library | Info | Compiler Version                | Compilation Options
--------------------------------------------------------------------------------------------------------
cnt_64_simp | cnt_64_simp_arch | nimplus |      | 9.3.2744.sp1.09.4995  (Windows) | -O3
--------------------------------------------------------------------------------------------------------

--------------------------------------------------------------------------------------------------------
VHDL Package                   | Library | Info | Compiler Version                | Compilation Options
--------------------------------------------------------------------------------------------------------
standard                       | std     |      |                                 | 
TEXTIO                         | std     |      | 9.3.2744.sp1.09.4995  (Windows) |  -2008
std_logic_1164                 | ieee    |      | 9.3.2744.sp1.09.4995  (Windows) |  -2008
std_logic_arith                | ieee    |      | 9.3.2744.sp1.09.4995  (Windows) | 
STD_LOGIC_UNSIGNED             | ieee    |      | 9.3.2744.sp1.09.4995  (Windows) | 
--------------------------------------------------------------------------------------------------------

--------------------------------------------------------------------------------------------------------
Library                        | Comment
--------------------------------------------------------------------------------------------------------
ieee                           | Standard IEEE packages library
nimplus                        | None
std                            | Standard VHDL library
--------------------------------------------------------------------------------------------------------


Simulation Options: asim -O5 +access +r +m+cnt_64_simp cnt_64_simp cnt_64_simp_arch


The performance of simulation is reduced. Version PE
