#-----------------------------------------------------------
# Vivado v2015.2 (64-bit)
# SW Build 1266856 on Fri Jun 26 16:35:25 MDT 2015
# IP Build 1264090 on Wed Jun 24 14:22:01 MDT 2015
# Start of session at: Thu Aug 23 09:35:14 2018
# Process ID: 6465
# Log file: /home/rrivera/ots/srcs/otsdaq-firmware/mu2e_coinc_source/vivado.log
# Journal file: /home/rrivera/ots/srcs/otsdaq-firmware/mu2e_coinc_source/vivado.jou
#-----------------------------------------------------------
start_gui
open_project top/top.xpr
Scanning sources...
Finished scanning sources
INFO: [IP_Flow 19-234] Refreshing IP repositories
INFO: [IP_Flow 19-1704] No user IP repositories specified
INFO: [IP_Flow 19-2313] Loaded Vivado IP repository '/opt/local/xilinx/Vivado/2015.2/data/ip'.
history
     1 start_gui
     2 open_project top/top.xpr
     3 history
reset_run impl_1 -prev_step 
launch_runs impl_1 -to_step write_bitstream -jobs 6
[Thu Aug 23 10:07:47 2018] Launched impl_1...
Run output will be captured here: /home/rrivera/ots/srcs/otsdaq-firmware/mu2e_coinc_source/top/top.runs/impl_1/runme.log
write_cfgmem -force -format MCS -size 32 -interface SPIx4 -loadbit "up 0x0 /home/rrivera/ots/srcs/otsdaq-firmware/mu2e_coinc_source/top/top.runs/impl_1/top.bit" -file "/home/rrivera/ots/srcs/otsdaq-firmware/mu2e_coinc_source/mcsfile.mcs"
Creating config memory files...
Creating bitstream load up from address 0x00000000
Loading bitfile /home/rrivera/ots/srcs/otsdaq-firmware/mu2e_coinc_source/top/top.runs/impl_1/top.bit
ERROR: [Vivado 12-3735] SPI_BUSWIDTH property is set to "1" on bitfile /home/rrivera/ots/srcs/otsdaq-firmware/mu2e_coinc_source/top/top.runs/impl_1/top.bit. This property has to be set to "4" to generate a configuration memory file for the SPIX4 interface. Please ensure that a valid value has been set for the property BITSTREAM.Config.SPI_buswidth and rerun this command.
ERROR: [Common 17-39] 'write_cfgmem' failed due to earlier errors.
reset_run impl_1
launch_runs impl_1 -to_step write_bitstream -jobs 6
[Thu Aug 23 10:11:32 2018] Launched impl_1...
Run output will be captured here: /home/rrivera/ots/srcs/otsdaq-firmware/mu2e_coinc_source/top/top.runs/impl_1/runme.log
write_cfgmem -force -format MCS -size 32 -interface SPIx4 -loadbit "up 0x0 /home/rrivera/ots/srcs/otsdaq-firmware/mu2e_coinc_source/top/top.runs/impl_1/top.bit" -file "/home/rrivera/ots/srcs/otsdaq-firmware/mu2e_coinc_source/mcsfile.mcs"
Creating config memory files...
Creating bitstream load up from address 0x00000000
Loading bitfile /home/rrivera/ots/srcs/otsdaq-firmware/mu2e_coinc_source/top/top.runs/impl_1/top.bit
Writing file /home/rrivera/ots/srcs/otsdaq-firmware/mu2e_coinc_source/mcsfile.mcs
Writing log file /home/rrivera/ots/srcs/otsdaq-firmware/mu2e_coinc_source/mcsfile.prm
===================================
Configuration Memory information
===================================
File Format        MCS
Interface          SPIX4
Size               32M
Start Address      0x00000000
End Address        0x01FFFFFF

Addr1         Addr2         Date                    File(s)
0x00000000    0x0015DFDB    Aug 23 10:13:28 2018    /home/rrivera/ots/srcs/otsdaq-firmware/mu2e_coinc_source/top/top.runs/impl_1/top.bit
open_run synth_1 -name synth_1
Design is defaulting to impl run constrset: constrs_1
Design is defaulting to synth run part: xc7a200tffg1156-2
INFO: [Netlist 29-17] Analyzing 150 Unisim elements for replacement
INFO: [Netlist 29-28] Unisim Transformation completed in 0 CPU seconds
INFO: [Project 1-479] Netlist was created with Vivado 2015.2
INFO: [Device 21-403] Loading part xc7a200tffg1156-2
INFO: [Project 1-570] Preparing netlist for logic optimization
Sourcing Tcl File [/home/rrivera/ots/srcs/otsdaq-firmware/mu2e_coinc_source/top/top.srcs/constrs_1/imports/ucf/ethernet_pins25.tcl]
Finished Sourcing Tcl File [/home/rrivera/ots/srcs/otsdaq-firmware/mu2e_coinc_source/top/top.srcs/constrs_1/imports/ucf/ethernet_pins25.tcl]
Sourcing Tcl File [/home/rrivera/ots/srcs/otsdaq-firmware/mu2e_coinc_source/top/top.srcs/constrs_1/imports/ucf/clock_constraints.tcl]
Finished Sourcing Tcl File [/home/rrivera/ots/srcs/otsdaq-firmware/mu2e_coinc_source/top/top.srcs/constrs_1/imports/ucf/clock_constraints.tcl]
INFO: [Opt 31-138] Pushed 0 inverter(s) to 0 load pin(s).
INFO: [Project 1-111] Unisim Transformation Summary:
  A total of 2 instances were transformed.
  OBUFDS => OBUFDS: 2 instances

open_run: Time (s): cpu = 00:00:18 ; elapsed = 00:00:08 . Memory (MB): peak = 6409.719 ; gain = 381.664 ; free physical = 3328 ; free virtual = 44701
show_objects -name NET_ONLY [get_nets -hierarchical -top_net_of_hierarchical_group -filter { NAME =~  "*b_data_we*" } ]
show_objects -name NET_ONLY [get_nets -hierarchical -top_net_of_hierarchical_group -filter { NAME =~  "*we*" } ]
show_objects -name NET_ONLY [get_nets -hierarchical -top_net_of_hierarchical_group -filter { NAME =~  "*wren*" } ]
create_debug_core u_ila_0 ila
set_property C_DATA_DEPTH 1024 [get_debug_cores u_ila_0]
set_property C_TRIGIN_EN false [get_debug_cores u_ila_0]
set_property C_TRIGOUT_EN false [get_debug_cores u_ila_0]
set_property C_ADV_TRIGGER false [get_debug_cores u_ila_0]
set_property C_INPUT_PIPE_STAGES 0 [get_debug_cores u_ila_0]
set_property C_EN_STRG_QUAL false [get_debug_cores u_ila_0]
set_property ALL_PROBE_SAME_MU true [get_debug_cores u_ila_0]
set_property ALL_PROBE_SAME_MU_CNT 1 [get_debug_cores u_ila_0]
set_property port_width 1 [get_debug_ports u_ila_0/clk]
connect_debug_port u_ila_0/clk [get_nets [list MASTER_CLK ]]
set_property port_width 64 [get_debug_ports u_ila_0/probe0]
connect_debug_port u_ila_0/probe0 [get_nets [list {reg_cnt[0]} {reg_cnt[1]} {reg_cnt[2]} {reg_cnt[3]} {reg_cnt[4]} {reg_cnt[5]} {reg_cnt[6]} {reg_cnt[7]} {reg_cnt[8]} {reg_cnt[9]} {reg_cnt[10]} {reg_cnt[11]} {reg_cnt[12]} {reg_cnt[13]} {reg_cnt[14]} {reg_cnt[15]} {reg_cnt[16]} {reg_cnt[17]} {reg_cnt[18]} {reg_cnt[19]} {reg_cnt[20]} {reg_cnt[21]} {reg_cnt[22]} {reg_cnt[23]} {reg_cnt[24]} {reg_cnt[25]} {reg_cnt[26]} {reg_cnt[27]} {reg_cnt[28]} {reg_cnt[29]} {reg_cnt[30]} {reg_cnt[31]} {reg_cnt[32]} {reg_cnt[33]} {reg_cnt[34]} {reg_cnt[35]} {reg_cnt[36]} {reg_cnt[37]} {reg_cnt[38]} {reg_cnt[39]} {reg_cnt[40]} {reg_cnt[41]} {reg_cnt[42]} {reg_cnt[43]} {reg_cnt[44]} {reg_cnt[45]} {reg_cnt[46]} {reg_cnt[47]} {reg_cnt[48]} {reg_cnt[49]} {reg_cnt[50]} {reg_cnt[51]} {reg_cnt[52]} {reg_cnt[53]} {reg_cnt[54]} {reg_cnt[55]} {reg_cnt[56]} {reg_cnt[57]} {reg_cnt[58]} {reg_cnt[59]} {reg_cnt[60]} {reg_cnt[61]} {reg_cnt[62]} {reg_cnt[63]} ]]
create_debug_port u_ila_0 probe
set_property port_width 64 [get_debug_ports u_ila_0/probe1]
connect_debug_port u_ila_0/probe1 [get_nets [list {delay_cnt[0]} {delay_cnt[1]} {delay_cnt[2]} {delay_cnt[3]} {delay_cnt[4]} {delay_cnt[5]} {delay_cnt[6]} {delay_cnt[7]} {delay_cnt[8]} {delay_cnt[9]} {delay_cnt[10]} {delay_cnt[11]} {delay_cnt[12]} {delay_cnt[13]} {delay_cnt[14]} {delay_cnt[15]} {delay_cnt[16]} {delay_cnt[17]} {delay_cnt[18]} {delay_cnt[19]} {delay_cnt[20]} {delay_cnt[21]} {delay_cnt[22]} {delay_cnt[23]} {delay_cnt[24]} {delay_cnt[25]} {delay_cnt[26]} {delay_cnt[27]} {delay_cnt[28]} {delay_cnt[29]} {delay_cnt[30]} {delay_cnt[31]} {delay_cnt[32]} {delay_cnt[33]} {delay_cnt[34]} {delay_cnt[35]} {delay_cnt[36]} {delay_cnt[37]} {delay_cnt[38]} {delay_cnt[39]} {delay_cnt[40]} {delay_cnt[41]} {delay_cnt[42]} {delay_cnt[43]} {delay_cnt[44]} {delay_cnt[45]} {delay_cnt[46]} {delay_cnt[47]} {delay_cnt[48]} {delay_cnt[49]} {delay_cnt[50]} {delay_cnt[51]} {delay_cnt[52]} {delay_cnt[53]} {delay_cnt[54]} {delay_cnt[55]} {delay_cnt[56]} {delay_cnt[57]} {delay_cnt[58]} {delay_cnt[59]} {delay_cnt[60]} {delay_cnt[61]} {delay_cnt[62]} {delay_cnt[63]} ]]
create_debug_port u_ila_0 probe
set_property port_width 3 [get_debug_ports u_ila_0/probe2]
connect_debug_port u_ila_0/probe2 [get_nets [list {cnt[0]} {cnt[1]} {cnt[2]} ]]
create_debug_port u_ila_0 probe
set_property port_width 64 [get_debug_ports u_ila_0/probe3]
connect_debug_port u_ila_0/probe3 [get_nets [list {reg_rate[0]} {reg_rate[1]} {reg_rate[2]} {reg_rate[3]} {reg_rate[4]} {reg_rate[5]} {reg_rate[6]} {reg_rate[7]} {reg_rate[8]} {reg_rate[9]} {reg_rate[10]} {reg_rate[11]} {reg_rate[12]} {reg_rate[13]} {reg_rate[14]} {reg_rate[15]} {reg_rate[16]} {reg_rate[17]} {reg_rate[18]} {reg_rate[19]} {reg_rate[20]} {reg_rate[21]} {reg_rate[22]} {reg_rate[23]} {reg_rate[24]} {reg_rate[25]} {reg_rate[26]} {reg_rate[27]} {reg_rate[28]} {reg_rate[29]} {reg_rate[30]} {reg_rate[31]} {reg_rate[32]} {reg_rate[33]} {reg_rate[34]} {reg_rate[35]} {reg_rate[36]} {reg_rate[37]} {reg_rate[38]} {reg_rate[39]} {reg_rate[40]} {reg_rate[41]} {reg_rate[42]} {reg_rate[43]} {reg_rate[44]} {reg_rate[45]} {reg_rate[46]} {reg_rate[47]} {reg_rate[48]} {reg_rate[49]} {reg_rate[50]} {reg_rate[51]} {reg_rate[52]} {reg_rate[53]} {reg_rate[54]} {reg_rate[55]} {reg_rate[56]} {reg_rate[57]} {reg_rate[58]} {reg_rate[59]} {reg_rate[60]} {reg_rate[61]} {reg_rate[62]} {reg_rate[63]} ]]
create_debug_port u_ila_0 probe
set_property port_width 1 [get_debug_ports u_ila_0/probe4]
connect_debug_port u_ila_0/probe4 [get_nets [list b_data_we ]]
create_debug_port u_ila_0 probe
set_property port_width 1 [get_debug_ports u_ila_0/probe5]
connect_debug_port u_ila_0/probe5 [get_nets [list rx_wren ]]
reset_run synth_1
save_constraints -force
INFO: [Project 1-239] Creating target file '/home/rrivera/ots/srcs/otsdaq-firmware/mu2e_coinc_source/top/top.srcs/constrs_1/new/top.xdc' for the 'constrs_1' constraints set.
INFO: [Project 1-96] Target constrs file set to '/home/rrivera/ots/srcs/otsdaq-firmware/mu2e_coinc_source/top/top.srcs/constrs_1/new/top.xdc' for the 'constrs_1' constraints set.
close_design
launch_runs impl_1 -to_step write_bitstream -jobs 6
[Thu Aug 23 15:54:07 2018] Launched synth_1...
Run output will be captured here: /home/rrivera/ots/srcs/otsdaq-firmware/mu2e_coinc_source/top/top.runs/synth_1/runme.log
[Thu Aug 23 15:54:07 2018] Launched impl_1...
Run output will be captured here: /home/rrivera/ots/srcs/otsdaq-firmware/mu2e_coinc_source/top/top.runs/impl_1/runme.log
reset_run impl_1 -noclean_dir 
reset_run synth_1
launch_runs impl_1 -to_step write_bitstream -jobs 6
[Thu Aug 23 15:59:01 2018] Launched synth_1...
Run output will be captured here: /home/rrivera/ots/srcs/otsdaq-firmware/mu2e_coinc_source/top/top.runs/synth_1/runme.log
[Thu Aug 23 15:59:01 2018] Launched impl_1...
Run output will be captured here: /home/rrivera/ots/srcs/otsdaq-firmware/mu2e_coinc_source/top/top.runs/impl_1/runme.log
reset_run synth_1
launch_runs impl_1 -to_step write_bitstream -jobs 6
[Thu Aug 23 16:00:57 2018] Launched synth_1...
Run output will be captured here: /home/rrivera/ots/srcs/otsdaq-firmware/mu2e_coinc_source/top/top.runs/synth_1/runme.log
[Thu Aug 23 16:00:57 2018] Launched impl_1...
Run output will be captured here: /home/rrivera/ots/srcs/otsdaq-firmware/mu2e_coinc_source/top/top.runs/impl_1/runme.log
reset_run synth_1
launch_runs impl_1 -to_step write_bitstream -jobs 6
[Thu Aug 23 16:27:13 2018] Launched synth_1...
Run output will be captured here: /home/rrivera/ots/srcs/otsdaq-firmware/mu2e_coinc_source/top/top.runs/synth_1/runme.log
[Thu Aug 23 16:27:13 2018] Launched impl_1...
Run output will be captured here: /home/rrivera/ots/srcs/otsdaq-firmware/mu2e_coinc_source/top/top.runs/impl_1/runme.log
reset_run synth_1
launch_runs impl_1 -to_step write_bitstream -jobs 6
[Thu Aug 23 16:40:25 2018] Launched synth_1...
Run output will be captured here: /home/rrivera/ots/srcs/otsdaq-firmware/mu2e_coinc_source/top/top.runs/synth_1/runme.log
[Thu Aug 23 16:40:25 2018] Launched impl_1...
Run output will be captured here: /home/rrivera/ots/srcs/otsdaq-firmware/mu2e_coinc_source/top/top.runs/impl_1/runme.log
reset_run impl_1 -prev_step 
reset_run synth_1
launch_runs impl_1 -to_step write_bitstream -jobs 6
[Thu Aug 23 16:44:02 2018] Launched synth_1...
Run output will be captured here: /home/rrivera/ots/srcs/otsdaq-firmware/mu2e_coinc_source/top/top.runs/synth_1/runme.log
[Thu Aug 23 16:44:02 2018] Launched impl_1...
Run output will be captured here: /home/rrivera/ots/srcs/otsdaq-firmware/mu2e_coinc_source/top/top.runs/impl_1/runme.log
reset_run impl_1
launch_runs impl_1 -to_step write_bitstream -jobs 6
[Fri Aug 24 09:24:45 2018] Launched impl_1...
Run output will be captured here: /home/rrivera/ots/srcs/otsdaq-firmware/mu2e_coinc_source/top/top.runs/impl_1/runme.log
reset_run impl_1
launch_runs impl_1 -to_step write_bitstream -jobs 6
[Fri Aug 24 09:49:04 2018] Launched impl_1...
Run output will be captured here: /home/rrivera/ots/srcs/otsdaq-firmware/mu2e_coinc_source/top/top.runs/impl_1/runme.log
reset_run synth_1
launch_runs impl_1 -to_step write_bitstream -jobs 6
[Fri Aug 24 10:00:58 2018] Launched synth_1...
Run output will be captured here: /home/rrivera/ots/srcs/otsdaq-firmware/mu2e_coinc_source/top/top.runs/synth_1/runme.log
[Fri Aug 24 10:00:58 2018] Launched impl_1...
Run output will be captured here: /home/rrivera/ots/srcs/otsdaq-firmware/mu2e_coinc_source/top/top.runs/impl_1/runme.log
open_run synth_1 -name synth_1
Design is defaulting to impl run constrset: constrs_1
Design is defaulting to synth run part: xc7a200tffg1156-2
INFO: [Netlist 29-17] Analyzing 150 Unisim elements for replacement
INFO: [Netlist 29-28] Unisim Transformation completed in 0 CPU seconds
INFO: [Project 1-479] Netlist was created with Vivado 2015.2
INFO: [Project 1-570] Preparing netlist for logic optimization
Sourcing Tcl File [/home/rrivera/ots/srcs/otsdaq-firmware/mu2e_coinc_source/top/top.srcs/constrs_1/imports/ucf/ethernet_pins25.tcl]
Finished Sourcing Tcl File [/home/rrivera/ots/srcs/otsdaq-firmware/mu2e_coinc_source/top/top.srcs/constrs_1/imports/ucf/ethernet_pins25.tcl]
Sourcing Tcl File [/home/rrivera/ots/srcs/otsdaq-firmware/mu2e_coinc_source/top/top.srcs/constrs_1/imports/ucf/clock_constraints.tcl]
Finished Sourcing Tcl File [/home/rrivera/ots/srcs/otsdaq-firmware/mu2e_coinc_source/top/top.srcs/constrs_1/imports/ucf/clock_constraints.tcl]
Parsing XDC File [/home/rrivera/ots/srcs/otsdaq-firmware/mu2e_coinc_source/top/top.srcs/constrs_1/new/top.xdc]
Finished Parsing XDC File [/home/rrivera/ots/srcs/otsdaq-firmware/mu2e_coinc_source/top/top.srcs/constrs_1/new/top.xdc]
INFO: [Opt 31-138] Pushed 0 inverter(s) to 0 load pin(s).
INFO: [Project 1-111] Unisim Transformation Summary:
  A total of 2 instances were transformed.
  OBUFDS => OBUFDS: 2 instances

reset_run synth_1
launch_runs synth_1 -jobs 6
[Wed Sep  5 11:36:23 2018] Launched synth_1...
Run output will be captured here: /home/rrivera/ots/srcs/otsdaq-firmware/mu2e_coinc_source/top/top.runs/synth_1/runme.log
close_design
open_run synth_1 -name synth_1
Design is defaulting to impl run constrset: constrs_1
Design is defaulting to synth run part: xc7a200tffg1156-2
INFO: [Netlist 29-17] Analyzing 150 Unisim elements for replacement
INFO: [Netlist 29-28] Unisim Transformation completed in 0 CPU seconds
INFO: [Project 1-479] Netlist was created with Vivado 2015.2
INFO: [Project 1-570] Preparing netlist for logic optimization
Sourcing Tcl File [/home/rrivera/ots/srcs/otsdaq-firmware/mu2e_coinc_source/top/top.srcs/constrs_1/imports/ucf/ethernet_pins25.tcl]
Finished Sourcing Tcl File [/home/rrivera/ots/srcs/otsdaq-firmware/mu2e_coinc_source/top/top.srcs/constrs_1/imports/ucf/ethernet_pins25.tcl]
Sourcing Tcl File [/home/rrivera/ots/srcs/otsdaq-firmware/mu2e_coinc_source/top/top.srcs/constrs_1/imports/ucf/clock_constraints.tcl]
Finished Sourcing Tcl File [/home/rrivera/ots/srcs/otsdaq-firmware/mu2e_coinc_source/top/top.srcs/constrs_1/imports/ucf/clock_constraints.tcl]
Parsing XDC File [/home/rrivera/ots/srcs/otsdaq-firmware/mu2e_coinc_source/top/top.srcs/constrs_1/new/top.xdc]
Finished Parsing XDC File [/home/rrivera/ots/srcs/otsdaq-firmware/mu2e_coinc_source/top/top.srcs/constrs_1/new/top.xdc]
INFO: [Opt 31-138] Pushed 0 inverter(s) to 0 load pin(s).
INFO: [Project 1-111] Unisim Transformation Summary:
  A total of 2 instances were transformed.
  OBUFDS => OBUFDS: 2 instances

delete_debug_core [get_debug_cores {u_ila_0 }]
create_debug_core u_ila_0_0 ila
set_property C_DATA_DEPTH 1024 [get_debug_cores u_ila_0_0]
set_property C_TRIGIN_EN false [get_debug_cores u_ila_0_0]
set_property C_TRIGOUT_EN false [get_debug_cores u_ila_0_0]
set_property C_ADV_TRIGGER false [get_debug_cores u_ila_0_0]
set_property C_INPUT_PIPE_STAGES 0 [get_debug_cores u_ila_0_0]
set_property C_EN_STRG_QUAL false [get_debug_cores u_ila_0_0]
set_property ALL_PROBE_SAME_MU true [get_debug_cores u_ila_0_0]
set_property ALL_PROBE_SAME_MU_CNT 1 [get_debug_cores u_ila_0_0]
set_property port_width 1 [get_debug_ports u_ila_0_0/clk]
connect_debug_port u_ila_0_0/clk [get_nets [list MASTER_CLK ]]
set_property port_width 64 [get_debug_ports u_ila_0_0/probe0]
connect_debug_port u_ila_0_0/probe0 [get_nets [list {reg_rate[0]} {reg_rate[1]} {reg_rate[2]} {reg_rate[3]} {reg_rate[4]} {reg_rate[5]} {reg_rate[6]} {reg_rate[7]} {reg_rate[8]} {reg_rate[9]} {reg_rate[10]} {reg_rate[11]} {reg_rate[12]} {reg_rate[13]} {reg_rate[14]} {reg_rate[15]} {reg_rate[16]} {reg_rate[17]} {reg_rate[18]} {reg_rate[19]} {reg_rate[20]} {reg_rate[21]} {reg_rate[22]} {reg_rate[23]} {reg_rate[24]} {reg_rate[25]} {reg_rate[26]} {reg_rate[27]} {reg_rate[28]} {reg_rate[29]} {reg_rate[30]} {reg_rate[31]} {reg_rate[32]} {reg_rate[33]} {reg_rate[34]} {reg_rate[35]} {reg_rate[36]} {reg_rate[37]} {reg_rate[38]} {reg_rate[39]} {reg_rate[40]} {reg_rate[41]} {reg_rate[42]} {reg_rate[43]} {reg_rate[44]} {reg_rate[45]} {reg_rate[46]} {reg_rate[47]} {reg_rate[48]} {reg_rate[49]} {reg_rate[50]} {reg_rate[51]} {reg_rate[52]} {reg_rate[53]} {reg_rate[54]} {reg_rate[55]} {reg_rate[56]} {reg_rate[57]} {reg_rate[58]} {reg_rate[59]} {reg_rate[60]} {reg_rate[61]} {reg_rate[62]} {reg_rate[63]} ]]
create_debug_port u_ila_0_0 probe
set_property port_width 32 [get_debug_ports u_ila_0_0/probe1]
connect_debug_port u_ila_0_0/probe1 [get_nets [list {rx_addr[0]} {rx_addr[1]} {rx_addr[2]} {rx_addr[3]} {rx_addr[4]} {rx_addr[5]} {rx_addr[6]} {rx_addr[7]} {rx_addr[8]} {rx_addr[9]} {rx_addr[10]} {rx_addr[11]} {rx_addr[12]} {rx_addr[13]} {rx_addr[14]} {rx_addr[15]} {rx_addr[16]} {rx_addr[17]} {rx_addr[18]} {rx_addr[19]} {rx_addr[20]} {rx_addr[21]} {rx_addr[22]} {rx_addr[23]} {rx_addr[24]} {rx_addr[25]} {rx_addr[26]} {rx_addr[27]} {rx_addr[28]} {rx_addr[29]} {rx_addr[30]} {rx_addr[31]} ]]
create_debug_port u_ila_0_0 probe
set_property port_width 64 [get_debug_ports u_ila_0_0/probe2]
connect_debug_port u_ila_0_0/probe2 [get_nets [list {tx_data[0]} {tx_data[1]} {tx_data[2]} {tx_data[3]} {tx_data[4]} {tx_data[5]} {tx_data[6]} {tx_data[7]} {tx_data[8]} {tx_data[9]} {tx_data[10]} {tx_data[11]} {tx_data[12]} {tx_data[13]} {tx_data[14]} {tx_data[15]} {tx_data[16]} {tx_data[17]} {tx_data[18]} {tx_data[19]} {tx_data[20]} {tx_data[21]} {tx_data[22]} {tx_data[23]} {tx_data[24]} {tx_data[25]} {tx_data[26]} {tx_data[27]} {tx_data[28]} {tx_data[29]} {tx_data[30]} {tx_data[31]} {tx_data[32]} {tx_data[33]} {tx_data[34]} {tx_data[35]} {tx_data[36]} {tx_data[37]} {tx_data[38]} {tx_data[39]} {tx_data[40]} {tx_data[41]} {tx_data[42]} {tx_data[43]} {tx_data[44]} {tx_data[45]} {tx_data[46]} {tx_data[47]} {tx_data[48]} {tx_data[49]} {tx_data[50]} {tx_data[51]} {tx_data[52]} {tx_data[53]} {tx_data[54]} {tx_data[55]} {tx_data[56]} {tx_data[57]} {tx_data[58]} {tx_data[59]} {tx_data[60]} {tx_data[61]} {tx_data[62]} {tx_data[63]} ]]
create_debug_port u_ila_0_0 probe
set_property port_width 8 [get_debug_ports u_ila_0_0/probe3]
connect_debug_port u_ila_0_0/probe3 [get_nets [list {PHY_TXD_sig[0]} {PHY_TXD_sig[1]} {PHY_TXD_sig[2]} {PHY_TXD_sig[3]} {PHY_TXD_sig[4]} {PHY_TXD_sig[5]} {PHY_TXD_sig[6]} {PHY_TXD_sig[7]} ]]
create_debug_port u_ila_0_0 probe
set_property port_width 64 [get_debug_ports u_ila_0_0/probe4]
connect_debug_port u_ila_0_0/probe4 [get_nets [list {delay_cnt[0]} {delay_cnt[1]} {delay_cnt[2]} {delay_cnt[3]} {delay_cnt[4]} {delay_cnt[5]} {delay_cnt[6]} {delay_cnt[7]} {delay_cnt[8]} {delay_cnt[9]} {delay_cnt[10]} {delay_cnt[11]} {delay_cnt[12]} {delay_cnt[13]} {delay_cnt[14]} {delay_cnt[15]} {delay_cnt[16]} {delay_cnt[17]} {delay_cnt[18]} {delay_cnt[19]} {delay_cnt[20]} {delay_cnt[21]} {delay_cnt[22]} {delay_cnt[23]} {delay_cnt[24]} {delay_cnt[25]} {delay_cnt[26]} {delay_cnt[27]} {delay_cnt[28]} {delay_cnt[29]} {delay_cnt[30]} {delay_cnt[31]} {delay_cnt[32]} {delay_cnt[33]} {delay_cnt[34]} {delay_cnt[35]} {delay_cnt[36]} {delay_cnt[37]} {delay_cnt[38]} {delay_cnt[39]} {delay_cnt[40]} {delay_cnt[41]} {delay_cnt[42]} {delay_cnt[43]} {delay_cnt[44]} {delay_cnt[45]} {delay_cnt[46]} {delay_cnt[47]} {delay_cnt[48]} {delay_cnt[49]} {delay_cnt[50]} {delay_cnt[51]} {delay_cnt[52]} {delay_cnt[53]} {delay_cnt[54]} {delay_cnt[55]} {delay_cnt[56]} {delay_cnt[57]} {delay_cnt[58]} {delay_cnt[59]} {delay_cnt[60]} {delay_cnt[61]} {delay_cnt[62]} {delay_cnt[63]} ]]
create_debug_port u_ila_0_0 probe
set_property port_width 64 [get_debug_ports u_ila_0_0/probe5]
connect_debug_port u_ila_0_0/probe5 [get_nets [list {rx_data[0]} {rx_data[1]} {rx_data[2]} {rx_data[3]} {rx_data[4]} {rx_data[5]} {rx_data[6]} {rx_data[7]} {rx_data[8]} {rx_data[9]} {rx_data[10]} {rx_data[11]} {rx_data[12]} {rx_data[13]} {rx_data[14]} {rx_data[15]} {rx_data[16]} {rx_data[17]} {rx_data[18]} {rx_data[19]} {rx_data[20]} {rx_data[21]} {rx_data[22]} {rx_data[23]} {rx_data[24]} {rx_data[25]} {rx_data[26]} {rx_data[27]} {rx_data[28]} {rx_data[29]} {rx_data[30]} {rx_data[31]} {rx_data[32]} {rx_data[33]} {rx_data[34]} {rx_data[35]} {rx_data[36]} {rx_data[37]} {rx_data[38]} {rx_data[39]} {rx_data[40]} {rx_data[41]} {rx_data[42]} {rx_data[43]} {rx_data[44]} {rx_data[45]} {rx_data[46]} {rx_data[47]} {rx_data[48]} {rx_data[49]} {rx_data[50]} {rx_data[51]} {rx_data[52]} {rx_data[53]} {rx_data[54]} {rx_data[55]} {rx_data[56]} {rx_data[57]} {rx_data[58]} {rx_data[59]} {rx_data[60]} {rx_data[61]} {rx_data[62]} {rx_data[63]} ]]
create_debug_port u_ila_0_0 probe
set_property port_width 32 [get_debug_ports u_ila_0_0/probe6]
connect_debug_port u_ila_0_0/probe6 [get_nets [list {data_cnt[0]} {data_cnt[1]} {data_cnt[2]} {data_cnt[3]} {data_cnt[4]} {data_cnt[5]} {data_cnt[6]} {data_cnt[7]} {data_cnt[8]} {data_cnt[9]} {data_cnt[10]} {data_cnt[11]} {data_cnt[12]} {data_cnt[13]} {data_cnt[14]} {data_cnt[15]} {data_cnt[16]} {data_cnt[17]} {data_cnt[18]} {data_cnt[19]} {data_cnt[20]} {data_cnt[21]} {data_cnt[22]} {data_cnt[23]} {data_cnt[24]} {data_cnt[25]} {data_cnt[26]} {data_cnt[27]} {data_cnt[28]} {data_cnt[29]} {data_cnt[30]} {data_cnt[31]} ]]
create_debug_port u_ila_0_0 probe
set_property port_width 3 [get_debug_ports u_ila_0_0/probe7]
connect_debug_port u_ila_0_0/probe7 [get_nets [list {cnt[0]} {cnt[1]} {cnt[2]} ]]
create_debug_port u_ila_0_0 probe
set_property port_width 64 [get_debug_ports u_ila_0_0/probe8]
connect_debug_port u_ila_0_0/probe8 [get_nets [list {b_data[0]} {b_data[1]} {b_data[2]} {b_data[3]} {b_data[4]} {b_data[5]} {b_data[6]} {b_data[7]} {b_data[8]} {b_data[9]} {b_data[10]} {b_data[11]} {b_data[12]} {b_data[13]} {b_data[14]} {b_data[15]} {b_data[16]} {b_data[17]} {b_data[18]} {b_data[19]} {b_data[20]} {b_data[21]} {b_data[22]} {b_data[23]} {b_data[24]} {b_data[25]} {b_data[26]} {b_data[27]} {b_data[28]} {b_data[29]} {b_data[30]} {b_data[31]} {b_data[32]} {b_data[33]} {b_data[34]} {b_data[35]} {b_data[36]} {b_data[37]} {b_data[38]} {b_data[39]} {b_data[40]} {b_data[41]} {b_data[42]} {b_data[43]} {b_data[44]} {b_data[45]} {b_data[46]} {b_data[47]} {b_data[48]} {b_data[49]} {b_data[50]} {b_data[51]} {b_data[52]} {b_data[53]} {b_data[54]} {b_data[55]} {b_data[56]} {b_data[57]} {b_data[58]} {b_data[59]} {b_data[60]} {b_data[61]} {b_data[62]} {b_data[63]} ]]
create_debug_port u_ila_0_0 probe
set_property port_width 64 [get_debug_ports u_ila_0_0/probe9]
connect_debug_port u_ila_0_0/probe9 [get_nets [list {reg_cnt[0]} {reg_cnt[1]} {reg_cnt[2]} {reg_cnt[3]} {reg_cnt[4]} {reg_cnt[5]} {reg_cnt[6]} {reg_cnt[7]} {reg_cnt[8]} {reg_cnt[9]} {reg_cnt[10]} {reg_cnt[11]} {reg_cnt[12]} {reg_cnt[13]} {reg_cnt[14]} {reg_cnt[15]} {reg_cnt[16]} {reg_cnt[17]} {reg_cnt[18]} {reg_cnt[19]} {reg_cnt[20]} {reg_cnt[21]} {reg_cnt[22]} {reg_cnt[23]} {reg_cnt[24]} {reg_cnt[25]} {reg_cnt[26]} {reg_cnt[27]} {reg_cnt[28]} {reg_cnt[29]} {reg_cnt[30]} {reg_cnt[31]} {reg_cnt[32]} {reg_cnt[33]} {reg_cnt[34]} {reg_cnt[35]} {reg_cnt[36]} {reg_cnt[37]} {reg_cnt[38]} {reg_cnt[39]} {reg_cnt[40]} {reg_cnt[41]} {reg_cnt[42]} {reg_cnt[43]} {reg_cnt[44]} {reg_cnt[45]} {reg_cnt[46]} {reg_cnt[47]} {reg_cnt[48]} {reg_cnt[49]} {reg_cnt[50]} {reg_cnt[51]} {reg_cnt[52]} {reg_cnt[53]} {reg_cnt[54]} {reg_cnt[55]} {reg_cnt[56]} {reg_cnt[57]} {reg_cnt[58]} {reg_cnt[59]} {reg_cnt[60]} {reg_cnt[61]} {reg_cnt[62]} {reg_cnt[63]} ]]
create_debug_port u_ila_0_0 probe
set_property port_width 8 [get_debug_ports u_ila_0_0/probe10]
connect_debug_port u_ila_0_0/probe10 [get_nets [list {GMII_RXD_0_sig[0]} {GMII_RXD_0_sig[1]} {GMII_RXD_0_sig[2]} {GMII_RXD_0_sig[3]} {GMII_RXD_0_sig[4]} {GMII_RXD_0_sig[5]} {GMII_RXD_0_sig[6]} {GMII_RXD_0_sig[7]} ]]
create_debug_port u_ila_0_0 probe
set_property port_width 1 [get_debug_ports u_ila_0_0/probe11]
connect_debug_port u_ila_0_0/probe11 [get_nets [list b_data_we ]]
create_debug_port u_ila_0_0 probe
set_property port_width 1 [get_debug_ports u_ila_0_0/probe12]
connect_debug_port u_ila_0_0/probe12 [get_nets [list GMII_RX_DV_0_sig ]]
create_debug_port u_ila_0_0 probe
set_property port_width 1 [get_debug_ports u_ila_0_0/probe13]
connect_debug_port u_ila_0_0/probe13 [get_nets [list PHY_TXEN_sig ]]
create_debug_port u_ila_0_0 probe
set_property port_width 1 [get_debug_ports u_ila_0_0/probe14]
connect_debug_port u_ila_0_0/probe14 [get_nets [list rx_wren ]]
save_constraints
close_design
launch_runs impl_1 -to_step write_bitstream -jobs 6
[Wed Sep  5 11:40:16 2018] Launched impl_1...
Run output will be captured here: /home/rrivera/ots/srcs/otsdaq-firmware/mu2e_coinc_source/top/top.runs/impl_1/runme.log
close_project
****** Webtalk v2015.2 (64-bit)
  **** SW Build 1266856 on Fri Jun 26 16:35:25 MDT 2015
  **** IP Build 1264090 on Wed Jun 24 14:22:01 MDT 2015
    ** Copyright 1986-2015 Xilinx, Inc. All Rights Reserved.

source /home/rrivera/ots/srcs/otsdaq-firmware/mu2e_coinc_source/top/top.hw/webtalk/labtool_webtalk.tcl -notrace
INFO: [Common 17-186] '/home/rrivera/ots/srcs/otsdaq-firmware/mu2e_coinc_source/top/top.hw/webtalk/usage_statistics_ext_labtool.xml' has been successfully sent to Xilinx on Fri Oct 19 11:11:14 2018. For additional details about this file, please refer to the WebTalk help file at /opt/local/xilinx/Vivado/2015.2/doc/webtalk_introduction.html.
INFO: [Common 17-206] Exiting Webtalk at Fri Oct 19 11:11:14 2018...
open_project /home/rrivera/ots/srcs/otsdaq-firmware/cactus/projects/nim_plus_x_320/top/top.xpr
Scanning sources...
Finished scanning sources
INFO: [IP_Flow 19-234] Refreshing IP repositories
INFO: [IP_Flow 19-1704] No user IP repositories specified
INFO: [IP_Flow 19-2313] Loaded Vivado IP repository '/opt/local/xilinx/Vivado/2015.2/data/ip'.
open_project: Time (s): cpu = 00:00:05 ; elapsed = 00:00:06 . Memory (MB): peak = 6809.602 ; gain = 0.000 ; free physical = 943 ; free virtual = 36724
reset_run synth_1
launch_runs impl_1 -to_step write_bitstream -jobs 6
[Fri Oct 19 11:40:39 2018] Launched synth_1...
Run output will be captured here: /home/rrivera/ots/srcs/otsdaq-firmware/cactus/projects/nim_plus_x_320/top/top.runs/synth_1/runme.log
[Fri Oct 19 11:40:39 2018] Launched impl_1...
Run output will be captured here: /home/rrivera/ots/srcs/otsdaq-firmware/cactus/projects/nim_plus_x_320/top/top.runs/impl_1/runme.log
write_cfgmem -force -format MCS -size 32 -interface SPIx4 -loadbit "up 0x0 /home/rrivera/ots/srcs/otsdaq-firmware/cactus/projects/nim_plus_x_320/top/top.runs/impl_1/top.bit" -file "/home/rrivera/ots/srcs/otsdaq-firmware/cactus/projects/nim_plus_x_320/mcsfile.mcs"
Creating config memory files...
Creating bitstream load up from address 0x00000000
Loading bitfile /home/rrivera/ots/srcs/otsdaq-firmware/cactus/projects/nim_plus_x_320/top/top.runs/impl_1/top.bit
Writing file /home/rrivera/ots/srcs/otsdaq-firmware/cactus/projects/nim_plus_x_320/mcsfile.mcs
Writing log file /home/rrivera/ots/srcs/otsdaq-firmware/cactus/projects/nim_plus_x_320/mcsfile.prm
===================================
Configuration Memory information
===================================
File Format        MCS
Interface          SPIX4
Size               32M
Start Address      0x00000000
End Address        0x01FFFFFF

Addr1         Addr2         Date                    File(s)
0x00000000    0x002B7973    Oct 19 11:47:30 2018    /home/rrivera/ots/srcs/otsdaq-firmware/cactus/projects/nim_plus_x_320/top/top.runs/impl_1/top.bit
write_cfgmem -force -format MCS -size 32 -interface SPIx4 -loadbit "up 0x0 /home/rrivera/ots/srcs/otsdaq-firmware/cactus/projects/nim_plus_x/top/top.runs/impl_1/top.bit" -file "/home/rrivera/ots/srcs/otsdaq-firmware/cactus/projects/nim_plus_x/mcsfile.mcs"
Creating config memory files...
Creating bitstream load up from address 0x00000000
Loading bitfile /home/rrivera/ots/srcs/otsdaq-firmware/cactus/projects/nim_plus_x/top/top.runs/impl_1/top.bit
Writing file /home/rrivera/ots/srcs/otsdaq-firmware/cactus/projects/nim_plus_x/mcsfile.mcs
Writing log file /home/rrivera/ots/srcs/otsdaq-firmware/cactus/projects/nim_plus_x/mcsfile.prm
===================================
Configuration Memory information
===================================
File Format        MCS
Interface          SPIX4
Size               32M
Start Address      0x00000000
End Address        0x01FFFFFF

Addr1         Addr2         Date                    File(s)
0x00000000    0x0029222B    Oct 19 11:54:13 2018    /home/rrivera/ots/srcs/otsdaq-firmware/cactus/projects/nim_plus_x/top/top.runs/impl_1/top.bit
reset_run synth_1
launch_runs synth_1 -jobs 6
[Fri Nov  2 10:21:12 2018] Launched synth_1...
Run output will be captured here: /home/rrivera/ots/srcs/otsdaq-firmware/cactus/projects/nim_plus_x_320/top/top.runs/synth_1/runme.log
reset_run synth_1
launch_runs synth_1 -jobs 6
[Fri Nov  2 10:51:49 2018] Launched synth_1...
Run output will be captured here: /home/rrivera/ots/srcs/otsdaq-firmware/cactus/projects/nim_plus_x_320/top/top.runs/synth_1/runme.log
reset_run synth_1
launch_runs synth_1 -jobs 6
[Fri Nov  2 10:52:13 2018] Launched synth_1...
Run output will be captured here: /home/rrivera/ots/srcs/otsdaq-firmware/cactus/projects/nim_plus_x_320/top/top.runs/synth_1/runme.log
open_run synth_1 -name synth_1
Design is defaulting to impl run constrset: constrs_1
Design is defaulting to synth run part: xc7k325tffg900-2
INFO: [Project 1-454] Reading design checkpoint '/home/rrivera/ots/srcs/otsdaq-firmware/cactus/projects/nim_plus_x_320/top/top.runs/NIM_CLKS_synth_1/NIM_CLKS.dcp' for cell 'NIM_CLKS_BLOCK'
INFO: [Project 1-454] Reading design checkpoint '/home/rrivera/ots/srcs/otsdaq-firmware/cactus/projects/nim_plus_x_320/top/top.runs/clk_wiz_0_synth_1/clk_wiz_0.dcp' for cell 'clk_wiz_0_BLOCK'
INFO: [Project 1-454] Reading design checkpoint '/home/rrivera/ots/srcs/otsdaq-firmware/cactus/projects/nim_plus_x_320/top/top.runs/clk_wiz_1_synth_1/clk_wiz_1.dcp' for cell 'genExtClkMux[0].clk_wiz_1_BLOCK'
INFO: [Project 1-454] Reading design checkpoint '/home/rrivera/ots/srcs/otsdaq-firmware/cactus/projects/nim_plus_x_320/top/top.runs/clk_wiz_2_synth_1/clk_wiz_2.dcp' for cell 'clk_wiz_2_BLOCK'
INFO: [Project 1-454] Reading design checkpoint '/home/rrivera/ots/srcs/otsdaq-firmware/cactus/projects/nim_plus_x_320/top/top.runs/xilinx_64b_counter_synth_1/xilinx_64b_counter.dcp' for cell 'NIM_BLOCK/U115/U7'
INFO: [Project 1-454] Reading design checkpoint '/home/rrivera/ots/srcs/otsdaq-firmware/cactus/projects/nim_plus_x_320/top/top.runs/xilinx_64b_counter_synth_1/xilinx_64b_counter.dcp' for cell 'NIM_BLOCK/U117/U7'
INFO: [Project 1-454] Reading design checkpoint '/home/rrivera/ots/srcs/otsdaq-firmware/cactus/projects/nim_plus_x_320/top/top.runs/xilinx_64b_counter_synth_1/xilinx_64b_counter.dcp' for cell 'NIM_BLOCK/U266/U7'
INFO: [Netlist 29-17] Analyzing 517 Unisim elements for replacement
INFO: [Netlist 29-28] Unisim Transformation completed in 0 CPU seconds
INFO: [Project 1-479] Netlist was created with Vivado 2015.2
INFO: [Device 21-403] Loading part xc7k325tffg900-2
INFO: [Project 1-570] Preparing netlist for logic optimization
WARNING: [Opt 31-32] Removing redundant IBUF since it is not being driven by a top-level port. clk_wiz_2_BLOCK/U0/clkin1_ibufg 
Resolution: The tool has removed redundant IBUF. To resolve this warning, check for redundant IBUF in the input design.
WARNING: [Constraints 18-550] Could not create 'IBUF_LOW_PWR' constraint because net 'clk_wiz_2_BLOCK/clk_39_in' is not directly connected to top level port. 'IBUF_LOW_PWR' is ignored by Vivado but preserved for implementation tool. [/home/rrivera/ots/srcs/otsdaq-firmware/mu2e_coinc_source/.Xil/Vivado-6465-rulinux03.dhcp.fnal.gov/dcp_5/clk_wiz_2.edf:343]
Parsing XDC File [/home/rrivera/ots/srcs/otsdaq-firmware/cactus/projects/nim_plus_x_320/top/top.srcs/sources_1/ip/NIM_CLKS/NIM_CLKS_board.xdc] for cell 'NIM_CLKS_BLOCK/U0'
Finished Parsing XDC File [/home/rrivera/ots/srcs/otsdaq-firmware/cactus/projects/nim_plus_x_320/top/top.srcs/sources_1/ip/NIM_CLKS/NIM_CLKS_board.xdc] for cell 'NIM_CLKS_BLOCK/U0'
Parsing XDC File [/home/rrivera/ots/srcs/otsdaq-firmware/cactus/projects/nim_plus_x_320/top/top.srcs/sources_1/ip/NIM_CLKS/NIM_CLKS.xdc] for cell 'NIM_CLKS_BLOCK/U0'
Finished Parsing XDC File [/home/rrivera/ots/srcs/otsdaq-firmware/cactus/projects/nim_plus_x_320/top/top.srcs/sources_1/ip/NIM_CLKS/NIM_CLKS.xdc] for cell 'NIM_CLKS_BLOCK/U0'
Parsing XDC File [/home/rrivera/ots/srcs/otsdaq-firmware/cactus/projects/nim_plus_x_320/top/top.srcs/sources_1/ip/clk_wiz_0/clk_wiz_0_board.xdc] for cell 'clk_wiz_0_BLOCK/U0'
Finished Parsing XDC File [/home/rrivera/ots/srcs/otsdaq-firmware/cactus/projects/nim_plus_x_320/top/top.srcs/sources_1/ip/clk_wiz_0/clk_wiz_0_board.xdc] for cell 'clk_wiz_0_BLOCK/U0'
Parsing XDC File [/home/rrivera/ots/srcs/otsdaq-firmware/cactus/projects/nim_plus_x_320/top/top.srcs/sources_1/ip/clk_wiz_0/clk_wiz_0.xdc] for cell 'clk_wiz_0_BLOCK/U0'
Finished Parsing XDC File [/home/rrivera/ots/srcs/otsdaq-firmware/cactus/projects/nim_plus_x_320/top/top.srcs/sources_1/ip/clk_wiz_0/clk_wiz_0.xdc] for cell 'clk_wiz_0_BLOCK/U0'
Parsing XDC File [/home/rrivera/ots/srcs/otsdaq-firmware/cactus/projects/nim_plus_x_320/top/top.srcs/sources_1/ip/clk_wiz_1/clk_wiz_1_board.xdc] for cell 'genExtClkMux[0].clk_wiz_1_BLOCK/U0'
Finished Parsing XDC File [/home/rrivera/ots/srcs/otsdaq-firmware/cactus/projects/nim_plus_x_320/top/top.srcs/sources_1/ip/clk_wiz_1/clk_wiz_1_board.xdc] for cell 'genExtClkMux[0].clk_wiz_1_BLOCK/U0'
Parsing XDC File [/home/rrivera/ots/srcs/otsdaq-firmware/cactus/projects/nim_plus_x_320/top/top.srcs/sources_1/ip/clk_wiz_1/clk_wiz_1.xdc] for cell 'genExtClkMux[0].clk_wiz_1_BLOCK/U0'
Finished Parsing XDC File [/home/rrivera/ots/srcs/otsdaq-firmware/cactus/projects/nim_plus_x_320/top/top.srcs/sources_1/ip/clk_wiz_1/clk_wiz_1.xdc] for cell 'genExtClkMux[0].clk_wiz_1_BLOCK/U0'
Parsing XDC File [/home/rrivera/ots/srcs/otsdaq-firmware/cactus/projects/nim_plus_x_320/top/top.srcs/sources_1/ip/clk_wiz_2/clk_wiz_2_board.xdc] for cell 'clk_wiz_2_BLOCK/U0'
Finished Parsing XDC File [/home/rrivera/ots/srcs/otsdaq-firmware/cactus/projects/nim_plus_x_320/top/top.srcs/sources_1/ip/clk_wiz_2/clk_wiz_2_board.xdc] for cell 'clk_wiz_2_BLOCK/U0'
Parsing XDC File [/home/rrivera/ots/srcs/otsdaq-firmware/cactus/projects/nim_plus_x_320/top/top.srcs/sources_1/ip/clk_wiz_2/clk_wiz_2.xdc] for cell 'clk_wiz_2_BLOCK/U0'
INFO: [Timing 38-35] Done setting XDC timing constraints. [/home/rrivera/ots/srcs/otsdaq-firmware/cactus/projects/nim_plus_x_320/top/top.srcs/sources_1/ip/clk_wiz_2/clk_wiz_2.xdc:56]
INFO: [Timing 38-2] Deriving generated clocks [/home/rrivera/ots/srcs/otsdaq-firmware/cactus/projects/nim_plus_x_320/top/top.srcs/sources_1/ip/clk_wiz_2/clk_wiz_2.xdc:56]
get_clocks: Time (s): cpu = 00:00:12 ; elapsed = 00:00:12 . Memory (MB): peak = 7501.098 ; gain = 551.672 ; free physical = 1036 ; free virtual = 32503
WARNING: [Vivado 12-2489] -input_jitter contains time 0.251570 which will be rounded to 0.252 to ensure it is an integer multiple of 1 picosecond [/home/rrivera/ots/srcs/otsdaq-firmware/cactus/projects/nim_plus_x_320/top/top.srcs/sources_1/ip/clk_wiz_2/clk_wiz_2.xdc:56]
Finished Parsing XDC File [/home/rrivera/ots/srcs/otsdaq-firmware/cactus/projects/nim_plus_x_320/top/top.srcs/sources_1/ip/clk_wiz_2/clk_wiz_2.xdc] for cell 'clk_wiz_2_BLOCK/U0'
Sourcing Tcl File [/home/rrivera/ots/srcs/otsdaq-firmware/cactus/projects/nim_plus_x_320/top/top.srcs/constrs_1/imports/ucf/pins.tcl]
Finished Sourcing Tcl File [/home/rrivera/ots/srcs/otsdaq-firmware/cactus/projects/nim_plus_x_320/top/top.srcs/constrs_1/imports/ucf/pins.tcl]
Sourcing Tcl File [/home/rrivera/ots/srcs/otsdaq-firmware/cactus/projects/nim_plus_x_320/top/top.srcs/constrs_1/imports/ucf/clock_constraints.tcl]
WARNING: [Constraints 18-401] set_max_delay: 'NIM_BLOCK/U351/U1/int_cnt_out[27]_i_1' is not a valid endpoint. [/home/rrivera/ots/srcs/otsdaq-firmware/cactus/projects/nim_plus_x_320/top/top.srcs/constrs_1/imports/ucf/clock_constraints.tcl:16]
Resolution: A valid end point is a data pin of a sequential cell or a primary output or inout port. Please validate that all the objects returned by your query belong to this list.
WARNING: [Constraints 18-401] set_max_delay: 'NIM_BLOCK/U351/U1/cnt_out_r_reg[9]_i_2_CARRY4_GND' is not a valid endpoint. [/home/rrivera/ots/srcs/otsdaq-firmware/cactus/projects/nim_plus_x_320/top/top.srcs/constrs_1/imports/ucf/clock_constraints.tcl:16]
Resolution: A valid end point is a data pin of a sequential cell or a primary output or inout port. Please validate that all the objects returned by your query belong to this list.
WARNING: [Constraints 18-401] set_max_delay: 'NIM_BLOCK/U351/U1/cnt_out_r_reg[9]_i_2_CARRY4' is not a valid endpoint. [/home/rrivera/ots/srcs/otsdaq-firmware/cactus/projects/nim_plus_x_320/top/top.srcs/constrs_1/imports/ucf/clock_constraints.tcl:16]
Resolution: A valid end point is a data pin of a sequential cell or a primary output or inout port. Please validate that all the objects returned by your query belong to this list.
WARNING: [Constraints 18-401] set_max_delay: 'NIM_BLOCK/U351/U1/cnt_out_r_reg[5]_i_2_CARRY4_GND' is not a valid endpoint. [/home/rrivera/ots/srcs/otsdaq-firmware/cactus/projects/nim_plus_x_320/top/top.srcs/constrs_1/imports/ucf/clock_constraints.tcl:16]
Resolution: A valid end point is a data pin of a sequential cell or a primary output or inout port. Please validate that all the objects returned by your query belong to this list.
WARNING: [Constraints 18-401] set_max_delay: 'NIM_BLOCK/U351/U1/cnt_out_r_reg[5]_i_2_CARRY4' is not a valid endpoint. [/home/rrivera/ots/srcs/otsdaq-firmware/cactus/projects/nim_plus_x_320/top/top.srcs/constrs_1/imports/ucf/clock_constraints.tcl:16]
Resolution: A valid end point is a data pin of a sequential cell or a primary output or inout port. Please validate that all the objects returned by your query belong to this list.
WARNING: [Constraints 18-401] set_max_delay: 'NIM_BLOCK/U351/U1/cnt_out_r_reg[29]_i_2_CARRY4_GND' is not a valid endpoint. [/home/rrivera/ots/srcs/otsdaq-firmware/cactus/projects/nim_plus_x_320/top/top.srcs/constrs_1/imports/ucf/clock_constraints.tcl:16]
Resolution: A valid end point is a data pin of a sequential cell or a primary output or inout port. Please validate that all the objects returned by your query belong to this list.
WARNING: [Constraints 18-401] set_max_delay: 'NIM_BLOCK/U351/U1/cnt_out_r_reg[29]_i_2_CARRY4' is not a valid endpoint. [/home/rrivera/ots/srcs/otsdaq-firmware/cactus/projects/nim_plus_x_320/top/top.srcs/constrs_1/imports/ucf/clock_constraints.tcl:16]
Resolution: A valid end point is a data pin of a sequential cell or a primary output or inout port. Please validate that all the objects returned by your query belong to this list.
WARNING: [Constraints 18-401] set_max_delay: 'NIM_BLOCK/U351/U1/cnt_out_r_reg[25]_i_2_CARRY4_GND' is not a valid endpoint. [/home/rrivera/ots/srcs/otsdaq-firmware/cactus/projects/nim_plus_x_320/top/top.srcs/constrs_1/imports/ucf/clock_constraints.tcl:16]
Resolution: A valid end point is a data pin of a sequential cell or a primary output or inout port. Please validate that all the objects returned by your query belong to this list.
WARNING: [Constraints 18-401] set_max_delay: 'NIM_BLOCK/U351/U1/cnt_out_r_reg[25]_i_2_CARRY4' is not a valid endpoint. [/home/rrivera/ots/srcs/otsdaq-firmware/cactus/projects/nim_plus_x_320/top/top.srcs/constrs_1/imports/ucf/clock_constraints.tcl:16]
Resolution: A valid end point is a data pin of a sequential cell or a primary output or inout port. Please validate that all the objects returned by your query belong to this list.
WARNING: [Constraints 18-401] set_max_delay: 'NIM_BLOCK/U351/U1/cnt_out_r_reg[21]_i_2_CARRY4_GND' is not a valid endpoint. [/home/rrivera/ots/srcs/otsdaq-firmware/cactus/projects/nim_plus_x_320/top/top.srcs/constrs_1/imports/ucf/clock_constraints.tcl:16]
Resolution: A valid end point is a data pin of a sequential cell or a primary output or inout port. Please validate that all the objects returned by your query belong to this list.
WARNING: [Constraints 18-401] set_max_delay: 'NIM_BLOCK/U351/U1/cnt_out_r_reg[21]_i_2_CARRY4' is not a valid endpoint. [/home/rrivera/ots/srcs/otsdaq-firmware/cactus/projects/nim_plus_x_320/top/top.srcs/constrs_1/imports/ucf/clock_constraints.tcl:16]
Resolution: A valid end point is a data pin of a sequential cell or a primary output or inout port. Please validate that all the objects returned by your query belong to this list.
WARNING: [Constraints 18-401] set_max_delay: 'NIM_BLOCK/U351/U1/cnt_out_r_reg[1]_i_2_CARRY4_GND' is not a valid endpoint. [/home/rrivera/ots/srcs/otsdaq-firmware/cactus/projects/nim_plus_x_320/top/top.srcs/constrs_1/imports/ucf/clock_constraints.tcl:16]
Resolution: A valid end point is a data pin of a sequential cell or a primary output or inout port. Please validate that all the objects returned by your query belong to this list.
WARNING: [Constraints 18-401] set_max_delay: 'NIM_BLOCK/U351/U1/cnt_out_r_reg[1]_i_2_CARRY4' is not a valid endpoint. [/home/rrivera/ots/srcs/otsdaq-firmware/cactus/projects/nim_plus_x_320/top/top.srcs/constrs_1/imports/ucf/clock_constraints.tcl:16]
Resolution: A valid end point is a data pin of a sequential cell or a primary output or inout port. Please validate that all the objects returned by your query belong to this list.
WARNING: [Constraints 18-401] set_max_delay: 'NIM_BLOCK/U351/U1/cnt_out_r_reg[17]_i_2_CARRY4_GND' is not a valid endpoint. [/home/rrivera/ots/srcs/otsdaq-firmware/cactus/projects/nim_plus_x_320/top/top.srcs/constrs_1/imports/ucf/clock_constraints.tcl:16]
Resolution: A valid end point is a data pin of a sequential cell or a primary output or inout port. Please validate that all the objects returned by your query belong to this list.
WARNING: [Constraints 18-401] set_max_delay: 'NIM_BLOCK/U351/U1/cnt_out_r_reg[17]_i_2_CARRY4' is not a valid endpoint. [/home/rrivera/ots/srcs/otsdaq-firmware/cactus/projects/nim_plus_x_320/top/top.srcs/constrs_1/imports/ucf/clock_constraints.tcl:16]
Resolution: A valid end point is a data pin of a sequential cell or a primary output or inout port. Please validate that all the objects returned by your query belong to this list.
WARNING: [Constraints 18-401] set_max_delay: 'NIM_BLOCK/U351/U1/cnt_out_r_reg[13]_i_2_CARRY4_GND' is not a valid endpoint. [/home/rrivera/ots/srcs/otsdaq-firmware/cactus/projects/nim_plus_x_320/top/top.srcs/constrs_1/imports/ucf/clock_constraints.tcl:16]
Resolution: A valid end point is a data pin of a sequential cell or a primary output or inout port. Please validate that all the objects returned by your query belong to this list.
WARNING: [Constraints 18-401] set_max_delay: 'NIM_BLOCK/U351/U1/cnt_out_r_reg[13]_i_2_CARRY4' is not a valid endpoint. [/home/rrivera/ots/srcs/otsdaq-firmware/cactus/projects/nim_plus_x_320/top/top.srcs/constrs_1/imports/ucf/clock_constraints.tcl:16]
Resolution: A valid end point is a data pin of a sequential cell or a primary output or inout port. Please validate that all the objects returned by your query belong to this list.
WARNING: [Constraints 18-401] set_max_delay: 'NIM_BLOCK/U351/U1/cnt_out_r[0]_i_8' is not a valid endpoint. [/home/rrivera/ots/srcs/otsdaq-firmware/cactus/projects/nim_plus_x_320/top/top.srcs/constrs_1/imports/ucf/clock_constraints.tcl:16]
Resolution: A valid end point is a data pin of a sequential cell or a primary output or inout port. Please validate that all the objects returned by your query belong to this list.
WARNING: [Constraints 18-401] set_max_delay: 'NIM_BLOCK/U351/U1/cnt_out_r[0]_i_7' is not a valid endpoint. [/home/rrivera/ots/srcs/otsdaq-firmware/cactus/projects/nim_plus_x_320/top/top.srcs/constrs_1/imports/ucf/clock_constraints.tcl:16]
Resolution: A valid end point is a data pin of a sequential cell or a primary output or inout port. Please validate that all the objects returned by your query belong to this list.
WARNING: [Constraints 18-401] set_max_delay: 'NIM_BLOCK/U351/U1/cnt_out_r[0]_i_9' is not a valid endpoint. [/home/rrivera/ots/srcs/otsdaq-firmware/cactus/projects/nim_plus_x_320/top/top.srcs/constrs_1/imports/ucf/clock_constraints.tcl:16]
Resolution: A valid end point is a data pin of a sequential cell or a primary output or inout port. Please validate that all the objects returned by your query belong to this list.
WARNING: [Constraints 18-401] set_max_delay: 'NIM_BLOCK/U351/U1/cnt_out_r[0]_i_6' is not a valid endpoint. [/home/rrivera/ots/srcs/otsdaq-firmware/cactus/projects/nim_plus_x_320/top/top.srcs/constrs_1/imports/ucf/clock_constraints.tcl:16]
Resolution: A valid end point is a data pin of a sequential cell or a primary output or inout port. Please validate that all the objects returned by your query belong to this list.
WARNING: [Constraints 18-401] set_max_delay: 'NIM_BLOCK/U351/U1/cnt_out_r[0]_i_5' is not a valid endpoint. [/home/rrivera/ots/srcs/otsdaq-firmware/cactus/projects/nim_plus_x_320/top/top.srcs/constrs_1/imports/ucf/clock_constraints.tcl:16]
Resolution: A valid end point is a data pin of a sequential cell or a primary output or inout port. Please validate that all the objects returned by your query belong to this list.
WARNING: [Constraints 18-401] set_max_delay: 'NIM_BLOCK/U351/U1/cnt_out_r[0]_i_4' is not a valid endpoint. [/home/rrivera/ots/srcs/otsdaq-firmware/cactus/projects/nim_plus_x_320/top/top.srcs/constrs_1/imports/ucf/clock_constraints.tcl:16]
Resolution: A valid end point is a data pin of a sequential cell or a primary output or inout port. Please validate that all the objects returned by your query belong to this list.
WARNING: [Constraints 18-401] set_max_delay: 'NIM_BLOCK/U351/U1/cnt_out_r[0]_i_2' is not a valid endpoint. [/home/rrivera/ots/srcs/otsdaq-firmware/cactus/projects/nim_plus_x_320/top/top.srcs/constrs_1/imports/ucf/clock_constraints.tcl:16]
Resolution: A valid end point is a data pin of a sequential cell or a primary output or inout port. Please validate that all the objects returned by your query belong to this list.
WARNING: [Constraints 18-401] set_max_delay: 'NIM_BLOCK/U351/U1/cnt_out_r[0]_i_10' is not a valid endpoint. [/home/rrivera/ots/srcs/otsdaq-firmware/cactus/projects/nim_plus_x_320/top/top.srcs/constrs_1/imports/ucf/clock_constraints.tcl:16]
Resolution: A valid end point is a data pin of a sequential cell or a primary output or inout port. Please validate that all the objects returned by your query belong to this list.
WARNING: [Constraints 18-401] set_max_delay: 'NIM_BLOCK/U351/U1/cnt_out_r[0]_i_1' is not a valid endpoint. [/home/rrivera/ots/srcs/otsdaq-firmware/cactus/projects/nim_plus_x_320/top/top.srcs/constrs_1/imports/ucf/clock_constraints.tcl:16]
Resolution: A valid end point is a data pin of a sequential cell or a primary output or inout port. Please validate that all the objects returned by your query belong to this list.
WARNING: [Constraints 18-401] set_max_delay: 'NIM_BLOCK/U351/U1/VCC' is not a valid endpoint. [/home/rrivera/ots/srcs/otsdaq-firmware/cactus/projects/nim_plus_x_320/top/top.srcs/constrs_1/imports/ucf/clock_constraints.tcl:16]
Resolution: A valid end point is a data pin of a sequential cell or a primary output or inout port. Please validate that all the objects returned by your query belong to this list.
WARNING: [Constraints 18-401] set_max_delay: 'NIM_BLOCK/U351/U1/GND' is not a valid endpoint. [/home/rrivera/ots/srcs/otsdaq-firmware/cactus/projects/nim_plus_x_320/top/top.srcs/constrs_1/imports/ucf/clock_constraints.tcl:16]
Resolution: A valid end point is a data pin of a sequential cell or a primary output or inout port. Please validate that all the objects returned by your query belong to this list.
WARNING: [Constraints 18-401] set_max_delay: 'NIM_BLOCK/U351/GND' is not a valid endpoint. [/home/rrivera/ots/srcs/otsdaq-firmware/cactus/projects/nim_plus_x_320/top/top.srcs/constrs_1/imports/ucf/clock_constraints.tcl:16]
Resolution: A valid end point is a data pin of a sequential cell or a primary output or inout port. Please validate that all the objects returned by your query belong to this list.
WARNING: [Constraints 18-401] set_max_delay: 'NIM_BLOCK/U351/U2/VCC' is not a valid endpoint. [/home/rrivera/ots/srcs/otsdaq-firmware/cactus/projects/nim_plus_x_320/top/top.srcs/constrs_1/imports/ucf/clock_constraints.tcl:16]
Resolution: A valid end point is a data pin of a sequential cell or a primary output or inout port. Please validate that all the objects returned by your query belong to this list.
WARNING: [Constraints 18-401] set_max_delay: 'NIM_BLOCK/U351/U2/GND' is not a valid endpoint. [/home/rrivera/ots/srcs/otsdaq-firmware/cactus/projects/nim_plus_x_320/top/top.srcs/constrs_1/imports/ucf/clock_constraints.tcl:16]
Resolution: A valid end point is a data pin of a sequential cell or a primary output or inout port. Please validate that all the objects returned by your query belong to this list.
WARNING: [Constraints 18-401] set_max_delay: 'NIM_BLOCK/U353/U1/cnt_out_r_reg[25]_i_2_CARRY4_GND' is not a valid endpoint. [/home/rrivera/ots/srcs/otsdaq-firmware/cactus/projects/nim_plus_x_320/top/top.srcs/constrs_1/imports/ucf/clock_constraints.tcl:17]
Resolution: A valid end point is a data pin of a sequential cell or a primary output or inout port. Please validate that all the objects returned by your query belong to this list.
WARNING: [Constraints 18-401] set_max_delay: 'NIM_BLOCK/U353/U1/cnt_out_r_reg[25]_i_2_CARRY4' is not a valid endpoint. [/home/rrivera/ots/srcs/otsdaq-firmware/cactus/projects/nim_plus_x_320/top/top.srcs/constrs_1/imports/ucf/clock_constraints.tcl:17]
Resolution: A valid end point is a data pin of a sequential cell or a primary output or inout port. Please validate that all the objects returned by your query belong to this list.
WARNING: [Constraints 18-401] set_max_delay: 'NIM_BLOCK/U353/U1/cnt_out_r_reg[21]_i_2_CARRY4_GND' is not a valid endpoint. [/home/rrivera/ots/srcs/otsdaq-firmware/cactus/projects/nim_plus_x_320/top/top.srcs/constrs_1/imports/ucf/clock_constraints.tcl:17]
Resolution: A valid end point is a data pin of a sequential cell or a primary output or inout port. Please validate that all the objects returned by your query belong to this list.
WARNING: [Constraints 18-401] set_max_delay: 'NIM_BLOCK/U353/U1/cnt_out_r_reg[21]_i_2_CARRY4' is not a valid endpoint. [/home/rrivera/ots/srcs/otsdaq-firmware/cactus/projects/nim_plus_x_320/top/top.srcs/constrs_1/imports/ucf/clock_constraints.tcl:17]
Resolution: A valid end point is a data pin of a sequential cell or a primary output or inout port. Please validate that all the objects returned by your query belong to this list.
WARNING: [Constraints 18-401] set_max_delay: 'NIM_BLOCK/U353/U1/cnt_out_r_reg[1]_i_2_CARRY4_GND' is not a valid endpoint. [/home/rrivera/ots/srcs/otsdaq-firmware/cactus/projects/nim_plus_x_320/top/top.srcs/constrs_1/imports/ucf/clock_constraints.tcl:17]
Resolution: A valid end point is a data pin of a sequential cell or a primary output or inout port. Please validate that all the objects returned by your query belong to this list.
WARNING: [Constraints 18-401] set_max_delay: 'NIM_BLOCK/U353/U1/cnt_out_r_reg[1]_i_2_CARRY4' is not a valid endpoint. [/home/rrivera/ots/srcs/otsdaq-firmware/cactus/projects/nim_plus_x_320/top/top.srcs/constrs_1/imports/ucf/clock_constraints.tcl:17]
Resolution: A valid end point is a data pin of a sequential cell or a primary output or inout port. Please validate that all the objects returned by your query belong to this list.
WARNING: [Constraints 18-401] set_max_delay: 'NIM_BLOCK/U353/U1/cnt_out_r_reg[17]_i_2_CARRY4_GND' is not a valid endpoint. [/home/rrivera/ots/srcs/otsdaq-firmware/cactus/projects/nim_plus_x_320/top/top.srcs/constrs_1/imports/ucf/clock_constraints.tcl:17]
Resolution: A valid end point is a data pin of a sequential cell or a primary output or inout port. Please validate that all the objects returned by your query belong to this list.
WARNING: [Constraints 18-401] set_max_delay: 'NIM_BLOCK/U353/U1/cnt_out_r_reg[17]_i_2_CARRY4' is not a valid endpoint. [/home/rrivera/ots/srcs/otsdaq-firmware/cactus/projects/nim_plus_x_320/top/top.srcs/constrs_1/imports/ucf/clock_constraints.tcl:17]
Resolution: A valid end point is a data pin of a sequential cell or a primary output or inout port. Please validate that all the objects returned by your query belong to this list.
WARNING: [Constraints 18-401] set_max_delay: 'NIM_BLOCK/U353/U1/cnt_out_r_reg[13]_i_2_CARRY4_GND' is not a valid endpoint. [/home/rrivera/ots/srcs/otsdaq-firmware/cactus/projects/nim_plus_x_320/top/top.srcs/constrs_1/imports/ucf/clock_constraints.tcl:17]
Resolution: A valid end point is a data pin of a sequential cell or a primary output or inout port. Please validate that all the objects returned by your query belong to this list.
WARNING: [Constraints 18-401] set_max_delay: 'NIM_BLOCK/U353/U1/cnt_out_r_reg[13]_i_2_CARRY4' is not a valid endpoint. [/home/rrivera/ots/srcs/otsdaq-firmware/cactus/projects/nim_plus_x_320/top/top.srcs/constrs_1/imports/ucf/clock_constraints.tcl:17]
Resolution: A valid end point is a data pin of a sequential cell or a primary output or inout port. Please validate that all the objects returned by your query belong to this list.
WARNING: [Constraints 18-401] set_max_delay: 'NIM_BLOCK/U353/U1/cnt_out_r[0]_i_8' is not a valid endpoint. [/home/rrivera/ots/srcs/otsdaq-firmware/cactus/projects/nim_plus_x_320/top/top.srcs/constrs_1/imports/ucf/clock_constraints.tcl:17]
Resolution: A valid end point is a data pin of a sequential cell or a primary output or inout port. Please validate that all the objects returned by your query belong to this list.
WARNING: [Constraints 18-401] set_max_delay: 'NIM_BLOCK/U353/U1/cnt_out_r[0]_i_7' is not a valid endpoint. [/home/rrivera/ots/srcs/otsdaq-firmware/cactus/projects/nim_plus_x_320/top/top.srcs/constrs_1/imports/ucf/clock_constraints.tcl:17]
Resolution: A valid end point is a data pin of a sequential cell or a primary output or inout port. Please validate that all the objects returned by your query belong to this list.
WARNING: [Constraints 18-401] set_max_delay: 'NIM_BLOCK/U353/U1/cnt_out_r[0]_i_9' is not a valid endpoint. [/home/rrivera/ots/srcs/otsdaq-firmware/cactus/projects/nim_plus_x_320/top/top.srcs/constrs_1/imports/ucf/clock_constraints.tcl:17]
Resolution: A valid end point is a data pin of a sequential cell or a primary output or inout port. Please validate that all the objects returned by your query belong to this list.
WARNING: [Constraints 18-401] set_max_delay: 'NIM_BLOCK/U353/U1/cnt_out_r[0]_i_6' is not a valid endpoint. [/home/rrivera/ots/srcs/otsdaq-firmware/cactus/projects/nim_plus_x_320/top/top.srcs/constrs_1/imports/ucf/clock_constraints.tcl:17]
Resolution: A valid end point is a data pin of a sequential cell or a primary output or inout port. Please validate that all the objects returned by your query belong to this list.
WARNING: [Constraints 18-401] set_max_delay: 'NIM_BLOCK/U353/U1/cnt_out_r[0]_i_5' is not a valid endpoint. [/home/rrivera/ots/srcs/otsdaq-firmware/cactus/projects/nim_plus_x_320/top/top.srcs/constrs_1/imports/ucf/clock_constraints.tcl:17]
Resolution: A valid end point is a data pin of a sequential cell or a primary output or inout port. Please validate that all the objects returned by your query belong to this list.
WARNING: [Constraints 18-401] set_max_delay: 'NIM_BLOCK/U353/U1/cnt_out_r[0]_i_4' is not a valid endpoint. [/home/rrivera/ots/srcs/otsdaq-firmware/cactus/projects/nim_plus_x_320/top/top.srcs/constrs_1/imports/ucf/clock_constraints.tcl:17]
Resolution: A valid end point is a data pin of a sequential cell or a primary output or inout port. Please validate that all the objects returned by your query belong to this list.
WARNING: [Constraints 18-401] set_max_delay: 'NIM_BLOCK/U353/U1/cnt_out_r[0]_i_2' is not a valid endpoint. [/home/rrivera/ots/srcs/otsdaq-firmware/cactus/projects/nim_plus_x_320/top/top.srcs/constrs_1/imports/ucf/clock_constraints.tcl:17]
Resolution: A valid end point is a data pin of a sequential cell or a primary output or inout port. Please validate that all the objects returned by your query belong to this list.
WARNING: [Constraints 18-401] set_max_delay: 'NIM_BLOCK/U353/U1/cnt_out_r[0]_i_10' is not a valid endpoint. [/home/rrivera/ots/srcs/otsdaq-firmware/cactus/projects/nim_plus_x_320/top/top.srcs/constrs_1/imports/ucf/clock_constraints.tcl:17]
Resolution: A valid end point is a data pin of a sequential cell or a primary output or inout port. Please validate that all the objects returned by your query belong to this list.
WARNING: [Constraints 18-401] set_max_delay: 'NIM_BLOCK/U353/U1/cnt_out_r[0]_i_1' is not a valid endpoint. [/home/rrivera/ots/srcs/otsdaq-firmware/cactus/projects/nim_plus_x_320/top/top.srcs/constrs_1/imports/ucf/clock_constraints.tcl:17]
Resolution: A valid end point is a data pin of a sequential cell or a primary output or inout port. Please validate that all the objects returned by your query belong to this list.
WARNING: [Constraints 18-401] set_max_delay: 'NIM_BLOCK/U353/U1/VCC' is not a valid endpoint. [/home/rrivera/ots/srcs/otsdaq-firmware/cactus/projects/nim_plus_x_320/top/top.srcs/constrs_1/imports/ucf/clock_constraints.tcl:17]
Resolution: A valid end point is a data pin of a sequential cell or a primary output or inout port. Please validate that all the objects returned by your query belong to this list.
WARNING: [Constraints 18-401] set_max_delay: 'NIM_BLOCK/U353/U1/GND' is not a valid endpoint. [/home/rrivera/ots/srcs/otsdaq-firmware/cactus/projects/nim_plus_x_320/top/top.srcs/constrs_1/imports/ucf/clock_constraints.tcl:17]
Resolution: A valid end point is a data pin of a sequential cell or a primary output or inout port. Please validate that all the objects returned by your query belong to this list.
WARNING: [Constraints 18-401] set_max_delay: 'NIM_BLOCK/U353/GND' is not a valid endpoint. [/home/rrivera/ots/srcs/otsdaq-firmware/cactus/projects/nim_plus_x_320/top/top.srcs/constrs_1/imports/ucf/clock_constraints.tcl:17]
Resolution: A valid end point is a data pin of a sequential cell or a primary output or inout port. Please validate that all the objects returned by your query belong to this list.
WARNING: [Constraints 18-401] set_max_delay: 'NIM_BLOCK/U353/U2/VCC' is not a valid endpoint. [/home/rrivera/ots/srcs/otsdaq-firmware/cactus/projects/nim_plus_x_320/top/top.srcs/constrs_1/imports/ucf/clock_constraints.tcl:17]
Resolution: A valid end point is a data pin of a sequential cell or a primary output or inout port. Please validate that all the objects returned by your query belong to this list.
WARNING: [Constraints 18-401] set_max_delay: 'NIM_BLOCK/U353/U2/GND' is not a valid endpoint. [/home/rrivera/ots/srcs/otsdaq-firmware/cactus/projects/nim_plus_x_320/top/top.srcs/constrs_1/imports/ucf/clock_constraints.tcl:17]
Resolution: A valid end point is a data pin of a sequential cell or a primary output or inout port. Please validate that all the objects returned by your query belong to this list.
WARNING: [Constraints 18-401] set_max_delay: 'NIM_BLOCK/U353/U1/int_cnt_out[27]_i_1' is not a valid endpoint. [/home/rrivera/ots/srcs/otsdaq-firmware/cactus/projects/nim_plus_x_320/top/top.srcs/constrs_1/imports/ucf/clock_constraints.tcl:17]
Resolution: A valid end point is a data pin of a sequential cell or a primary output or inout port. Please validate that all the objects returned by your query belong to this list.
WARNING: [Constraints 18-401] set_max_delay: 'NIM_BLOCK/U353/U1/cnt_out_r_reg[9]_i_2_CARRY4_GND' is not a valid endpoint. [/home/rrivera/ots/srcs/otsdaq-firmware/cactus/projects/nim_plus_x_320/top/top.srcs/constrs_1/imports/ucf/clock_constraints.tcl:17]
Resolution: A valid end point is a data pin of a sequential cell or a primary output or inout port. Please validate that all the objects returned by your query belong to this list.
WARNING: [Constraints 18-401] set_max_delay: 'NIM_BLOCK/U353/U1/cnt_out_r_reg[9]_i_2_CARRY4' is not a valid endpoint. [/home/rrivera/ots/srcs/otsdaq-firmware/cactus/projects/nim_plus_x_320/top/top.srcs/constrs_1/imports/ucf/clock_constraints.tcl:17]
Resolution: A valid end point is a data pin of a sequential cell or a primary output or inout port. Please validate that all the objects returned by your query belong to this list.
WARNING: [Constraints 18-401] set_max_delay: 'NIM_BLOCK/U353/U1/cnt_out_r_reg[5]_i_2_CARRY4_GND' is not a valid endpoint. [/home/rrivera/ots/srcs/otsdaq-firmware/cactus/projects/nim_plus_x_320/top/top.srcs/constrs_1/imports/ucf/clock_constraints.tcl:17]
Resolution: A valid end point is a data pin of a sequential cell or a primary output or inout port. Please validate that all the objects returned by your query belong to this list.
WARNING: [Constraints 18-401] set_max_delay: 'NIM_BLOCK/U353/U1/cnt_out_r_reg[5]_i_2_CARRY4' is not a valid endpoint. [/home/rrivera/ots/srcs/otsdaq-firmware/cactus/projects/nim_plus_x_320/top/top.srcs/constrs_1/imports/ucf/clock_constraints.tcl:17]
Resolution: A valid end point is a data pin of a sequential cell or a primary output or inout port. Please validate that all the objects returned by your query belong to this list.
WARNING: [Constraints 18-401] set_max_delay: 'NIM_BLOCK/U353/U1/cnt_out_r_reg[29]_i_2_CARRY4_GND' is not a valid endpoint. [/home/rrivera/ots/srcs/otsdaq-firmware/cactus/projects/nim_plus_x_320/top/top.srcs/constrs_1/imports/ucf/clock_constraints.tcl:17]
Resolution: A valid end point is a data pin of a sequential cell or a primary output or inout port. Please validate that all the objects returned by your query belong to this list.
WARNING: [Constraints 18-401] set_max_delay: 'NIM_BLOCK/U353/U1/cnt_out_r_reg[29]_i_2_CARRY4' is not a valid endpoint. [/home/rrivera/ots/srcs/otsdaq-firmware/cactus/projects/nim_plus_x_320/top/top.srcs/constrs_1/imports/ucf/clock_constraints.tcl:17]
Resolution: A valid end point is a data pin of a sequential cell or a primary output or inout port. Please validate that all the objects returned by your query belong to this list.
WARNING: [Constraints 18-401] set_max_delay: 'NIM_BLOCK/U355/U1/int_cnt_out[27]_i_1' is not a valid endpoint. [/home/rrivera/ots/srcs/otsdaq-firmware/cactus/projects/nim_plus_x_320/top/top.srcs/constrs_1/imports/ucf/clock_constraints.tcl:18]
Resolution: A valid end point is a data pin of a sequential cell or a primary output or inout port. Please validate that all the objects returned by your query belong to this list.
WARNING: [Constraints 18-401] set_max_delay: 'NIM_BLOCK/U355/U1/cnt_out_r_reg[9]_i_2_CARRY4_GND' is not a valid endpoint. [/home/rrivera/ots/srcs/otsdaq-firmware/cactus/projects/nim_plus_x_320/top/top.srcs/constrs_1/imports/ucf/clock_constraints.tcl:18]
Resolution: A valid end point is a data pin of a sequential cell or a primary output or inout port. Please validate that all the objects returned by your query belong to this list.
WARNING: [Constraints 18-401] set_max_delay: 'NIM_BLOCK/U355/U1/cnt_out_r_reg[9]_i_2_CARRY4' is not a valid endpoint. [/home/rrivera/ots/srcs/otsdaq-firmware/cactus/projects/nim_plus_x_320/top/top.srcs/constrs_1/imports/ucf/clock_constraints.tcl:18]
Resolution: A valid end point is a data pin of a sequential cell or a primary output or inout port. Please validate that all the objects returned by your query belong to this list.
WARNING: [Constraints 18-401] set_max_delay: 'NIM_BLOCK/U355/U1/cnt_out_r_reg[5]_i_2_CARRY4_GND' is not a valid endpoint. [/home/rrivera/ots/srcs/otsdaq-firmware/cactus/projects/nim_plus_x_320/top/top.srcs/constrs_1/imports/ucf/clock_constraints.tcl:18]
Resolution: A valid end point is a data pin of a sequential cell or a primary output or inout port. Please validate that all the objects returned by your query belong to this list.
WARNING: [Constraints 18-401] set_max_delay: 'NIM_BLOCK/U355/U1/cnt_out_r_reg[5]_i_2_CARRY4' is not a valid endpoint. [/home/rrivera/ots/srcs/otsdaq-firmware/cactus/projects/nim_plus_x_320/top/top.srcs/constrs_1/imports/ucf/clock_constraints.tcl:18]
Resolution: A valid end point is a data pin of a sequential cell or a primary output or inout port. Please validate that all the objects returned by your query belong to this list.
WARNING: [Constraints 18-401] set_max_delay: 'NIM_BLOCK/U355/U1/cnt_out_r_reg[29]_i_2_CARRY4_GND' is not a valid endpoint. [/home/rrivera/ots/srcs/otsdaq-firmware/cactus/projects/nim_plus_x_320/top/top.srcs/constrs_1/imports/ucf/clock_constraints.tcl:18]
Resolution: A valid end point is a data pin of a sequential cell or a primary output or inout port. Please validate that all the objects returned by your query belong to this list.
WARNING: [Constraints 18-401] set_max_delay: 'NIM_BLOCK/U355/U1/cnt_out_r_reg[29]_i_2_CARRY4' is not a valid endpoint. [/home/rrivera/ots/srcs/otsdaq-firmware/cactus/projects/nim_plus_x_320/top/top.srcs/constrs_1/imports/ucf/clock_constraints.tcl:18]
Resolution: A valid end point is a data pin of a sequential cell or a primary output or inout port. Please validate that all the objects returned by your query belong to this list.
WARNING: [Constraints 18-401] set_max_delay: 'NIM_BLOCK/U355/U1/cnt_out_r_reg[25]_i_2_CARRY4_GND' is not a valid endpoint. [/home/rrivera/ots/srcs/otsdaq-firmware/cactus/projects/nim_plus_x_320/top/top.srcs/constrs_1/imports/ucf/clock_constraints.tcl:18]
Resolution: A valid end point is a data pin of a sequential cell or a primary output or inout port. Please validate that all the objects returned by your query belong to this list.
WARNING: [Constraints 18-401] set_max_delay: 'NIM_BLOCK/U355/U1/cnt_out_r_reg[25]_i_2_CARRY4' is not a valid endpoint. [/home/rrivera/ots/srcs/otsdaq-firmware/cactus/projects/nim_plus_x_320/top/top.srcs/constrs_1/imports/ucf/clock_constraints.tcl:18]
Resolution: A valid end point is a data pin of a sequential cell or a primary output or inout port. Please validate that all the objects returned by your query belong to this list.
WARNING: [Constraints 18-401] set_max_delay: 'NIM_BLOCK/U355/U1/cnt_out_r_reg[21]_i_2_CARRY4_GND' is not a valid endpoint. [/home/rrivera/ots/srcs/otsdaq-firmware/cactus/projects/nim_plus_x_320/top/top.srcs/constrs_1/imports/ucf/clock_constraints.tcl:18]
Resolution: A valid end point is a data pin of a sequential cell or a primary output or inout port. Please validate that all the objects returned by your query belong to this list.
WARNING: [Constraints 18-401] set_max_delay: 'NIM_BLOCK/U355/U1/cnt_out_r_reg[21]_i_2_CARRY4' is not a valid endpoint. [/home/rrivera/ots/srcs/otsdaq-firmware/cactus/projects/nim_plus_x_320/top/top.srcs/constrs_1/imports/ucf/clock_constraints.tcl:18]
Resolution: A valid end point is a data pin of a sequential cell or a primary output or inout port. Please validate that all the objects returned by your query belong to this list.
WARNING: [Constraints 18-401] set_max_delay: 'NIM_BLOCK/U355/U1/cnt_out_r_reg[1]_i_2_CARRY4_GND' is not a valid endpoint. [/home/rrivera/ots/srcs/otsdaq-firmware/cactus/projects/nim_plus_x_320/top/top.srcs/constrs_1/imports/ucf/clock_constraints.tcl:18]
Resolution: A valid end point is a data pin of a sequential cell or a primary output or inout port. Please validate that all the objects returned by your query belong to this list.
WARNING: [Constraints 18-401] set_max_delay: 'NIM_BLOCK/U355/U1/cnt_out_r_reg[1]_i_2_CARRY4' is not a valid endpoint. [/home/rrivera/ots/srcs/otsdaq-firmware/cactus/projects/nim_plus_x_320/top/top.srcs/constrs_1/imports/ucf/clock_constraints.tcl:18]
Resolution: A valid end point is a data pin of a sequential cell or a primary output or inout port. Please validate that all the objects returned by your query belong to this list.
WARNING: [Constraints 18-401] set_max_delay: 'NIM_BLOCK/U355/U1/cnt_out_r_reg[17]_i_2_CARRY4_GND' is not a valid endpoint. [/home/rrivera/ots/srcs/otsdaq-firmware/cactus/projects/nim_plus_x_320/top/top.srcs/constrs_1/imports/ucf/clock_constraints.tcl:18]
Resolution: A valid end point is a data pin of a sequential cell or a primary output or inout port. Please validate that all the objects returned by your query belong to this list.
WARNING: [Constraints 18-401] set_max_delay: 'NIM_BLOCK/U355/U1/cnt_out_r_reg[17]_i_2_CARRY4' is not a valid endpoint. [/home/rrivera/ots/srcs/otsdaq-firmware/cactus/projects/nim_plus_x_320/top/top.srcs/constrs_1/imports/ucf/clock_constraints.tcl:18]
Resolution: A valid end point is a data pin of a sequential cell or a primary output or inout port. Please validate that all the objects returned by your query belong to this list.
WARNING: [Constraints 18-401] set_max_delay: 'NIM_BLOCK/U355/U1/cnt_out_r_reg[13]_i_2_CARRY4_GND' is not a valid endpoint. [/home/rrivera/ots/srcs/otsdaq-firmware/cactus/projects/nim_plus_x_320/top/top.srcs/constrs_1/imports/ucf/clock_constraints.tcl:18]
Resolution: A valid end point is a data pin of a sequential cell or a primary output or inout port. Please validate that all the objects returned by your query belong to this list.
WARNING: [Constraints 18-401] set_max_delay: 'NIM_BLOCK/U355/U1/cnt_out_r_reg[13]_i_2_CARRY4' is not a valid endpoint. [/home/rrivera/ots/srcs/otsdaq-firmware/cactus/projects/nim_plus_x_320/top/top.srcs/constrs_1/imports/ucf/clock_constraints.tcl:18]
Resolution: A valid end point is a data pin of a sequential cell or a primary output or inout port. Please validate that all the objects returned by your query belong to this list.
WARNING: [Constraints 18-401] set_max_delay: 'NIM_BLOCK/U355/U1/cnt_out_r[0]_i_8' is not a valid endpoint. [/home/rrivera/ots/srcs/otsdaq-firmware/cactus/projects/nim_plus_x_320/top/top.srcs/constrs_1/imports/ucf/clock_constraints.tcl:18]
Resolution: A valid end point is a data pin of a sequential cell or a primary output or inout port. Please validate that all the objects returned by your query belong to this list.
WARNING: [Constraints 18-401] set_max_delay: 'NIM_BLOCK/U355/U1/cnt_out_r[0]_i_7' is not a valid endpoint. [/home/rrivera/ots/srcs/otsdaq-firmware/cactus/projects/nim_plus_x_320/top/top.srcs/constrs_1/imports/ucf/clock_constraints.tcl:18]
Resolution: A valid end point is a data pin of a sequential cell or a primary output or inout port. Please validate that all the objects returned by your query belong to this list.
WARNING: [Constraints 18-401] set_max_delay: 'NIM_BLOCK/U355/U1/cnt_out_r[0]_i_9' is not a valid endpoint. [/home/rrivera/ots/srcs/otsdaq-firmware/cactus/projects/nim_plus_x_320/top/top.srcs/constrs_1/imports/ucf/clock_constraints.tcl:18]
Resolution: A valid end point is a data pin of a sequential cell or a primary output or inout port. Please validate that all the objects returned by your query belong to this list.
WARNING: [Constraints 18-401] set_max_delay: 'NIM_BLOCK/U355/U1/cnt_out_r[0]_i_6' is not a valid endpoint. [/home/rrivera/ots/srcs/otsdaq-firmware/cactus/projects/nim_plus_x_320/top/top.srcs/constrs_1/imports/ucf/clock_constraints.tcl:18]
Resolution: A valid end point is a data pin of a sequential cell or a primary output or inout port. Please validate that all the objects returned by your query belong to this list.
WARNING: [Constraints 18-401] set_max_delay: 'NIM_BLOCK/U355/U1/cnt_out_r[0]_i_5' is not a valid endpoint. [/home/rrivera/ots/srcs/otsdaq-firmware/cactus/projects/nim_plus_x_320/top/top.srcs/constrs_1/imports/ucf/clock_constraints.tcl:18]
Resolution: A valid end point is a data pin of a sequential cell or a primary output or inout port. Please validate that all the objects returned by your query belong to this list.
WARNING: [Constraints 18-401] set_max_delay: 'NIM_BLOCK/U355/U1/cnt_out_r[0]_i_4' is not a valid endpoint. [/home/rrivera/ots/srcs/otsdaq-firmware/cactus/projects/nim_plus_x_320/top/top.srcs/constrs_1/imports/ucf/clock_constraints.tcl:18]
Resolution: A valid end point is a data pin of a sequential cell or a primary output or inout port. Please validate that all the objects returned by your query belong to this list.
WARNING: [Constraints 18-401] set_max_delay: 'NIM_BLOCK/U355/U1/cnt_out_r[0]_i_2' is not a valid endpoint. [/home/rrivera/ots/srcs/otsdaq-firmware/cactus/projects/nim_plus_x_320/top/top.srcs/constrs_1/imports/ucf/clock_constraints.tcl:18]
Resolution: A valid end point is a data pin of a sequential cell or a primary output or inout port. Please validate that all the objects returned by your query belong to this list.
WARNING: [Constraints 18-401] set_max_delay: 'NIM_BLOCK/U355/U1/cnt_out_r[0]_i_10' is not a valid endpoint. [/home/rrivera/ots/srcs/otsdaq-firmware/cactus/projects/nim_plus_x_320/top/top.srcs/constrs_1/imports/ucf/clock_constraints.tcl:18]
Resolution: A valid end point is a data pin of a sequential cell or a primary output or inout port. Please validate that all the objects returned by your query belong to this list.
WARNING: [Constraints 18-401] set_max_delay: 'NIM_BLOCK/U355/U1/cnt_out_r[0]_i_1' is not a valid endpoint. [/home/rrivera/ots/srcs/otsdaq-firmware/cactus/projects/nim_plus_x_320/top/top.srcs/constrs_1/imports/ucf/clock_constraints.tcl:18]
Resolution: A valid end point is a data pin of a sequential cell or a primary output or inout port. Please validate that all the objects returned by your query belong to this list.
WARNING: [Constraints 18-401] set_max_delay: 'NIM_BLOCK/U355/U1/VCC' is not a valid endpoint. [/home/rrivera/ots/srcs/otsdaq-firmware/cactus/projects/nim_plus_x_320/top/top.srcs/constrs_1/imports/ucf/clock_constraints.tcl:18]
Resolution: A valid end point is a data pin of a sequential cell or a primary output or inout port. Please validate that all the objects returned by your query belong to this list.
WARNING: [Constraints 18-401] set_max_delay: 'NIM_BLOCK/U355/U1/GND' is not a valid endpoint. [/home/rrivera/ots/srcs/otsdaq-firmware/cactus/projects/nim_plus_x_320/top/top.srcs/constrs_1/imports/ucf/clock_constraints.tcl:18]
Resolution: A valid end point is a data pin of a sequential cell or a primary output or inout port. Please validate that all the objects returned by your query belong to this list.
WARNING: [Constraints 18-401] set_max_delay: 'NIM_BLOCK/U355/GND' is not a valid endpoint. [/home/rrivera/ots/srcs/otsdaq-firmware/cactus/projects/nim_plus_x_320/top/top.srcs/constrs_1/imports/ucf/clock_constraints.tcl:18]
Resolution: A valid end point is a data pin of a sequential cell or a primary output or inout port. Please validate that all the objects returned by your query belong to this list.
WARNING: [Constraints 18-401] set_max_delay: 'NIM_BLOCK/U355/U2/VCC' is not a valid endpoint. [/home/rrivera/ots/srcs/otsdaq-firmware/cactus/projects/nim_plus_x_320/top/top.srcs/constrs_1/imports/ucf/clock_constraints.tcl:18]
Resolution: A valid end point is a data pin of a sequential cell or a primary output or inout port. Please validate that all the objects returned by your query belong to this list.
WARNING: [Constraints 18-401] set_max_delay: 'NIM_BLOCK/U355/U2/GND' is not a valid endpoint. [/home/rrivera/ots/srcs/otsdaq-firmware/cactus/projects/nim_plus_x_320/top/top.srcs/constrs_1/imports/ucf/clock_constraints.tcl:18]
Resolution: A valid end point is a data pin of a sequential cell or a primary output or inout port. Please validate that all the objects returned by your query belong to this list.
WARNING: [Constraints 18-401] set_max_delay: 'NIM_BLOCK/U357/U1/int_cnt_out[27]_i_1' is not a valid endpoint. [/home/rrivera/ots/srcs/otsdaq-firmware/cactus/projects/nim_plus_x_320/top/top.srcs/constrs_1/imports/ucf/clock_constraints.tcl:19]
Resolution: A valid end point is a data pin of a sequential cell or a primary output or inout port. Please validate that all the objects returned by your query belong to this list.
WARNING: [Constraints 18-401] set_max_delay: 'NIM_BLOCK/U357/U1/cnt_out_r_reg[9]_i_2_CARRY4_GND' is not a valid endpoint. [/home/rrivera/ots/srcs/otsdaq-firmware/cactus/projects/nim_plus_x_320/top/top.srcs/constrs_1/imports/ucf/clock_constraints.tcl:19]
Resolution: A valid end point is a data pin of a sequential cell or a primary output or inout port. Please validate that all the objects returned by your query belong to this list.
WARNING: [Constraints 18-401] set_max_delay: 'NIM_BLOCK/U357/U1/cnt_out_r_reg[9]_i_2_CARRY4' is not a valid endpoint. [/home/rrivera/ots/srcs/otsdaq-firmware/cactus/projects/nim_plus_x_320/top/top.srcs/constrs_1/imports/ucf/clock_constraints.tcl:19]
Resolution: A valid end point is a data pin of a sequential cell or a primary output or inout port. Please validate that all the objects returned by your query belong to this list.
WARNING: [Constraints 18-401] set_max_delay: 'NIM_BLOCK/U357/U1/cnt_out_r_reg[5]_i_2_CARRY4_GND' is not a valid endpoint. [/home/rrivera/ots/srcs/otsdaq-firmware/cactus/projects/nim_plus_x_320/top/top.srcs/constrs_1/imports/ucf/clock_constraints.tcl:19]
Resolution: A valid end point is a data pin of a sequential cell or a primary output or inout port. Please validate that all the objects returned by your query belong to this list.
WARNING: [Constraints 18-401] set_max_delay: 'NIM_BLOCK/U357/U1/cnt_out_r_reg[5]_i_2_CARRY4' is not a valid endpoint. [/home/rrivera/ots/srcs/otsdaq-firmware/cactus/projects/nim_plus_x_320/top/top.srcs/constrs_1/imports/ucf/clock_constraints.tcl:19]
Resolution: A valid end point is a data pin of a sequential cell or a primary output or inout port. Please validate that all the objects returned by your query belong to this list.
WARNING: [Constraints 18-401] set_max_delay: 'NIM_BLOCK/U357/U1/cnt_out_r_reg[29]_i_2_CARRY4_GND' is not a valid endpoint. [/home/rrivera/ots/srcs/otsdaq-firmware/cactus/projects/nim_plus_x_320/top/top.srcs/constrs_1/imports/ucf/clock_constraints.tcl:19]
Resolution: A valid end point is a data pin of a sequential cell or a primary output or inout port. Please validate that all the objects returned by your query belong to this list.
WARNING: [Constraints 18-401] set_max_delay: 'NIM_BLOCK/U357/U1/cnt_out_r_reg[29]_i_2_CARRY4' is not a valid endpoint. [/home/rrivera/ots/srcs/otsdaq-firmware/cactus/projects/nim_plus_x_320/top/top.srcs/constrs_1/imports/ucf/clock_constraints.tcl:19]
Resolution: A valid end point is a data pin of a sequential cell or a primary output or inout port. Please validate that all the objects returned by your query belong to this list.
INFO: [Common 17-14] Message 'Constraints 18-401' appears 100 times and further instances of the messages will be disabled. Use the Tcl command set_msg_config to change the current settings. [/home/rrivera/ots/srcs/otsdaq-firmware/cactus/projects/nim_plus_x_320/top/top.srcs/constrs_1/imports/ucf/clock_constraints.tcl:19]
Finished Sourcing Tcl File [/home/rrivera/ots/srcs/otsdaq-firmware/cactus/projects/nim_plus_x_320/top/top.srcs/constrs_1/imports/ucf/clock_constraints.tcl]
Parsing XDC File [/home/rrivera/ots/srcs/otsdaq-firmware/cactus/projects/nim_plus_x_320/top/top.srcs/constrs_1/new/top_12.xdc]
Finished Parsing XDC File [/home/rrivera/ots/srcs/otsdaq-firmware/cactus/projects/nim_plus_x_320/top/top.srcs/constrs_1/new/top_12.xdc]
INFO: [Project 1-538] Using original IP XDC constraints instead of the XDC constraints in dcp '/home/rrivera/ots/srcs/otsdaq-firmware/cactus/projects/nim_plus_x_320/top/top.runs/NIM_CLKS_synth_1/NIM_CLKS.dcp'
INFO: [Project 1-538] Using original IP XDC constraints instead of the XDC constraints in dcp '/home/rrivera/ots/srcs/otsdaq-firmware/cactus/projects/nim_plus_x_320/top/top.runs/clk_wiz_0_synth_1/clk_wiz_0.dcp'
INFO: [Project 1-538] Using original IP XDC constraints instead of the XDC constraints in dcp '/home/rrivera/ots/srcs/otsdaq-firmware/cactus/projects/nim_plus_x_320/top/top.runs/clk_wiz_1_synth_1/clk_wiz_1.dcp'
INFO: [Project 1-538] Using original IP XDC constraints instead of the XDC constraints in dcp '/home/rrivera/ots/srcs/otsdaq-firmware/cactus/projects/nim_plus_x_320/top/top.runs/clk_wiz_2_synth_1/clk_wiz_2.dcp'
INFO: [Project 1-538] Using original IP XDC constraints instead of the XDC constraints in dcp '/home/rrivera/ots/srcs/otsdaq-firmware/cactus/projects/nim_plus_x_320/top/top.runs/xilinx_64b_counter_synth_1/xilinx_64b_counter.dcp'
INFO: [Project 1-538] Using original IP XDC constraints instead of the XDC constraints in dcp '/home/rrivera/ots/srcs/otsdaq-firmware/cactus/projects/nim_plus_x_320/top/top.runs/xilinx_64b_counter_synth_1/xilinx_64b_counter.dcp'
INFO: [Project 1-538] Using original IP XDC constraints instead of the XDC constraints in dcp '/home/rrivera/ots/srcs/otsdaq-firmware/cactus/projects/nim_plus_x_320/top/top.runs/xilinx_64b_counter_synth_1/xilinx_64b_counter.dcp'
INFO: [Opt 31-138] Pushed 0 inverter(s) to 0 load pin(s).
INFO: [Project 1-111] Unisim Transformation Summary:
  A total of 44 instances were transformed.
  OBUFDS => OBUFDS: 44 instances

open_run: Time (s): cpu = 00:00:26 ; elapsed = 00:00:22 . Memory (MB): peak = 7543.172 ; gain = 672.742 ; free physical = 946 ; free virtual = 32401
show_objects -name NET_ONLY [get_nets -hierarchical -top_net_of_hierarchical_group -filter { NAME =~  "*reset*" } ]
show_objects -name NET_ONLY [get_nets -hierarchical -top_net_of_hierarchical_group -filter { NAME =~  "*fifo*" } ]
show_objects -name NET_ONLY [get_nets -hierarchical -top_net_of_hierarchical_group -filter { NAME =~  "*empty*" } ]
delete_debug_core [get_debug_cores {u_ila_0 }]
create_debug_core u_ila_0_0 ila
set_property C_DATA_DEPTH 1024 [get_debug_cores u_ila_0_0]
set_property C_TRIGIN_EN false [get_debug_cores u_ila_0_0]
set_property C_TRIGOUT_EN false [get_debug_cores u_ila_0_0]
set_property C_ADV_TRIGGER false [get_debug_cores u_ila_0_0]
set_property C_INPUT_PIPE_STAGES 0 [get_debug_cores u_ila_0_0]
set_property C_EN_STRG_QUAL false [get_debug_cores u_ila_0_0]
set_property ALL_PROBE_SAME_MU true [get_debug_cores u_ila_0_0]
set_property ALL_PROBE_SAME_MU_CNT 1 [get_debug_cores u_ila_0_0]
create_debug_core u_ila_1 ila
set_property C_DATA_DEPTH 1024 [get_debug_cores u_ila_1]
set_property C_TRIGIN_EN false [get_debug_cores u_ila_1]
set_property C_TRIGOUT_EN false [get_debug_cores u_ila_1]
set_property C_ADV_TRIGGER false [get_debug_cores u_ila_1]
set_property C_INPUT_PIPE_STAGES 0 [get_debug_cores u_ila_1]
set_property C_EN_STRG_QUAL false [get_debug_cores u_ila_1]
set_property ALL_PROBE_SAME_MU true [get_debug_cores u_ila_1]
set_property ALL_PROBE_SAME_MU_CNT 1 [get_debug_cores u_ila_1]
set_property port_width 1 [get_debug_ports u_ila_0_0/clk]
connect_debug_port u_ila_0_0/clk [get_nets [list WRCLK ]]
set_property port_width 1 [get_debug_ports u_ila_1/clk]
connect_debug_port u_ila_1/clk [get_nets [list MASTER_CLK ]]
set_property port_width 4 [get_debug_ports u_ila_0_0/probe0]
connect_debug_port u_ila_0_0/probe0 [get_nets [list {nim_input[0]} {nim_input[1]} {nim_input[2]} {nim_input[3]} ]]
create_debug_port u_ila_0_0 probe
set_property port_width 4 [get_debug_ports u_ila_0_0/probe1]
connect_debug_port u_ila_0_0/probe1 [get_nets [list {NIM_BLOCK/sig_sel[0]} {NIM_BLOCK/sig_sel[1]} {NIM_BLOCK/sig_sel[2]} {NIM_BLOCK/sig_sel[3]} ]]
create_debug_port u_ila_0_0 probe
set_property port_width 1 [get_debug_ports u_ila_0_0/probe2]
connect_debug_port u_ila_0_0/probe2 [get_nets [list NIM_BLOCK/acc_release ]]
create_debug_port u_ila_0_0 probe
set_property port_width 1 [get_debug_ports u_ila_0_0/probe3]
connect_debug_port u_ila_0_0/probe3 [get_nets [list NIM_BLOCK/clk_13_25 ]]
create_debug_port u_ila_0_0 probe
set_property port_width 1 [get_debug_ports u_ila_0_0/probe4]
connect_debug_port u_ila_0_0/probe4 [get_nets [list NIM_BLOCK/clk_26_5 ]]
create_debug_port u_ila_0_0 probe
set_property port_width 1 [get_debug_ports u_ila_0_0/probe5]
connect_debug_port u_ila_0_0/probe5 [get_nets [list NIM_BLOCK/clk_39_out ]]
create_debug_port u_ila_0_0 probe
set_property port_width 1 [get_debug_ports u_ila_0_0/probe6]
connect_debug_port u_ila_0_0/probe6 [get_nets [list NIM_BLOCK/sig_log ]]
create_debug_port u_ila_0_0 probe
set_property port_width 1 [get_debug_ports u_ila_0_0/probe7]
connect_debug_port u_ila_0_0/probe7 [get_nets [list NIM_BLOCK/sig_norm ]]
create_debug_port u_ila_0_0 probe
set_property port_width 1 [get_debug_ports u_ila_0_0/probe8]
connect_debug_port u_ila_0_0/probe8 [get_nets [list NIM_BLOCK/sync_ctrl ]]
create_debug_port u_ila_0_0 probe
set_property port_width 1 [get_debug_ports u_ila_0_0/probe9]
connect_debug_port u_ila_0_0/probe9 [get_nets [list NIM_BLOCK/sync_w_40MHz ]]
set_property port_width 1 [get_debug_ports u_ila_1/probe0]
connect_debug_port u_ila_1/probe0 [get_nets [list eth_interface/data_manager_blk/rx_fifo_reset_sig ]]
create_debug_port u_ila_1 probe
set_property port_width 1 [get_debug_ports u_ila_1/probe1]
connect_debug_port u_ila_1/probe1 [get_nets [list eth_interface/data_manager_blk/GEC_TX_SEQ_CTL/data_fifo_empty ]]
create_debug_port u_ila_1 probe
set_property port_width 1 [get_debug_ports u_ila_1/probe2]
connect_debug_port u_ila_1/probe2 [get_nets [list eth_interface/data_manager_blk/GEC_TX_SEQ_CTL/data_info_fifo_empty ]]
create_debug_port u_ila_1 probe
set_property port_width 1 [get_debug_ports u_ila_1/probe3]
connect_debug_port u_ila_1/probe3 [get_nets [list eth_interface/data_manager_blk/rx_data_fifo_empty ]]
create_debug_port u_ila_1 probe
set_property port_width 1 [get_debug_ports u_ila_1/probe4]
connect_debug_port u_ila_1/probe4 [get_nets [list eth_interface/data_manager_blk/rx_info_fifo_empty ]]
create_debug_port u_ila_1 probe
set_property port_width 1 [get_debug_ports u_ila_1/probe5]
connect_debug_port u_ila_1/probe5 [get_nets [list eth_interface/data_manager_blk/tx_ctrl_fifo_empty ]]
create_debug_port u_ila_1 probe
set_property port_width 1 [get_debug_ports u_ila_1/probe6]
connect_debug_port u_ila_1/probe6 [get_nets [list eth_interface/data_manager_blk/tx_ctrl_info_fifo_empty ]]
save_constraints
close_design
launch_runs impl_1 -to_step write_bitstream -jobs 6
[Fri Nov  2 11:04:53 2018] Launched impl_1...
Run output will be captured here: /home/rrivera/ots/srcs/otsdaq-firmware/cactus/projects/nim_plus_x_320/top/top.runs/impl_1/runme.log
reset_run synth_1
launch_runs synth_1 -jobs 6
[Fri Nov 30 14:02:54 2018] Launched synth_1...
Run output will be captured here: /home/rrivera/ots/srcs/otsdaq-firmware/cactus/projects/nim_plus_x_320/top/top.runs/synth_1/runme.log
reset_run synth_1
launch_runs synth_1 -jobs 6
[Fri Nov 30 14:03:48 2018] Launched synth_1...
Run output will be captured here: /home/rrivera/ots/srcs/otsdaq-firmware/cactus/projects/nim_plus_x_320/top/top.runs/synth_1/runme.log
reset_run synth_1
launch_runs synth_1 -jobs 6
[Fri Nov 30 14:04:21 2018] Launched synth_1...
Run output will be captured here: /home/rrivera/ots/srcs/otsdaq-firmware/cactus/projects/nim_plus_x_320/top/top.runs/synth_1/runme.log
reset_run synth_1
launch_runs synth_1 -jobs 6
[Fri Nov 30 14:04:53 2018] Launched synth_1...
Run output will be captured here: /home/rrivera/ots/srcs/otsdaq-firmware/cactus/projects/nim_plus_x_320/top/top.runs/synth_1/runme.log
reset_run synth_1
launch_runs synth_1 -jobs 6
[Fri Nov 30 14:06:04 2018] Launched synth_1...
Run output will be captured here: /home/rrivera/ots/srcs/otsdaq-firmware/cactus/projects/nim_plus_x_320/top/top.runs/synth_1/runme.log
reset_run synth_1
launch_runs synth_1 -jobs 6
[Fri Nov 30 14:12:06 2018] Launched synth_1...
Run output will be captured here: /home/rrivera/ots/srcs/otsdaq-firmware/cactus/projects/nim_plus_x_320/top/top.runs/synth_1/runme.log
launch_runs impl_1 -to_step write_bitstream -jobs 6
[Fri Nov 30 14:14:39 2018] Launched impl_1...
Run output will be captured here: /home/rrivera/ots/srcs/otsdaq-firmware/cactus/projects/nim_plus_x_320/top/top.runs/impl_1/runme.log
