#
# A fatal error has been detected by the Java Runtime Environment:
#
#  EXCEPTION_ACCESS_VIOLATION (0xc0000005) at pc=0x00007ff9f54aa460, pid=3108, tid=464
#
# JRE version: Java(TM) SE Runtime Environment (8.0_25-b18) (build 1.8.0_25-b18)
# Java VM: Java HotSpot(TM) 64-Bit Server VM (25.25-b02 mixed mode windows-amd64 compressed oops)
# Problematic frame:
# C  0x00007ff9f54aa460
#
# Failed to write core dump. Minidumps are not enabled by default on client versions of Windows
#
# If you would like to submit a bug report, please visit:
#   http://bugreport.sun.com/bugreport/crash.jsp
# The crash happened outside the Java Virtual Machine in native code.
# See problematic frame for where to report the bug.
#

---------------  T H R E A D  ---------------

Current thread (0x0000008b8180c000):  JavaThread "AWT-EventQueue-1" [_thread_in_native, id=464, stack(0x0000008b190d0000,0x0000008b195d0000)]

siginfo: ExceptionCode=0xc0000005, reading address 0x000000000000011f

Registers:
RAX=0x00004d16aad9198e, RBX=0x0000008b1de4d640, RCX=0x00000000000000b9, RDX=0x0000008b195cb1a8
RSP=0x0000008b195cb028, RBP=0x0000008b195cb198, RSI=0x0000000702982668, RDI=0x0000008b84006860
R8 =0x0000008b84006860, R9 =0x000000000000000a, R10=0x0000008b00016c2f, R11=0x0000000059e22810
R12=0x0000000000000000, R13=0x0000008b1de4d640, R14=0x0000008b195cb1c0, R15=0x0000008b8180c000
RIP=0x00007ff9f54aa460, EFLAGS=0x0000000000010202

Top of Stack: (sp=0x0000008b195cb028)
0x0000008b195cb028:   00007ff9f7adc03b 00000007016f6ee8
0x0000008b195cb038:   0000000000000000 00007ff62b6ae800
0x0000008b195cb048:   000000000006040c 0000008b1de4d640
0x0000008b195cb058:   00007ff9f7c0e8bf 0000008b8180c000
0x0000008b195cb068:   0000000059d3dc00 0000000059a261ec
0x0000008b195cb078:   0000008b76833d90 0000008b8180c1e8
0x0000008b195cb088:   00000007bd98d508 fffffffffffffffe
0x0000008b195cb098:   0000000000000000 0000008b8180c000
0x0000008b195cb0a8:   0000000701903da8 0000000000000001
0x0000008b195cb0b8:   0000008b01a08040 0000008b195cb2a8
0x0000008b195cb0c8:   0000008b01596794 0000008b195cb170
0x0000008b195cb0d8:   0000008b8180c1e8 fffffffffffffffe
0x0000008b195cb0e8:   0000008b8100f718 000000070211e168
0x0000008b195cb0f8:   00000007bd98d4e8 0000000702980f00
0x0000008b195cb108:   00004d16aad9198e 00000007bd98d508
0x0000008b195cb118:   0000008b00016c5b 0000000702ac83a0 

Instructions: (pc=0x00007ff9f54aa460)
0x00007ff9f54aa440:   00 00 00 c6 43 20 00 48 83 c4 20 5b c3 cc cc cc
0x00007ff9f54aa450:   0f b6 41 67 c3 cc cc cc cc cc cc cc cc cc cc cc
0x00007ff9f54aa460:   0f b6 41 66 c3 cc cc cc cc cc cc cc cc cc cc cc
0x00007ff9f54aa470:   48 8d 05 e9 c5 0d 00 c3 cc cc cc cc cc cc cc cc 


Register to memory mapping:

RAX=0x00004d16aad9198e is an unknown value
RBX={method} {0x0000008b1de4d648} 'HWDevice_isXicomCfgMemSupported' '(J)Z' in 'ui/data/labtools/lthwdatai'
RCX=0x00000000000000b9 is an unknown value
RDX=0x0000008b195cb1a8 is pointing into the stack for thread: 0x0000008b8180c000
RSP=0x0000008b195cb028 is pointing into the stack for thread: 0x0000008b8180c000
RBP=0x0000008b195cb198 is pointing into the stack for thread: 0x0000008b8180c000
RSI=0x0000000702982668 is an oop
ui.views.b.m.d.d 
 - klass: 'ui/views/b/m/d/d'
RDI=0x0000008b84006860 is an unknown value
R8 =0x0000008b84006860 is an unknown value
R9 =0x000000000000000a is an unknown value
R10=0x0000008b00016c2f is at code_begin+911 in an Interpreter codelet
method entry point (kind = native)  [0x0000008b000168a0, 0x0000008b000172c0]  2592 bytes
R11=0x0000000059e22810 is an unknown value
R12=0x0000000000000000 is an unknown value
R13={method} {0x0000008b1de4d648} 'HWDevice_isXicomCfgMemSupported' '(J)Z' in 'ui/data/labtools/lthwdatai'
R14=0x0000008b195cb1c0 is pointing into the stack for thread: 0x0000008b8180c000
R15=0x0000008b8180c000 is a thread


Stack: [0x0000008b190d0000,0x0000008b195d0000],  sp=0x0000008b195cb028,  free space=5100k
Native frames: (J=compiled Java code, j=interpreted, Vv=VM code, C=native code)
C  0x00007ff9f54aa460

Java frames: (J=compiled Java code, j=interpreted, Vv=VM code)
j  ui.data.labtools.lthwdatai.HWDevice_isXicomCfgMemSupported(J)Z+0
J 13411 C1 ui.views.b.m.d.a.aY()Z (44 bytes) @ 0x0000008b00598fac [0x0000008b00598a00+0x5ac]
j  ui.views.b.m.d.d.l(Lui/views/J/e;)Z+1
J 11816 C2 ui.views.J.n.k(Lui/views/J/W;)Z (51 bytes) @ 0x0000008b0142212c [0x0000008b01421d00+0x42c]
J 11576 C2 ui.views.J.j.getTreeCellRendererComponent(Ljavax/swing/JTree;Ljava/lang/Object;ZZZIZ)Ljava/awt/Component; (433 bytes) @ 0x0000008b02192c08 [0x0000008b021917a0+0x1468]
J 12487 C2 org.jdesktop.swingx.JXTree$DelegatingRenderer.getTreeCellRendererComponent(Ljavax/swing/JTree;Ljava/lang/Object;ZZZIZ)Ljava/awt/Component; (75 bytes) @ 0x0000008b02344924 [0x0000008b023448a0+0x84]
J 10502 C2 javax.swing.plaf.basic.BasicTreeUI$NodeDimensionsHandler.getNodeDimensions(Ljava/lang/Object;IIZLjava/awt/Rectangle;)Ljava/awt/Rectangle; (297 bytes) @ 0x0000008b00538efc [0x0000008b00538e00+0xfc]
J 5533 C1 javax.swing.tree.VariableHeightLayoutCache$TreeStateNode.updatePreferredSize(I)V (142 bytes) @ 0x0000008b0112eb6c [0x0000008b0112e580+0x5ec]
J 8002 C1 javax.swing.tree.VariableHeightLayoutCache$TreeStateNode.expand(Z)V (532 bytes) @ 0x0000008b004dbfc4 [0x0000008b004dad60+0x1264]
J 12417 C1 javax.swing.tree.VariableHeightLayoutCache.ensurePathIsExpanded(Ljavax/swing/tree/TreePath;Z)V (56 bytes) @ 0x0000008b0205626c [0x0000008b020557c0+0xaac]
J 11535 C1 javax.swing.tree.VariableHeightLayoutCache.setExpandedState(Ljavax/swing/tree/TreePath;Z)V (38 bytes) @ 0x0000008b0173a944 [0x0000008b01739fe0+0x964]
J 12398 C1 javax.swing.plaf.basic.BasicTreeUI.updateExpandedDescendants(Ljavax/swing/tree/TreePath;)V (73 bytes) @ 0x0000008b020694b4 [0x0000008b020692a0+0x214]
J 7150 C1 javax.swing.plaf.basic.BasicTreeUI$Handler.treeExpanded(Ljavax/swing/event/TreeExpansionEvent;)V (28 bytes) @ 0x0000008b00fff95c [0x0000008b00fff7c0+0x19c]
J 7053 C1 javax.swing.JTree.fireTreeExpanded(Ljavax/swing/tree/TreePath;)V (107 bytes) @ 0x0000008b00dcd664 [0x0000008b00dcd320+0x344]
J 7143 C1 javax.swing.JTree.setExpandedState(Ljavax/swing/tree/TreePath;Z)V (422 bytes) @ 0x0000008b01003844 [0x0000008b01000100+0x3744]
J 7082 C1 javax.swing.JTree.expandPath(Ljavax/swing/tree/TreePath;)V (33 bytes) @ 0x0000008b00f60b94 [0x0000008b00f60860+0x334]
j  ui.g.i.v.Y.N(Ljava/util/List;)V+65
j  ui.g.i.v.Y.cvv()V+17
j  ui.views.J.u.update()V+18
j  ui.views.J.G.update()V+4
j  ui.views.J.W.fgw()V+11
j  ui.ba.cf()V+8
j  ui.ba.Q()V+15
j  ui.frmwork.G.run()V+38
j  ui.h.b(I)V+35
j  ui.b.b.cp.v()V+229
j  ui.b.b.cD.finished()V+4
j  ui.frmwork.q.run()V+11
J 9033 C2 java.awt.EventQueue$3.run()Ljava/lang/Object; (5 bytes) @ 0x0000008b01334f04 [0x0000008b01334bc0+0x344]
v  ~StubRoutines::call_stub
J 1431  java.security.AccessController.doPrivileged(Ljava/security/PrivilegedAction;Ljava/security/AccessControlContext;)Ljava/lang/Object; (0 bytes) @ 0x0000008b00275a26 [0x0000008b002759c0+0x66]
J 9868 C2 ui.frmwork.a.e.dispatchEvent(Ljava/awt/AWTEvent;)V (30 bytes) @ 0x0000008b01a72664 [0x0000008b01a72480+0x1e4]
J 12127 C2 java.awt.EventDispatchThread.pumpOneEventForFilters(I)V (295 bytes) @ 0x0000008b01b4f758 [0x0000008b01b4f420+0x338]
J 12886 C2 java.awt.EventDispatchThread.pumpEventsForFilter(ILjava/awt/Conditional;Ljava/awt/EventFilter;)V (47 bytes) @ 0x0000008b0054940c [0x0000008b00549200+0x20c]
j  java.awt.EventDispatchThread.pumpEventsForFilter(Ljava/awt/Conditional;Ljava/awt/EventFilter;)V+4
j  java.awt.WaitDispatchSupport$2.run()V+59
j  java.awt.WaitDispatchSupport$4.run()Ljava/lang/Void;+4
j  java.awt.WaitDispatchSupport$4.run()Ljava/lang/Object;+1
v  ~StubRoutines::call_stub
J 195  java.security.AccessController.doPrivileged(Ljava/security/PrivilegedAction;)Ljava/lang/Object; (0 bytes) @ 0x0000008b0017d9d2 [0x0000008b0017d980+0x52]
j  java.awt.WaitDispatchSupport.enter()Z+279
j  java.awt.Dialog.show()V+233
J 4401 C1 java.awt.Component.setVisible(Z)V (6 bytes) @ 0x0000008b00c4149c [0x0000008b00c412a0+0x1fc]
j  java.awt.Window.setVisible(Z)V+2
j  java.awt.Dialog.setVisible(Z)V+2
j  ui.b.b.P.setVisible(Z)V+2
j  ui.b.b.cp.abP()V+62
j  ui.b.b.cB.run()V+7
J 9033 C2 java.awt.EventQueue$3.run()Ljava/lang/Object; (5 bytes) @ 0x0000008b01334f04 [0x0000008b01334bc0+0x344]
v  ~StubRoutines::call_stub
J 1431  java.security.AccessController.doPrivileged(Ljava/security/PrivilegedAction;Ljava/security/AccessControlContext;)Ljava/lang/Object; (0 bytes) @ 0x0000008b00275a26 [0x0000008b002759c0+0x66]
J 9868 C2 ui.frmwork.a.e.dispatchEvent(Ljava/awt/AWTEvent;)V (30 bytes) @ 0x0000008b01a72664 [0x0000008b01a72480+0x1e4]
J 12127 C2 java.awt.EventDispatchThread.pumpOneEventForFilters(I)V (295 bytes) @ 0x0000008b01b4f758 [0x0000008b01b4f420+0x338]
J 9861% C2 java.awt.EventDispatchThread.pumpEventsForFilter(ILjava/awt/Conditional;Ljava/awt/EventFilter;)V (47 bytes) @ 0x0000008b019a3e88 [0x0000008b019a3d40+0x148]
j  java.awt.EventDispatchThread.pumpEventsForHierarchy(ILjava/awt/Conditional;Ljava/awt/Component;)V+11
j  java.awt.EventDispatchThread.pumpEvents(ILjava/awt/Conditional;)V+4
j  java.awt.EventDispatchThread.pumpEvents(Ljava/awt/Conditional;)V+3
j  java.awt.EventDispatchThread.run()V+9
v  ~StubRoutines::call_stub

---------------  P R O C E S S  ---------------

Java Threads: ( => current thread )
  0x0000008b8b2f6800 JavaThread "Image Fetcher 0" daemon [_thread_blocked, id=3136, stack(0x0000008b25b30000,0x0000008b26030000)]
  0x0000008b8fc2a000 JavaThread "Thread-26859" [_thread_in_native, id=10496, stack(0x0000008b1c2f0000,0x0000008b1c3f0000)]
  0x0000008b8fa47800 JavaThread "Refresh links" [_thread_blocked, id=8592, stack(0x0000008b25630000,0x0000008b25b30000)]
  0x0000008b8f9f7800 JavaThread "Refresh GTs" [_thread_blocked, id=10052, stack(0x0000008b22a60000,0x0000008b22f60000)]
  0x0000008b89eff000 JavaThread "Monitor File Timestamp" [_thread_blocked, id=10608, stack(0x0000008b21060000,0x0000008b21560000)]
  0x0000008b82861000 JavaThread "hw_ila_monitor" [_thread_blocked, id=6748, stack(0x0000008b1ce90000,0x0000008b1d390000)]
  0x0000008b86e1b800 JavaThread "Update Runs" [_thread_blocked, id=4260, stack(0x0000008b1a0e0000,0x0000008b1a5e0000)]
  0x0000008b86e18800 JavaThread "Refresh Filesets" [_thread_blocked, id=7344, stack(0x0000008b19610000,0x0000008b19b10000)]
  0x0000008b828f7800 JavaThread "Swing-Shell" daemon [_thread_blocked, id=7552, stack(0x0000008b1bdf0000,0x0000008b1c2f0000)]
  0x0000008b81c01800 JavaThread "Monitor File Timestamp" [_thread_blocked, id=9160, stack(0x0000008b1b1e0000,0x0000008b1b6e0000)]
=>0x0000008b8180c000 JavaThread "AWT-EventQueue-1" [_thread_in_native, id=464, stack(0x0000008b190d0000,0x0000008b195d0000)]
  0x0000008b8180f800 JavaThread "Process Messages" [_thread_blocked, id=5708, stack(0x0000008b18bd0000,0x0000008b190d0000)]
  0x0000008b7cc03800 JavaThread "Thread-3" [_thread_in_native, id=7412, stack(0x0000008b78360000,0x0000008b79760000)]
  0x0000008b808ad800 JavaThread "AWT-EventQueue-0" [_thread_blocked, id=6960, stack(0x0000008b186d0000,0x0000008b18bd0000)]
  0x0000008b808a6000 JavaThread "AWT-Windows" daemon [_thread_in_native, id=8976, stack(0x0000008b18100000,0x0000008b18600000)]
  0x0000008b80891000 JavaThread "AWT-Shutdown" [_thread_blocked, id=5740, stack(0x0000008b17c00000,0x0000008b18100000)]
  0x0000008b80893000 JavaThread "Java2D Disposer" daemon [_thread_blocked, id=7312, stack(0x0000008b17500000,0x0000008b17a00000)]
  0x0000008b80b9f800 JavaThread "TimerQueue" daemon [_thread_blocked, id=8084, stack(0x0000008b17000000,0x0000008b17500000)]
  0x0000008b800f1800 JavaThread "Service Thread" daemon [_thread_blocked, id=7500, stack(0x0000008b16900000,0x0000008b16e00000)]
  0x0000008b80118800 JavaThread "C1 CompilerThread3" daemon [_thread_blocked, id=32, stack(0x0000008b16800000,0x0000008b16900000)]
  0x0000008b8011a800 JavaThread "C2 CompilerThread2" daemon [_thread_blocked, id=4016, stack(0x0000008b16700000,0x0000008b16800000)]
  0x0000008b80110800 JavaThread "C2 CompilerThread1" daemon [_thread_blocked, id=4620, stack(0x0000008b16600000,0x0000008b16700000)]
  0x0000008b80111800 JavaThread "C2 CompilerThread0" daemon [_thread_blocked, id=976, stack(0x0000008b16500000,0x0000008b16600000)]
  0x0000008b80112800 JavaThread "Attach Listener" daemon [_thread_blocked, id=7576, stack(0x0000008b16000000,0x0000008b16500000)]
  0x0000008b8011d800 JavaThread "Signal Dispatcher" daemon [_thread_blocked, id=5864, stack(0x0000008b15b00000,0x0000008b16000000)]
  0x0000008b800aa800 JavaThread "Finalizer" daemon [_thread_blocked, id=5616, stack(0x0000008b15600000,0x0000008b15b00000)]
  0x0000008b800ac000 JavaThread "Reference Handler" daemon [_thread_blocked, id=7356, stack(0x0000008b15100000,0x0000008b15600000)]
  0x0000008b7ad26000 JavaThread "main" [_thread_blocked, id=7716, stack(0x0000008b7d570000,0x0000008b7d670000)]

Other Threads:
  0x0000008b800af800 VMThread [stack: 0x0000008b15000000,0x0000008b15100000] [id=9072]
  0x0000008b800f0800 WatcherThread [stack: 0x0000008b16e00000,0x0000008b16f00000] [id=6508]

VM state:not at safepoint (normal execution)

VM Mutex/Monitor currently owned by a thread: None

Heap:
 PSYoungGen      total 54784K, used 25168K [0x00000007bc400000, 0x00000007c0000000, 0x00000007c0000000)
  eden space 48128K, 47% used [0x00000007bc400000,0x00000007bda68fc8,0x00000007bf300000)
  from space 6656K, 33% used [0x00000007bf300000,0x00000007bf52b100,0x00000007bf980000)
  to   space 6144K, 0% used [0x00000007bfa00000,0x00000007bfa00000,0x00000007c0000000)
 ParOldGen       total 193536K, used 47664K [0x0000000700000000, 0x000000070bd00000, 0x00000007bc400000)
  object space 193536K, 24% used [0x0000000700000000,0x0000000702e8c3d0,0x000000070bd00000)
 Metaspace       used 55037K, capacity 55403K, committed 55936K, reserved 1097728K
  class space    used 7713K, capacity 7794K, committed 7808K, reserved 1048576K

Card table byte_map: [0x0000008b7db30000,0x0000008b7e140000] byte_map_base: 0x0000008b7a330000

Marking Bits: (ParMarkBitMap*) 0x000000005a3ed490
 Begin Bits: [0x0000008b0f000000, 0x0000008b12000000)
 End Bits:   [0x0000008b12000000, 0x0000008b15000000)

Polling page: 0x0000008b79b90000

CodeCache: size=245760Kb used=39430Kb max_used=39441Kb free=206329Kb
 bounds [0x0000008b00000000, 0x0000008b026d0000, 0x0000008b0f000000]
 total_blobs=11036 nmethods=10222 adapters=721
 compilation: enabled

Compilation events (10 events):
Event: 273468.302 Thread 0x0000008b80118800 13794       3       com.jidesoft.utils.JideFocusTracker::<init> (49 bytes)
Event: 273468.303 Thread 0x0000008b80118800 nmethod 13794 0x0000008b01ea4b90 code [0x0000008b01ea4d20, 0x0000008b01ea5258]
Event: 273468.812 Thread 0x0000008b80118800 13795       1       ui.views.c.b::e (5 bytes)
Event: 273468.813 Thread 0x0000008b80118800 nmethod 13795 0x0000008b003e3310 code [0x0000008b003e3460, 0x0000008b003e3558]
Event: 273468.819 Thread 0x0000008b80118800 13796       3       ui.views.b.t.a::cBl (2 bytes)
Event: 273468.820 Thread 0x0000008b80118800 nmethod 13796 0x0000008b00850650 code [0x0000008b008507a0, 0x0000008b008508f8]
Event: 273468.822 Thread 0x0000008b80118800 13797       3       javax.swing.AbstractListModel::fireIntervalRemoved (76 bytes)
Event: 273468.823 Thread 0x0000008b80118800 nmethod 13797 0x0000008b01ea3c10 code [0x0000008b01ea3de0, 0x0000008b01ea4700]
Event: 273468.839 Thread 0x0000008b80110800 13798       4       java.io.BufferedInputStream::<init> (32 bytes)
Event: 273468.841 Thread 0x0000008b80110800 nmethod 13798 0x0000008b0094df90 code [0x0000008b0094e0e0, 0x0000008b0094e258]

GC Heap History (10 events):
Event: 272556.502 GC heap before
{Heap before GC invocations=2709 (full 159):
 PSYoungGen      total 53760K, used 49088K [0x00000007bc400000, 0x00000007c0000000, 0x00000007c0000000)
  eden space 46080K, 100% used [0x00000007bc400000,0x00000007bf100000,0x00000007bf100000)
  from space 7680K, 39% used [0x00000007bf100000,0x00000007bf3f0000,0x00000007bf880000)
  to   space 7168K, 0% used [0x00000007bf900000,0x00000007bf900000,0x00000007c0000000)
 ParOldGen       total 193536K, used 48140K [0x0000000700000000, 0x000000070bd00000, 0x00000007bc400000)
  object space 193536K, 24% used [0x0000000700000000,0x0000000702f033a8,0x000000070bd00000)
 Metaspace       used 54922K, capacity 55269K, committed 55680K, reserved 1097728K
  class space    used 7706K, capacity 7793K, committed 7808K, reserved 1048576K
Event: 272556.528 GC heap after
Heap after GC invocations=2709 (full 159):
 PSYoungGen      total 54784K, used 3072K [0x00000007bc400000, 0x00000007c0000000, 0x00000007c0000000)
  eden space 47616K, 0% used [0x00000007bc400000,0x00000007bc400000,0x00000007bf280000)
  from space 7168K, 42% used [0x00000007bf900000,0x00000007bfc00000,0x00000007c0000000)
  to   space 6656K, 0% used [0x00000007bf280000,0x00000007bf280000,0x00000007bf900000)
 ParOldGen       total 193536K, used 48140K [0x0000000700000000, 0x000000070bd00000, 0x00000007bc400000)
  object space 193536K, 24% used [0x0000000700000000,0x0000000702f033a8,0x000000070bd00000)
 Metaspace       used 54922K, capacity 55269K, committed 55680K, reserved 1097728K
  class space    used 7706K, capacity 7793K, committed 7808K, reserved 1048576K
}
Event: 273089.409 GC heap before
{Heap before GC invocations=2710 (full 159):
 PSYoungGen      total 54784K, used 50688K [0x00000007bc400000, 0x00000007c0000000, 0x00000007c0000000)
  eden space 47616K, 100% used [0x00000007bc400000,0x00000007bf280000,0x00000007bf280000)
  from space 7168K, 42% used [0x00000007bf900000,0x00000007bfc00000,0x00000007c0000000)
  to   space 6656K, 0% used [0x00000007bf280000,0x00000007bf280000,0x00000007bf900000)
 ParOldGen       total 193536K, used 48140K [0x0000000700000000, 0x000000070bd00000, 0x00000007bc400000)
  object space 193536K, 24% used [0x0000000700000000,0x0000000702f033a8,0x000000070bd00000)
 Metaspace       used 54922K, capacity 55269K, committed 55680K, reserved 1097728K
  class space    used 7706K, capacity 7793K, committed 7808K, reserved 1048576K
Event: 273089.417 GC heap after
Heap after GC invocations=2710 (full 159):
 PSYoungGen      total 54272K, used 3104K [0x00000007bc400000, 0x00000007c0000000, 0x00000007c0000000)
  eden space 47616K, 0% used [0x00000007bc400000,0x00000007bc400000,0x00000007bf280000)
  from space 6656K, 46% used [0x00000007bf280000,0x00000007bf588000,0x00000007bf900000)
  to   space 6656K, 0% used [0x00000007bf980000,0x00000007bf980000,0x00000007c0000000)
 ParOldGen       total 193536K, used 48140K [0x0000000700000000, 0x000000070bd00000, 0x00000007bc400000)
  object space 193536K, 24% used [0x0000000700000000,0x0000000702f033a8,0x000000070bd00000)
 Metaspace       used 54922K, capacity 55269K, committed 55680K, reserved 1097728K
  class space    used 7706K, capacity 7793K, committed 7808K, reserved 1048576K
}
Event: 273314.812 GC heap before
{Heap before GC invocations=2711 (full 159):
 PSYoungGen      total 54272K, used 33129K [0x00000007bc400000, 0x00000007c0000000, 0x00000007c0000000)
  eden space 47616K, 63% used [0x00000007bc400000,0x00000007be152608,0x00000007bf280000)
  from space 6656K, 46% used [0x00000007bf280000,0x00000007bf588000,0x00000007bf900000)
  to   space 6656K, 0% used [0x00000007bf980000,0x00000007bf980000,0x00000007c0000000)
 ParOldGen       total 193536K, used 48140K [0x0000000700000000, 0x000000070bd00000, 0x00000007bc400000)
  object space 193536K, 24% used [0x0000000700000000,0x0000000702f033a8,0x000000070bd00000)
 Metaspace       used 54934K, capacity 55269K, committed 55680K, reserved 1097728K
  class space    used 7706K, capacity 7793K, committed 7808K, reserved 1048576K
Event: 273314.827 GC heap after
Heap after GC invocations=2711 (full 159):
 PSYoungGen      total 54784K, used 2019K [0x00000007bc400000, 0x00000007c0000000, 0x00000007c0000000)
  eden space 48128K, 0% used [0x00000007bc400000,0x00000007bc400000,0x00000007bf300000)
  from space 6656K, 30% used [0x00000007bf980000,0x00000007bfb78c70,0x00000007c0000000)
  to   space 6656K, 0% used [0x00000007bf300000,0x00000007bf300000,0x00000007bf980000)
 ParOldGen       total 193536K, used 48140K [0x0000000700000000, 0x000000070bd00000, 0x00000007bc400000)
  object space 193536K, 24% used [0x0000000700000000,0x0000000702f033a8,0x000000070bd00000)
 Metaspace       used 54934K, capacity 55269K, committed 55680K, reserved 1097728K
  class space    used 7706K, capacity 7793K, committed 7808K, reserved 1048576K
}
Event: 273314.827 GC heap before
{Heap before GC invocations=2712 (full 160):
 PSYoungGen      total 54784K, used 2019K [0x00000007bc400000, 0x00000007c0000000, 0x00000007c0000000)
  eden space 48128K, 0% used [0x00000007bc400000,0x00000007bc400000,0x00000007bf300000)
  from space 6656K, 30% used [0x00000007bf980000,0x00000007bfb78c70,0x00000007c0000000)
  to   space 6656K, 0% used [0x00000007bf300000,0x00000007bf300000,0x00000007bf980000)
 ParOldGen       total 193536K, used 48140K [0x0000000700000000, 0x000000070bd00000, 0x00000007bc400000)
  object space 193536K, 24% used [0x0000000700000000,0x0000000702f033a8,0x000000070bd00000)
 Metaspace       used 54934K, capacity 55269K, committed 55680K, reserved 1097728K
  class space    used 7706K, capacity 7793K, committed 7808K, reserved 1048576K
Event: 273315.049 GC heap after
Heap after GC invocations=2712 (full 160):
 PSYoungGen      total 54784K, used 0K [0x00000007bc400000, 0x00000007c0000000, 0x00000007c0000000)
  eden space 48128K, 0% used [0x00000007bc400000,0x00000007bc400000,0x00000007bf300000)
  from space 6656K, 0% used [0x00000007bf980000,0x00000007bf980000,0x00000007c0000000)
  to   space 6656K, 0% used [0x00000007bf300000,0x00000007bf300000,0x00000007bf980000)
 ParOldGen       total 193536K, used 47656K [0x0000000700000000, 0x000000070bd00000, 0x00000007bc400000)
  object space 193536K, 24% used [0x0000000700000000,0x0000000702e8a3d0,0x000000070bd00000)
 Metaspace       used 54934K, capacity 55269K, committed 55680K, reserved 1097728K
  class space    used 7706K, capacity 7793K, committed 7808K, reserved 1048576K
}
Event: 273435.558 GC heap before
{Heap before GC invocations=2713 (full 160):
 PSYoungGen      total 54784K, used 48128K [0x00000007bc400000, 0x00000007c0000000, 0x00000007c0000000)
  eden space 48128K, 100% used [0x00000007bc400000,0x00000007bf300000,0x00000007bf300000)
  from space 6656K, 0% used [0x00000007bf980000,0x00000007bf980000,0x00000007c0000000)
  to   space 6656K, 0% used [0x00000007bf300000,0x00000007bf300000,0x00000007bf980000)
 ParOldGen       total 193536K, used 47656K [0x0000000700000000, 0x000000070bd00000, 0x00000007bc400000)
  object space 193536K, 24% used [0x0000000700000000,0x0000000702e8a3d0,0x000000070bd00000)
 Metaspace       used 54998K, capacity 55333K, committed 55936K, reserved 1097728K
  class space    used 7713K, capacity 7793K, committed 7808K, reserved 1048576K
Event: 273435.567 GC heap after
Heap after GC invocations=2713 (full 160):
 PSYoungGen      total 54784K, used 2220K [0x00000007bc400000, 0x00000007c0000000, 0x00000007c0000000)
  eden space 48128K, 0% used [0x00000007bc400000,0x00000007bc400000,0x00000007bf300000)
  from space 6656K, 33% used [0x00000007bf300000,0x00000007bf52b100,0x00000007bf980000)
  to   space 6144K, 0% used [0x00000007bfa00000,0x00000007bfa00000,0x00000007c0000000)
 ParOldGen       total 193536K, used 47664K [0x0000000700000000, 0x000000070bd00000, 0x00000007bc400000)
  object space 193536K, 24% used [0x0000000700000000,0x0000000702e8c3d0,0x000000070bd00000)
 Metaspace       used 54998K, capacity 55333K, committed 55936K, reserved 1097728K
  class space    used 7713K, capacity 7793K, committed 7808K, reserved 1048576K
}

Deoptimization events (10 events):
Event: 273402.023 Thread 0x0000008b8180c000 Uncommon trap: reason=bimorphic action=maybe_recompile pc=0x0000008b01abcdc0 method=javax.swing.text.View.getStartOffset()I @ 4
Event: 273402.023 Thread 0x0000008b8180c000 Uncommon trap: reason=bimorphic action=maybe_recompile pc=0x0000008b01a92c30 method=javax.swing.text.View.getEndOffset()I @ 4
Event: 273402.024 Thread 0x0000008b8180c000 Uncommon trap: reason=bimorphic action=maybe_recompile pc=0x0000008b01abcdc0 method=javax.swing.text.View.getStartOffset()I @ 4
Event: 273425.680 Thread 0x0000008b8180c000 Uncommon trap: reason=unloaded action=reinterpret pc=0x0000008b02643a84 method=com.jidesoft.docking.DefaultDockingManager.handleEvent(Ljava/awt/AWTEvent;)Z @ 2090
Event: 273425.744 Thread 0x0000008b8180c000 Uncommon trap: reason=unreached action=reinterpret pc=0x0000008b01a74eb4 method=com.jidesoft.swing.SoftHashMap.expungeStaleEntries()V @ 9
Event: 273425.744 Thread 0x0000008b8180c000 Uncommon trap: reason=null_check action=make_not_entrant pc=0x0000008b00864c64 method=com.jidesoft.swing.FontUtils.getCachedDerivedFont(Ljava/awt/Font;II)Ljava/awt/Font; @ 37
Event: 273425.793 Thread 0x0000008b8180c000 Uncommon trap: reason=unreached action=reinterpret pc=0x0000008b021e7630 method=com.jidesoft.editor.CodeEditor._offsetToX(I)I @ 1405
Event: 273466.296 Thread 0x0000008b8180c000 Uncommon trap: reason=null_check action=make_not_entrant pc=0x0000008b01da2328 method=sun.util.locale.provider.LocaleResources.getNumberPatterns()[Ljava/lang/String; @ 17
Event: 273466.297 Thread 0x0000008b8180c000 Uncommon trap: reason=class_check action=maybe_recompile pc=0x0000008b00b52964 method=java.util.ResourceBundle$CacheKey.equals(Ljava/lang/Object;)Z @ 84
Event: 273468.815 Thread 0x0000008b808a6000 Uncommon trap: reason=class_check action=maybe_recompile pc=0x0000008b01f61bdc method=sun.awt.SunToolkit.postEvent(Lsun/awt/AppContext;Ljava/awt/AWTEvent;)V @ 72

Internal exceptions (10 events):
Event: 266811.836 Thread 0x0000008b8180c000 Exception <a 'java/security/PrivilegedActionException'> (0x00000007bea6bb20) thrown at [D:\re\workspace\8-2-build-windows-amd64-cygwin\jdk8u25\1677\hotspot\src\share\vm\prims\jvm.cpp, line 1312]
Event: 266811.838 Thread 0x0000008b8180c000 Exception <a 'java/security/PrivilegedActionException'> (0x00000007bea759b0) thrown at [D:\re\workspace\8-2-build-windows-amd64-cygwin\jdk8u25\1677\hotspot\src\share\vm\prims\jvm.cpp, line 1312]
Event: 266811.842 Thread 0x0000008b8180c000 Exception <a 'java/security/PrivilegedActionException'> (0x00000007bea929c8) thrown at [D:\re\workspace\8-2-build-windows-amd64-cygwin\jdk8u25\1677\hotspot\src\share\vm\prims\jvm.cpp, line 1312]
Event: 266811.843 Thread 0x0000008b8180c000 Exception <a 'java/security/PrivilegedActionException'> (0x00000007beaa03c0) thrown at [D:\re\workspace\8-2-build-windows-amd64-cygwin\jdk8u25\1677\hotspot\src\share\vm\prims\jvm.cpp, line 1312]
Event: 266811.846 Thread 0x0000008b8180c000 Exception <a 'java/security/PrivilegedActionException'> (0x00000007beab0958) thrown at [D:\re\workspace\8-2-build-windows-amd64-cygwin\jdk8u25\1677\hotspot\src\share\vm\prims\jvm.cpp, line 1312]
Event: 266820.616 Thread 0x0000008b8180c000 Exception <a 'java/security/PrivilegedActionException'> (0x00000007bebf8540) thrown at [D:\re\workspace\8-2-build-windows-amd64-cygwin\jdk8u25\1677\hotspot\src\share\vm\prims\jvm.cpp, line 1312]
Event: 266820.617 Thread 0x0000008b8180c000 Exception <a 'java/security/PrivilegedActionException'> (0x00000007bebfdc68) thrown at [D:\re\workspace\8-2-build-windows-amd64-cygwin\jdk8u25\1677\hotspot\src\share\vm\prims\jvm.cpp, line 1312]
Event: 266820.850 Thread 0x0000008b8180c000 Exception <a 'java/security/PrivilegedActionException'> (0x00000007bce3c2a8) thrown at [D:\re\workspace\8-2-build-windows-amd64-cygwin\jdk8u25\1677\hotspot\src\share\vm\prims\jvm.cpp, line 1312]
Event: 266842.892 Thread 0x0000008b8fc2a000 Implicit null exception at 0x0000008b009fc450 to 0x0000008b009fcb3d
Event: 273425.744 Thread 0x0000008b8180c000 Implicit null exception at 0x0000008b0086218c to 0x0000008b00864c59

Events (10 events):
Event: 273468.811 Executing VM operation: RevokeBias
Event: 273468.812 Executing VM operation: RevokeBias done
Event: 273468.812 Thread 0x0000008b8b2fe800 Thread exited: 0x0000008b8b2fe800
Event: 273468.813 Executing VM operation: RevokeBias
Event: 273468.813 Executing VM operation: RevokeBias done
Event: 273468.815 Thread 0x0000008b808a6000 Uncommon trap: trap_request=0xffffffde fr.pc=0x0000008b01f61bdc
Event: 273468.815 Thread 0x0000008b808a6000 DEOPT PACKING pc=0x0000008b01f61bdc sp=0x0000008b185fda70
Event: 273468.815 Thread 0x0000008b808a6000 DEOPT UNPACKING pc=0x0000008b00045572 sp=0x0000008b185fda28 mode 2
Event: 273468.815 Thread 0x0000008b80118800 flushing nmethod 0x0000008b00850650
Event: 273468.821 Thread 0x0000008b80118800 flushing nmethod 0x0000008b0094df90


Dynamic libraries:
0x00007ff631010000 - 0x00007ff63104d000 	C:\Xilinx\Vivado\2015.2\bin\unwrapped\win64.o\vivado.exe
0x00007ffa35fb0000 - 0x00007ffa36172000 	C:\WINDOWS\SYSTEM32\ntdll.dll
0x00007ffa35e60000 - 0x00007ffa35f0d000 	C:\WINDOWS\system32\KERNEL32.DLL
0x00007ffa33490000 - 0x00007ffa3366d000 	C:\WINDOWS\system32\KERNELBASE.dll
0x000000000a900000 - 0x000000000a98d000 	C:\Xilinx\Vivado\2015.2\lib\win64.o\SHSMP64.dll
0x00007ffa25330000 - 0x00007ffa25343000 	C:\Xilinx\Vivado\2015.2\lib\win64.o\libboost_signals.dll
0x00007ffa24270000 - 0x00007ffa24281000 	C:\Xilinx\Vivado\2015.2\lib\win64.o\librdi_commonmain.dll
0x00007ffa0ce40000 - 0x00007ffa0d783000 	C:\Xilinx\Vivado\2015.2\lib\win64.o\librdi_common.dll
0x00007ffa114f0000 - 0x00007ffa11597000 	C:\WINDOWS\SYSTEM32\MSVCP110.dll
0x00007ffa11410000 - 0x00007ffa114e4000 	C:\WINDOWS\SYSTEM32\MSVCR110.dll
0x00007ffa1eb70000 - 0x00007ffa1eb92000 	C:\Xilinx\Vivado\2015.2\lib\win64.o\libboost_filesystem.dll
0x00007ffa25720000 - 0x00007ffa25729000 	C:\Xilinx\Vivado\2015.2\lib\win64.o\librdi_commonversion.dll
0x00007ffa33b20000 - 0x00007ffa33bc6000 	C:\WINDOWS\system32\ADVAPI32.dll
0x00007ffa33a20000 - 0x00007ffa33abd000 	C:\WINDOWS\system32\msvcrt.dll
0x00007ffa1dab0000 - 0x00007ffa1db04000 	C:\Xilinx\Vivado\2015.2\lib\win64.o\librdi_commonxillic.dll
0x00007ffa34180000 - 0x00007ffa341db000 	C:\WINDOWS\system32\sechost.dll
0x00007ffa338f0000 - 0x00007ffa33a16000 	C:\WINDOWS\system32\RPCRT4.dll
0x000000005a470000 - 0x000000005a597000 	C:\Xilinx\Vivado\2015.2\lib\win64.o\tcl85t.dll
0x00007ffa34030000 - 0x00007ffa3417e000 	C:\WINDOWS\system32\USER32.dll
0x00007ffa341e0000 - 0x00007ffa34363000 	C:\WINDOWS\system32\GDI32.dll
0x00007ffa22950000 - 0x00007ffa22959000 	C:\Xilinx\Vivado\2015.2\lib\win64.o\libboost_system.dll
0x00007ffa2e470000 - 0x00007ffa2e47a000 	C:\WINDOWS\SYSTEM32\VERSION.dll
0x00007ffa11e90000 - 0x00007ffa120b0000 	C:\Xilinx\Vivado\2015.2\lib\win64.o\libXil_lmgr11.dll
0x00007ffa34450000 - 0x00007ffa344b9000 	C:\WINDOWS\system32\WS2_32.dll
0x00007ffa359f0000 - 0x00007ffa359f8000 	C:\WINDOWS\system32\NSI.dll
0x00007ffa11800000 - 0x00007ffa118fa000 	C:\Xilinx\Vivado\2015.2\lib\win64.o\libboost_regex.dll
0x00007ffa34370000 - 0x00007ffa34447000 	C:\WINDOWS\system32\COMDLG32.dll
0x00007ffa33670000 - 0x00007ffa338ec000 	C:\WINDOWS\system32\combase.dll
0x00007ffa32b20000 - 0x00007ffa32bd3000 	C:\WINDOWS\system32\shcore.dll
0x00007ffa35f10000 - 0x00007ffa35f61000 	C:\WINDOWS\system32\SHLWAPI.dll
0x00007ffa344c0000 - 0x00007ffa359e3000 	C:\WINDOWS\system32\SHELL32.dll
0x00007ffa32be0000 - 0x00007ffa33209000 	C:\WINDOWS\system32\windows.storage.dll
0x00007ffa32a40000 - 0x00007ffa32a4f000 	C:\WINDOWS\system32\kernel.appcore.dll
0x00007ffa329d0000 - 0x00007ffa32a1a000 	C:\WINDOWS\system32\powrprof.dll
0x00007ffa32a20000 - 0x00007ffa32a33000 	C:\WINDOWS\system32\profapi.dll
0x00007ffa35d90000 - 0x00007ffa35e52000 	C:\WINDOWS\system32\OLEAUT32.dll
0x00007ffa35a00000 - 0x00007ffa35b41000 	C:\WINDOWS\system32\ole32.dll
0x00007ffa33430000 - 0x00007ffa33484000 	C:\WINDOWS\system32\WINTRUST.dll
0x00007ffa32a50000 - 0x00007ffa32a61000 	C:\WINDOWS\system32\MSASN1.dll
0x00007ffa33260000 - 0x00007ffa33421000 	C:\WINDOWS\system32\CRYPT32.dll
0x00007ffa33ec0000 - 0x00007ffa33ec8000 	C:\WINDOWS\system32\PSAPI.DLL
0x00007ffa2b250000 - 0x00007ffa2b267000 	C:\WINDOWS\SYSTEM32\NETAPI32.dll
0x00007ffa22a50000 - 0x00007ffa22afa000 	C:\WINDOWS\WinSxS\amd64_microsoft.windows.common-controls_6595b64144ccf1df_5.82.10240.16384_none_0212ec7eba871e86\COMCTL32.dll
0x00007ffa22960000 - 0x00007ffa22969000 	C:\WINDOWS\SYSTEM32\WSOCK32.dll
0x00007ffa0e890000 - 0x00007ffa0eb38000 	C:\Xilinx\Vivado\2015.2\lib\win64.o\libCOIN-all.dll
0x00007ffa21fc0000 - 0x00007ffa21fd0000 	C:\Xilinx\Vivado\2015.2\lib\win64.o\libboost_date_time.dll
0x00007ffa11780000 - 0x00007ffa117f4000 	C:\Xilinx\Vivado\2015.2\lib\win64.o\libboost_program_options.dll
0x00007ffa200f0000 - 0x00007ffa2010d000 	C:\Xilinx\Vivado\2015.2\lib\win64.o\libboost_thread.dll
0x00007ffa0f760000 - 0x00007ffa0f7e0000 	C:\Xilinx\Vivado\2015.2\lib\win64.o\libhdlpsolve.dll
0x00007ffa0f6c0000 - 0x00007ffa0f75a000 	C:\Xilinx\Vivado\2015.2\lib\win64.o\libhdxml.dll
0x00007ffa0dde0000 - 0x00007ffa0e3ea200 	C:\Xilinx\Vivado\2015.2\lib\win64.o\libisl_iostreams.dll
0x00007ffa12be0000 - 0x00007ffa12c03000 	C:\Xilinx\Vivado\2015.2\lib\win64.o\libisl_iosutils.dll
0x00007ffa122b0000 - 0x00007ffa122da000 	C:\Xilinx\Vivado\2015.2\lib\win64.o\libisl_sysinfo.dll
0x0000000059c10000 - 0x000000005a46a000 	C:\Xilinx\Vivado\2015.2\tps\win64\jre\bin\server\jvm.dll
0x00007ffa1eb50000 - 0x00007ffa1eb65000 	C:\Xilinx\Vivado\2015.2\lib\win64.o\pthreadVC2.dll
0x00007ffa0e760000 - 0x00007ffa0e890000 	C:\Xilinx\Vivado\2015.2\lib\win64.o\librdi_curl.dll
0x00007ffa11760000 - 0x00007ffa11778000 	C:\Xilinx\Vivado\2015.2\lib\win64.o\librdiconfig.dll
0x00007ffa11610000 - 0x00007ffa11633000 	C:\Xilinx\Vivado\2015.2\lib\win64.o\librdizlib.dll
0x0000000012000000 - 0x0000000012263000 	C:\Xilinx\Vivado\2015.2\lib\win64.o\xerces-c_3_1.dll
0x00007ffa25350000 - 0x00007ffa256af000 	C:\WINDOWS\SYSTEM32\WININET.dll
0x00007ffa2eb10000 - 0x00007ffa2ebe6000 	C:\WINDOWS\SYSTEM32\WINHTTP.dll
0x00007ffa27030000 - 0x00007ffa271c6000 	C:\WINDOWS\SYSTEM32\urlmon.dll
0x00007ffa11730000 - 0x00007ffa11753000 	C:\WINDOWS\SYSTEM32\VCOMP110.DLL
0x00007ffa2b7e0000 - 0x00007ffa2b7f6000 	C:\WINDOWS\SYSTEM32\wkscli.dll
0x00007ffa31c20000 - 0x00007ffa31c46000 	C:\WINDOWS\SYSTEM32\srvcli.dll
0x00007ffa31c50000 - 0x00007ffa31c5c000 	C:\WINDOWS\SYSTEM32\netutils.dll
0x00007ffa21fb0000 - 0x00007ffa21fbb000 	C:\Xilinx\Vivado\2015.2\lib\win64.o\libboost_chrono.dll
0x00007ffa30a70000 - 0x00007ffa30a93000 	C:\WINDOWS\SYSTEM32\WINMM.dll
0x0000000059b30000 - 0x0000000059c02000 	C:\Xilinx\Vivado\2015.2\tps\win64\jre\bin\MSVCR100.dll
0x00007ffa11710000 - 0x00007ffa11726000 	C:\Xilinx\Vivado\2015.2\lib\win64.o\libboost_iostreams.dll
0x00007ffa2bb60000 - 0x00007ffa2bede000 	C:\WINDOWS\SYSTEM32\iertutil.dll
0x00007ffa323b0000 - 0x00007ffa323bb000 	C:\WINDOWS\SYSTEM32\CRYPTBASE.dll
0x00007ffa32900000 - 0x00007ffa32928000 	C:\WINDOWS\SYSTEM32\bcrypt.dll
0x00007ffa30a40000 - 0x00007ffa30a6c000 	C:\WINDOWS\SYSTEM32\WINMMBASE.dll
0x00007ffa33210000 - 0x00007ffa33254000 	C:\WINDOWS\system32\cfgmgr32.dll
0x00007ffa327f0000 - 0x00007ffa3285b000 	C:\WINDOWS\SYSTEM32\bcryptPrimitives.dll
0x00007ffa31350000 - 0x00007ffa31377000 	C:\WINDOWS\SYSTEM32\DEVOBJ.dll
0x00007ffa35f70000 - 0x00007ffa35fa6000 	C:\WINDOWS\system32\IMM32.DLL
0x00007ffa33ed0000 - 0x00007ffa3402c000 	C:\WINDOWS\system32\MSCTF.dll
0x00007ffa0ca30000 - 0x00007ffa0ce3a000 	C:\Xilinx\Vivado\2015.2\lib\win64.o\librdi_commontasks.dll
0x00007ffa0bbb0000 - 0x00007ffa0c3c0000 	C:\Xilinx\Vivado\2015.2\lib\win64.o\libXil_lmgr11FNP.dll
0x00007ffa35b60000 - 0x00007ffa35d25000 	C:\WINDOWS\system32\SETUPAPI.dll
0x00007ffa31030000 - 0x00007ffa31068000 	C:\WINDOWS\SYSTEM32\iphlpapi.dll
0x00007ffa23fe0000 - 0x00007ffa23fec000 	C:\WINDOWS\SYSTEM32\snmpapi.dll
0x00007ffa2ac50000 - 0x00007ffa2acd4000 	C:\WINDOWS\SYSTEM32\WINSPOOL.DRV
0x00007ffa20140000 - 0x00007ffa201a9000 	C:\WINDOWS\SYSTEM32\OLEACC.dll
0x00007ffa31010000 - 0x00007ffa3101b000 	C:\WINDOWS\SYSTEM32\WINNSI.DLL
0x00007ffa32240000 - 0x00007ffa32257000 	C:\WINDOWS\SYSTEM32\CRYPTSP.dll
0x00007ffa31e90000 - 0x00007ffa31ec3000 	C:\WINDOWS\system32\rsaenh.dll
0x00007ffa32590000 - 0x00007ffa325bc000 	C:\WINDOWS\SYSTEM32\SspiCli.dll
0x00007ffa31200000 - 0x00007ffa31296000 	C:\WINDOWS\system32\uxtheme.dll
0x00007ffa29da0000 - 0x00007ffa29db5000 	C:\WINDOWS\system32\napinsp.dll
0x00007ffa29ec0000 - 0x00007ffa29eda000 	C:\WINDOWS\system32\pnrpnsp.dll
0x00007ffa30620000 - 0x00007ffa30638000 	C:\WINDOWS\system32\NLAapi.dll
0x00007ffa33e10000 - 0x00007ffa33eb5000 	C:\WINDOWS\system32\clbcatq.dll
0x00007ffa321e0000 - 0x00007ffa3223d000 	C:\WINDOWS\System32\mswsock.dll
0x00007ffa31fa0000 - 0x00007ffa32048000 	C:\WINDOWS\SYSTEM32\DNSAPI.dll
0x00007ffa29f60000 - 0x00007ffa29f6d000 	C:\WINDOWS\System32\winrnr.dll
0x00007ffa30730000 - 0x00007ffa30798000 	C:\WINDOWS\System32\fwpuclnt.dll
0x00007ffa2eae0000 - 0x00007ffa2eaea000 	C:\Windows\System32\rasadhlp.dll
0x00007ffa29710000 - 0x00007ffa2971a000 	C:\WINDOWS\system32\wshqos.dll
0x00007ffa29700000 - 0x00007ffa29708000 	C:\WINDOWS\SYSTEM32\wshtcpip.DLL
0x00007ffa296f0000 - 0x00007ffa296f8000 	C:\WINDOWS\SYSTEM32\wship6.dll
0x00007ffa30110000 - 0x00007ffa30126000 	C:\WINDOWS\SYSTEM32\dhcpcsvc6.DLL
0x00007ffa300f0000 - 0x00007ffa3010a000 	C:\WINDOWS\SYSTEM32\dhcpcsvc.DLL
0x0000008b76620000 - 0x0000008b76623000 	C:\WINDOWS\SYSTEM32\icmp.Dll
0x00007ffa0c490000 - 0x00007ffa0ca2b000 	C:\Xilinx\Vivado\2015.2\lib\win64.o\librdi_coretasks.dll
0x00007ffa0dc20000 - 0x00007ffa0ddde000 	C:\Xilinx\Vivado\2015.2\lib\win64.o\librdi_chipscope.dll
0x00007ffa0ba70000 - 0x00007ffa0bbaa000 	C:\Xilinx\Vivado\2015.2\lib\win64.o\librdi_board.dll
0x00007ffa0a960000 - 0x00007ffa0ba6b000 	C:\Xilinx\Vivado\2015.2\lib\win64.o\librdi_constraints.dll
0x00007ffa09170000 - 0x00007ffa0a960000 	C:\Xilinx\Vivado\2015.2\lib\win64.o\librdi_coregen.dll
0x00007ffa05ae0000 - 0x00007ffa09165000 	C:\Xilinx\Vivado\2015.2\lib\win64.o\librdi_designutils.dll
0x00007ff9fefe0000 - 0x00007ffa05adf000 	C:\Xilinx\Vivado\2015.2\lib\win64.o\librdi_device.dll
0x00007ff9feb40000 - 0x00007ff9fefd3000 	C:\Xilinx\Vivado\2015.2\lib\win64.o\librdi_drc.dll
0x00007ff9fe810000 - 0x00007ff9feb3d000 	C:\Xilinx\Vivado\2015.2\lib\win64.o\librdi_filemgmt.dll
0x00007ff9fe3e0000 - 0x00007ff9fe802000 	C:\Xilinx\Vivado\2015.2\lib\win64.o\librdi_netlist.dll
0x00007ff9fcdb0000 - 0x00007ff9fe3d4000 	C:\Xilinx\Vivado\2015.2\lib\win64.o\librdi_place.dll
0x00007ff9fc8c0000 - 0x00007ff9fcda1000 	C:\Xilinx\Vivado\2015.2\lib\win64.o\librdi_power.dll
0x00007ff9fc4c0000 - 0x00007ff9fc8bb000 	C:\Xilinx\Vivado\2015.2\lib\win64.o\librdi_project.dll
0x00007ffa0f670000 - 0x00007ffa0f6bd000 	C:\Xilinx\Vivado\2015.2\lib\win64.o\librdi_projectbase.dll
0x00007ff9fc030000 - 0x00007ff9fc4c0000 	C:\Xilinx\Vivado\2015.2\lib\win64.o\librdi_psta.dll
0x00007ff9fbc00000 - 0x00007ff9fc028000 	C:\Xilinx\Vivado\2015.2\lib\win64.o\librdi_rsb.dll
0x00007ff9fb9a0000 - 0x00007ff9fbbf6000 	C:\Xilinx\Vivado\2015.2\lib\win64.o\librdi_runs.dll
0x00007ffa0dbc0000 - 0x00007ffa0dc19000 	C:\Xilinx\Vivado\2015.2\lib\win64.o\librdi_runsbase.dll
0x00007ff9fb090000 - 0x00007ff9fb99e000 	C:\Xilinx\Vivado\2015.2\lib\win64.o\librdi_timing.dll
0x00007ffa0c420000 - 0x00007ffa0c483000 	C:\Xilinx\Vivado\2015.2\lib\win64.o\liblmx6.0.dll
0x00007ff9fb030000 - 0x00007ff9fb08d000 	C:\Xilinx\Vivado\2015.2\lib\win64.o\librdi_boarddep.dll
0x00007ff9fadb0000 - 0x00007ff9fadf7000 	C:\Xilinx\Vivado\2015.2\lib\win64.o\libboost_serialization.dll

VM Arguments:
jvm_args: -Dsun.java2d.pmoffscreen=false -Dsun.java2d.d3d=false -Dsun.awt.nopixfmt=true -Xverify:none -Dswing.aatext=true -XX:-UsePerfData -Djdk.map.althashing.threshold=512 -XX:StringTableSize=4072 -Djava.util.Arrays.useLegacyMergeSort=true -XX:NewSize=60m -XX:MaxNewSize=60m -Xms128m -Xmx3072m -Xss5m 
java_command: <unknown>
java_class_path (initial): C:/Xilinx/Vivado/2015.2\lib\classes\alloy.jar;C:/Xilinx/Vivado/2015.2\lib\classes\antlr-2.7.7.jar;C:/Xilinx/Vivado/2015.2\lib\classes\batik-anim.jar;C:/Xilinx/Vivado/2015.2\lib\classes\batik-awt-util.jar;C:/Xilinx/Vivado/2015.2\lib\classes\batik-bridge.jar;C:/Xilinx/Vivado/2015.2\lib\classes\batik-codec.jar;C:/Xilinx/Vivado/2015.2\lib\classes\batik-css.jar;C:/Xilinx/Vivado/2015.2\lib\classes\batik-dom.jar;C:/Xilinx/Vivado/2015.2\lib\classes\batik-ext.jar;C:/Xilinx/Vivado/2015.2\lib\classes\batik-gui-util.jar;C:/Xilinx/Vivado/2015.2\lib\classes\batik-gvt.jar;C:/Xilinx/Vivado/2015.2\lib\classes\batik-parser.jar;C:/Xilinx/Vivado/2015.2\lib\classes\batik-script.jar;C:/Xilinx/Vivado/2015.2\lib\classes\batik-svg-dom.jar;C:/Xilinx/Vivado/2015.2\lib\classes\batik-swing.jar;C:/Xilinx/Vivado/2015.2\lib\classes\batik-transcoder.jar;C:/Xilinx/Vivado/2015.2\lib\classes\batik-util.jar;C:/Xilinx/Vivado/2015.2\lib\classes\batik-xml.jar;C:/Xilinx/Vivado/2015.2\lib\classes\commons-logging.jar;C:/Xilinx/Vivado/2015.2\lib\classes\commons-math-2.2.jar;C:/Xilinx/Vivado/2015.2\lib\classes\dom4j-1.6.1.jar;C:/Xilinx/Vivado/2015.2\lib\classes\forms.jar;C:/Xilinx/Vivado/2015.2\lib\classes\guava-15.0.jar;C:/Xilinx/Vivado/2015.2\lib\classes\hsqldb.jar;C:/Xilinx/Vivado/2015.2\lib\classes\jdom.jar;C:/Xilinx/Vivado/2015.2\lib\classes\jide-action.jar;C:/Xilinx/Vivado/2015.2\lib\classes\jide-charts.jar;C:/Xilinx/Vivado/2015.2\lib\classes\jide-common.jar;C:/Xilinx/Vivado/2015.2\lib\classes\jide-components.jar;C:/Xilinx/Vivado/2015.2\lib\classes\jide-dashboard.jar;C:/Xilinx/Vivado/2015.2\lib\classes\jide-data.jar;C:/Xilinx/Vivado/2015.2\lib\classes\jide-dialogs.jar;C:/Xilinx/Vivado/2015.2\lib\classes\jide-diff.jar;C:/Xilinx/Vivado/2015.2\lib\classes\jide-dock.jar;C:/Xilinx/Vivado/2015.2\lib\classes\jide-editor.jar;C:/Xilinx/Vivado/2015.2\lib\classes\jide-gantt.jar;C:/Xilinx/Vivado/2015.2\lib\classes\jide-grids.jar;C:/Xilinx/Vivado/2015.2\lib\classes\jide-pivot.jar;C:/Xilin
Launcher Type: generic

Environment Variables:
PATH=C:/Xilinx/Vivado/2015.2/bin;C:/Xilinx/Vivado/2015.2/lib/win64.o;C:/Xilinx/Vivado/2015.2/tps/win64/jre/bin/server;C:/Xilinx/Vivado/2015.2/tps/win64/jre/bin;C:/Xilinx/Vivado/2015.2/ids_lite/ISE/bin/nt64;C:/Xilinx/Vivado/2015.2/ids_lite/ISE/lib/nt64;C:/Xilinx/Vivado_HLS/2015.2/bin;C:\WINDOWS\system32;C:\WINDOWS;C:\WINDOWS\System32\Wbem;C:\WINDOWS\System32\WindowsPowerShell\v1.0\;C:\Program Files\MIT\Kerberos\bin;C:\Program Files (x86)\AMD\ATI.ACE\Core-Static
USERNAME=aprosser
OS=Windows_NT
PROCESSOR_IDENTIFIER=Intel64 Family 6 Model 94 Stepping 3, GenuineIntel



---------------  S Y S T E M  ---------------

OS: Windows 8 , 64 bit Build 9200 

CPU:total 8 (4 cores per cpu, 2 threads per core) family 6 model 94 stepping 3, cmov, cx8, fxsr, mmx, sse, sse2, sse3, ssse3, sse4.1, sse4.2, popcnt, avx, avx2, aes, clmul, erms, rtm, lzcnt, ht, tsc, tscinvbit, bmi1, bmi2

Memory: 4k page, physical 16700084k(12275056k free), swap 19190452k(13003244k free)

vm_info: Java HotSpot(TM) 64-Bit Server VM (25.25-b02) for windows-amd64 JRE (1.8.0_25-b18), built on Oct  7 2014 14:25:37 by "java_re" with MS VC++ 10.0 (VS2010)

time: Mon Jul 31 13:46:58 2017
elapsed time: 273469 seconds (3d 3h 57m 49s)

