#-----------------------------------------------------------
# Vivado v2015.2 (64-bit)
# SW Build 1266856 on Fri Jun 26 16:35:25 MDT 2015
# IP Build 1264090 on Wed Jun 24 14:22:01 MDT 2015
# Start of session at: Mon Aug 28 13:45:35 2017
# Process ID: 7268
# Log file: C:/nimPlus_CAPTAN_+_Artix_160_New_Port_Assign/top/vivado.log
# Journal file: C:/nimPlus_CAPTAN_+_Artix_160_New_Port_Assign/top\vivado.jou
#-----------------------------------------------------------
start_gui
open_project C:/nimPlus_CAPTAN_+_Artix_160_New_Port_Assign/top/top.xpr
Scanning sources...
Finished scanning sources
INFO: [IP_Flow 19-234] Refreshing IP repositories
INFO: [IP_Flow 19-1704] No user IP repositories specified
INFO: [IP_Flow 19-2313] Loaded Vivado IP repository 'C:/Xilinx/Vivado/2015.2/data/ip'.
open_project: Time (s): cpu = 00:00:14 ; elapsed = 00:00:06 . Memory (MB): peak = 825.953 ; gain = 248.977
reset_run synth_1
launch_runs synth_1 -jobs 4
[Mon Aug 28 13:50:07 2017] Launched synth_1...
Run output will be captured here: C:/nimPlus_CAPTAN_+_Artix_160_New_Port_Assign/top/top.runs/synth_1/runme.log
open_run synth_1 -name synth_1
Design is defaulting to impl run constrset: constrs_1
Design is defaulting to synth run part: xc7a200tffg1156-2
INFO: [Project 1-454] Reading design checkpoint 'C:/nimPlus_CAPTAN_+_Artix_160_New_Port_Assign/top/top.runs/NIM_CLKS_synth_1/NIM_CLKS.dcp' for cell 'NIM_CLKS_BLOCK'
INFO: [Project 1-454] Reading design checkpoint 'C:/nimPlus_CAPTAN_+_Artix_160_New_Port_Assign/top/top.runs/clk_wiz_0_synth_1/clk_wiz_0.dcp' for cell 'clk_wiz_0_BLOCK'
INFO: [Project 1-454] Reading design checkpoint 'C:/nimPlus_CAPTAN_+_Artix_160_New_Port_Assign/top/top.runs/clk_wiz_1_synth_1/clk_wiz_1.dcp' for cell 'clk_wiz_1_BLOCK'
INFO: [Netlist 29-17] Analyzing 384 Unisim elements for replacement
INFO: [Netlist 29-28] Unisim Transformation completed in 0 CPU seconds
INFO: [Project 1-479] Netlist was created with Vivado 2015.2
INFO: [Device 21-403] Loading part xc7a200tffg1156-2
INFO: [Project 1-570] Preparing netlist for logic optimization
Parsing XDC File [c:/nimPlus_CAPTAN_+_Artix_160_New_Port_Assign/top/top.srcs/sources_1/ip/NIM_CLKS/NIM_CLKS_board.xdc] for cell 'NIM_CLKS_BLOCK/U0'
Finished Parsing XDC File [c:/nimPlus_CAPTAN_+_Artix_160_New_Port_Assign/top/top.srcs/sources_1/ip/NIM_CLKS/NIM_CLKS_board.xdc] for cell 'NIM_CLKS_BLOCK/U0'
Parsing XDC File [c:/nimPlus_CAPTAN_+_Artix_160_New_Port_Assign/top/top.srcs/sources_1/ip/NIM_CLKS/NIM_CLKS.xdc] for cell 'NIM_CLKS_BLOCK/U0'
Finished Parsing XDC File [c:/nimPlus_CAPTAN_+_Artix_160_New_Port_Assign/top/top.srcs/sources_1/ip/NIM_CLKS/NIM_CLKS.xdc] for cell 'NIM_CLKS_BLOCK/U0'
Parsing XDC File [c:/nimPlus_CAPTAN_+_Artix_160_New_Port_Assign/top/top.srcs/sources_1/ip/clk_wiz_0/clk_wiz_0_board.xdc] for cell 'clk_wiz_0_BLOCK/U0'
Finished Parsing XDC File [c:/nimPlus_CAPTAN_+_Artix_160_New_Port_Assign/top/top.srcs/sources_1/ip/clk_wiz_0/clk_wiz_0_board.xdc] for cell 'clk_wiz_0_BLOCK/U0'
Parsing XDC File [c:/nimPlus_CAPTAN_+_Artix_160_New_Port_Assign/top/top.srcs/sources_1/ip/clk_wiz_0/clk_wiz_0.xdc] for cell 'clk_wiz_0_BLOCK/U0'
Finished Parsing XDC File [c:/nimPlus_CAPTAN_+_Artix_160_New_Port_Assign/top/top.srcs/sources_1/ip/clk_wiz_0/clk_wiz_0.xdc] for cell 'clk_wiz_0_BLOCK/U0'
Parsing XDC File [c:/nimPlus_CAPTAN_+_Artix_160_New_Port_Assign/top/top.srcs/sources_1/ip/clk_wiz_1/clk_wiz_1_board.xdc] for cell 'clk_wiz_1_BLOCK/U0'
Finished Parsing XDC File [c:/nimPlus_CAPTAN_+_Artix_160_New_Port_Assign/top/top.srcs/sources_1/ip/clk_wiz_1/clk_wiz_1_board.xdc] for cell 'clk_wiz_1_BLOCK/U0'
Parsing XDC File [c:/nimPlus_CAPTAN_+_Artix_160_New_Port_Assign/top/top.srcs/sources_1/ip/clk_wiz_1/clk_wiz_1.xdc] for cell 'clk_wiz_1_BLOCK/U0'
Finished Parsing XDC File [c:/nimPlus_CAPTAN_+_Artix_160_New_Port_Assign/top/top.srcs/sources_1/ip/clk_wiz_1/clk_wiz_1.xdc] for cell 'clk_wiz_1_BLOCK/U0'
Sourcing Tcl File [C:/nimPlus_CAPTAN_+_Artix_160_New_Port_Assign/top/top.srcs/constrs_1/imports/ucf/pins.tcl]
Finished Sourcing Tcl File [C:/nimPlus_CAPTAN_+_Artix_160_New_Port_Assign/top/top.srcs/constrs_1/imports/ucf/pins.tcl]
Sourcing Tcl File [C:/nimPlus_CAPTAN_+_Artix_160_New_Port_Assign/top/top.srcs/constrs_1/imports/ucf/clock_constraints.tcl]
INFO: [Timing 38-35] Done setting XDC timing constraints. [C:/nimPlus_CAPTAN_+_Artix_160_New_Port_Assign/top/top.srcs/constrs_1/imports/ucf/clock_constraints.tcl:38]
INFO: [Timing 38-2] Deriving generated clocks [C:/nimPlus_CAPTAN_+_Artix_160_New_Port_Assign/top/top.srcs/constrs_1/imports/ucf/clock_constraints.tcl:38]
get_clocks: Time (s): cpu = 00:00:12 ; elapsed = 00:00:11 . Memory (MB): peak = 1644.223 ; gain = 519.832
Finished Sourcing Tcl File [C:/nimPlus_CAPTAN_+_Artix_160_New_Port_Assign/top/top.srcs/constrs_1/imports/ucf/clock_constraints.tcl]
INFO: [Project 1-538] Using original IP XDC constraints instead of the XDC constraints in dcp 'C:/nimPlus_CAPTAN_+_Artix_160_New_Port_Assign/top/top.runs/NIM_CLKS_synth_1/NIM_CLKS.dcp'
INFO: [Project 1-538] Using original IP XDC constraints instead of the XDC constraints in dcp 'C:/nimPlus_CAPTAN_+_Artix_160_New_Port_Assign/top/top.runs/clk_wiz_0_synth_1/clk_wiz_0.dcp'
INFO: [Project 1-538] Using original IP XDC constraints instead of the XDC constraints in dcp 'C:/nimPlus_CAPTAN_+_Artix_160_New_Port_Assign/top/top.runs/clk_wiz_1_synth_1/clk_wiz_1.dcp'
INFO: [Opt 31-138] Pushed 0 inverter(s) to 0 load pin(s).
INFO: [Project 1-111] Unisim Transformation Summary:
  A total of 8 instances were transformed.
  OBUFDS => OBUFDS: 8 instances

open_run: Time (s): cpu = 00:00:26 ; elapsed = 00:00:20 . Memory (MB): peak = 1678.980 ; gain = 822.563
create_debug_core u_ila_0 ila
set_property C_DATA_DEPTH 1024 [get_debug_cores u_ila_0]
set_property C_TRIGIN_EN false [get_debug_cores u_ila_0]
set_property C_TRIGOUT_EN false [get_debug_cores u_ila_0]
set_property C_ADV_TRIGGER false [get_debug_cores u_ila_0]
set_property C_INPUT_PIPE_STAGES 0 [get_debug_cores u_ila_0]
set_property C_EN_STRG_QUAL false [get_debug_cores u_ila_0]
set_property ALL_PROBE_SAME_MU true [get_debug_cores u_ila_0]
set_property ALL_PROBE_SAME_MU_CNT 1 [get_debug_cores u_ila_0]
set_property port_width 1 [get_debug_ports u_ila_0/clk]
connect_debug_port u_ila_0/clk [get_nets [list bmx_320 ]]
set_property port_width 4 [get_debug_ports u_ila_0/probe0]
connect_debug_port u_ila_0/probe0 [get_nets [list {nim_input[0]} {nim_input[1]} {nim_input[2]} {nim_input[3]} ]]
save_constraints -force
INFO: [Project 1-239] Creating target file 'C:/nimPlus_CAPTAN_+_Artix_160_New_Port_Assign/top/top.srcs/constrs_1/new/top_10.xdc' for the 'constrs_1' constraints set.
INFO: [Project 1-96] Target constrs file set to 'C:/nimPlus_CAPTAN_+_Artix_160_New_Port_Assign/top/top.srcs/constrs_1/new/top_10.xdc' for the 'constrs_1' constraints set.
reset_run synth_1
launch_runs synth_1 -jobs 4
[Mon Aug 28 14:03:35 2017] Launched synth_1...
Run output will be captured here: C:/nimPlus_CAPTAN_+_Artix_160_New_Port_Assign/top/top.runs/synth_1/runme.log
show_objects -name NET_ONLY [get_nets -hierarchical -top_net_of_hierarchical_group -filter { NAME =~  "*ld*" } ]
delete_debug_core [get_debug_cores {u_ila_0 }]
create_debug_core u_ila_0_0 ila
set_property C_DATA_DEPTH 1024 [get_debug_cores u_ila_0_0]
set_property C_TRIGIN_EN false [get_debug_cores u_ila_0_0]
set_property C_TRIGOUT_EN false [get_debug_cores u_ila_0_0]
set_property C_ADV_TRIGGER false [get_debug_cores u_ila_0_0]
set_property C_INPUT_PIPE_STAGES 0 [get_debug_cores u_ila_0_0]
set_property C_EN_STRG_QUAL false [get_debug_cores u_ila_0_0]
set_property ALL_PROBE_SAME_MU true [get_debug_cores u_ila_0_0]
set_property ALL_PROBE_SAME_MU_CNT 1 [get_debug_cores u_ila_0_0]
set_property port_width 1 [get_debug_ports u_ila_0_0/clk]
connect_debug_port u_ila_0_0/clk [get_nets [list bmx_320 ]]
set_property port_width 4 [get_debug_ports u_ila_0_0/probe0]
connect_debug_port u_ila_0_0/probe0 [get_nets [list {nim_input[0]} {nim_input[1]} {nim_input[2]} {nim_input[3]} ]]
create_debug_port u_ila_0_0 probe
set_property port_width 1 [get_debug_ports u_ila_0_0/probe1]
connect_debug_port u_ila_0_0/probe1 [get_nets [list NIM_BLOCK/U3/U1/ld ]]
create_debug_port u_ila_0_0 probe
set_property port_width 1 [get_debug_ports u_ila_0_0/probe2]
connect_debug_port u_ila_0_0/probe2 [get_nets [list NIM_BLOCK/U24/U1/ld ]]
create_debug_port u_ila_0_0 probe
set_property port_width 1 [get_debug_ports u_ila_0_0/probe3]
connect_debug_port u_ila_0_0/probe3 [get_nets [list NIM_BLOCK/U27/U1/ld ]]
create_debug_port u_ila_0_0 probe
set_property port_width 1 [get_debug_ports u_ila_0_0/probe4]
connect_debug_port u_ila_0_0/probe4 [get_nets [list NIM_BLOCK/U30/U1/ld ]]
save_constraints -force
launch_runs impl_1 -jobs 4
WARNING: [Project 1-478] Design 'synth_1' is stale and will not be used when launching 'impl_1'
[Mon Aug 28 14:09:58 2017] Launched impl_1...
Run output will be captured here: C:/nimPlus_CAPTAN_+_Artix_160_New_Port_Assign/top/top.runs/impl_1/runme.log
launch_runs impl_1 -to_step write_bitstream -jobs 4
[Mon Aug 28 14:15:45 2017] Launched impl_1...
Run output will be captured here: C:/nimPlus_CAPTAN_+_Artix_160_New_Port_Assign/top/top.runs/impl_1/runme.log
open_hw
connect_hw_server
INFO: [Labtools 27-2285] Connecting to hw_server url TCP:localhost:3121
INFO: [Labtools 27-2222] Launching hw_server...
INFO: [Labtools 27-2221] Launch Output:

****** Xilinx hw_server v2015.2
  **** Build date : Jun 26 2015-16:56:39
    ** Copyright 1986-1999, 2001-2015 Xilinx, Inc. All Rights Reserved.


open_hw_target [lindex [get_hw_targets -of_objects [get_hw_servers localhost]] 0]
INFO: [Labtoolstcl 44-466] Opening hw_target localhost:3121/xilinx_tcf/Xilinx/Port_#0010.Hub_#0001
set_property PROGRAM.FILE {C:/nimPlus_CAPTAN_+_Artix_160_New_Port_Assign/top/top.runs/impl_1/top.bit} [lindex [get_hw_devices] 0]
set_property PROBES.FILE {C:/nimPlus_CAPTAN_+_Artix_160_New_Port_Assign/top/top.runs/impl_1/debug_nets.ltx} [lindex [get_hw_devices] 0]
current_hw_device [lindex [get_hw_devices] 0]
refresh_hw_device [lindex [get_hw_devices] 0]
INFO: [Labtools 27-1434] Device xc7a200t (JTAG device index = 0) is programmed with a design that has no supported debug core(s) in it.
WARNING: [Labtools 27-3123] The debug hub core was not detected at User Scan Chain 1 or 3.
Resolution: 
1. Make sure the clock connected to the debug hub (dbg_hub) core is a free running clock and is active OR
2. Manually launch hw_server with -e "set xsdb-user-bscan <C_USER_SCAN_CHAIN scan_chain_number>" to detect the debug hub at User Scan Chain of 2 or 4. To determine the user scan chain setting, open the implemented design and use: get_property C_USER_SCAN_CHAIN [get_debug_cores dbg_hub].
WARNING: [Labtools 27-1974] Mismatch between the design programmed into the device xc7a200t_0 and the probes file C:/nimPlus_CAPTAN_+_Artix_160_New_Port_Assign/top/top.runs/impl_1/debug_nets.ltx.
The device design has 0 ILA core(s) and 0 VIO core(s). The probes file has 1 ILA core(s) and 0 VIO core(s).
Resolution: 
1. Reprogram device with the correct programming file and associated probes file OR
2. Goto device properties and associate the correct probes file with the programming file already programmed in the device.
set_property PROBES.FILE {C:/nimPlus_CAPTAN_+_Artix_160_New_Port_Assign/top/top.runs/impl_1/debug_nets.ltx} [lindex [get_hw_devices] 0]
set_property PROGRAM.FILE {C:/nimPlus_CAPTAN_+_Artix_160_New_Port_Assign/top/top.runs/impl_1/top.bit} [lindex [get_hw_devices] 0]
program_hw_devices [lindex [get_hw_devices] 0]
INFO: [Labtools 27-3164] End of startup status: HIGH
program_hw_devices: Time (s): cpu = 00:00:05 ; elapsed = 00:00:05 . Memory (MB): peak = 1736.855 ; gain = 0.000
refresh_hw_device [lindex [get_hw_devices] 0]
INFO: [Labtools 27-2302] Device xc7a200t (JTAG device index = 0) is programmed with a design that has 1 ILA core(s).
display_hw_ila_data [ get_hw_ila_data hw_ila_data_1]
WARNING: Simulation object nim_out was not found in the design.
WARNING: Simulation object NIM_BLOCK/U1/inhib_in0 was not found in the design.
WARNING: Simulation object NIM_BLOCK/U1/inhib_in1 was not found in the design.
WARNING: Simulation object NIM_BLOCK/U1/inhib_in2 was not found in the design.
WARNING: Simulation object NIM_BLOCK/U1/inhib_in3 was not found in the design.
WARNING: Simulation object NIM_BLOCK/U1/release_in0 was not found in the design.
WARNING: Simulation object NIM_BLOCK/U1/release_in1 was not found in the design.
WARNING: Simulation object NIM_BLOCK/U1/release_in2 was not found in the design.
WARNING: Simulation object NIM_BLOCK/U1/release_in3 was not found in the design.
WARNING: Simulation object NIM_BLOCK/U1/inhib_in3_orig was not found in the design.
WARNING: Simulation object NIM_BLOCK/U1/inhib was not found in the design.
WARNING: Simulation object NIM_BLOCK/U1/release was not found in the design.
WARNING: Simulation object NIM_BLOCK/U1/release_in2_orig was not found in the design.
WARNING: Simulation object NIM_BLOCK/U1/la_0 was not found in the design.
WARNING: Simulation object NIM_BLOCK/U1/la_1 was not found in the design.
WARNING: Simulation object NIM_BLOCK/U1/la_2 was not found in the design.
WARNING: Simulation object NIM_BLOCK/U1/la_3 was not found in the design.
add_wave -into {hw_ila_data_1.wcfg} -radix bin [get_hw_probes {NIM_BLOCK/U24/U1/ld}] [get_hw_probes {NIM_BLOCK/U27/U1/ld}] [get_hw_probes {NIM_BLOCK/U3/U1/ld}] [get_hw_probes {NIM_BLOCK/U30/U1/ld}]
set_property TRIGGER_COMPARE_VALUE eq4'h4 [get_hw_probes nim_input -of_objects [get_hw_ilas hw_ila_1]]
run_hw_ila hw_ila_1
INFO: [Labtools 27-1964] The ILA core 'hw_ila_1' trigger was armed at 2017-Aug-28 14:24:07
wait_on_hw_ila hw_ila_1
display_hw_ila_data [upload_hw_ila_data hw_ila_1]
INFO: [Labtools 27-1966] The ILA core 'hw_ila_1' triggered at 2017-Aug-28 14:24:07
run_hw_ila hw_ila_1
INFO: [Labtools 27-1964] The ILA core 'hw_ila_1' trigger was armed at 2017-Aug-28 14:24:42
wait_on_hw_ila hw_ila_1
display_hw_ila_data [upload_hw_ila_data hw_ila_1]
INFO: [Labtools 27-1966] The ILA core 'hw_ila_1' triggered at 2017-Aug-28 14:24:42
run_hw_ila hw_ila_1
INFO: [Labtools 27-1964] The ILA core 'hw_ila_1' trigger was armed at 2017-Aug-28 14:25:29
wait_on_hw_ila hw_ila_1
display_hw_ila_data [upload_hw_ila_data hw_ila_1]
INFO: [Labtools 27-1966] The ILA core 'hw_ila_1' triggered at 2017-Aug-28 14:25:29
run_hw_ila hw_ila_1
INFO: [Labtools 27-1964] The ILA core 'hw_ila_1' trigger was armed at 2017-Aug-28 14:25:46
wait_on_hw_ila hw_ila_1
display_hw_ila_data [upload_hw_ila_data hw_ila_1]
INFO: [Labtools 27-1966] The ILA core 'hw_ila_1' triggered at 2017-Aug-28 14:25:46
run_hw_ila hw_ila_1
INFO: [Labtools 27-1964] The ILA core 'hw_ila_1' trigger was armed at 2017-Aug-28 14:25:49
wait_on_hw_ila hw_ila_1
display_hw_ila_data [upload_hw_ila_data hw_ila_1]
INFO: [Labtools 27-1966] The ILA core 'hw_ila_1' triggered at 2017-Aug-28 14:25:49
run_hw_ila hw_ila_1
INFO: [Labtools 27-1964] The ILA core 'hw_ila_1' trigger was armed at 2017-Aug-28 14:25:54
wait_on_hw_ila hw_ila_1
display_hw_ila_data [upload_hw_ila_data hw_ila_1]
INFO: [Labtools 27-1966] The ILA core 'hw_ila_1' triggered at 2017-Aug-28 14:25:54
run_hw_ila hw_ila_1
INFO: [Labtools 27-1964] The ILA core 'hw_ila_1' trigger was armed at 2017-Aug-28 14:25:56
wait_on_hw_ila hw_ila_1
display_hw_ila_data [upload_hw_ila_data hw_ila_1]
INFO: [Labtools 27-1966] The ILA core 'hw_ila_1' triggered at 2017-Aug-28 14:25:56
run_hw_ila hw_ila_1
INFO: [Labtools 27-1964] The ILA core 'hw_ila_1' trigger was armed at 2017-Aug-28 14:25:58
wait_on_hw_ila hw_ila_1
display_hw_ila_data [upload_hw_ila_data hw_ila_1]
INFO: [Labtools 27-1966] The ILA core 'hw_ila_1' triggered at 2017-Aug-28 14:25:58
run_hw_ila hw_ila_1
INFO: [Labtools 27-1964] The ILA core 'hw_ila_1' trigger was armed at 2017-Aug-28 14:26:01
wait_on_hw_ila hw_ila_1
display_hw_ila_data [upload_hw_ila_data hw_ila_1]
INFO: [Labtools 27-1966] The ILA core 'hw_ila_1' triggered at 2017-Aug-28 14:26:02
run_hw_ila hw_ila_1
INFO: [Labtools 27-1964] The ILA core 'hw_ila_1' trigger was armed at 2017-Aug-28 14:26:03
wait_on_hw_ila hw_ila_1
display_hw_ila_data [upload_hw_ila_data hw_ila_1]
INFO: [Labtools 27-1966] The ILA core 'hw_ila_1' triggered at 2017-Aug-28 14:26:03
run_hw_ila hw_ila_1
INFO: [Labtools 27-1964] The ILA core 'hw_ila_1' trigger was armed at 2017-Aug-28 14:26:08
wait_on_hw_ila hw_ila_1
display_hw_ila_data [upload_hw_ila_data hw_ila_1]
INFO: [Labtools 27-1966] The ILA core 'hw_ila_1' triggered at 2017-Aug-28 14:26:08
run_hw_ila hw_ila_1
INFO: [Labtools 27-1964] The ILA core 'hw_ila_1' trigger was armed at 2017-Aug-28 14:26:35
wait_on_hw_ila hw_ila_1
display_hw_ila_data [upload_hw_ila_data hw_ila_1]
INFO: [Labtools 27-1966] The ILA core 'hw_ila_1' triggered at 2017-Aug-28 14:26:35
run_hw_ila hw_ila_1
INFO: [Labtools 27-1964] The ILA core 'hw_ila_1' trigger was armed at 2017-Aug-28 14:26:38
wait_on_hw_ila hw_ila_1
display_hw_ila_data [upload_hw_ila_data hw_ila_1]
INFO: [Labtools 27-1966] The ILA core 'hw_ila_1' triggered at 2017-Aug-28 14:26:38
run_hw_ila hw_ila_1
INFO: [Labtools 27-1964] The ILA core 'hw_ila_1' trigger was armed at 2017-Aug-28 14:26:40
wait_on_hw_ila hw_ila_1
display_hw_ila_data [upload_hw_ila_data hw_ila_1]
INFO: [Labtools 27-1966] The ILA core 'hw_ila_1' triggered at 2017-Aug-28 14:26:40
run_hw_ila hw_ila_1
INFO: [Labtools 27-1964] The ILA core 'hw_ila_1' trigger was armed at 2017-Aug-28 14:26:42
wait_on_hw_ila hw_ila_1
display_hw_ila_data [upload_hw_ila_data hw_ila_1]
INFO: [Labtools 27-1966] The ILA core 'hw_ila_1' triggered at 2017-Aug-28 14:26:42
run_hw_ila hw_ila_1
INFO: [Labtools 27-1964] The ILA core 'hw_ila_1' trigger was armed at 2017-Aug-28 14:26:50
wait_on_hw_ila hw_ila_1
display_hw_ila_data [upload_hw_ila_data hw_ila_1]
INFO: [Labtools 27-1966] The ILA core 'hw_ila_1' triggered at 2017-Aug-28 14:26:50
run_hw_ila hw_ila_1
INFO: [Labtools 27-1964] The ILA core 'hw_ila_1' trigger was armed at 2017-Aug-28 14:26:52
wait_on_hw_ila hw_ila_1
display_hw_ila_data [upload_hw_ila_data hw_ila_1]
INFO: [Labtools 27-1966] The ILA core 'hw_ila_1' triggered at 2017-Aug-28 14:26:52
run_hw_ila hw_ila_1
INFO: [Labtools 27-1964] The ILA core 'hw_ila_1' trigger was armed at 2017-Aug-28 14:26:54
wait_on_hw_ila hw_ila_1
display_hw_ila_data [upload_hw_ila_data hw_ila_1]
INFO: [Labtools 27-1966] The ILA core 'hw_ila_1' triggered at 2017-Aug-28 14:26:54
run_hw_ila hw_ila_1
INFO: [Labtools 27-1964] The ILA core 'hw_ila_1' trigger was armed at 2017-Aug-28 14:27:29
wait_on_hw_ila hw_ila_1
display_hw_ila_data [upload_hw_ila_data hw_ila_1]
INFO: [Labtools 27-1966] The ILA core 'hw_ila_1' triggered at 2017-Aug-28 14:27:29
run_hw_ila hw_ila_1
INFO: [Labtools 27-1964] The ILA core 'hw_ila_1' trigger was armed at 2017-Aug-28 14:27:31
wait_on_hw_ila hw_ila_1
display_hw_ila_data [upload_hw_ila_data hw_ila_1]
INFO: [Labtools 27-1966] The ILA core 'hw_ila_1' triggered at 2017-Aug-28 14:27:31
run_hw_ila hw_ila_1
INFO: [Labtools 27-1964] The ILA core 'hw_ila_1' trigger was armed at 2017-Aug-28 14:27:32
wait_on_hw_ila hw_ila_1
display_hw_ila_data [upload_hw_ila_data hw_ila_1]
INFO: [Labtools 27-1966] The ILA core 'hw_ila_1' triggered at 2017-Aug-28 14:27:32
run_hw_ila hw_ila_1
INFO: [Labtools 27-1964] The ILA core 'hw_ila_1' trigger was armed at 2017-Aug-28 14:27:34
wait_on_hw_ila hw_ila_1
display_hw_ila_data [upload_hw_ila_data hw_ila_1]
INFO: [Labtools 27-1966] The ILA core 'hw_ila_1' triggered at 2017-Aug-28 14:27:34
run_hw_ila hw_ila_1
INFO: [Labtools 27-1964] The ILA core 'hw_ila_1' trigger was armed at 2017-Aug-28 14:27:35
wait_on_hw_ila hw_ila_1
display_hw_ila_data [upload_hw_ila_data hw_ila_1]
INFO: [Labtools 27-1966] The ILA core 'hw_ila_1' triggered at 2017-Aug-28 14:27:35
run_hw_ila hw_ila_1
INFO: [Labtools 27-1964] The ILA core 'hw_ila_1' trigger was armed at 2017-Aug-28 14:27:37
wait_on_hw_ila hw_ila_1
display_hw_ila_data [upload_hw_ila_data hw_ila_1]
INFO: [Labtools 27-1966] The ILA core 'hw_ila_1' triggered at 2017-Aug-28 14:27:37
run_hw_ila hw_ila_1
INFO: [Labtools 27-1964] The ILA core 'hw_ila_1' trigger was armed at 2017-Aug-28 14:27:39
wait_on_hw_ila hw_ila_1
display_hw_ila_data [upload_hw_ila_data hw_ila_1]
INFO: [Labtools 27-1966] The ILA core 'hw_ila_1' triggered at 2017-Aug-28 14:27:39
run_hw_ila hw_ila_1
INFO: [Labtools 27-1964] The ILA core 'hw_ila_1' trigger was armed at 2017-Aug-28 14:27:40
wait_on_hw_ila hw_ila_1
display_hw_ila_data [upload_hw_ila_data hw_ila_1]
INFO: [Labtools 27-1966] The ILA core 'hw_ila_1' triggered at 2017-Aug-28 14:27:40
run_hw_ila hw_ila_1
INFO: [Labtools 27-1964] The ILA core 'hw_ila_1' trigger was armed at 2017-Aug-28 14:27:41
wait_on_hw_ila hw_ila_1
display_hw_ila_data [upload_hw_ila_data hw_ila_1]
INFO: [Labtools 27-1966] The ILA core 'hw_ila_1' triggered at 2017-Aug-28 14:27:41
run_hw_ila hw_ila_1
INFO: [Labtools 27-1964] The ILA core 'hw_ila_1' trigger was armed at 2017-Aug-28 14:28:05
wait_on_hw_ila hw_ila_1
display_hw_ila_data [upload_hw_ila_data hw_ila_1]
INFO: [Labtools 27-1966] The ILA core 'hw_ila_1' triggered at 2017-Aug-28 14:28:05
run_hw_ila hw_ila_1
INFO: [Labtools 27-1964] The ILA core 'hw_ila_1' trigger was armed at 2017-Aug-28 14:28:08
wait_on_hw_ila hw_ila_1
display_hw_ila_data [upload_hw_ila_data hw_ila_1]
INFO: [Labtools 27-1966] The ILA core 'hw_ila_1' triggered at 2017-Aug-28 14:28:08
run_hw_ila hw_ila_1
INFO: [Labtools 27-1964] The ILA core 'hw_ila_1' trigger was armed at 2017-Aug-28 14:28:10
wait_on_hw_ila hw_ila_1
display_hw_ila_data [upload_hw_ila_data hw_ila_1]
INFO: [Labtools 27-1966] The ILA core 'hw_ila_1' triggered at 2017-Aug-28 14:28:10
run_hw_ila hw_ila_1
INFO: [Labtools 27-1964] The ILA core 'hw_ila_1' trigger was armed at 2017-Aug-28 14:28:11
wait_on_hw_ila hw_ila_1
display_hw_ila_data [upload_hw_ila_data hw_ila_1]
INFO: [Labtools 27-1966] The ILA core 'hw_ila_1' triggered at 2017-Aug-28 14:28:11
run_hw_ila hw_ila_1
INFO: [Labtools 27-1964] The ILA core 'hw_ila_1' trigger was armed at 2017-Aug-28 14:28:12
wait_on_hw_ila hw_ila_1
display_hw_ila_data [upload_hw_ila_data hw_ila_1]
INFO: [Labtools 27-1966] The ILA core 'hw_ila_1' triggered at 2017-Aug-28 14:28:12
run_hw_ila hw_ila_1
INFO: [Labtools 27-1964] The ILA core 'hw_ila_1' trigger was armed at 2017-Aug-28 14:32:30
wait_on_hw_ila hw_ila_1
display_hw_ila_data [upload_hw_ila_data hw_ila_1]
INFO: [Labtools 27-1966] The ILA core 'hw_ila_1' triggered at 2017-Aug-28 14:32:30
run_hw_ila hw_ila_1
INFO: [Labtools 27-1964] The ILA core 'hw_ila_1' trigger was armed at 2017-Aug-28 14:33:03
wait_on_hw_ila hw_ila_1
display_hw_ila_data [upload_hw_ila_data hw_ila_1]
INFO: [Labtools 27-1966] The ILA core 'hw_ila_1' triggered at 2017-Aug-28 14:33:03
run_hw_ila hw_ila_1
INFO: [Labtools 27-1964] The ILA core 'hw_ila_1' trigger was armed at 2017-Aug-28 14:33:06
wait_on_hw_ila hw_ila_1
display_hw_ila_data [upload_hw_ila_data hw_ila_1]
INFO: [Labtools 27-1966] The ILA core 'hw_ila_1' triggered at 2017-Aug-28 14:33:06
run_hw_ila hw_ila_1
INFO: [Labtools 27-1964] The ILA core 'hw_ila_1' trigger was armed at 2017-Aug-28 14:33:08
wait_on_hw_ila hw_ila_1
display_hw_ila_data [upload_hw_ila_data hw_ila_1]
INFO: [Labtools 27-1966] The ILA core 'hw_ila_1' triggered at 2017-Aug-28 14:33:08
run_hw_ila hw_ila_1
INFO: [Labtools 27-1964] The ILA core 'hw_ila_1' trigger was armed at 2017-Aug-28 14:33:09
wait_on_hw_ila hw_ila_1
display_hw_ila_data [upload_hw_ila_data hw_ila_1]
INFO: [Labtools 27-1966] The ILA core 'hw_ila_1' triggered at 2017-Aug-28 14:33:09
run_hw_ila hw_ila_1
INFO: [Labtools 27-1964] The ILA core 'hw_ila_1' trigger was armed at 2017-Aug-28 14:33:11
wait_on_hw_ila hw_ila_1
display_hw_ila_data [upload_hw_ila_data hw_ila_1]
INFO: [Labtools 27-1966] The ILA core 'hw_ila_1' triggered at 2017-Aug-28 14:33:11
run_hw_ila hw_ila_1
INFO: [Labtools 27-1964] The ILA core 'hw_ila_1' trigger was armed at 2017-Aug-28 14:33:12
wait_on_hw_ila hw_ila_1
display_hw_ila_data [upload_hw_ila_data hw_ila_1]
INFO: [Labtools 27-1966] The ILA core 'hw_ila_1' triggered at 2017-Aug-28 14:33:12
run_hw_ila hw_ila_1
INFO: [Labtools 27-1964] The ILA core 'hw_ila_1' trigger was armed at 2017-Aug-28 14:33:14
wait_on_hw_ila hw_ila_1
display_hw_ila_data [upload_hw_ila_data hw_ila_1]
INFO: [Labtools 27-1966] The ILA core 'hw_ila_1' triggered at 2017-Aug-28 14:33:14
run_hw_ila hw_ila_1
INFO: [Labtools 27-1964] The ILA core 'hw_ila_1' trigger was armed at 2017-Aug-28 14:33:15
wait_on_hw_ila hw_ila_1
display_hw_ila_data [upload_hw_ila_data hw_ila_1]
INFO: [Labtools 27-1966] The ILA core 'hw_ila_1' triggered at 2017-Aug-28 14:33:15
run_hw_ila hw_ila_1
INFO: [Labtools 27-1964] The ILA core 'hw_ila_1' trigger was armed at 2017-Aug-28 14:33:16
wait_on_hw_ila hw_ila_1
display_hw_ila_data [upload_hw_ila_data hw_ila_1]
INFO: [Labtools 27-1966] The ILA core 'hw_ila_1' triggered at 2017-Aug-28 14:33:16
run_hw_ila hw_ila_1
INFO: [Labtools 27-1964] The ILA core 'hw_ila_1' trigger was armed at 2017-Aug-28 14:33:17
wait_on_hw_ila hw_ila_1
display_hw_ila_data [upload_hw_ila_data hw_ila_1]
INFO: [Labtools 27-1966] The ILA core 'hw_ila_1' triggered at 2017-Aug-28 14:33:17
run_hw_ila hw_ila_1
INFO: [Labtools 27-1964] The ILA core 'hw_ila_1' trigger was armed at 2017-Aug-28 14:33:18
wait_on_hw_ila hw_ila_1
display_hw_ila_data [upload_hw_ila_data hw_ila_1]
INFO: [Labtools 27-1966] The ILA core 'hw_ila_1' triggered at 2017-Aug-28 14:33:19
run_hw_ila hw_ila_1
INFO: [Labtools 27-1964] The ILA core 'hw_ila_1' trigger was armed at 2017-Aug-28 14:33:20
wait_on_hw_ila hw_ila_1
display_hw_ila_data [upload_hw_ila_data hw_ila_1]
INFO: [Labtools 27-1966] The ILA core 'hw_ila_1' triggered at 2017-Aug-28 14:33:20
run_hw_ila hw_ila_1
INFO: [Labtools 27-1964] The ILA core 'hw_ila_1' trigger was armed at 2017-Aug-28 14:33:21
wait_on_hw_ila hw_ila_1
display_hw_ila_data [upload_hw_ila_data hw_ila_1]
INFO: [Labtools 27-1966] The ILA core 'hw_ila_1' triggered at 2017-Aug-28 14:33:21
run_hw_ila hw_ila_1
INFO: [Labtools 27-1964] The ILA core 'hw_ila_1' trigger was armed at 2017-Aug-28 14:33:22
wait_on_hw_ila hw_ila_1
display_hw_ila_data [upload_hw_ila_data hw_ila_1]
INFO: [Labtools 27-1966] The ILA core 'hw_ila_1' triggered at 2017-Aug-28 14:33:22
run_hw_ila hw_ila_1
INFO: [Labtools 27-1964] The ILA core 'hw_ila_1' trigger was armed at 2017-Aug-28 14:33:23
wait_on_hw_ila hw_ila_1
display_hw_ila_data [upload_hw_ila_data hw_ila_1]
INFO: [Labtools 27-1966] The ILA core 'hw_ila_1' triggered at 2017-Aug-28 14:33:23
set_property TRIGGER_COMPARE_VALUE eq4'b0000 [get_hw_probes nim_input -of_objects [get_hw_ilas hw_ila_1]]
run_hw_ila hw_ila_1
INFO: [Labtools 27-1964] The ILA core 'hw_ila_1' trigger was armed at 2017-Aug-28 14:34:05
wait_on_hw_ila hw_ila_1
display_hw_ila_data [upload_hw_ila_data hw_ila_1]
INFO: [Labtools 27-1966] The ILA core 'hw_ila_1' triggered at 2017-Aug-28 14:34:05
set_property TRIGGER_COMPARE_VALUE eq1'b0 [get_hw_probes NIM_BLOCK/U3/U1/ld -of_objects [get_hw_ilas hw_ila_1]]
set_property TRIGGER_COMPARE_VALUE eq1'b0 [get_hw_probes NIM_BLOCK/U30/U1/ld -of_objects [get_hw_ilas hw_ila_1]]
set_property TRIGGER_COMPARE_VALUE eq1'b1 [get_hw_probes NIM_BLOCK/U27/U1/ld -of_objects [get_hw_ilas hw_ila_1]]
set_property TRIGGER_COMPARE_VALUE eq1'b0 [get_hw_probes NIM_BLOCK/U24/U1/ld -of_objects [get_hw_ilas hw_ila_1]]
run_hw_ila hw_ila_1
INFO: [Labtools 27-1964] The ILA core 'hw_ila_1' trigger was armed at 2017-Aug-28 14:35:30
wait_on_hw_ila -timeout 0 hw_ila_1
upload_hw_ila_data hw_ila_1
INFO: [Labtools 27-1965] The ILA core 'hw_ila_1' trigger was stopped by user at 2017-Aug-28 14:35:42
WARNING: [Labtools 27-157] hw_ila [hw_ila_1] stopped. No data to upload.
set_property TRIGGER_COMPARE_VALUE eq4'bXXXX [get_hw_probes nim_input -of_objects [get_hw_ilas hw_ila_1]]
run_hw_ila hw_ila_1
INFO: [Labtools 27-1964] The ILA core 'hw_ila_1' trigger was armed at 2017-Aug-28 14:35:54
wait_on_hw_ila hw_ila_1
display_hw_ila_data [upload_hw_ila_data hw_ila_1]
INFO: [Labtools 27-1966] The ILA core 'hw_ila_1' triggered at 2017-Aug-28 14:35:55
set_property CONTROL.TRIGGER_POSITION 100 [get_hw_ilas hw_ila_1]
run_hw_ila hw_ila_1
INFO: [Labtools 27-1964] The ILA core 'hw_ila_1' trigger was armed at 2017-Aug-28 14:36:25
wait_on_hw_ila hw_ila_1
display_hw_ila_data [upload_hw_ila_data hw_ila_1]
INFO: [Labtools 27-1966] The ILA core 'hw_ila_1' triggered at 2017-Aug-28 14:36:26
set_property TRIGGER_COMPARE_VALUE eq1'bX [get_hw_probes NIM_BLOCK/U27/U1/ld -of_objects [get_hw_ilas hw_ila_1]]
set_property TRIGGER_COMPARE_VALUE eq1'bX [get_hw_probes NIM_BLOCK/U24/U1/ld -of_objects [get_hw_ilas hw_ila_1]]
set_property TRIGGER_COMPARE_VALUE eq1'bX [get_hw_probes NIM_BLOCK/U3/U1/ld -of_objects [get_hw_ilas hw_ila_1]]
set_property TRIGGER_COMPARE_VALUE eq1'bX [get_hw_probes NIM_BLOCK/U30/U1/ld -of_objects [get_hw_ilas hw_ila_1]]
set_property TRIGGER_COMPARE_VALUE eq4'b11XX [get_hw_probes nim_input -of_objects [get_hw_ilas hw_ila_1]]
run_hw_ila hw_ila_1
INFO: [Labtools 27-1964] The ILA core 'hw_ila_1' trigger was armed at 2017-Aug-28 14:37:15
wait_on_hw_ila -timeout 0 hw_ila_1
upload_hw_ila_data hw_ila_1
INFO: [Labtools 27-1965] The ILA core 'hw_ila_1' trigger was stopped by user at 2017-Aug-28 14:39:02
WARNING: [Labtools 27-157] hw_ila [hw_ila_1] stopped. No data to upload.
set_property TRIGGER_COMPARE_VALUE eq4'b0XXX [get_hw_probes nim_input -of_objects [get_hw_ilas hw_ila_1]]
set_property TRIGGER_COMPARE_VALUE eq1'bF [get_hw_probes NIM_BLOCK/U27/U1/ld -of_objects [get_hw_ilas hw_ila_1]]
set_property TRIGGER_COMPARE_VALUE neq1'bR [get_hw_probes NIM_BLOCK/U30/U1/ld -of_objects [get_hw_ilas hw_ila_1]]
run_hw_ila hw_ila_1
INFO: [Labtools 27-1964] The ILA core 'hw_ila_1' trigger was armed at 2017-Aug-28 14:40:28
wait_on_hw_ila hw_ila_1
display_hw_ila_data [upload_hw_ila_data hw_ila_1]
INFO: [Labtools 27-1966] The ILA core 'hw_ila_1' triggered at 2017-Aug-28 14:40:28
set_property TRIGGER_COMPARE_VALUE eq1'bN [get_hw_probes NIM_BLOCK/U30/U1/ld -of_objects [get_hw_ilas hw_ila_1]]
run_hw_ila hw_ila_1
INFO: [Labtools 27-1964] The ILA core 'hw_ila_1' trigger was armed at 2017-Aug-28 14:40:46
wait_on_hw_ila hw_ila_1
display_hw_ila_data [upload_hw_ila_data hw_ila_1]
INFO: [Labtools 27-1966] The ILA core 'hw_ila_1' triggered at 2017-Aug-28 14:40:46
run_hw_ila hw_ila_1
INFO: [Labtools 27-1964] The ILA core 'hw_ila_1' trigger was armed at 2017-Aug-28 14:41:12
wait_on_hw_ila hw_ila_1
display_hw_ila_data [upload_hw_ila_data hw_ila_1]
INFO: [Labtools 27-1966] The ILA core 'hw_ila_1' triggered at 2017-Aug-28 14:41:12
run_hw_ila hw_ila_1
INFO: [Labtools 27-1964] The ILA core 'hw_ila_1' trigger was armed at 2017-Aug-28 14:41:14
wait_on_hw_ila hw_ila_1
display_hw_ila_data [upload_hw_ila_data hw_ila_1]
INFO: [Labtools 27-1966] The ILA core 'hw_ila_1' triggered at 2017-Aug-28 14:41:14
run_hw_ila hw_ila_1
INFO: [Labtools 27-1964] The ILA core 'hw_ila_1' trigger was armed at 2017-Aug-28 14:41:23
wait_on_hw_ila hw_ila_1
display_hw_ila_data [upload_hw_ila_data hw_ila_1]
INFO: [Labtools 27-1966] The ILA core 'hw_ila_1' triggered at 2017-Aug-28 14:41:23
run_hw_ila hw_ila_1
INFO: [Labtools 27-1964] The ILA core 'hw_ila_1' trigger was armed at 2017-Aug-28 14:41:24
wait_on_hw_ila hw_ila_1
display_hw_ila_data [upload_hw_ila_data hw_ila_1]
INFO: [Labtools 27-1966] The ILA core 'hw_ila_1' triggered at 2017-Aug-28 14:41:24
run_hw_ila hw_ila_1
INFO: [Labtools 27-1964] The ILA core 'hw_ila_1' trigger was armed at 2017-Aug-28 14:41:27
wait_on_hw_ila hw_ila_1
display_hw_ila_data [upload_hw_ila_data hw_ila_1]
INFO: [Labtools 27-1966] The ILA core 'hw_ila_1' triggered at 2017-Aug-28 14:41:27
run_hw_ila hw_ila_1
INFO: [Labtools 27-1964] The ILA core 'hw_ila_1' trigger was armed at 2017-Aug-28 14:41:31
wait_on_hw_ila hw_ila_1
display_hw_ila_data [upload_hw_ila_data hw_ila_1]
INFO: [Labtools 27-1966] The ILA core 'hw_ila_1' triggered at 2017-Aug-28 14:41:31
run_hw_ila hw_ila_1
INFO: [Labtools 27-1964] The ILA core 'hw_ila_1' trigger was armed at 2017-Aug-28 14:41:32
wait_on_hw_ila hw_ila_1
display_hw_ila_data [upload_hw_ila_data hw_ila_1]
INFO: [Labtools 27-1966] The ILA core 'hw_ila_1' triggered at 2017-Aug-28 14:41:32
reset_run synth_1
launch_runs synth_1 -jobs 4
[Mon Aug 28 14:52:36 2017] Launched synth_1...
Run output will be captured here: C:/nimPlus_CAPTAN_+_Artix_160_New_Port_Assign/top/top.runs/synth_1/runme.log
show_objects -name NET_ONLY [get_nets -hierarchical -top_net_of_hierarchical_group -filter { NAME =~  "*ld*" } ]
CRITICAL WARNING: [Chipscope 16-3] Cannot debug net 'u_ila_0_0_ld_3'; it was auto-generated for ChipScope.
CRITICAL WARNING: [Chipscope 16-3] Cannot debug net 'u_ila_0_0_ld_2'; it was auto-generated for ChipScope.
CRITICAL WARNING: [Chipscope 16-3] Cannot debug net 'u_ila_0_0_ld_1'; it was auto-generated for ChipScope.
CRITICAL WARNING: [Chipscope 16-3] Cannot debug net 'u_ila_0_0_ld'; it was auto-generated for ChipScope.
show_objects -name NET_ONLY [get_nets -hierarchical -top_net_of_hierarchical_group -filter { NAME =~  "*ld*" } ]
CRITICAL WARNING: [Chipscope 16-3] Cannot debug net 'u_ila_0_0_ld_3'; it was auto-generated for ChipScope.
CRITICAL WARNING: [Chipscope 16-3] Cannot debug net 'u_ila_0_0_ld_2'; it was auto-generated for ChipScope.
CRITICAL WARNING: [Chipscope 16-3] Cannot debug net 'u_ila_0_0_ld_1'; it was auto-generated for ChipScope.
CRITICAL WARNING: [Chipscope 16-3] Cannot debug net 'u_ila_0_0_ld'; it was auto-generated for ChipScope.
show_objects -name NET_ONLY [get_nets -hierarchical -top_net_of_hierarchical_group -filter { NAME =~  "*fs_sync*" } ]
show_objects -name NET_ONLY [get_nets -hierarchical -top_net_of_hierarchical_group -filter { NAME =~  "*fs_sync_in*" } ]
delete_debug_core [get_debug_cores {u_ila_0_0 }]
create_debug_core u_ila_0 ila
set_property C_DATA_DEPTH 1024 [get_debug_cores u_ila_0]
set_property C_TRIGIN_EN false [get_debug_cores u_ila_0]
set_property C_TRIGOUT_EN false [get_debug_cores u_ila_0]
set_property C_ADV_TRIGGER false [get_debug_cores u_ila_0]
set_property C_INPUT_PIPE_STAGES 0 [get_debug_cores u_ila_0]
set_property C_EN_STRG_QUAL false [get_debug_cores u_ila_0]
set_property ALL_PROBE_SAME_MU true [get_debug_cores u_ila_0]
set_property ALL_PROBE_SAME_MU_CNT 1 [get_debug_cores u_ila_0]
set_property port_width 1 [get_debug_ports u_ila_0/clk]
connect_debug_port u_ila_0/clk [get_nets [list bmx_320 ]]
set_property port_width 4 [get_debug_ports u_ila_0/probe0]
connect_debug_port u_ila_0/probe0 [get_nets [list {nim_input[0]} {nim_input[1]} {nim_input[2]} {nim_input[3]} ]]
create_debug_port u_ila_0 probe
set_property port_width 1 [get_debug_ports u_ila_0/probe1]
connect_debug_port u_ila_0/probe1 [get_nets [list NIM_BLOCK/U3/U1/ld ]]
create_debug_port u_ila_0 probe
set_property port_width 1 [get_debug_ports u_ila_0/probe2]
connect_debug_port u_ila_0/probe2 [get_nets [list NIM_BLOCK/U30/U1/ld ]]
create_debug_port u_ila_0 probe
set_property port_width 1 [get_debug_ports u_ila_0/probe3]
connect_debug_port u_ila_0/probe3 [get_nets [list NIM_BLOCK/U24/U1/ld ]]
create_debug_port u_ila_0 probe
set_property port_width 1 [get_debug_ports u_ila_0/probe4]
connect_debug_port u_ila_0/probe4 [get_nets [list NIM_BLOCK/U27/U1/ld ]]
create_debug_port u_ila_0 probe
set_property port_width 1 [get_debug_ports u_ila_0/probe5]
connect_debug_port u_ila_0/probe5 [get_nets [list NIM_BLOCK/U3/fs_sync_in ]]
create_debug_port u_ila_0 probe
set_property port_width 1 [get_debug_ports u_ila_0/probe6]
connect_debug_port u_ila_0/probe6 [get_nets [list NIM_BLOCK/U24/fs_sync_in ]]
create_debug_port u_ila_0 probe
set_property port_width 1 [get_debug_ports u_ila_0/probe7]
connect_debug_port u_ila_0/probe7 [get_nets [list NIM_BLOCK/U27/fs_sync_in ]]
create_debug_port u_ila_0 probe
set_property port_width 1 [get_debug_ports u_ila_0/probe8]
connect_debug_port u_ila_0/probe8 [get_nets [list NIM_BLOCK/U30/fs_sync_in ]]
create_debug_port u_ila_0 probe
set_property port_width 1 [get_debug_ports u_ila_0/probe9]
connect_debug_port u_ila_0/probe9 [get_nets [list NIM_BLOCK/U30/U9/fs_sync_in ]]
create_debug_port u_ila_0 probe
set_property port_width 1 [get_debug_ports u_ila_0/probe10]
connect_debug_port u_ila_0/probe10 [get_nets [list NIM_BLOCK/U30/U9/Sreg0 ]]
create_debug_port u_ila_0 probe
set_property port_width 1 [get_debug_ports u_ila_0/probe11]
connect_debug_port u_ila_0/probe11 [get_nets [list NIM_BLOCK/U30/U9/sig_in ]]
create_debug_port u_ila_0 probe
set_property port_width 1 [get_debug_ports u_ila_0/probe12]
connect_debug_port u_ila_0/probe12 [get_nets [list NIM_BLOCK/U30/U9/load_out ]]
save_constraints -force
launch_runs impl_1 -jobs 4
WARNING: [Project 1-478] Design 'synth_1' is stale and will not be used when launching 'impl_1'
[Mon Aug 28 15:56:11 2017] Launched impl_1...
Run output will be captured here: C:/nimPlus_CAPTAN_+_Artix_160_New_Port_Assign/top/top.runs/impl_1/runme.log
launch_runs impl_1 -to_step write_bitstream -jobs 4
[Mon Aug 28 16:01:10 2017] Launched impl_1...
Run output will be captured here: C:/nimPlus_CAPTAN_+_Artix_160_New_Port_Assign/top/top.runs/impl_1/runme.log
set_property PROBES.FILE {C:/nimPlus_CAPTAN_+_Artix_160_New_Port_Assign/top/top.runs/impl_1/debug_nets.ltx} [lindex [get_hw_devices] 0]
set_property PROGRAM.FILE {C:/nimPlus_CAPTAN_+_Artix_160_New_Port_Assign/top/top.runs/impl_1/top.bit} [lindex [get_hw_devices] 0]
program_hw_devices [lindex [get_hw_devices] 0]
INFO: [Labtools 27-3164] End of startup status: HIGH
refresh_hw_device [lindex [get_hw_devices] 0]
INFO: [Labtools 27-2302] Device xc7a200t (JTAG device index = 0) is programmed with a design that has 1 ILA core(s).
add_wave -into {hw_ila_data_1.wcfg} -radix bin [get_hw_probes {NIM_BLOCK/U24/fs_sync_in}] [get_hw_probes {NIM_BLOCK/U27/fs_sync_in}] [get_hw_probes {NIM_BLOCK/U3/fs_sync_in}] [get_hw_probes {NIM_BLOCK/U30/fs_sync_in}]
run_hw_ila hw_ila_1
INFO: [Labtools 27-1964] The ILA core 'hw_ila_1' trigger was armed at 2017-Aug-28 16:07:22
wait_on_hw_ila hw_ila_1
display_hw_ila_data [upload_hw_ila_data hw_ila_1]
INFO: [Labtools 27-1966] The ILA core 'hw_ila_1' triggered at 2017-Aug-28 16:07:22
run_hw_ila hw_ila_1
INFO: [Labtools 27-1964] The ILA core 'hw_ila_1' trigger was armed at 2017-Aug-28 16:07:46
wait_on_hw_ila hw_ila_1
display_hw_ila_data [upload_hw_ila_data hw_ila_1]
INFO: [Labtools 27-1966] The ILA core 'hw_ila_1' triggered at 2017-Aug-28 16:07:47
set_property CONTROL.TRIGGER_POSITION 100 [get_hw_ilas hw_ila_1]
run_hw_ila hw_ila_1
INFO: [Labtools 27-1964] The ILA core 'hw_ila_1' trigger was armed at 2017-Aug-28 16:08:40
wait_on_hw_ila hw_ila_1
display_hw_ila_data [upload_hw_ila_data hw_ila_1]
INFO: [Labtools 27-1966] The ILA core 'hw_ila_1' triggered at 2017-Aug-28 16:08:40
run_hw_ila hw_ila_1
INFO: [Labtools 27-1964] The ILA core 'hw_ila_1' trigger was armed at 2017-Aug-28 16:09:02
wait_on_hw_ila hw_ila_1
display_hw_ila_data [upload_hw_ila_data hw_ila_1]
INFO: [Labtools 27-1966] The ILA core 'hw_ila_1' triggered at 2017-Aug-28 16:09:02
run_hw_ila hw_ila_1
INFO: [Labtools 27-1964] The ILA core 'hw_ila_1' trigger was armed at 2017-Aug-28 16:09:06
wait_on_hw_ila hw_ila_1
display_hw_ila_data [upload_hw_ila_data hw_ila_1]
INFO: [Labtools 27-1966] The ILA core 'hw_ila_1' triggered at 2017-Aug-28 16:09:06
run_hw_ila hw_ila_1
INFO: [Labtools 27-1964] The ILA core 'hw_ila_1' trigger was armed at 2017-Aug-28 16:09:08
wait_on_hw_ila hw_ila_1
display_hw_ila_data [upload_hw_ila_data hw_ila_1]
INFO: [Labtools 27-1966] The ILA core 'hw_ila_1' triggered at 2017-Aug-28 16:09:08
run_hw_ila hw_ila_1
INFO: [Labtools 27-1964] The ILA core 'hw_ila_1' trigger was armed at 2017-Aug-28 16:09:11
wait_on_hw_ila hw_ila_1
display_hw_ila_data [upload_hw_ila_data hw_ila_1]
INFO: [Labtools 27-1966] The ILA core 'hw_ila_1' triggered at 2017-Aug-28 16:09:11
run_hw_ila hw_ila_1
INFO: [Labtools 27-1964] The ILA core 'hw_ila_1' trigger was armed at 2017-Aug-28 16:09:12
wait_on_hw_ila hw_ila_1
display_hw_ila_data [upload_hw_ila_data hw_ila_1]
INFO: [Labtools 27-1966] The ILA core 'hw_ila_1' triggered at 2017-Aug-28 16:09:12
run_hw_ila hw_ila_1
INFO: [Labtools 27-1964] The ILA core 'hw_ila_1' trigger was armed at 2017-Aug-28 16:09:16
wait_on_hw_ila hw_ila_1
display_hw_ila_data [upload_hw_ila_data hw_ila_1]
INFO: [Labtools 27-1966] The ILA core 'hw_ila_1' triggered at 2017-Aug-28 16:09:16
run_hw_ila hw_ila_1
INFO: [Labtools 27-1964] The ILA core 'hw_ila_1' trigger was armed at 2017-Aug-28 16:09:53
wait_on_hw_ila hw_ila_1
display_hw_ila_data [upload_hw_ila_data hw_ila_1]
INFO: [Labtools 27-1966] The ILA core 'hw_ila_1' triggered at 2017-Aug-28 16:09:53
run_hw_ila hw_ila_1
INFO: [Labtools 27-1964] The ILA core 'hw_ila_1' trigger was armed at 2017-Aug-28 16:09:55
wait_on_hw_ila hw_ila_1
display_hw_ila_data [upload_hw_ila_data hw_ila_1]
INFO: [Labtools 27-1966] The ILA core 'hw_ila_1' triggered at 2017-Aug-28 16:09:55
add_wave -into {hw_ila_data_1.wcfg} -radix bin [get_hw_probes {NIM_BLOCK/U30/U9/fs_sync_in}] [get_hw_probes {NIM_BLOCK/U30/U9/load_out}] [get_hw_probes {NIM_BLOCK/U30/U9/sig_in}] [get_hw_probes {NIM_BLOCK/U30/U9/Sreg0}]
delete_debug_core [get_debug_cores {u_ila_0 }]
create_debug_core u_ila_0_0 ila
set_property C_DATA_DEPTH 1024 [get_debug_cores u_ila_0_0]
set_property C_TRIGIN_EN false [get_debug_cores u_ila_0_0]
set_property C_TRIGOUT_EN false [get_debug_cores u_ila_0_0]
set_property C_ADV_TRIGGER false [get_debug_cores u_ila_0_0]
set_property C_INPUT_PIPE_STAGES 0 [get_debug_cores u_ila_0_0]
set_property C_EN_STRG_QUAL false [get_debug_cores u_ila_0_0]
set_property ALL_PROBE_SAME_MU true [get_debug_cores u_ila_0_0]
set_property ALL_PROBE_SAME_MU_CNT 1 [get_debug_cores u_ila_0_0]
set_property port_width 1 [get_debug_ports u_ila_0_0/clk]
connect_debug_port u_ila_0_0/clk [get_nets [list bmx_320 ]]
set_property port_width 4 [get_debug_ports u_ila_0_0/probe0]
connect_debug_port u_ila_0_0/probe0 [get_nets [list {nim_input[0]} {nim_input[1]} {nim_input[2]} {nim_input[3]} ]]
create_debug_port u_ila_0_0 probe
set_property port_width 1 [get_debug_ports u_ila_0_0/probe1]
connect_debug_port u_ila_0_0/probe1 [get_nets [list NIM_BLOCK/U30/U9/fs_sync_in ]]
create_debug_port u_ila_0_0 probe
set_property port_width 1 [get_debug_ports u_ila_0_0/probe2]
connect_debug_port u_ila_0_0/probe2 [get_nets [list NIM_BLOCK/U30/fs_sync_in ]]
create_debug_port u_ila_0_0 probe
set_property port_width 1 [get_debug_ports u_ila_0_0/probe3]
connect_debug_port u_ila_0_0/probe3 [get_nets [list NIM_BLOCK/U24/fs_sync_in ]]
create_debug_port u_ila_0_0 probe
set_property port_width 1 [get_debug_ports u_ila_0_0/probe4]
connect_debug_port u_ila_0_0/probe4 [get_nets [list NIM_BLOCK/U27/fs_sync_in ]]
create_debug_port u_ila_0_0 probe
set_property port_width 1 [get_debug_ports u_ila_0_0/probe5]
connect_debug_port u_ila_0_0/probe5 [get_nets [list NIM_BLOCK/U3/fs_sync_in ]]
create_debug_port u_ila_0_0 probe
set_property port_width 1 [get_debug_ports u_ila_0_0/probe6]
connect_debug_port u_ila_0_0/probe6 [get_nets [list NIM_BLOCK/U27/U1/ld ]]
create_debug_port u_ila_0_0 probe
set_property port_width 1 [get_debug_ports u_ila_0_0/probe7]
connect_debug_port u_ila_0_0/probe7 [get_nets [list NIM_BLOCK/U30/U1/ld ]]
create_debug_port u_ila_0_0 probe
set_property port_width 1 [get_debug_ports u_ila_0_0/probe8]
connect_debug_port u_ila_0_0/probe8 [get_nets [list NIM_BLOCK/U24/U1/ld ]]
create_debug_port u_ila_0_0 probe
set_property port_width 1 [get_debug_ports u_ila_0_0/probe9]
connect_debug_port u_ila_0_0/probe9 [get_nets [list NIM_BLOCK/U3/U1/ld ]]
create_debug_port u_ila_0_0 probe
set_property port_width 1 [get_debug_ports u_ila_0_0/probe10]
connect_debug_port u_ila_0_0/probe10 [get_nets [list NIM_BLOCK/U30/U9/load_out ]]
create_debug_port u_ila_0_0 probe
set_property port_width 1 [get_debug_ports u_ila_0_0/probe11]
connect_debug_port u_ila_0_0/probe11 [get_nets [list NIM_BLOCK/U30/U9/sig_in ]]
create_debug_port u_ila_0_0 probe
set_property port_width 1 [get_debug_ports u_ila_0_0/probe12]
connect_debug_port u_ila_0_0/probe12 [get_nets [list NIM_BLOCK/U30/U9/Sreg0 ]]
create_debug_port u_ila_0_0 probe
set_property port_width 1 [get_debug_ports u_ila_0_0/probe13]
connect_debug_port u_ila_0_0/probe13 [get_nets [list NIM_BLOCK/U30/U9/v_ps_hold_in ]]
save_constraints -force
reset_run impl_1
launch_runs impl_1 -jobs 4
WARNING: [Project 1-478] Design 'synth_1' is stale and will not be used when launching 'impl_1'
[Mon Aug 28 16:16:29 2017] Launched impl_1...
Run output will be captured here: C:/nimPlus_CAPTAN_+_Artix_160_New_Port_Assign/top/top.runs/impl_1/runme.log
launch_runs impl_1 -to_step write_bitstream -jobs 4
[Mon Aug 28 16:21:58 2017] Launched impl_1...
Run output will be captured here: C:/nimPlus_CAPTAN_+_Artix_160_New_Port_Assign/top/top.runs/impl_1/runme.log
close_design
open_run impl_1
INFO: [Netlist 29-17] Analyzing 529 Unisim elements for replacement
INFO: [Netlist 29-28] Unisim Transformation completed in 0 CPU seconds
INFO: [Project 1-479] Netlist was created with Vivado 2015.2
INFO: [Project 1-570] Preparing netlist for logic optimization
Parsing XDC File [C:/nimPlus_CAPTAN_+_Artix_160_New_Port_Assign/top/.Xil/Vivado-7268-CD-129671/dcp/top_early.xdc]
Finished Parsing XDC File [C:/nimPlus_CAPTAN_+_Artix_160_New_Port_Assign/top/.Xil/Vivado-7268-CD-129671/dcp/top_early.xdc]
Parsing XDC File [C:/nimPlus_CAPTAN_+_Artix_160_New_Port_Assign/top/.Xil/Vivado-7268-CD-129671/dcp/top.xdc]
INFO: [Timing 38-35] Done setting XDC timing constraints. [C:/nimPlus_CAPTAN_+_Artix_160_New_Port_Assign/top/top.srcs/constrs_1/imports/ucf/clock_constraints.tcl:38]
INFO: [Timing 38-2] Deriving generated clocks [C:/nimPlus_CAPTAN_+_Artix_160_New_Port_Assign/top/top.srcs/constrs_1/imports/ucf/clock_constraints.tcl:38]
get_clocks: Time (s): cpu = 00:00:12 ; elapsed = 00:00:11 . Memory (MB): peak = 1908.473 ; gain = 88.098
Finished Parsing XDC File [C:/nimPlus_CAPTAN_+_Artix_160_New_Port_Assign/top/.Xil/Vivado-7268-CD-129671/dcp/top.xdc]
Reading XDEF placement.
Reading placer database...
Reading XDEF routing.
Read XDEF File: Time (s): cpu = 00:00:01 ; elapsed = 00:00:00.995 . Memory (MB): peak = 1924.168 ; gain = 13.781
Restored from archive | CPU: 1.000000 secs | Memory: 0.000000 MB |
Finished XDEF File Restore: Time (s): cpu = 00:00:01 ; elapsed = 00:00:00.995 . Memory (MB): peak = 1924.168 ; gain = 13.781
INFO: [Project 1-111] Unisim Transformation Summary:
  A total of 102 instances were transformed.
  CFGLUT5 => CFGLUT5 (SRLC32E, SRL16E): 88 instances
  OBUFDS => OBUFDS: 8 instances
  RAM32M => RAM32M (RAMD32, RAMD32, RAMD32, RAMD32, RAMD32, RAMD32, RAMS32, RAMS32): 6 instances

open_run: Time (s): cpu = 00:00:23 ; elapsed = 00:00:19 . Memory (MB): peak = 1976.930 ; gain = 156.555
set_property PROBES.FILE {C:/nimPlus_CAPTAN_+_Artix_160_New_Port_Assign/top/top.runs/impl_1/debug_nets.ltx} [lindex [get_hw_devices] 0]
set_property PROGRAM.FILE {C:/nimPlus_CAPTAN_+_Artix_160_New_Port_Assign/top/top.runs/impl_1/top.bit} [lindex [get_hw_devices] 0]
program_hw_devices [lindex [get_hw_devices] 0]
INFO: [Labtools 27-3164] End of startup status: HIGH
refresh_hw_device [lindex [get_hw_devices] 0]
INFO: [Labtools 27-2302] Device xc7a200t (JTAG device index = 0) is programmed with a design that has 1 ILA core(s).
run_hw_ila hw_ila_1
INFO: [Labtools 27-1964] The ILA core 'hw_ila_1' trigger was armed at 2017-Aug-28 16:24:58
wait_on_hw_ila hw_ila_1
display_hw_ila_data [upload_hw_ila_data hw_ila_1]
INFO: [Labtools 27-1966] The ILA core 'hw_ila_1' triggered at 2017-Aug-28 16:24:58
run_hw_ila hw_ila_1
INFO: [Labtools 27-1964] The ILA core 'hw_ila_1' trigger was armed at 2017-Aug-28 16:25:25
wait_on_hw_ila hw_ila_1
display_hw_ila_data [upload_hw_ila_data hw_ila_1]
INFO: [Labtools 27-1966] The ILA core 'hw_ila_1' triggered at 2017-Aug-28 16:25:25
add_wave -into {hw_ila_data_1.wcfg} -radix bin [get_hw_probes {NIM_BLOCK/U30/U9/v_ps_hold_in}]
run_hw_ila hw_ila_1
INFO: [Labtools 27-1964] The ILA core 'hw_ila_1' trigger was armed at 2017-Aug-28 16:26:25
wait_on_hw_ila hw_ila_1
display_hw_ila_data [upload_hw_ila_data hw_ila_1]
INFO: [Labtools 27-1966] The ILA core 'hw_ila_1' triggered at 2017-Aug-28 16:26:25
run_hw_ila hw_ila_1
INFO: [Labtools 27-1964] The ILA core 'hw_ila_1' trigger was armed at 2017-Aug-28 16:26:49
wait_on_hw_ila hw_ila_1
display_hw_ila_data [upload_hw_ila_data hw_ila_1]
INFO: [Labtools 27-1966] The ILA core 'hw_ila_1' triggered at 2017-Aug-28 16:26:49
run_hw_ila hw_ila_1
INFO: [Labtools 27-1964] The ILA core 'hw_ila_1' trigger was armed at 2017-Aug-28 16:27:00
wait_on_hw_ila hw_ila_1
display_hw_ila_data [upload_hw_ila_data hw_ila_1]
INFO: [Labtools 27-1966] The ILA core 'hw_ila_1' triggered at 2017-Aug-28 16:27:00
run_hw_ila hw_ila_1
INFO: [Labtools 27-1964] The ILA core 'hw_ila_1' trigger was armed at 2017-Aug-28 16:27:02
wait_on_hw_ila hw_ila_1
display_hw_ila_data [upload_hw_ila_data hw_ila_1]
INFO: [Labtools 27-1966] The ILA core 'hw_ila_1' triggered at 2017-Aug-28 16:27:02
run_hw_ila hw_ila_1
INFO: [Labtools 27-1964] The ILA core 'hw_ila_1' trigger was armed at 2017-Aug-28 16:27:03
wait_on_hw_ila hw_ila_1
display_hw_ila_data [upload_hw_ila_data hw_ila_1]
INFO: [Labtools 27-1966] The ILA core 'hw_ila_1' triggered at 2017-Aug-28 16:27:03
run_hw_ila hw_ila_1
INFO: [Labtools 27-1964] The ILA core 'hw_ila_1' trigger was armed at 2017-Aug-28 16:27:05
wait_on_hw_ila hw_ila_1
display_hw_ila_data [upload_hw_ila_data hw_ila_1]
INFO: [Labtools 27-1966] The ILA core 'hw_ila_1' triggered at 2017-Aug-28 16:27:05
run_hw_ila hw_ila_1
INFO: [Labtools 27-1964] The ILA core 'hw_ila_1' trigger was armed at 2017-Aug-28 16:27:07
wait_on_hw_ila hw_ila_1
display_hw_ila_data [upload_hw_ila_data hw_ila_1]
INFO: [Labtools 27-1966] The ILA core 'hw_ila_1' triggered at 2017-Aug-28 16:27:07
run_hw_ila hw_ila_1
INFO: [Labtools 27-1964] The ILA core 'hw_ila_1' trigger was armed at 2017-Aug-28 17:09:39
wait_on_hw_ila -timeout 0 hw_ila_1
upload_hw_ila_data hw_ila_1
INFO: [Labtools 27-1965] The ILA core 'hw_ila_1' trigger was stopped by user at 2017-Aug-28 17:10:06
WARNING: [Labtools 27-157] hw_ila [hw_ila_1] stopped. No data to upload.
run_hw_ila hw_ila_1
INFO: [Labtools 27-1964] The ILA core 'hw_ila_1' trigger was armed at 2017-Aug-28 17:10:10
wait_on_hw_ila -timeout 0 hw_ila_1
upload_hw_ila_data hw_ila_1
INFO: [Labtools 27-1965] The ILA core 'hw_ila_1' trigger was stopped by user at 2017-Aug-28 17:10:20
WARNING: [Labtools 27-157] hw_ila [hw_ila_1] stopped. No data to upload.
set_property TRIGGER_COMPARE_VALUE eq1'bX [get_hw_probes NIM_BLOCK/U27/U1/ld -of_objects [get_hw_ilas hw_ila_1]]
set_property TRIGGER_COMPARE_VALUE eq1'bX [get_hw_probes NIM_BLOCK/U30/U1/ld -of_objects [get_hw_ilas hw_ila_1]]
run_hw_ila hw_ila_1
INFO: [Labtools 27-1964] The ILA core 'hw_ila_1' trigger was armed at 2017-Aug-28 17:10:34
wait_on_hw_ila hw_ila_1
display_hw_ila_data [upload_hw_ila_data hw_ila_1]
INFO: [Labtools 27-1966] The ILA core 'hw_ila_1' triggered at 2017-Aug-28 17:10:34
run_hw_ila hw_ila_1
INFO: [Labtools 27-1964] The ILA core 'hw_ila_1' trigger was armed at 2017-Aug-28 17:10:41
wait_on_hw_ila hw_ila_1
display_hw_ila_data [upload_hw_ila_data hw_ila_1]
INFO: [Labtools 27-1966] The ILA core 'hw_ila_1' triggered at 2017-Aug-28 17:10:41
run_hw_ila hw_ila_1
INFO: [Labtools 27-1964] The ILA core 'hw_ila_1' trigger was armed at 2017-Aug-29 09:21:47
wait_on_hw_ila hw_ila_1
display_hw_ila_data [upload_hw_ila_data hw_ila_1]
INFO: [Labtools 27-1966] The ILA core 'hw_ila_1' triggered at 2017-Aug-29 09:21:47
run_hw_ila hw_ila_1
INFO: [Labtools 27-1964] The ILA core 'hw_ila_1' trigger was armed at 2017-Aug-29 09:21:50
wait_on_hw_ila hw_ila_1
display_hw_ila_data [upload_hw_ila_data hw_ila_1]
INFO: [Labtools 27-1966] The ILA core 'hw_ila_1' triggered at 2017-Aug-29 09:21:50
run_hw_ila hw_ila_1
INFO: [Labtools 27-1964] The ILA core 'hw_ila_1' trigger was armed at 2017-Aug-29 09:22:30
wait_on_hw_ila hw_ila_1
display_hw_ila_data [upload_hw_ila_data hw_ila_1]
INFO: [Labtools 27-1966] The ILA core 'hw_ila_1' triggered at 2017-Aug-29 09:22:31
run_hw_ila hw_ila_1
INFO: [Labtools 27-1964] The ILA core 'hw_ila_1' trigger was armed at 2017-Aug-29 09:23:19
wait_on_hw_ila hw_ila_1
display_hw_ila_data [upload_hw_ila_data hw_ila_1]
INFO: [Labtools 27-1966] The ILA core 'hw_ila_1' triggered at 2017-Aug-29 09:23:19
run_hw_ila hw_ila_1
INFO: [Labtools 27-1964] The ILA core 'hw_ila_1' trigger was armed at 2017-Aug-29 09:23:21
wait_on_hw_ila hw_ila_1
display_hw_ila_data [upload_hw_ila_data hw_ila_1]
INFO: [Labtools 27-1966] The ILA core 'hw_ila_1' triggered at 2017-Aug-29 09:23:21
run_hw_ila hw_ila_1
INFO: [Labtools 27-1964] The ILA core 'hw_ila_1' trigger was armed at 2017-Aug-29 09:23:22
wait_on_hw_ila hw_ila_1
display_hw_ila_data [upload_hw_ila_data hw_ila_1]
INFO: [Labtools 27-1966] The ILA core 'hw_ila_1' triggered at 2017-Aug-29 09:23:22
run_hw_ila hw_ila_1
INFO: [Labtools 27-1964] The ILA core 'hw_ila_1' trigger was armed at 2017-Aug-29 09:23:27
wait_on_hw_ila hw_ila_1
display_hw_ila_data [upload_hw_ila_data hw_ila_1]
INFO: [Labtools 27-1966] The ILA core 'hw_ila_1' triggered at 2017-Aug-29 09:23:27
open_run synth_1 -name synth_1
Design is defaulting to impl run constrset: constrs_1
Design is defaulting to synth run part: xc7a200tffg1156-2
INFO: [Project 1-454] Reading design checkpoint 'C:/nimPlus_CAPTAN_+_Artix_160_New_Port_Assign/top/top.runs/NIM_CLKS_synth_1/NIM_CLKS.dcp' for cell 'NIM_CLKS_BLOCK'
INFO: [Project 1-454] Reading design checkpoint 'C:/nimPlus_CAPTAN_+_Artix_160_New_Port_Assign/top/top.runs/clk_wiz_0_synth_1/clk_wiz_0.dcp' for cell 'clk_wiz_0_BLOCK'
INFO: [Project 1-454] Reading design checkpoint 'C:/nimPlus_CAPTAN_+_Artix_160_New_Port_Assign/top/top.runs/clk_wiz_1_synth_1/clk_wiz_1.dcp' for cell 'clk_wiz_1_BLOCK'
INFO: [Netlist 29-17] Analyzing 384 Unisim elements for replacement
INFO: [Netlist 29-28] Unisim Transformation completed in 0 CPU seconds
INFO: [Project 1-479] Netlist was created with Vivado 2015.2
INFO: [Project 1-570] Preparing netlist for logic optimization
Parsing XDC File [c:/nimPlus_CAPTAN_+_Artix_160_New_Port_Assign/top/top.srcs/sources_1/ip/NIM_CLKS/NIM_CLKS_board.xdc] for cell 'NIM_CLKS_BLOCK/U0'
Finished Parsing XDC File [c:/nimPlus_CAPTAN_+_Artix_160_New_Port_Assign/top/top.srcs/sources_1/ip/NIM_CLKS/NIM_CLKS_board.xdc] for cell 'NIM_CLKS_BLOCK/U0'
Parsing XDC File [c:/nimPlus_CAPTAN_+_Artix_160_New_Port_Assign/top/top.srcs/sources_1/ip/NIM_CLKS/NIM_CLKS.xdc] for cell 'NIM_CLKS_BLOCK/U0'
Finished Parsing XDC File [c:/nimPlus_CAPTAN_+_Artix_160_New_Port_Assign/top/top.srcs/sources_1/ip/NIM_CLKS/NIM_CLKS.xdc] for cell 'NIM_CLKS_BLOCK/U0'
Parsing XDC File [c:/nimPlus_CAPTAN_+_Artix_160_New_Port_Assign/top/top.srcs/sources_1/ip/clk_wiz_0/clk_wiz_0_board.xdc] for cell 'clk_wiz_0_BLOCK/U0'
Finished Parsing XDC File [c:/nimPlus_CAPTAN_+_Artix_160_New_Port_Assign/top/top.srcs/sources_1/ip/clk_wiz_0/clk_wiz_0_board.xdc] for cell 'clk_wiz_0_BLOCK/U0'
Parsing XDC File [c:/nimPlus_CAPTAN_+_Artix_160_New_Port_Assign/top/top.srcs/sources_1/ip/clk_wiz_0/clk_wiz_0.xdc] for cell 'clk_wiz_0_BLOCK/U0'
Finished Parsing XDC File [c:/nimPlus_CAPTAN_+_Artix_160_New_Port_Assign/top/top.srcs/sources_1/ip/clk_wiz_0/clk_wiz_0.xdc] for cell 'clk_wiz_0_BLOCK/U0'
Parsing XDC File [c:/nimPlus_CAPTAN_+_Artix_160_New_Port_Assign/top/top.srcs/sources_1/ip/clk_wiz_1/clk_wiz_1_board.xdc] for cell 'clk_wiz_1_BLOCK/U0'
Finished Parsing XDC File [c:/nimPlus_CAPTAN_+_Artix_160_New_Port_Assign/top/top.srcs/sources_1/ip/clk_wiz_1/clk_wiz_1_board.xdc] for cell 'clk_wiz_1_BLOCK/U0'
Parsing XDC File [c:/nimPlus_CAPTAN_+_Artix_160_New_Port_Assign/top/top.srcs/sources_1/ip/clk_wiz_1/clk_wiz_1.xdc] for cell 'clk_wiz_1_BLOCK/U0'
Finished Parsing XDC File [c:/nimPlus_CAPTAN_+_Artix_160_New_Port_Assign/top/top.srcs/sources_1/ip/clk_wiz_1/clk_wiz_1.xdc] for cell 'clk_wiz_1_BLOCK/U0'
Sourcing Tcl File [C:/nimPlus_CAPTAN_+_Artix_160_New_Port_Assign/top/top.srcs/constrs_1/imports/ucf/pins.tcl]
Finished Sourcing Tcl File [C:/nimPlus_CAPTAN_+_Artix_160_New_Port_Assign/top/top.srcs/constrs_1/imports/ucf/pins.tcl]
Sourcing Tcl File [C:/nimPlus_CAPTAN_+_Artix_160_New_Port_Assign/top/top.srcs/constrs_1/imports/ucf/clock_constraints.tcl]
INFO: [Timing 38-35] Done setting XDC timing constraints. [C:/nimPlus_CAPTAN_+_Artix_160_New_Port_Assign/top/top.srcs/constrs_1/imports/ucf/clock_constraints.tcl:38]
INFO: [Timing 38-2] Deriving generated clocks [C:/nimPlus_CAPTAN_+_Artix_160_New_Port_Assign/top/top.srcs/constrs_1/imports/ucf/clock_constraints.tcl:38]
Finished Sourcing Tcl File [C:/nimPlus_CAPTAN_+_Artix_160_New_Port_Assign/top/top.srcs/constrs_1/imports/ucf/clock_constraints.tcl]
Parsing XDC File [C:/nimPlus_CAPTAN_+_Artix_160_New_Port_Assign/top/top.srcs/constrs_1/new/top_10.xdc]
Finished Parsing XDC File [C:/nimPlus_CAPTAN_+_Artix_160_New_Port_Assign/top/top.srcs/constrs_1/new/top_10.xdc]
INFO: [Project 1-538] Using original IP XDC constraints instead of the XDC constraints in dcp 'C:/nimPlus_CAPTAN_+_Artix_160_New_Port_Assign/top/top.runs/NIM_CLKS_synth_1/NIM_CLKS.dcp'
INFO: [Project 1-538] Using original IP XDC constraints instead of the XDC constraints in dcp 'C:/nimPlus_CAPTAN_+_Artix_160_New_Port_Assign/top/top.runs/clk_wiz_0_synth_1/clk_wiz_0.dcp'
INFO: [Project 1-538] Using original IP XDC constraints instead of the XDC constraints in dcp 'C:/nimPlus_CAPTAN_+_Artix_160_New_Port_Assign/top/top.runs/clk_wiz_1_synth_1/clk_wiz_1.dcp'
INFO: [Opt 31-138] Pushed 0 inverter(s) to 0 load pin(s).
INFO: [Project 1-111] Unisim Transformation Summary:
  A total of 8 instances were transformed.
  OBUFDS => OBUFDS: 8 instances

open_run: Time (s): cpu = 00:00:10 ; elapsed = 00:00:08 . Memory (MB): peak = 2190.047 ; gain = 195.762
delete_debug_core [get_debug_cores {u_ila_0_0 }]
create_debug_core u_ila_0 ila
set_property C_DATA_DEPTH 1024 [get_debug_cores u_ila_0]
set_property C_TRIGIN_EN false [get_debug_cores u_ila_0]
set_property C_TRIGOUT_EN false [get_debug_cores u_ila_0]
set_property C_ADV_TRIGGER false [get_debug_cores u_ila_0]
set_property C_INPUT_PIPE_STAGES 0 [get_debug_cores u_ila_0]
set_property C_EN_STRG_QUAL false [get_debug_cores u_ila_0]
set_property ALL_PROBE_SAME_MU true [get_debug_cores u_ila_0]
set_property ALL_PROBE_SAME_MU_CNT 1 [get_debug_cores u_ila_0]
create_debug_core u_ila_1 ila
set_property C_DATA_DEPTH 1024 [get_debug_cores u_ila_1]
set_property C_TRIGIN_EN false [get_debug_cores u_ila_1]
set_property C_TRIGOUT_EN false [get_debug_cores u_ila_1]
set_property C_ADV_TRIGGER false [get_debug_cores u_ila_1]
set_property C_INPUT_PIPE_STAGES 0 [get_debug_cores u_ila_1]
set_property C_EN_STRG_QUAL false [get_debug_cores u_ila_1]
set_property ALL_PROBE_SAME_MU true [get_debug_cores u_ila_1]
set_property ALL_PROBE_SAME_MU_CNT 1 [get_debug_cores u_ila_1]
set_property port_width 1 [get_debug_ports u_ila_0/clk]
connect_debug_port u_ila_0/clk [get_nets [list MASTER_CLK ]]
set_property port_width 1 [get_debug_ports u_ila_1/clk]
connect_debug_port u_ila_1/clk [get_nets [list bmx_320 ]]
set_property port_width 1 [get_debug_ports u_ila_0/probe0]
connect_debug_port u_ila_0/probe0 [get_nets [list NIM_BLOCK/U27/U9/sig_in ]]
set_property port_width 4 [get_debug_ports u_ila_1/probe0]
connect_debug_port u_ila_1/probe0 [get_nets [list {nim_input[0]} {nim_input[1]} {nim_input[2]} {nim_input[3]} ]]
create_debug_port u_ila_1 probe
set_property port_width 1 [get_debug_ports u_ila_1/probe1]
connect_debug_port u_ila_1/probe1 [get_nets [list NIM_BLOCK/U27/fs_sync_in ]]
create_debug_port u_ila_1 probe
set_property port_width 1 [get_debug_ports u_ila_1/probe2]
connect_debug_port u_ila_1/probe2 [get_nets [list NIM_BLOCK/U27/U1/ld ]]
create_debug_port u_ila_1 probe
set_property port_width 1 [get_debug_ports u_ila_1/probe3]
connect_debug_port u_ila_1/probe3 [get_nets [list NIM_BLOCK/U27/U9/v_ps_hold_in ]]
create_debug_port u_ila_1 probe
set_property port_width 1 [get_debug_ports u_ila_1/probe4]
connect_debug_port u_ila_1/probe4 [get_nets [list NIM_BLOCK/U27/U9/Sreg0 ]]
create_debug_port u_ila_1 probe
set_property port_width 1 [get_debug_ports u_ila_1/probe5]
connect_debug_port u_ila_1/probe5 [get_nets [list NIM_BLOCK/U27/U9/load_out ]]
save_constraints
reset_run impl_1
launch_runs impl_1 -jobs 4
Writing placer database...
Writing XDEF routing.
Writing XDEF routing logical nets.
Writing XDEF routing special nets.
Write XDEF Complete: Time (s): cpu = 00:00:01 ; elapsed = 00:00:00.112 . Memory (MB): peak = 2190.047 ; gain = 0.000
[Tue Aug 29 09:36:30 2017] Launched impl_1...
Run output will be captured here: C:/nimPlus_CAPTAN_+_Artix_160_New_Port_Assign/top/top.runs/impl_1/runme.log
launch_runs impl_1 -to_step write_bitstream -jobs 4
[Tue Aug 29 09:44:15 2017] Launched impl_1...
Run output will be captured here: C:/nimPlus_CAPTAN_+_Artix_160_New_Port_Assign/top/top.runs/impl_1/runme.log
reset_run impl_1 -prev_step 
launch_runs impl_1 -to_step write_bitstream -jobs 4
[Tue Aug 29 09:55:27 2017] Launched impl_1...
Run output will be captured here: C:/nimPlus_CAPTAN_+_Artix_160_New_Port_Assign/top/top.runs/impl_1/runme.log
save_wave_config {C:/nimPlus_CAPTAN_+_Artix_160_New_Port_Assign/top/top.hw/hw_1/wave/hw_ila_data_1/hw_ila_data_1.wcfg}
close_hw
****** Webtalk v2015.2 (64-bit)
  **** SW Build 1266856 on Fri Jun 26 16:35:25 MDT 2015
  **** IP Build 1264090 on Wed Jun 24 14:22:01 MDT 2015
    ** Copyright 1986-2015 Xilinx, Inc. All Rights Reserved.

source C:/nimPlus_CAPTAN_+_Artix_160_New_Port_Assign/top/top.hw/webtalk/labtool_webtalk.tcl -notrace
INFO: [Common 17-186] 'C:/nimPlus_CAPTAN_+_Artix_160_New_Port_Assign/top/top.hw/webtalk/usage_statistics_ext_labtool.xml' has been successfully sent to Xilinx on Tue Aug 29 10:02:45 2017. For additional details about this file, please refer to the WebTalk help file at C:/Xilinx/Vivado/2015.2/doc/webtalk_introduction.html.
INFO: [Common 17-206] Exiting Webtalk at Tue Aug 29 10:02:45 2017...
reset_run synth_1
launch_runs synth_1 -jobs 4
[Tue Aug 29 10:04:45 2017] Launched synth_1...
Run output will be captured here: C:/nimPlus_CAPTAN_+_Artix_160_New_Port_Assign/top/top.runs/synth_1/runme.log
reset_run synth_1
launch_runs synth_1 -jobs 4
[Tue Aug 29 10:07:26 2017] Launched synth_1...
Run output will be captured here: C:/nimPlus_CAPTAN_+_Artix_160_New_Port_Assign/top/top.runs/synth_1/runme.log
close_design
open_run synth_1 -name synth_1
Design is defaulting to impl run constrset: constrs_1
Design is defaulting to synth run part: xc7a200tffg1156-2
INFO: [Project 1-454] Reading design checkpoint 'C:/nimPlus_CAPTAN_+_Artix_160_New_Port_Assign/top/top.runs/NIM_CLKS_synth_1/NIM_CLKS.dcp' for cell 'NIM_CLKS_BLOCK'
INFO: [Project 1-454] Reading design checkpoint 'C:/nimPlus_CAPTAN_+_Artix_160_New_Port_Assign/top/top.runs/clk_wiz_0_synth_1/clk_wiz_0.dcp' for cell 'clk_wiz_0_BLOCK'
INFO: [Project 1-454] Reading design checkpoint 'C:/nimPlus_CAPTAN_+_Artix_160_New_Port_Assign/top/top.runs/clk_wiz_1_synth_1/clk_wiz_1.dcp' for cell 'clk_wiz_1_BLOCK'
INFO: [Netlist 29-17] Analyzing 384 Unisim elements for replacement
INFO: [Netlist 29-28] Unisim Transformation completed in 0 CPU seconds
INFO: [Project 1-479] Netlist was created with Vivado 2015.2
INFO: [Project 1-570] Preparing netlist for logic optimization
Parsing XDC File [c:/nimPlus_CAPTAN_+_Artix_160_New_Port_Assign/top/top.srcs/sources_1/ip/NIM_CLKS/NIM_CLKS_board.xdc] for cell 'NIM_CLKS_BLOCK/U0'
Finished Parsing XDC File [c:/nimPlus_CAPTAN_+_Artix_160_New_Port_Assign/top/top.srcs/sources_1/ip/NIM_CLKS/NIM_CLKS_board.xdc] for cell 'NIM_CLKS_BLOCK/U0'
Parsing XDC File [c:/nimPlus_CAPTAN_+_Artix_160_New_Port_Assign/top/top.srcs/sources_1/ip/NIM_CLKS/NIM_CLKS.xdc] for cell 'NIM_CLKS_BLOCK/U0'
Finished Parsing XDC File [c:/nimPlus_CAPTAN_+_Artix_160_New_Port_Assign/top/top.srcs/sources_1/ip/NIM_CLKS/NIM_CLKS.xdc] for cell 'NIM_CLKS_BLOCK/U0'
Parsing XDC File [c:/nimPlus_CAPTAN_+_Artix_160_New_Port_Assign/top/top.srcs/sources_1/ip/clk_wiz_0/clk_wiz_0_board.xdc] for cell 'clk_wiz_0_BLOCK/U0'
Finished Parsing XDC File [c:/nimPlus_CAPTAN_+_Artix_160_New_Port_Assign/top/top.srcs/sources_1/ip/clk_wiz_0/clk_wiz_0_board.xdc] for cell 'clk_wiz_0_BLOCK/U0'
Parsing XDC File [c:/nimPlus_CAPTAN_+_Artix_160_New_Port_Assign/top/top.srcs/sources_1/ip/clk_wiz_0/clk_wiz_0.xdc] for cell 'clk_wiz_0_BLOCK/U0'
Finished Parsing XDC File [c:/nimPlus_CAPTAN_+_Artix_160_New_Port_Assign/top/top.srcs/sources_1/ip/clk_wiz_0/clk_wiz_0.xdc] for cell 'clk_wiz_0_BLOCK/U0'
Parsing XDC File [c:/nimPlus_CAPTAN_+_Artix_160_New_Port_Assign/top/top.srcs/sources_1/ip/clk_wiz_1/clk_wiz_1_board.xdc] for cell 'clk_wiz_1_BLOCK/U0'
Finished Parsing XDC File [c:/nimPlus_CAPTAN_+_Artix_160_New_Port_Assign/top/top.srcs/sources_1/ip/clk_wiz_1/clk_wiz_1_board.xdc] for cell 'clk_wiz_1_BLOCK/U0'
Parsing XDC File [c:/nimPlus_CAPTAN_+_Artix_160_New_Port_Assign/top/top.srcs/sources_1/ip/clk_wiz_1/clk_wiz_1.xdc] for cell 'clk_wiz_1_BLOCK/U0'
Finished Parsing XDC File [c:/nimPlus_CAPTAN_+_Artix_160_New_Port_Assign/top/top.srcs/sources_1/ip/clk_wiz_1/clk_wiz_1.xdc] for cell 'clk_wiz_1_BLOCK/U0'
Sourcing Tcl File [C:/nimPlus_CAPTAN_+_Artix_160_New_Port_Assign/top/top.srcs/constrs_1/imports/ucf/pins.tcl]
Finished Sourcing Tcl File [C:/nimPlus_CAPTAN_+_Artix_160_New_Port_Assign/top/top.srcs/constrs_1/imports/ucf/pins.tcl]
Sourcing Tcl File [C:/nimPlus_CAPTAN_+_Artix_160_New_Port_Assign/top/top.srcs/constrs_1/imports/ucf/clock_constraints.tcl]
INFO: [Timing 38-35] Done setting XDC timing constraints. [C:/nimPlus_CAPTAN_+_Artix_160_New_Port_Assign/top/top.srcs/constrs_1/imports/ucf/clock_constraints.tcl:38]
INFO: [Timing 38-2] Deriving generated clocks [C:/nimPlus_CAPTAN_+_Artix_160_New_Port_Assign/top/top.srcs/constrs_1/imports/ucf/clock_constraints.tcl:38]
Finished Sourcing Tcl File [C:/nimPlus_CAPTAN_+_Artix_160_New_Port_Assign/top/top.srcs/constrs_1/imports/ucf/clock_constraints.tcl]
Parsing XDC File [C:/nimPlus_CAPTAN_+_Artix_160_New_Port_Assign/top/top.srcs/constrs_1/new/top_10.xdc]
Finished Parsing XDC File [C:/nimPlus_CAPTAN_+_Artix_160_New_Port_Assign/top/top.srcs/constrs_1/new/top_10.xdc]
INFO: [Project 1-538] Using original IP XDC constraints instead of the XDC constraints in dcp 'C:/nimPlus_CAPTAN_+_Artix_160_New_Port_Assign/top/top.runs/NIM_CLKS_synth_1/NIM_CLKS.dcp'
INFO: [Project 1-538] Using original IP XDC constraints instead of the XDC constraints in dcp 'C:/nimPlus_CAPTAN_+_Artix_160_New_Port_Assign/top/top.runs/clk_wiz_0_synth_1/clk_wiz_0.dcp'
INFO: [Project 1-538] Using original IP XDC constraints instead of the XDC constraints in dcp 'C:/nimPlus_CAPTAN_+_Artix_160_New_Port_Assign/top/top.runs/clk_wiz_1_synth_1/clk_wiz_1.dcp'
INFO: [Opt 31-138] Pushed 0 inverter(s) to 0 load pin(s).
INFO: [Project 1-111] Unisim Transformation Summary:
  A total of 8 instances were transformed.
  OBUFDS => OBUFDS: 8 instances

open_run: Time (s): cpu = 00:00:10 ; elapsed = 00:00:07 . Memory (MB): peak = 2392.125 ; gain = 87.984
delete_debug_core [get_debug_cores {u_ila_0 u_ila_1 }]
create_debug_core u_ila_0_0 ila
set_property C_DATA_DEPTH 1024 [get_debug_cores u_ila_0_0]
set_property C_TRIGIN_EN false [get_debug_cores u_ila_0_0]
set_property C_TRIGOUT_EN false [get_debug_cores u_ila_0_0]
set_property C_ADV_TRIGGER false [get_debug_cores u_ila_0_0]
set_property C_INPUT_PIPE_STAGES 0 [get_debug_cores u_ila_0_0]
set_property C_EN_STRG_QUAL false [get_debug_cores u_ila_0_0]
set_property ALL_PROBE_SAME_MU true [get_debug_cores u_ila_0_0]
set_property ALL_PROBE_SAME_MU_CNT 1 [get_debug_cores u_ila_0_0]
create_debug_core u_ila_1_0 ila
set_property C_DATA_DEPTH 1024 [get_debug_cores u_ila_1_0]
set_property C_TRIGIN_EN false [get_debug_cores u_ila_1_0]
set_property C_TRIGOUT_EN false [get_debug_cores u_ila_1_0]
set_property C_ADV_TRIGGER false [get_debug_cores u_ila_1_0]
set_property C_INPUT_PIPE_STAGES 0 [get_debug_cores u_ila_1_0]
set_property C_EN_STRG_QUAL false [get_debug_cores u_ila_1_0]
set_property ALL_PROBE_SAME_MU true [get_debug_cores u_ila_1_0]
set_property ALL_PROBE_SAME_MU_CNT 1 [get_debug_cores u_ila_1_0]
create_debug_core u_ila_2 ila
set_property C_DATA_DEPTH 1024 [get_debug_cores u_ila_2]
set_property C_TRIGIN_EN false [get_debug_cores u_ila_2]
set_property C_TRIGOUT_EN false [get_debug_cores u_ila_2]
set_property C_ADV_TRIGGER false [get_debug_cores u_ila_2]
set_property C_INPUT_PIPE_STAGES 0 [get_debug_cores u_ila_2]
set_property C_EN_STRG_QUAL false [get_debug_cores u_ila_2]
set_property ALL_PROBE_SAME_MU true [get_debug_cores u_ila_2]
set_property ALL_PROBE_SAME_MU_CNT 1 [get_debug_cores u_ila_2]
set_property port_width 1 [get_debug_ports u_ila_0_0/clk]
connect_debug_port u_ila_0_0/clk [get_nets [list IBUF_USER_CLK_n_323 ]]
set_property port_width 1 [get_debug_ports u_ila_1_0/clk]
connect_debug_port u_ila_1_0/clk [get_nets [list MASTER_CLK ]]
set_property port_width 1 [get_debug_ports u_ila_2/clk]
connect_debug_port u_ila_2/clk [get_nets [list bmx_320 ]]
set_property port_width 1 [get_debug_ports u_ila_0_0/probe0]
connect_debug_port u_ila_0_0/probe0 [get_nets [list NIM_BLOCK/U27/U9/reset_p ]]
set_property port_width 1 [get_debug_ports u_ila_1_0/probe0]
connect_debug_port u_ila_1_0/probe0 [get_nets [list NIM_BLOCK/U27/U9/sig_in ]]
set_property port_width 4 [get_debug_ports u_ila_2/probe0]
connect_debug_port u_ila_2/probe0 [get_nets [list {nim_input[0]} {nim_input[1]} {nim_input[2]} {nim_input[3]} ]]
create_debug_port u_ila_2 probe
set_property port_width 1 [get_debug_ports u_ila_2/probe1]
connect_debug_port u_ila_2/probe1 [get_nets [list NIM_BLOCK/U27/fs_sync_in ]]
create_debug_port u_ila_2 probe
set_property port_width 1 [get_debug_ports u_ila_2/probe2]
connect_debug_port u_ila_2/probe2 [get_nets [list NIM_BLOCK/U27/U9/load_out ]]
create_debug_port u_ila_2 probe
set_property port_width 1 [get_debug_ports u_ila_2/probe3]
connect_debug_port u_ila_2/probe3 [get_nets [list NIM_BLOCK/U27/U9/Sreg0 ]]
create_debug_port u_ila_2 probe
set_property port_width 1 [get_debug_ports u_ila_2/probe4]
connect_debug_port u_ila_2/probe4 [get_nets [list NIM_BLOCK/U27/U9/v_ps_hold_in ]]
save_constraints
launch_runs impl_1 -jobs 4
Writing placer database...
Writing XDEF routing.
Writing XDEF routing logical nets.
Writing XDEF routing special nets.
Write XDEF Complete: Time (s): cpu = 00:00:00 ; elapsed = 00:00:00.056 . Memory (MB): peak = 2392.125 ; gain = 0.000
[Tue Aug 29 10:12:54 2017] Launched impl_1...
Run output will be captured here: C:/nimPlus_CAPTAN_+_Artix_160_New_Port_Assign/top/top.runs/impl_1/runme.log
launch_runs impl_1 -to_step write_bitstream -jobs 4
[Tue Aug 29 10:19:33 2017] Launched impl_1...
Run output will be captured here: C:/nimPlus_CAPTAN_+_Artix_160_New_Port_Assign/top/top.runs/impl_1/runme.log
open_hw
connect_hw_server
INFO: [Labtools 27-2285] Connecting to hw_server url TCP:localhost:3121
INFO: [Labtools 27-2222] Launching hw_server...
INFO: [Labtools 27-2221] Launch Output:

****** Xilinx hw_server v2015.2
  **** Build date : Jun 26 2015-16:56:39
    ** Copyright 1986-1999, 2001-2015 Xilinx, Inc. All Rights Reserved.


open_hw_target [lindex [get_hw_targets -of_objects [get_hw_servers localhost]] 0]
INFO: [Labtoolstcl 44-466] Opening hw_target localhost:3121/xilinx_tcf/Xilinx/Port_#0010.Hub_#0001
set_property PROGRAM.FILE {C:/nimPlus_CAPTAN_+_Artix_160_New_Port_Assign/top/top.runs/impl_1/top.bit} [lindex [get_hw_devices] 0]
set_property PROBES.FILE {C:/nimPlus_CAPTAN_+_Artix_160_New_Port_Assign/top/top.runs/impl_1/debug_nets.ltx} [lindex [get_hw_devices] 0]
current_hw_device [lindex [get_hw_devices] 0]
refresh_hw_device [lindex [get_hw_devices] 0]
INFO: [Labtools 27-2302] Device xc7a200t (JTAG device index = 0) is programmed with a design that has 1 ILA core(s).
ERROR: [Labtools 27-1974] Mismatch between the design programmed into the device xc7a200t_0 and the probes file C:/nimPlus_CAPTAN_+_Artix_160_New_Port_Assign/top/top.runs/impl_1/debug_nets.ltx.
The device design has 1 ILA core(s) and 0 VIO core(s). The probes file has 3 ILA core(s) and 0 VIO core(s).
Resolution: 
1. Reprogram device with the correct programming file and associated probes file OR
2. Goto device properties and associate the correct probes file with the programming file already programmed in the device.
set_property PROBES.FILE {C:/nimPlus_CAPTAN_+_Artix_160_New_Port_Assign/top/top.runs/impl_1/debug_nets.ltx} [lindex [get_hw_devices] 0]
set_property PROGRAM.FILE {C:/nimPlus_CAPTAN_+_Artix_160_New_Port_Assign/top/top.runs/impl_1/top.bit} [lindex [get_hw_devices] 0]
program_hw_devices [lindex [get_hw_devices] 0]
INFO: [Labtools 27-3164] End of startup status: HIGH
program_hw_devices: Time (s): cpu = 00:00:05 ; elapsed = 00:00:05 . Memory (MB): peak = 2392.125 ; gain = 0.000
refresh_hw_device [lindex [get_hw_devices] 0]
INFO: [Labtools 27-2302] Device xc7a200t (JTAG device index = 0) is programmed with a design that has 3 ILA core(s).
display_hw_ila_data [ get_hw_ila_data hw_ila_data_1]
WARNING: Simulation object nim_input was not found in the design.
WARNING: Simulation object NIM_BLOCK/U27/U1/ld was not found in the design.
WARNING: Simulation object NIM_BLOCK/U27/fs_sync_in was not found in the design.
display_hw_ila_data [ get_hw_ila_data hw_ila_data_2]
WARNING: Simulation object NIM_BLOCK/ld_reg was not found in the design.
WARNING: Simulation object NIM_BLOCK/sel_blk_en_term was not found in the design.
WARNING: Simulation object NIM_BLOCK/blk_wr_en was not found in the design.
WARNING: Simulation object NIM_BLOCK/sig_mod was not found in the design.
WARNING: Simulation object NIM_BLOCK/sel_ctl was not found in the design.
WARNING: Simulation object NIM_BLOCK/ld_wr_in was not found in the design.
WARNING: Simulation object NIM_BLOCK/pulse_ctl was not found in the design.
WARNING: Simulation object nim_input was not found in the design.
WARNING: Simulation object NIM_BLOCK/U1/inhib_in2 was not found in the design.
WARNING: Simulation object NIM_BLOCK/U1/inhib_in0 was not found in the design.
WARNING: Simulation object NIM_BLOCK/U1/release_in3 was not found in the design.
WARNING: Simulation object NIM_BLOCK/U1/inhib_in3_orig was not found in the design.
WARNING: Simulation object NIM_BLOCK/U1/inhib was not found in the design.
WARNING: Simulation object NIM_BLOCK/U1/inhib_in3 was not found in the design.
WARNING: Simulation object NIM_BLOCK/U1/release_in0 was not found in the design.
WARNING: Simulation object NIM_BLOCK/U1/release_in2_orig was not found in the design.
WARNING: Simulation object NIM_BLOCK/U1/release_in1 was not found in the design.
WARNING: Simulation object NIM_BLOCK/U1/release_in2 was not found in the design.
WARNING: Simulation object NIM_BLOCK/U1/inhib_in1 was not found in the design.
WARNING: Simulation object NIM_BLOCK/U1/release was not found in the design.
WARNING: Simulation object NIM_BLOCK/U1/ld_orig_1 was not found in the design.
WARNING: Simulation object NIM_BLOCK/U1/ld_orig was not found in the design.
WARNING: Simulation object NIM_BLOCK/U1/ld was not found in the design.
WARNING: Simulation object NIM_BLOCK/ld_arr_rst_p was not found in the design.
WARNING: Simulation object NIM_BLOCK/sig_log was not found in the design.
display_hw_ila_data [ get_hw_ila_data hw_ila_data_3]
WARNING: Simulation object NIM_BLOCK/U1/U46/int_release_out_i_1_n_1 was not found in the design.
WARNING: Simulation object NIM_BLOCK/U1/U46/int_release_out_i_3_n_1 was not found in the design.
WARNING: Simulation object NIM_BLOCK/U1/U46/int_release_out_i_4_n_1 was not found in the design.
WARNING: Simulation object NIM_BLOCK/U1/U46/int_release_out_i_5_n_1 was not found in the design.
WARNING: Simulation object NIM_BLOCK/U1/U46/next_release_out was not found in the design.
add_wave -into {hw_ila_data_3.wcfg} -radix bin [get_hw_probes {NIM_BLOCK/U27/U9/Sreg0}] [get_hw_probes {NIM_BLOCK/U27/U9/load_out}] [get_hw_probes {NIM_BLOCK/U27/U9/v_ps_hold_in}] [get_hw_probes {NIM_BLOCK/U27/fs_sync_in}] [get_hw_probes {nim_input}]
set_property CONTROL.TRIGGER_POSITION 100 [get_hw_ilas hw_ila_3]
run_hw_ila hw_ila_3
INFO: [Labtools 27-1964] The ILA core 'hw_ila_3' trigger was armed at 2017-Aug-29 10:22:10
wait_on_hw_ila hw_ila_3
display_hw_ila_data [upload_hw_ila_data hw_ila_3]
INFO: [Labtools 27-1966] The ILA core 'hw_ila_3' triggered at 2017-Aug-29 10:22:10
run_hw_ila hw_ila_3
INFO: [Labtools 27-1964] The ILA core 'hw_ila_3' trigger was armed at 2017-Aug-29 10:22:23
wait_on_hw_ila hw_ila_3
display_hw_ila_data [upload_hw_ila_data hw_ila_3]
INFO: [Labtools 27-1966] The ILA core 'hw_ila_3' triggered at 2017-Aug-29 10:22:23
run_hw_ila hw_ila_3
INFO: [Labtools 27-1964] The ILA core 'hw_ila_3' trigger was armed at 2017-Aug-29 10:22:26
wait_on_hw_ila hw_ila_3
display_hw_ila_data [upload_hw_ila_data hw_ila_3]
INFO: [Labtools 27-1966] The ILA core 'hw_ila_3' triggered at 2017-Aug-29 10:22:26
set_property TRIGGER_COMPARE_VALUE eq4'b0100 [get_hw_probes nim_input -of_objects [get_hw_ilas hw_ila_3]]
set_property TRIGGER_COMPARE_VALUE eq1'b0 [get_hw_probes NIM_BLOCK/U27/U9/Sreg0 -of_objects [get_hw_ilas hw_ila_3]]
set_property TRIGGER_COMPARE_VALUE eq1'b0 [get_hw_probes NIM_BLOCK/U27/U9/load_out -of_objects [get_hw_ilas hw_ila_3]]
run_hw_ila hw_ila_3
INFO: [Labtools 27-1964] The ILA core 'hw_ila_3' trigger was armed at 2017-Aug-29 10:25:37
wait_on_hw_ila hw_ila_3
display_hw_ila_data [upload_hw_ila_data hw_ila_3]
INFO: [Labtools 27-1966] The ILA core 'hw_ila_3' triggered at 2017-Aug-29 10:25:37
run_hw_ila hw_ila_3
INFO: [Labtools 27-1964] The ILA core 'hw_ila_3' trigger was armed at 2017-Aug-29 10:28:38
wait_on_hw_ila hw_ila_3
display_hw_ila_data [upload_hw_ila_data hw_ila_3]
INFO: [Labtools 27-1966] The ILA core 'hw_ila_3' triggered at 2017-Aug-29 10:28:38
run_hw_ila hw_ila_3
INFO: [Labtools 27-1964] The ILA core 'hw_ila_3' trigger was armed at 2017-Aug-29 10:28:39
wait_on_hw_ila hw_ila_3
display_hw_ila_data [upload_hw_ila_data hw_ila_3]
INFO: [Labtools 27-1966] The ILA core 'hw_ila_3' triggered at 2017-Aug-29 10:28:39
run_hw_ila hw_ila_3
INFO: [Labtools 27-1964] The ILA core 'hw_ila_3' trigger was armed at 2017-Aug-29 10:28:41
wait_on_hw_ila hw_ila_3
display_hw_ila_data [upload_hw_ila_data hw_ila_3]
INFO: [Labtools 27-1966] The ILA core 'hw_ila_3' triggered at 2017-Aug-29 10:28:41
run_hw_ila hw_ila_3
INFO: [Labtools 27-1964] The ILA core 'hw_ila_3' trigger was armed at 2017-Aug-29 10:28:42
wait_on_hw_ila hw_ila_3
display_hw_ila_data [upload_hw_ila_data hw_ila_3]
INFO: [Labtools 27-1966] The ILA core 'hw_ila_3' triggered at 2017-Aug-29 10:28:42
run_hw_ila hw_ila_3
INFO: [Labtools 27-1964] The ILA core 'hw_ila_3' trigger was armed at 2017-Aug-29 10:28:45
wait_on_hw_ila hw_ila_3
display_hw_ila_data [upload_hw_ila_data hw_ila_3]
INFO: [Labtools 27-1966] The ILA core 'hw_ila_3' triggered at 2017-Aug-29 10:28:45
run_hw_ila hw_ila_3
INFO: [Labtools 27-1964] The ILA core 'hw_ila_3' trigger was armed at 2017-Aug-29 10:28:46
wait_on_hw_ila hw_ila_3
display_hw_ila_data [upload_hw_ila_data hw_ila_3]
INFO: [Labtools 27-1966] The ILA core 'hw_ila_3' triggered at 2017-Aug-29 10:28:46
run_hw_ila hw_ila_3
INFO: [Labtools 27-1964] The ILA core 'hw_ila_3' trigger was armed at 2017-Aug-29 10:28:47
wait_on_hw_ila hw_ila_3
display_hw_ila_data [upload_hw_ila_data hw_ila_3]
INFO: [Labtools 27-1966] The ILA core 'hw_ila_3' triggered at 2017-Aug-29 10:28:47
current_design impl_1
check_timing -verbose -name timing_1
close_design
delete_debug_core [get_debug_cores {u_ila_0_0 u_ila_1_0 u_ila_2 }]
create_debug_core u_ila_0 ila
set_property C_DATA_DEPTH 1024 [get_debug_cores u_ila_0]
set_property C_TRIGIN_EN false [get_debug_cores u_ila_0]
set_property C_TRIGOUT_EN false [get_debug_cores u_ila_0]
set_property C_ADV_TRIGGER false [get_debug_cores u_ila_0]
set_property C_INPUT_PIPE_STAGES 0 [get_debug_cores u_ila_0]
set_property C_EN_STRG_QUAL false [get_debug_cores u_ila_0]
set_property ALL_PROBE_SAME_MU true [get_debug_cores u_ila_0]
set_property ALL_PROBE_SAME_MU_CNT 1 [get_debug_cores u_ila_0]
set_property port_width 1 [get_debug_ports u_ila_0/clk]
connect_debug_port u_ila_0/clk [get_nets [list bmx_320 ]]
set_property port_width 4 [get_debug_ports u_ila_0/probe0]
connect_debug_port u_ila_0/probe0 [get_nets [list {nim_input[0]} {nim_input[1]} {nim_input[2]} {nim_input[3]} ]]
create_debug_port u_ila_0 probe
set_property port_width 1 [get_debug_ports u_ila_0/probe1]
connect_debug_port u_ila_0/probe1 [get_nets [list NIM_BLOCK/U27/fs_sync_in ]]
create_debug_port u_ila_0 probe
set_property port_width 1 [get_debug_ports u_ila_0/probe2]
connect_debug_port u_ila_0/probe2 [get_nets [list NIM_BLOCK/U27/U9/load_out ]]
create_debug_port u_ila_0 probe
set_property port_width 1 [get_debug_ports u_ila_0/probe3]
connect_debug_port u_ila_0/probe3 [get_nets [list NIM_BLOCK/U27/U9/sig_in ]]
create_debug_port u_ila_0 probe
set_property port_width 1 [get_debug_ports u_ila_0/probe4]
connect_debug_port u_ila_0/probe4 [get_nets [list NIM_BLOCK/U27/U9/Sreg0 ]]
create_debug_port u_ila_0 probe
set_property port_width 1 [get_debug_ports u_ila_0/probe5]
connect_debug_port u_ila_0/probe5 [get_nets [list NIM_BLOCK/U27/U9/v_ps_hold_in ]]
create_debug_port u_ila_0 probe
set_property port_width 1 [get_debug_ports u_ila_0/probe6]
connect_debug_port u_ila_0/probe6 [get_nets [list NIM_BLOCK/U24/U9/fs_sync_in ]]
create_debug_port u_ila_0 probe
set_property port_width 1 [get_debug_ports u_ila_0/probe7]
connect_debug_port u_ila_0/probe7 [get_nets [list NIM_BLOCK/U24/U9/load_out ]]
create_debug_port u_ila_0 probe
set_property port_width 1 [get_debug_ports u_ila_0/probe8]
connect_debug_port u_ila_0/probe8 [get_nets [list NIM_BLOCK/U24/U9/sig_in ]]
create_debug_port u_ila_0 probe
set_property port_width 1 [get_debug_ports u_ila_0/probe9]
connect_debug_port u_ila_0/probe9 [get_nets [list NIM_BLOCK/U24/U9/Sreg0 ]]
create_debug_port u_ila_0 probe
set_property port_width 1 [get_debug_ports u_ila_0/probe10]
connect_debug_port u_ila_0/probe10 [get_nets [list NIM_BLOCK/U24/U9/v_ps_hold_in ]]
create_debug_port u_ila_0 probe
set_property port_width 1 [get_debug_ports u_ila_0/probe11]
connect_debug_port u_ila_0/probe11 [get_nets [list NIM_BLOCK/U3/U9/fs_sync_in ]]
create_debug_port u_ila_0 probe
set_property port_width 1 [get_debug_ports u_ila_0/probe12]
connect_debug_port u_ila_0/probe12 [get_nets [list NIM_BLOCK/U3/U9/load_out ]]
create_debug_port u_ila_0 probe
set_property port_width 1 [get_debug_ports u_ila_0/probe13]
connect_debug_port u_ila_0/probe13 [get_nets [list NIM_BLOCK/U3/U9/sig_in ]]
create_debug_port u_ila_0 probe
set_property port_width 1 [get_debug_ports u_ila_0/probe14]
connect_debug_port u_ila_0/probe14 [get_nets [list NIM_BLOCK/U3/U9/Sreg0 ]]
create_debug_port u_ila_0 probe
set_property port_width 1 [get_debug_ports u_ila_0/probe15]
connect_debug_port u_ila_0/probe15 [get_nets [list NIM_BLOCK/U3/U9/v_ps_hold_in ]]
create_debug_port u_ila_0 probe
set_property port_width 1 [get_debug_ports u_ila_0/probe16]
connect_debug_port u_ila_0/probe16 [get_nets [list NIM_BLOCK/U30/U9/fs_sync_in ]]
create_debug_port u_ila_0 probe
set_property port_width 1 [get_debug_ports u_ila_0/probe17]
connect_debug_port u_ila_0/probe17 [get_nets [list NIM_BLOCK/U30/U9/load_out ]]
create_debug_port u_ila_0 probe
set_property port_width 1 [get_debug_ports u_ila_0/probe18]
connect_debug_port u_ila_0/probe18 [get_nets [list NIM_BLOCK/U30/U9/sig_in ]]
create_debug_port u_ila_0 probe
set_property port_width 1 [get_debug_ports u_ila_0/probe19]
connect_debug_port u_ila_0/probe19 [get_nets [list NIM_BLOCK/U30/U9/Sreg0 ]]
create_debug_port u_ila_0 probe
set_property port_width 1 [get_debug_ports u_ila_0/probe20]
connect_debug_port u_ila_0/probe20 [get_nets [list NIM_BLOCK/U30/U9/v_ps_hold_in ]]
save_constraints
reset_run impl_1
launch_runs impl_1 -jobs 4
Writing placer database...
Writing XDEF routing.
Writing XDEF routing logical nets.
Writing XDEF routing special nets.
Write XDEF Complete: Time (s): cpu = 00:00:01 ; elapsed = 00:00:00.080 . Memory (MB): peak = 2392.125 ; gain = 0.000
[Tue Aug 29 10:54:49 2017] Launched impl_1...
Run output will be captured here: C:/nimPlus_CAPTAN_+_Artix_160_New_Port_Assign/top/top.runs/impl_1/runme.log
launch_runs impl_1 -to_step write_bitstream -jobs 4
[Tue Aug 29 11:00:05 2017] Launched impl_1...
Run output will be captured here: C:/nimPlus_CAPTAN_+_Artix_160_New_Port_Assign/top/top.runs/impl_1/runme.log
set_property PROBES.FILE {C:/nimPlus_CAPTAN_+_Artix_160_New_Port_Assign/top/top.runs/impl_1/debug_nets.ltx} [lindex [get_hw_devices] 0]
set_property PROGRAM.FILE {C:/nimPlus_CAPTAN_+_Artix_160_New_Port_Assign/top/top.runs/impl_1/top.bit} [lindex [get_hw_devices] 0]
program_hw_devices [lindex [get_hw_devices] 0]
INFO: [Labtools 27-3164] End of startup status: HIGH
refresh_hw_device [lindex [get_hw_devices] 0]
INFO: [Labtools 27-2302] Device xc7a200t (JTAG device index = 0) is programmed with a design that has 1 ILA core(s).
save_wave_config {C:/nimPlus_CAPTAN_+_Artix_160_New_Port_Assign/top/top.hw/hw_1/wave/hw_ila_data_3/hw_ila_data_3.wcfg}
add_wave -into {hw_ila_data_1.wcfg} -radix bin [get_hw_probes {NIM_BLOCK/U27/U9/Sreg0}] [get_hw_probes {NIM_BLOCK/U27/U9/load_out}] [get_hw_probes {NIM_BLOCK/U27/U9/sig_in}] [get_hw_probes {NIM_BLOCK/U27/U9/v_ps_hold_in}] [get_hw_probes {NIM_BLOCK/U27/fs_sync_in}] [get_hw_probes {nim_input}] [get_hw_probes {NIM_BLOCK/U24/U9/Sreg0}] [get_hw_probes {NIM_BLOCK/U24/U9/fs_sync_in}] [get_hw_probes {NIM_BLOCK/U24/U9/load_out}] [get_hw_probes {NIM_BLOCK/U24/U9/sig_in}] [get_hw_probes {NIM_BLOCK/U24/U9/v_ps_hold_in}] [get_hw_probes {NIM_BLOCK/U3/U9/Sreg0}] [get_hw_probes {NIM_BLOCK/U3/U9/fs_sync_in}] [get_hw_probes {NIM_BLOCK/U3/U9/load_out}] [get_hw_probes {NIM_BLOCK/U3/U9/sig_in}] [get_hw_probes {NIM_BLOCK/U3/U9/v_ps_hold_in}] [get_hw_probes {NIM_BLOCK/U30/U9/Sreg0}] [get_hw_probes {NIM_BLOCK/U30/U9/fs_sync_in}] [get_hw_probes {NIM_BLOCK/U30/U9/load_out}] [get_hw_probes {NIM_BLOCK/U30/U9/sig_in}] [get_hw_probes {NIM_BLOCK/U30/U9/v_ps_hold_in}]
run_hw_ila hw_ila_1
INFO: [Labtools 27-1964] The ILA core 'hw_ila_1' trigger was armed at 2017-Aug-29 11:08:16
set_property TRIGGER_COMPARE_VALUE eq1'bX [get_hw_probes NIM_BLOCK/U27/U9/Sreg0 -of_objects [get_hw_ilas hw_ila_1]]
set_property TRIGGER_COMPARE_VALUE eq1'bX [get_hw_probes NIM_BLOCK/U27/U9/load_out -of_objects [get_hw_ilas hw_ila_1]]
wait_on_hw_ila -timeout 0 hw_ila_1
upload_hw_ila_data hw_ila_1
INFO: [Labtools 27-1965] The ILA core 'hw_ila_1' trigger was stopped by user at 2017-Aug-29 11:08:40
WARNING: [Labtools 27-157] hw_ila [hw_ila_1] stopped. No data to upload.
set_property TRIGGER_COMPARE_VALUE eq4'b0001 [get_hw_probes nim_input -of_objects [get_hw_ilas hw_ila_1]]
run_hw_ila hw_ila_1
INFO: [Labtools 27-1964] The ILA core 'hw_ila_1' trigger was armed at 2017-Aug-29 11:08:53
wait_on_hw_ila hw_ila_1
display_hw_ila_data [upload_hw_ila_data hw_ila_1]
INFO: [Labtools 27-1966] The ILA core 'hw_ila_1' triggered at 2017-Aug-29 11:08:53
remove_files C:/nimPlus_CAPTAN_+_Artix_160_New_Port_Assign/OT_2017_05_10/nim_plus_blk_1_phase_4ps.vhd
add_files -norecurse U:/PREP/PREP_Modernization/Firmware_Backups/Aldec_Backups/One_Phase_Designs/CAPTAN_Plus_Designs_160MHz/AGP_2017_08_29_NIMPlus_jw121_160MHz_1Phase/NIMPlus/NIMPlus/compile/nim_plus_blk_1_phase_4ps.vhd
reset_run synth_1
launch_runs synth_1 -jobs 4
[Tue Aug 29 11:44:48 2017] Launched synth_1...
Run output will be captured here: C:/nimPlus_CAPTAN_+_Artix_160_New_Port_Assign/top/top.runs/synth_1/runme.log
delete_debug_core [get_debug_cores {u_ila_0 }]
create_debug_core u_ila_0_0 ila
set_property C_DATA_DEPTH 1024 [get_debug_cores u_ila_0_0]
set_property C_TRIGIN_EN false [get_debug_cores u_ila_0_0]
set_property C_TRIGOUT_EN false [get_debug_cores u_ila_0_0]
set_property C_ADV_TRIGGER false [get_debug_cores u_ila_0_0]
set_property C_INPUT_PIPE_STAGES 0 [get_debug_cores u_ila_0_0]
set_property C_EN_STRG_QUAL false [get_debug_cores u_ila_0_0]
set_property ALL_PROBE_SAME_MU true [get_debug_cores u_ila_0_0]
set_property ALL_PROBE_SAME_MU_CNT 1 [get_debug_cores u_ila_0_0]
set_property port_width 1 [get_debug_ports u_ila_0_0/clk]
connect_debug_port u_ila_0_0/clk [get_nets [list bmx_320 ]]
set_property port_width 4 [get_debug_ports u_ila_0_0/probe0]
connect_debug_port u_ila_0_0/probe0 [get_nets [list {nim_input[0]} {nim_input[1]} {nim_input[2]} {nim_input[3]} ]]
create_debug_port u_ila_0_0 probe
set_property port_width 1 [get_debug_ports u_ila_0_0/probe1]
connect_debug_port u_ila_0_0/probe1 [get_nets [list NIM_BLOCK/U30/U9/fs_sync_in ]]
create_debug_port u_ila_0_0 probe
set_property port_width 1 [get_debug_ports u_ila_0_0/probe2]
connect_debug_port u_ila_0_0/probe2 [get_nets [list NIM_BLOCK/U3/U9/fs_sync_in ]]
create_debug_port u_ila_0_0 probe
set_property port_width 1 [get_debug_ports u_ila_0_0/probe3]
connect_debug_port u_ila_0_0/probe3 [get_nets [list NIM_BLOCK/U27/fs_sync_in ]]
create_debug_port u_ila_0_0 probe
set_property port_width 1 [get_debug_ports u_ila_0_0/probe4]
connect_debug_port u_ila_0_0/probe4 [get_nets [list NIM_BLOCK/U24/U9/fs_sync_in ]]
create_debug_port u_ila_0_0 probe
set_property port_width 1 [get_debug_ports u_ila_0_0/probe5]
connect_debug_port u_ila_0_0/probe5 [get_nets [list NIM_BLOCK/U27/U9/load_out ]]
create_debug_port u_ila_0_0 probe
set_property port_width 1 [get_debug_ports u_ila_0_0/probe6]
connect_debug_port u_ila_0_0/probe6 [get_nets [list NIM_BLOCK/U30/U9/load_out ]]
create_debug_port u_ila_0_0 probe
set_property port_width 1 [get_debug_ports u_ila_0_0/probe7]
connect_debug_port u_ila_0_0/probe7 [get_nets [list NIM_BLOCK/U3/U9/load_out ]]
create_debug_port u_ila_0_0 probe
set_property port_width 1 [get_debug_ports u_ila_0_0/probe8]
connect_debug_port u_ila_0_0/probe8 [get_nets [list NIM_BLOCK/U24/U9/load_out ]]
create_debug_port u_ila_0_0 probe
set_property port_width 1 [get_debug_ports u_ila_0_0/probe9]
connect_debug_port u_ila_0_0/probe9 [get_nets [list NIM_BLOCK/U3/U9/sig_in ]]
create_debug_port u_ila_0_0 probe
set_property port_width 1 [get_debug_ports u_ila_0_0/probe10]
connect_debug_port u_ila_0_0/probe10 [get_nets [list NIM_BLOCK/U27/U9/sig_in ]]
create_debug_port u_ila_0_0 probe
set_property port_width 1 [get_debug_ports u_ila_0_0/probe11]
connect_debug_port u_ila_0_0/probe11 [get_nets [list NIM_BLOCK/U30/U9/sig_in ]]
create_debug_port u_ila_0_0 probe
set_property port_width 1 [get_debug_ports u_ila_0_0/probe12]
connect_debug_port u_ila_0_0/probe12 [get_nets [list NIM_BLOCK/U24/U9/sig_in ]]
create_debug_port u_ila_0_0 probe
set_property port_width 1 [get_debug_ports u_ila_0_0/probe13]
connect_debug_port u_ila_0_0/probe13 [get_nets [list NIM_BLOCK/U3/U9/Sreg0 ]]
create_debug_port u_ila_0_0 probe
set_property port_width 1 [get_debug_ports u_ila_0_0/probe14]
connect_debug_port u_ila_0_0/probe14 [get_nets [list NIM_BLOCK/U27/U9/Sreg0 ]]
create_debug_port u_ila_0_0 probe
set_property port_width 1 [get_debug_ports u_ila_0_0/probe15]
connect_debug_port u_ila_0_0/probe15 [get_nets [list NIM_BLOCK/U30/U9/Sreg0 ]]
create_debug_port u_ila_0_0 probe
set_property port_width 1 [get_debug_ports u_ila_0_0/probe16]
connect_debug_port u_ila_0_0/probe16 [get_nets [list NIM_BLOCK/U24/U9/Sreg0 ]]
create_debug_port u_ila_0_0 probe
set_property port_width 1 [get_debug_ports u_ila_0_0/probe17]
connect_debug_port u_ila_0_0/probe17 [get_nets [list NIM_BLOCK/U27/U9/v_ps_hold_in ]]
create_debug_port u_ila_0_0 probe
set_property port_width 1 [get_debug_ports u_ila_0_0/probe18]
connect_debug_port u_ila_0_0/probe18 [get_nets [list NIM_BLOCK/U30/U9/v_ps_hold_in ]]
create_debug_port u_ila_0_0 probe
set_property port_width 1 [get_debug_ports u_ila_0_0/probe19]
connect_debug_port u_ila_0_0/probe19 [get_nets [list NIM_BLOCK/U24/U9/v_ps_hold_in ]]
create_debug_port u_ila_0_0 probe
set_property port_width 1 [get_debug_ports u_ila_0_0/probe20]
connect_debug_port u_ila_0_0/probe20 [get_nets [list NIM_BLOCK/U3/U9/v_ps_hold_in ]]
save_constraints -force
launch_runs impl_1 -jobs 4
WARNING: [Project 1-478] Design 'synth_1' is stale and will not be used when launching 'impl_1'
[Tue Aug 29 11:47:37 2017] Launched impl_1...
Run output will be captured here: C:/nimPlus_CAPTAN_+_Artix_160_New_Port_Assign/top/top.runs/impl_1/runme.log
launch_runs impl_1 -to_step write_bitstream -jobs 4
[Tue Aug 29 11:50:57 2017] Launched impl_1...
Run output will be captured here: C:/nimPlus_CAPTAN_+_Artix_160_New_Port_Assign/top/top.runs/impl_1/runme.log
close_design
set_property PROBES.FILE {C:/nimPlus_CAPTAN_+_Artix_160_New_Port_Assign/top/top.runs/impl_1/debug_nets.ltx} [lindex [get_hw_devices] 0]
set_property PROGRAM.FILE {C:/nimPlus_CAPTAN_+_Artix_160_New_Port_Assign/top/top.runs/impl_1/top.bit} [lindex [get_hw_devices] 0]
program_hw_devices [lindex [get_hw_devices] 0]
INFO: [Labtools 27-3164] End of startup status: HIGH
refresh_hw_device [lindex [get_hw_devices] 0]
INFO: [Labtools 27-2302] Device xc7a200t (JTAG device index = 0) is programmed with a design that has 1 ILA core(s).
ERROR: [Xicom 50-38] xicom: Core access failed. Check cable connectivity and that the target board is powered up then use the disconnect_hw_server and connect_hw_server to re-initialize the hardware target. Use open_hw_target to re-register the hardware device.
ERROR: [Xicom 50-38] xicom: Core access failed. Check cable connectivity and that the target board is powered up then use the disconnect_hw_server and connect_hw_server to re-initialize the hardware target. Use open_hw_target to re-register the hardware device.
ERROR: [Labtools 27-3175] Target jsn-DLC9-Port_#0010.Hub_#0001 is no longer available.
Please use disconnect_hw_server to close the current server connection. Check cable connectivity and that the target board is powered up.
Restart the hw_server application running on host localhost, port 3121 and then use connect_hw_server to re-establish connection to target.
close_hw_target
INFO: [Labtoolstcl 44-464] Closing hw_target localhost/xilinx_tcf/Xilinx/Port_#0010.Hub_#0001
ERROR: [Common 17-190] Invalid Tcl eval of 'save_wave_config {C:/nimPlus_CAPTAN_+_Artix_160_New_Port_Assign/top/top.hw/hw_1/wave/hw_ila_data_1/hw_ila_data_1.wcfg}' during processing of event '153'.
ERROR: [Common 17-39] 'close_hw_target' failed due to earlier errors.

    while executing
"close_hw_target"
    ("after" script)
write_cfgmem -force -format MCS -size 32 -interface SPIx4 -loadbit "up 0x0 
C:/nimPlus_CAPTAN_+_Artix_160_New_Port_Assign/top.bit -file "top.mcs"
extra characters after close-quote
write_cfgmem -force -format MCS -size 32 -interface SPIx4 -loadbit "up 0x0 C:/nimPlus_CAPTAN_+_Artix_160_New_Port_Assign/top.bit" -file "top.mcs"
Creating config memory files...
Creating bitstream load up from address 0x00000000
Loading bitfile C:/nimPlus_CAPTAN_+_Artix_160_New_Port_Assign/top.bit
Writing file ./top.mcs
Writing log file ./top.prm
===================================
Configuration Memory information
===================================
File Format        MCS
Interface          SPIX4
Size               32M
Start Address      0x00000000
End Address        0x01FFFFFF

Addr1         Addr2         Date                    File(s)
0x00000000    0x0021FC03    Aug 29 11:51:56 2017    C:/nimPlus_CAPTAN_+_Artix_160_New_Port_Assign/top.bit
close_hw
****** Webtalk v2015.2 (64-bit)
  **** SW Build 1266856 on Fri Jun 26 16:35:25 MDT 2015
  **** IP Build 1264090 on Wed Jun 24 14:22:01 MDT 2015
    ** Copyright 1986-2015 Xilinx, Inc. All Rights Reserved.

source C:/nimPlus_CAPTAN_+_Artix_160_New_Port_Assign/top/top.hw/webtalk/labtool_webtalk.tcl -notrace
INFO: [Common 17-186] 'C:/nimPlus_CAPTAN_+_Artix_160_New_Port_Assign/top/top.hw/webtalk/usage_statistics_ext_labtool.xml' has been successfully sent to Xilinx on Wed Aug 30 13:51:11 2017. For additional details about this file, please refer to the WebTalk help file at C:/Xilinx/Vivado/2015.2/doc/webtalk_introduction.html.
INFO: [Common 17-206] Exiting Webtalk at Wed Aug 30 13:51:11 2017...
