#-----------------------------------------------------------
# Vivado v2015.2 (64-bit)
# SW Build 1266856 on Fri Jun 26 16:35:25 MDT 2015
# IP Build 1264090 on Wed Jun 24 14:22:01 MDT 2015
# Start of session at: Mon Aug 28 11:02:56 2017
# Process ID: 5604
# Log file: C:/nimPlus_CAPTAN_+_Artix_160_New_Port_Assign/top/vivado.log
# Journal file: C:/nimPlus_CAPTAN_+_Artix_160_New_Port_Assign/top\vivado.jou
#-----------------------------------------------------------
start_gui
open_project C:/nimPlus_CAPTAN_+_Artix_160_New_Port_Assign/top/top.xpr
Scanning sources...
Finished scanning sources
INFO: [IP_Flow 19-234] Refreshing IP repositories
INFO: [IP_Flow 19-1704] No user IP repositories specified
INFO: [IP_Flow 19-2313] Loaded Vivado IP repository 'C:/Xilinx/Vivado/2015.2/data/ip'.
open_project: Time (s): cpu = 00:00:13 ; elapsed = 00:00:06 . Memory (MB): peak = 806.965 ; gain = 235.875
open_run impl_1
INFO: [Netlist 29-17] Analyzing 384 Unisim elements for replacement
INFO: [Netlist 29-28] Unisim Transformation completed in 0 CPU seconds
INFO: [Project 1-479] Netlist was created with Vivado 2015.2
INFO: [Device 21-403] Loading part xc7a200tffg1156-2
INFO: [Project 1-570] Preparing netlist for logic optimization
Parsing XDC File [C:/nimPlus_CAPTAN_+_Artix_160_New_Port_Assign/top/.Xil/Vivado-5604-CD-129671/dcp/top_early.xdc]
Finished Parsing XDC File [C:/nimPlus_CAPTAN_+_Artix_160_New_Port_Assign/top/.Xil/Vivado-5604-CD-129671/dcp/top_early.xdc]
Parsing XDC File [C:/nimPlus_CAPTAN_+_Artix_160_New_Port_Assign/top/.Xil/Vivado-5604-CD-129671/dcp/top.xdc]
INFO: [Timing 38-35] Done setting XDC timing constraints. [C:/nimPlus_CAPTAN_+_Artix_160_New_Port_Assign/top/top.srcs/constrs_1/imports/ucf/clock_constraints.tcl:38]
INFO: [Timing 38-2] Deriving generated clocks [C:/nimPlus_CAPTAN_+_Artix_160_New_Port_Assign/top/top.srcs/constrs_1/imports/ucf/clock_constraints.tcl:38]
get_clocks: Time (s): cpu = 00:00:12 ; elapsed = 00:00:12 . Memory (MB): peak = 1599.301 ; gain = 521.680
Finished Parsing XDC File [C:/nimPlus_CAPTAN_+_Artix_160_New_Port_Assign/top/.Xil/Vivado-5604-CD-129671/dcp/top.xdc]
Reading XDEF placement.
Reading placer database...
Reading XDEF routing.
Read XDEF File: Time (s): cpu = 00:00:01 ; elapsed = 00:00:00.808 . Memory (MB): peak = 1637.898 ; gain = 38.594
Restored from archive | CPU: 1.000000 secs | Memory: 0.000000 MB |
Finished XDEF File Restore: Time (s): cpu = 00:00:01 ; elapsed = 00:00:00.808 . Memory (MB): peak = 1637.898 ; gain = 38.594
INFO: [Project 1-111] Unisim Transformation Summary:
  A total of 8 instances were transformed.
  OBUFDS => OBUFDS: 8 instances

open_run: Time (s): cpu = 00:00:29 ; elapsed = 00:00:25 . Memory (MB): peak = 1747.141 ; gain = 936.066
exit
INFO: [Common 17-206] Exiting Vivado at Mon Aug 28 13:44:41 2017...
