
*** Running vivado
    with args -log xilinx_64b_counter.vds -m64 -product Vivado -mode batch -messageDb vivado.pb -notrace -source xilinx_64b_counter.tcl


****** Vivado v2019.1 (64-bit)
  **** SW Build 2552052 on Fri May 24 14:47:09 MDT 2019
  **** IP Build 2548770 on Fri May 24 18:01:18 MDT 2019
    ** Copyright 1986-2019 Xilinx, Inc. All Rights Reserved.

source xilinx_64b_counter.tcl -notrace
Command: synth_design -top xilinx_64b_counter -part xc7a200tffg1156-2 -mode out_of_context
Starting synth_design
Attempting to get a license for feature 'Synthesis' and/or device 'xc7a200t'
INFO: [Common 17-349] Got license for feature 'Synthesis' and/or device 'xc7a200t'
INFO: [Device 21-403] Loading part xc7a200tffg1156-2
INFO: Launching helper process for spawning children vivado processes
INFO: Helper process launched with PID 107874 
---------------------------------------------------------------------------------
Starting RTL Elaboration : Time (s): cpu = 00:00:03 ; elapsed = 00:00:07 . Memory (MB): peak = 1926.191 ; gain = 153.586 ; free physical = 10355 ; free virtual = 114174
---------------------------------------------------------------------------------
INFO: [Synth 8-638] synthesizing module 'xilinx_64b_counter' [/data/rrivera/otsdaq-firmware/cactus/projects/nim_plus2/top/top.srcs/sources_1/ip/xilinx_64b_counter/synth/xilinx_64b_counter.vhd:68]
	Parameter C_IMPLEMENTATION bound to: 0 - type: integer 
	Parameter C_VERBOSITY bound to: 0 - type: integer 
	Parameter C_XDEVICEFAMILY bound to: artix7 - type: string 
	Parameter C_WIDTH bound to: 64 - type: integer 
	Parameter C_HAS_CE bound to: 1 - type: integer 
	Parameter C_HAS_SCLR bound to: 1 - type: integer 
	Parameter C_RESTRICT_COUNT bound to: 0 - type: integer 
	Parameter C_COUNT_TO bound to: 1 - type: string 
	Parameter C_COUNT_BY bound to: 1 - type: string 
	Parameter C_COUNT_MODE bound to: 0 - type: integer 
	Parameter C_THRESH0_VALUE bound to: 1 - type: string 
	Parameter C_CE_OVERRIDES_SYNC bound to: 0 - type: integer 
	Parameter C_HAS_THRESH0 bound to: 0 - type: integer 
	Parameter C_HAS_LOAD bound to: 0 - type: integer 
	Parameter C_LOAD_LOW bound to: 0 - type: integer 
	Parameter C_LATENCY bound to: 1 - type: integer 
	Parameter C_FB_LATENCY bound to: 0 - type: integer 
	Parameter C_AINIT_VAL bound to: 0 - type: string 
	Parameter C_SINIT_VAL bound to: 0 - type: string 
	Parameter C_SCLR_OVERRIDES_SSET bound to: 1 - type: integer 
	Parameter C_HAS_SSET bound to: 0 - type: integer 
	Parameter C_HAS_SINIT bound to: 0 - type: integer 
INFO: [Synth 8-3491] module 'c_counter_binary_v12_0_13' declared at '/data/rrivera/otsdaq-firmware/cactus/projects/nim_plus2/top/top.srcs/sources_1/ip/xilinx_64b_counter/hdl/c_counter_binary_v12_0_vh_rfs.vhd:2147' bound to instance 'U0' of component 'c_counter_binary_v12_0_13' [/data/rrivera/otsdaq-firmware/cactus/projects/nim_plus2/top/top.srcs/sources_1/ip/xilinx_64b_counter/synth/xilinx_64b_counter.vhd:127]
INFO: [Synth 8-256] done synthesizing module 'xilinx_64b_counter' (8#1) [/data/rrivera/otsdaq-firmware/cactus/projects/nim_plus2/top/top.srcs/sources_1/ip/xilinx_64b_counter/synth/xilinx_64b_counter.vhd:68]
WARNING: [Synth 8-3331] design c_reg_fd_v12_0_6_viv has unconnected port AINIT
WARNING: [Synth 8-3331] design c_reg_fd_v12_0_6_viv has unconnected port ACLR
WARNING: [Synth 8-3331] design c_reg_fd_v12_0_6_viv has unconnected port ASET
WARNING: [Synth 8-3331] design c_reg_fd_v12_0_6_viv has unconnected port SINIT
WARNING: [Synth 8-3331] design c_reg_fd_v12_0_6_viv has unconnected port SSET
WARNING: [Synth 8-3331] design c_addsub_v12_0_13_lut6_legacy has unconnected port b[63]
WARNING: [Synth 8-3331] design c_addsub_v12_0_13_lut6_legacy has unconnected port b[62]
WARNING: [Synth 8-3331] design c_addsub_v12_0_13_lut6_legacy has unconnected port b[61]
WARNING: [Synth 8-3331] design c_addsub_v12_0_13_lut6_legacy has unconnected port b[60]
WARNING: [Synth 8-3331] design c_addsub_v12_0_13_lut6_legacy has unconnected port b[59]
WARNING: [Synth 8-3331] design c_addsub_v12_0_13_lut6_legacy has unconnected port b[58]
WARNING: [Synth 8-3331] design c_addsub_v12_0_13_lut6_legacy has unconnected port b[57]
WARNING: [Synth 8-3331] design c_addsub_v12_0_13_lut6_legacy has unconnected port b[56]
WARNING: [Synth 8-3331] design c_addsub_v12_0_13_lut6_legacy has unconnected port b[55]
WARNING: [Synth 8-3331] design c_addsub_v12_0_13_lut6_legacy has unconnected port b[54]
WARNING: [Synth 8-3331] design c_addsub_v12_0_13_lut6_legacy has unconnected port b[53]
WARNING: [Synth 8-3331] design c_addsub_v12_0_13_lut6_legacy has unconnected port b[52]
WARNING: [Synth 8-3331] design c_addsub_v12_0_13_lut6_legacy has unconnected port b[51]
WARNING: [Synth 8-3331] design c_addsub_v12_0_13_lut6_legacy has unconnected port b[50]
WARNING: [Synth 8-3331] design c_addsub_v12_0_13_lut6_legacy has unconnected port b[49]
WARNING: [Synth 8-3331] design c_addsub_v12_0_13_lut6_legacy has unconnected port b[48]
WARNING: [Synth 8-3331] design c_addsub_v12_0_13_lut6_legacy has unconnected port b[47]
WARNING: [Synth 8-3331] design c_addsub_v12_0_13_lut6_legacy has unconnected port b[46]
WARNING: [Synth 8-3331] design c_addsub_v12_0_13_lut6_legacy has unconnected port b[45]
WARNING: [Synth 8-3331] design c_addsub_v12_0_13_lut6_legacy has unconnected port b[44]
WARNING: [Synth 8-3331] design c_addsub_v12_0_13_lut6_legacy has unconnected port b[43]
WARNING: [Synth 8-3331] design c_addsub_v12_0_13_lut6_legacy has unconnected port b[42]
WARNING: [Synth 8-3331] design c_addsub_v12_0_13_lut6_legacy has unconnected port b[41]
WARNING: [Synth 8-3331] design c_addsub_v12_0_13_lut6_legacy has unconnected port b[40]
WARNING: [Synth 8-3331] design c_addsub_v12_0_13_lut6_legacy has unconnected port b[39]
WARNING: [Synth 8-3331] design c_addsub_v12_0_13_lut6_legacy has unconnected port b[38]
WARNING: [Synth 8-3331] design c_addsub_v12_0_13_lut6_legacy has unconnected port b[37]
WARNING: [Synth 8-3331] design c_addsub_v12_0_13_lut6_legacy has unconnected port b[36]
WARNING: [Synth 8-3331] design c_addsub_v12_0_13_lut6_legacy has unconnected port b[35]
WARNING: [Synth 8-3331] design c_addsub_v12_0_13_lut6_legacy has unconnected port b[34]
WARNING: [Synth 8-3331] design c_addsub_v12_0_13_lut6_legacy has unconnected port b[33]
WARNING: [Synth 8-3331] design c_addsub_v12_0_13_lut6_legacy has unconnected port b[32]
WARNING: [Synth 8-3331] design c_addsub_v12_0_13_lut6_legacy has unconnected port b[31]
WARNING: [Synth 8-3331] design c_addsub_v12_0_13_lut6_legacy has unconnected port b[30]
WARNING: [Synth 8-3331] design c_addsub_v12_0_13_lut6_legacy has unconnected port b[29]
WARNING: [Synth 8-3331] design c_addsub_v12_0_13_lut6_legacy has unconnected port b[28]
WARNING: [Synth 8-3331] design c_addsub_v12_0_13_lut6_legacy has unconnected port b[27]
WARNING: [Synth 8-3331] design c_addsub_v12_0_13_lut6_legacy has unconnected port b[26]
WARNING: [Synth 8-3331] design c_addsub_v12_0_13_lut6_legacy has unconnected port b[25]
WARNING: [Synth 8-3331] design c_addsub_v12_0_13_lut6_legacy has unconnected port b[24]
WARNING: [Synth 8-3331] design c_addsub_v12_0_13_lut6_legacy has unconnected port b[23]
WARNING: [Synth 8-3331] design c_addsub_v12_0_13_lut6_legacy has unconnected port b[22]
WARNING: [Synth 8-3331] design c_addsub_v12_0_13_lut6_legacy has unconnected port b[21]
WARNING: [Synth 8-3331] design c_addsub_v12_0_13_lut6_legacy has unconnected port b[20]
WARNING: [Synth 8-3331] design c_addsub_v12_0_13_lut6_legacy has unconnected port b[19]
WARNING: [Synth 8-3331] design c_addsub_v12_0_13_lut6_legacy has unconnected port b[18]
WARNING: [Synth 8-3331] design c_addsub_v12_0_13_lut6_legacy has unconnected port b[17]
WARNING: [Synth 8-3331] design c_addsub_v12_0_13_lut6_legacy has unconnected port b[16]
WARNING: [Synth 8-3331] design c_addsub_v12_0_13_lut6_legacy has unconnected port b[15]
WARNING: [Synth 8-3331] design c_addsub_v12_0_13_lut6_legacy has unconnected port b[14]
WARNING: [Synth 8-3331] design c_addsub_v12_0_13_lut6_legacy has unconnected port b[13]
WARNING: [Synth 8-3331] design c_addsub_v12_0_13_lut6_legacy has unconnected port b[12]
WARNING: [Synth 8-3331] design c_addsub_v12_0_13_lut6_legacy has unconnected port b[11]
WARNING: [Synth 8-3331] design c_addsub_v12_0_13_lut6_legacy has unconnected port b[10]
WARNING: [Synth 8-3331] design c_addsub_v12_0_13_lut6_legacy has unconnected port b[9]
WARNING: [Synth 8-3331] design c_addsub_v12_0_13_lut6_legacy has unconnected port b[8]
WARNING: [Synth 8-3331] design c_addsub_v12_0_13_lut6_legacy has unconnected port b[7]
WARNING: [Synth 8-3331] design c_addsub_v12_0_13_lut6_legacy has unconnected port b[6]
WARNING: [Synth 8-3331] design c_addsub_v12_0_13_lut6_legacy has unconnected port b[5]
WARNING: [Synth 8-3331] design c_addsub_v12_0_13_lut6_legacy has unconnected port b[4]
WARNING: [Synth 8-3331] design c_addsub_v12_0_13_lut6_legacy has unconnected port b[3]
WARNING: [Synth 8-3331] design c_addsub_v12_0_13_lut6_legacy has unconnected port b[2]
WARNING: [Synth 8-3331] design c_addsub_v12_0_13_lut6_legacy has unconnected port b[1]
WARNING: [Synth 8-3331] design c_addsub_v12_0_13_lut6_legacy has unconnected port b[0]
WARNING: [Synth 8-3331] design c_addsub_v12_0_13_lut6_legacy has unconnected port add
WARNING: [Synth 8-3331] design c_addsub_v12_0_13_lut6_legacy has unconnected port c_in
WARNING: [Synth 8-3331] design c_addsub_v12_0_13_lut6_legacy has unconnected port bypass
WARNING: [Synth 8-3331] design c_addsub_v12_0_13_lut6_legacy has unconnected port sset
WARNING: [Synth 8-3331] design c_addsub_v12_0_13_lut6_legacy has unconnected port sinit
WARNING: [Synth 8-3331] design c_addsub_v12_0_13_legacy has unconnected port c_in
WARNING: [Synth 8-3331] design c_addsub_v12_0_13_legacy has unconnected port b_in
WARNING: [Synth 8-3331] design c_addsub_v12_0_13_legacy has unconnected port a_signed
WARNING: [Synth 8-3331] design c_addsub_v12_0_13_legacy has unconnected port b_signed
WARNING: [Synth 8-3331] design c_counter_binary_v12_0_13_legacy has unconnected port up
WARNING: [Synth 8-3331] design c_counter_binary_v12_0_13_legacy has unconnected port load
WARNING: [Synth 8-3331] design c_counter_binary_v12_0_13_legacy has unconnected port l[63]
WARNING: [Synth 8-3331] design c_counter_binary_v12_0_13_legacy has unconnected port l[62]
WARNING: [Synth 8-3331] design c_counter_binary_v12_0_13_legacy has unconnected port l[61]
WARNING: [Synth 8-3331] design c_counter_binary_v12_0_13_legacy has unconnected port l[60]
WARNING: [Synth 8-3331] design c_counter_binary_v12_0_13_legacy has unconnected port l[59]
WARNING: [Synth 8-3331] design c_counter_binary_v12_0_13_legacy has unconnected port l[58]
WARNING: [Synth 8-3331] design c_counter_binary_v12_0_13_legacy has unconnected port l[57]
WARNING: [Synth 8-3331] design c_counter_binary_v12_0_13_legacy has unconnected port l[56]
WARNING: [Synth 8-3331] design c_counter_binary_v12_0_13_legacy has unconnected port l[55]
WARNING: [Synth 8-3331] design c_counter_binary_v12_0_13_legacy has unconnected port l[54]
WARNING: [Synth 8-3331] design c_counter_binary_v12_0_13_legacy has unconnected port l[53]
WARNING: [Synth 8-3331] design c_counter_binary_v12_0_13_legacy has unconnected port l[52]
WARNING: [Synth 8-3331] design c_counter_binary_v12_0_13_legacy has unconnected port l[51]
WARNING: [Synth 8-3331] design c_counter_binary_v12_0_13_legacy has unconnected port l[50]
WARNING: [Synth 8-3331] design c_counter_binary_v12_0_13_legacy has unconnected port l[49]
WARNING: [Synth 8-3331] design c_counter_binary_v12_0_13_legacy has unconnected port l[48]
WARNING: [Synth 8-3331] design c_counter_binary_v12_0_13_legacy has unconnected port l[47]
WARNING: [Synth 8-3331] design c_counter_binary_v12_0_13_legacy has unconnected port l[46]
WARNING: [Synth 8-3331] design c_counter_binary_v12_0_13_legacy has unconnected port l[45]
WARNING: [Synth 8-3331] design c_counter_binary_v12_0_13_legacy has unconnected port l[44]
INFO: [Common 17-14] Message 'Synth 8-3331' appears 100 times and further instances of the messages will be disabled. Use the Tcl command set_msg_config to change the current settings.
---------------------------------------------------------------------------------
Finished RTL Elaboration : Time (s): cpu = 00:00:05 ; elapsed = 00:00:11 . Memory (MB): peak = 1992.945 ; gain = 220.340 ; free physical = 10448 ; free virtual = 114270
---------------------------------------------------------------------------------

Report Check Netlist: 
+------+------------------+-------+---------+-------+------------------+
|      |Item              |Errors |Warnings |Status |Description       |
+------+------------------+-------+---------+-------+------------------+
|1     |multi_driven_nets |      0|        0|Passed |Multi driven nets |
+------+------------------+-------+---------+-------+------------------+
---------------------------------------------------------------------------------
Start Handling Custom Attributes
---------------------------------------------------------------------------------
---------------------------------------------------------------------------------
Finished Handling Custom Attributes : Time (s): cpu = 00:00:05 ; elapsed = 00:00:11 . Memory (MB): peak = 1995.910 ; gain = 223.305 ; free physical = 10407 ; free virtual = 114232
---------------------------------------------------------------------------------
---------------------------------------------------------------------------------
Finished RTL Optimization Phase 1 : Time (s): cpu = 00:00:05 ; elapsed = 00:00:11 . Memory (MB): peak = 1995.910 ; gain = 223.305 ; free physical = 10407 ; free virtual = 114232
---------------------------------------------------------------------------------
INFO: [Netlist 29-17] Analyzing 127 Unisim elements for replacement
INFO: [Netlist 29-28] Unisim Transformation completed in 0 CPU seconds
INFO: [Project 1-570] Preparing netlist for logic optimization

Processing XDC Constraints
Initializing timing engine
Parsing XDC File [/data/rrivera/otsdaq-firmware/cactus/projects/nim_plus2/top/top.srcs/sources_1/ip/xilinx_64b_counter/xilinx_64b_counter_ooc.xdc] for cell 'U0'
Finished Parsing XDC File [/data/rrivera/otsdaq-firmware/cactus/projects/nim_plus2/top/top.srcs/sources_1/ip/xilinx_64b_counter/xilinx_64b_counter_ooc.xdc] for cell 'U0'
Parsing XDC File [/data/rrivera/otsdaq-firmware/cactus/projects/nim_plus2/top/top.runs/xilinx_64b_counter_synth_1/dont_touch.xdc]
Finished Parsing XDC File [/data/rrivera/otsdaq-firmware/cactus/projects/nim_plus2/top/top.runs/xilinx_64b_counter_synth_1/dont_touch.xdc]
Completed Processing XDC Constraints

Netlist sorting complete. Time (s): cpu = 00:00:00 ; elapsed = 00:00:00 . Memory (MB): peak = 2149.629 ; gain = 0.000 ; free physical = 9943 ; free virtual = 113781
INFO: [Project 1-111] Unisim Transformation Summary:
No Unisim elements were transformed.

Constraint Validation Runtime : Time (s): cpu = 00:00:00.02 ; elapsed = 00:00:00.04 . Memory (MB): peak = 2149.629 ; gain = 0.000 ; free physical = 9943 ; free virtual = 113780
---------------------------------------------------------------------------------
Finished Constraint Validation : Time (s): cpu = 00:00:11 ; elapsed = 00:00:20 . Memory (MB): peak = 2149.629 ; gain = 377.023 ; free physical = 10079 ; free virtual = 113925
---------------------------------------------------------------------------------
---------------------------------------------------------------------------------
Start Loading Part and Timing Information
---------------------------------------------------------------------------------
Loading part: xc7a200tffg1156-2
---------------------------------------------------------------------------------
Finished Loading Part and Timing Information : Time (s): cpu = 00:00:11 ; elapsed = 00:00:20 . Memory (MB): peak = 2149.629 ; gain = 377.023 ; free physical = 10078 ; free virtual = 113925
---------------------------------------------------------------------------------
---------------------------------------------------------------------------------
Start Applying 'set_property' XDC Constraints
---------------------------------------------------------------------------------
Applied set_property DONT_TOUCH = true for U0. (constraint file  /data/rrivera/otsdaq-firmware/cactus/projects/nim_plus2/top/top.runs/xilinx_64b_counter_synth_1/dont_touch.xdc, line 9).
---------------------------------------------------------------------------------
Finished applying 'set_property' XDC Constraints : Time (s): cpu = 00:00:11 ; elapsed = 00:00:20 . Memory (MB): peak = 2149.629 ; gain = 377.023 ; free physical = 10077 ; free virtual = 113923
---------------------------------------------------------------------------------
---------------------------------------------------------------------------------
Finished RTL Optimization Phase 2 : Time (s): cpu = 00:00:11 ; elapsed = 00:00:20 . Memory (MB): peak = 2149.629 ; gain = 377.023 ; free physical = 10130 ; free virtual = 113977
---------------------------------------------------------------------------------

Report RTL Partitions: 
+-+--------------+------------+----------+
| |RTL Partition |Replication |Instances |
+-+--------------+------------+----------+
+-+--------------+------------+----------+
---------------------------------------------------------------------------------
Start RTL Component Statistics 
---------------------------------------------------------------------------------
---------------------------------------------------------------------------------
Finished RTL Component Statistics 
---------------------------------------------------------------------------------
---------------------------------------------------------------------------------
Start RTL Hierarchical Component Statistics 
---------------------------------------------------------------------------------
---------------------------------------------------------------------------------
Finished RTL Hierarchical Component Statistics
---------------------------------------------------------------------------------
---------------------------------------------------------------------------------
Start Part Resource Summary
---------------------------------------------------------------------------------
Part Resources:
DSPs: 740 (col length:100)
BRAMs: 730 (col length: RAMB18 100 RAMB36 50)
---------------------------------------------------------------------------------
Finished Part Resource Summary
---------------------------------------------------------------------------------
---------------------------------------------------------------------------------
Start Cross Boundary and Area Optimization
---------------------------------------------------------------------------------
Warning: Parallel synthesis criteria is not met 
---------------------------------------------------------------------------------
Finished Cross Boundary and Area Optimization : Time (s): cpu = 00:00:11 ; elapsed = 00:00:21 . Memory (MB): peak = 2149.629 ; gain = 377.023 ; free physical = 9911 ; free virtual = 113763
---------------------------------------------------------------------------------

Report RTL Partitions: 
+-+--------------+------------+----------+
| |RTL Partition |Replication |Instances |
+-+--------------+------------+----------+
+-+--------------+------------+----------+
---------------------------------------------------------------------------------
Start Applying XDC Timing Constraints
---------------------------------------------------------------------------------
---------------------------------------------------------------------------------
Finished Applying XDC Timing Constraints : Time (s): cpu = 00:00:18 ; elapsed = 00:00:27 . Memory (MB): peak = 2149.629 ; gain = 377.023 ; free physical = 11334 ; free virtual = 115181
---------------------------------------------------------------------------------
---------------------------------------------------------------------------------
Start Timing Optimization
---------------------------------------------------------------------------------
---------------------------------------------------------------------------------
Finished Timing Optimization : Time (s): cpu = 00:00:18 ; elapsed = 00:00:27 . Memory (MB): peak = 2149.629 ; gain = 377.023 ; free physical = 11334 ; free virtual = 115181
---------------------------------------------------------------------------------

Report RTL Partitions: 
+-+--------------+------------+----------+
| |RTL Partition |Replication |Instances |
+-+--------------+------------+----------+
+-+--------------+------------+----------+
---------------------------------------------------------------------------------
Start Technology Mapping
---------------------------------------------------------------------------------
---------------------------------------------------------------------------------
Finished Technology Mapping : Time (s): cpu = 00:00:18 ; elapsed = 00:00:27 . Memory (MB): peak = 2149.629 ; gain = 377.023 ; free physical = 11356 ; free virtual = 115204
---------------------------------------------------------------------------------

Report RTL Partitions: 
+-+--------------+------------+----------+
| |RTL Partition |Replication |Instances |
+-+--------------+------------+----------+
+-+--------------+------------+----------+
---------------------------------------------------------------------------------
Start IO Insertion
---------------------------------------------------------------------------------
---------------------------------------------------------------------------------
Start Flattening Before IO Insertion
---------------------------------------------------------------------------------
---------------------------------------------------------------------------------
Finished Flattening Before IO Insertion
---------------------------------------------------------------------------------
---------------------------------------------------------------------------------
Start Final Netlist Cleanup
---------------------------------------------------------------------------------
---------------------------------------------------------------------------------
Finished Final Netlist Cleanup
---------------------------------------------------------------------------------
---------------------------------------------------------------------------------
Finished IO Insertion : Time (s): cpu = 00:00:19 ; elapsed = 00:00:28 . Memory (MB): peak = 2149.629 ; gain = 377.023 ; free physical = 11361 ; free virtual = 115208
---------------------------------------------------------------------------------

Report Check Netlist: 
+------+------------------+-------+---------+-------+------------------+
|      |Item              |Errors |Warnings |Status |Description       |
+------+------------------+-------+---------+-------+------------------+
|1     |multi_driven_nets |      0|        0|Passed |Multi driven nets |
+------+------------------+-------+---------+-------+------------------+
---------------------------------------------------------------------------------
Start Renaming Generated Instances
---------------------------------------------------------------------------------
---------------------------------------------------------------------------------
Finished Renaming Generated Instances : Time (s): cpu = 00:00:19 ; elapsed = 00:00:28 . Memory (MB): peak = 2149.629 ; gain = 377.023 ; free physical = 11361 ; free virtual = 115208
---------------------------------------------------------------------------------

Report RTL Partitions: 
+-+--------------+------------+----------+
| |RTL Partition |Replication |Instances |
+-+--------------+------------+----------+
+-+--------------+------------+----------+
---------------------------------------------------------------------------------
Start Rebuilding User Hierarchy
---------------------------------------------------------------------------------
---------------------------------------------------------------------------------
Finished Rebuilding User Hierarchy : Time (s): cpu = 00:00:19 ; elapsed = 00:00:28 . Memory (MB): peak = 2149.629 ; gain = 377.023 ; free physical = 11359 ; free virtual = 115206
---------------------------------------------------------------------------------
---------------------------------------------------------------------------------
Start Renaming Generated Ports
---------------------------------------------------------------------------------
---------------------------------------------------------------------------------
Finished Renaming Generated Ports : Time (s): cpu = 00:00:19 ; elapsed = 00:00:28 . Memory (MB): peak = 2149.629 ; gain = 377.023 ; free physical = 11359 ; free virtual = 115206
---------------------------------------------------------------------------------
---------------------------------------------------------------------------------
Start Handling Custom Attributes
---------------------------------------------------------------------------------
---------------------------------------------------------------------------------
Finished Handling Custom Attributes : Time (s): cpu = 00:00:19 ; elapsed = 00:00:29 . Memory (MB): peak = 2149.629 ; gain = 377.023 ; free physical = 11359 ; free virtual = 115206
---------------------------------------------------------------------------------
---------------------------------------------------------------------------------
Start Renaming Generated Nets
---------------------------------------------------------------------------------
---------------------------------------------------------------------------------
Finished Renaming Generated Nets : Time (s): cpu = 00:00:19 ; elapsed = 00:00:29 . Memory (MB): peak = 2149.629 ; gain = 377.023 ; free physical = 11359 ; free virtual = 115206
---------------------------------------------------------------------------------
---------------------------------------------------------------------------------
Start Writing Synthesis Report
---------------------------------------------------------------------------------

Report BlackBoxes: 
+-+--------------+----------+
| |BlackBox name |Instances |
+-+--------------+----------+
+-+--------------+----------+

Report Cell Usage: 
+------+------+------+
|      |Cell  |Count |
+------+------+------+
|1     |LUT1  |     1|
|2     |MUXCY |    63|
|3     |XORCY |    64|
|4     |FDRE  |    64|
+------+------+------+
---------------------------------------------------------------------------------
Finished Writing Synthesis Report : Time (s): cpu = 00:00:19 ; elapsed = 00:00:29 . Memory (MB): peak = 2149.629 ; gain = 377.023 ; free physical = 11359 ; free virtual = 115206
---------------------------------------------------------------------------------
Synthesis finished with 0 errors, 0 critical warnings and 68 warnings.
Synthesis Optimization Runtime : Time (s): cpu = 00:00:17 ; elapsed = 00:00:26 . Memory (MB): peak = 2149.629 ; gain = 223.305 ; free physical = 11380 ; free virtual = 115228
Synthesis Optimization Complete : Time (s): cpu = 00:00:19 ; elapsed = 00:00:29 . Memory (MB): peak = 2149.629 ; gain = 377.023 ; free physical = 11380 ; free virtual = 115228
INFO: [Project 1-571] Translating synthesized netlist
INFO: [Netlist 29-17] Analyzing 127 Unisim elements for replacement
INFO: [Netlist 29-28] Unisim Transformation completed in 0 CPU seconds
INFO: [Project 1-570] Preparing netlist for logic optimization
INFO: [Opt 31-138] Pushed 0 inverter(s) to 0 load pin(s).
Netlist sorting complete. Time (s): cpu = 00:00:00 ; elapsed = 00:00:00 . Memory (MB): peak = 2149.629 ; gain = 0.000 ; free physical = 11318 ; free virtual = 115166
INFO: [Project 1-111] Unisim Transformation Summary:
  A total of 16 instances were transformed.
  (MUXCY,XORCY) => CARRY4: 16 instances

INFO: [Common 17-83] Releasing license: Synthesis
17 Infos, 100 Warnings, 0 Critical Warnings and 0 Errors encountered.
synth_design completed successfully
synth_design: Time (s): cpu = 00:00:24 ; elapsed = 00:00:34 . Memory (MB): peak = 2149.629 ; gain = 645.832 ; free physical = 11408 ; free virtual = 115257
INFO: [Coretcl 2-1174] Renamed 7 cell refs.
Netlist sorting complete. Time (s): cpu = 00:00:00 ; elapsed = 00:00:00.01 . Memory (MB): peak = 2149.629 ; gain = 0.000 ; free physical = 11374 ; free virtual = 115222
WARNING: [Constraints 18-5210] No constraints selected for write.
Resolution: This message can indicate that there are no constraints for the design, or it can indicate that the used_in flags are set such that the constraints are ignored. This later case is used when running synth_design to not write synthesis constraints to the resulting checkpoint. Instead, project constraints are read when the synthesized design is opened.
INFO: [Common 17-1381] The checkpoint '/data/rrivera/otsdaq-firmware/cactus/projects/nim_plus2/top/top.runs/xilinx_64b_counter_synth_1/xilinx_64b_counter.dcp' has been generated.
INFO: [runtcl-4] Executing : report_utilization -file xilinx_64b_counter_utilization_synth.rpt -pb xilinx_64b_counter_utilization_synth.pb
INFO: [Common 17-206] Exiting Vivado at Thu Oct 29 15:23:18 2020...
