EN address_container NULL /home/rrivera/ots/srcs/otsdaq-firmware/cactus/projects/ftbf/stib_slave_ots/work_eth/address_container.vhd sub00/vhpl02 1548260668
EN ethernet_controller NULL /home/rrivera/ots/srcs/otsdaq-firmware/cactus/projects/ftbf/stib_slave_ots/work_eth/ethernet_controller.vhd sub00/vhpl40 1548260706
AR reset_mgr behavioral /home/rrivera/ots/srcs/otsdaq-firmware/cactus/projects/ftbf/stib_slave_ots/work_eth/reset_mgr.vhd sub00/vhpl63 1548260731
EN trigbuf NULL /home/rrivera/ots/srcs/otsdaq-firmware/cactus/projects/ftbf/stib_slave_ots/strip/trigbuf.vhd sub00/vhpl64 1548260747
EN filter_data_out NULL /home/rrivera/ots/srcs/otsdaq-firmware/cactus/projects/ftbf/stib_slave_ots/work_eth/filter_data_out.vhd sub00/vhpl16 1548260682
PH params_package NULL /home/rrivera/ots/srcs/otsdaq-firmware/cactus/projects/ftbf/stib_slave_ots/work_eth/params_package.vhd sub00/vhpl00 1548260666
EN ethernet_controller_wrapper NULL /home/rrivera/ots/srcs/otsdaq-firmware/cactus/projects/ftbf/stib_slave_ots/work_eth/ethernet_controller_wrapper.vhd sub00/vhpl56 1548260724
AR addr_fifo addr_fifo_a /home/rrivera/ots/srcs/otsdaq-firmware/cactus/projects/ftbf/stib_slave_ots/work_eth/ipcore_dir/ADDR_FIFO.vhd sub00/vhpl31 1548260697
EN reset_mgr NULL /home/rrivera/ots/srcs/otsdaq-firmware/cactus/projects/ftbf/stib_slave_ots/work_eth/reset_mgr.vhd sub00/vhpl62 1548260730
AR ram_comm_dec arch /home/rrivera/ots/srcs/otsdaq-firmware/cactus/projects/ftbf/stib_slave_ots/work_eth/ram_comm_dec.vhd sub00/vhpl37 1548260703
EN ip_checksum_calc NULL /home/rrivera/ots/srcs/otsdaq-firmware/cactus/projects/ftbf/stib_slave_ots/work_eth/ip_checksum_calc.vhd sub00/vhpl08 1548260674
EN data_manager NULL /home/rrivera/ots/srcs/otsdaq-firmware/cactus/projects/ftbf/stib_slave_ots/work_eth/data_manager.vhd sub00/vhpl58 1548260726
EN packetfifo NULL /home/rrivera/ots/srcs/otsdaq-firmware/cactus/projects/ftbf/stib_slave_ots/strip/packetfifo.vhd sub00/vhpl48 1548260714
AR bcocounter bcocounter_a /home/rrivera/ots/srcs/otsdaq-firmware/cactus/projects/ftbf/stib_slave_ots/strip/bcocounter.vhd sub00/vhpl55 1548260721
EN burst_controller_sm NULL /home/rrivera/ots/srcs/otsdaq-firmware/cactus/projects/ftbf/stib_slave_ots/work_eth/burst_controller_sm.vhd sub00/vhpl32 1548260698
EN bcocounter NULL /home/rrivera/ots/srcs/otsdaq-firmware/cactus/projects/ftbf/stib_slave_ots/strip/bcocounter.vhd sub00/vhpl54 1548260720
EN dataout_mux NULL /home/rrivera/ots/srcs/otsdaq-firmware/cactus/projects/ftbf/stib_slave_ots/work_eth/dataout_mux.vhd sub00/vhpl12 1548260678
AR burst_traffic_controller burst_traffic_controller_arch /home/rrivera/ots/srcs/otsdaq-firmware/cactus/projects/ftbf/stib_slave_ots/work_eth/burst_traffic_controller.vhd sub00/vhpl61 1548260729
EN data_fifo_0 NULL /home/rrivera/ots/srcs/otsdaq-firmware/cactus/projects/ftbf/stib_slave_ots/work_eth/ipcore_dir/DATA_FIFO_0.vhd sub00/vhpl26 1548260692
AR udp_data_splicer udp_data_splicer_arch /home/rrivera/ots/srcs/otsdaq-firmware/cactus/projects/ftbf/stib_slave_ots/work_eth/udp_data_splicer.vhd sub00/vhpl23 1548260689
AR address_container arch /home/rrivera/ots/srcs/otsdaq-firmware/cactus/projects/ftbf/stib_slave_ots/work_eth/address_container.vhd sub00/vhpl03 1548260669
EN or33 NULL /home/rrivera/ots/srcs/otsdaq-firmware/cactus/projects/ftbf/stib_slave_ots/work_eth/or33.vhd sub00/vhpl06 1548260672
AR chip_fifo chip_fifo_a /home/rrivera/ots/srcs/otsdaq-firmware/cactus/projects/ftbf/stib_slave_ots/strip/chip_fifo.vhd sub00/vhpl51 1548260717
AR tx_seq_ctl arch /home/rrivera/ots/srcs/otsdaq-firmware/cactus/projects/ftbf/stib_slave_ots/work_eth/tx_seq_ctl.vhd sub00/vhpl39 1548260705
AR icmp_ping_shift_reg arch /home/rrivera/ots/srcs/otsdaq-firmware/cactus/projects/ftbf/stib_slave_ots/work_eth/icmp_ping_shift_reg.vhd sub00/vhpl21 1548260687
EN streamipbuf NULL /home/rrivera/ots/srcs/otsdaq-firmware/cactus/projects/ftbf/stib_slave_ots/strip/streamipbuf.vhd sub00/vhpl46 1548260712
EN trigpattern NULL /home/rrivera/ots/srcs/otsdaq-firmware/cactus/projects/ftbf/stib_slave_ots/slave/trigpattern.vhd sub00/vhpl68 1548260761
AR trigpattern rtl /home/rrivera/ots/srcs/otsdaq-firmware/cactus/projects/ftbf/stib_slave_ots/slave/trigpattern.vhd sub00/vhpl69 1548260762
AR decipherer decipherer_arch /home/rrivera/ots/srcs/otsdaq-firmware/cactus/projects/ftbf/stib_slave_ots/work_eth/decipherer.vhd sub00/vhpl15 1548260681
EN ram_comm_dec NULL /home/rrivera/ots/srcs/otsdaq-firmware/cactus/projects/ftbf/stib_slave_ots/work_eth/ram_comm_dec.vhd sub00/vhpl36 1548260702
EN tx_seq_ctl NULL /home/rrivera/ots/srcs/otsdaq-firmware/cactus/projects/ftbf/stib_slave_ots/work_eth/tx_seq_ctl.vhd sub00/vhpl38 1548260704
AR ethernet_controller_wrapper arch /home/rrivera/ots/srcs/otsdaq-firmware/cactus/projects/ftbf/stib_slave_ots/work_eth/ethernet_controller_wrapper.vhd sub00/vhpl57 1548260725
EN rx_ctl NULL /home/rrivera/ots/srcs/otsdaq-firmware/cactus/projects/ftbf/stib_slave_ots/work_eth/rx_ctl.vhd sub00/vhpl34 1548260700
AR filter_data_out filter_data_out_arch /home/rrivera/ots/srcs/otsdaq-firmware/cactus/projects/ftbf/stib_slave_ots/work_eth/filter_data_out.vhd sub00/vhpl17 1548260683
MO crc_gen NULL ../work_eth/crc_gen.v vlg21/crc__gen.bin 1548260666
AR info_fifo_0 info_fifo_0_a /home/rrivera/ots/srcs/otsdaq-firmware/cactus/projects/ftbf/stib_slave_ots/work_eth/ipcore_dir/INFO_FIFO_0.vhd sub00/vhpl29 1548260695
AR rx_ctl arch /home/rrivera/ots/srcs/otsdaq-firmware/cactus/projects/ftbf/stib_slave_ots/work_eth/rx_ctl.vhd sub00/vhpl35 1548260701
AR streamipbuf streamipbuf_a /home/rrivera/ots/srcs/otsdaq-firmware/cactus/projects/ftbf/stib_slave_ots/strip/streamipbuf.vhd sub00/vhpl47 1548260713
EN top NULL /home/rrivera/ots/srcs/otsdaq-firmware/cactus/projects/ftbf/stib_slave_ots/slave/top.vhd sub00/vhpl70 1548260763
AR top rtl /home/rrivera/ots/srcs/otsdaq-firmware/cactus/projects/ftbf/stib_slave_ots/slave/top.vhd sub00/vhpl71 1548260764
AR data_fifo_0 data_fifo_0_a /home/rrivera/ots/srcs/otsdaq-firmware/cactus/projects/ftbf/stib_slave_ots/work_eth/ipcore_dir/DATA_FIFO_0.vhd sub00/vhpl27 1548260693
EN chip_fifo NULL /home/rrivera/ots/srcs/otsdaq-firmware/cactus/projects/ftbf/stib_slave_ots/strip/chip_fifo.vhd sub00/vhpl50 1548260716
AR ip_checksum_calc arch /home/rrivera/ots/srcs/otsdaq-firmware/cactus/projects/ftbf/stib_slave_ots/work_eth/ip_checksum_calc.vhd sub00/vhpl09 1548260675
EN create_packet NULL /home/rrivera/ots/srcs/otsdaq-firmware/cactus/projects/ftbf/stib_slave_ots/work_eth/create_packet.vhd sub00/vhpl10 1548260676
AR burst_controller_sm burst_controller_sm_arch /home/rrivera/ots/srcs/otsdaq-firmware/cactus/projects/ftbf/stib_slave_ots/work_eth/burst_controller_sm.vhd sub00/vhpl33 1548260699
EN trigcounter NULL /home/rrivera/ots/srcs/otsdaq-firmware/cactus/projects/ftbf/stib_slave_ots/strip/trigcounter.vhd sub00/vhpl52 1548260718
AR crc_splice arch /home/rrivera/ots/srcs/otsdaq-firmware/cactus/projects/ftbf/stib_slave_ots/work_eth/crc_splice.vhd sub00/vhpl45 1548260711
AR trigbuf trigbuf_a /home/rrivera/ots/srcs/otsdaq-firmware/cactus/projects/ftbf/stib_slave_ots/strip/trigbuf.vhd sub00/vhpl65 1548260748
EN icmp_ping_shift_reg NULL /home/rrivera/ots/srcs/otsdaq-firmware/cactus/projects/ftbf/stib_slave_ots/work_eth/icmp_ping_shift_reg.vhd sub00/vhpl20 1548260686
AR ethernet_controller arch /home/rrivera/ots/srcs/otsdaq-firmware/cactus/projects/ftbf/stib_slave_ots/work_eth/ethernet_controller.vhd sub00/vhpl41 1548260707
EN icmp_ping_checksum_calc NULL /home/rrivera/ots/srcs/otsdaq-firmware/cactus/projects/ftbf/stib_slave_ots/work_eth/icmp_ping_checksum_calc.vhd sub00/vhpl18 1548260684
AR icmp_ping_checksum_calc icmp_ping_checksum_calc_arch /home/rrivera/ots/srcs/otsdaq-firmware/cactus/projects/ftbf/stib_slave_ots/work_eth/icmp_ping_checksum_calc.vhd sub00/vhpl19 1548260685
AR trigcounter trigcounter_a /home/rrivera/ots/srcs/otsdaq-firmware/cactus/projects/ftbf/stib_slave_ots/strip/trigcounter.vhd sub00/vhpl53 1548260719
AR packetfifo packetfifo_a /home/rrivera/ots/srcs/otsdaq-firmware/cactus/projects/ftbf/stib_slave_ots/strip/packetfifo.vhd sub00/vhpl49 1548260715
AR user_addrs_mux user_addrs_mux_arch /home/rrivera/ots/srcs/otsdaq-firmware/cactus/projects/ftbf/stib_slave_ots/work_eth/user_addrs_mux.vhd sub00/vhpl25 1548260691
AR create_packet create_packet_arch /home/rrivera/ots/srcs/otsdaq-firmware/cactus/projects/ftbf/stib_slave_ots/work_eth/create_packet.vhd sub00/vhpl11 1548260677
EN burst_traffic_controller NULL /home/rrivera/ots/srcs/otsdaq-firmware/cactus/projects/ftbf/stib_slave_ots/work_eth/burst_traffic_controller.vhd sub00/vhpl60 1548260728
AR or33 or33_arch /home/rrivera/ots/srcs/otsdaq-firmware/cactus/projects/ftbf/stib_slave_ots/work_eth/or33.vhd sub00/vhpl07 1548260673
AR arp_reply arp_reply_arch /home/rrivera/ots/srcs/otsdaq-firmware/cactus/projects/ftbf/stib_slave_ots/work_eth/arp_reply.vhd sub00/vhpl05 1548260671
EN user_addrs_mux NULL /home/rrivera/ots/srcs/otsdaq-firmware/cactus/projects/ftbf/stib_slave_ots/work_eth/user_addrs_mux.vhd sub00/vhpl24 1548260690
EN mii_100_1000_handler NULL /home/rrivera/ots/srcs/otsdaq-firmware/cactus/projects/ftbf/stib_slave_ots/work_eth/xmii_handler.vhd sub00/vhpl42 1548260708
EN crc_splice NULL /home/rrivera/ots/srcs/otsdaq-firmware/cactus/projects/ftbf/stib_slave_ots/work_eth/crc_splice.vhd sub00/vhpl44 1548260710
AR ethernet_interface behavioral /home/rrivera/ots/srcs/otsdaq-firmware/cactus/projects/ftbf/stib_slave_ots/work_eth/ethernet_interface.vhd sub00/vhpl67 1548260760
EN ethernet_interface NULL /home/rrivera/ots/srcs/otsdaq-firmware/cactus/projects/ftbf/stib_slave_ots/work_eth/ethernet_interface.vhd sub00/vhpl66 1548260759
EN udp_data_splicer NULL /home/rrivera/ots/srcs/otsdaq-firmware/cactus/projects/ftbf/stib_slave_ots/work_eth/udp_data_splicer.vhd sub00/vhpl22 1548260688
AR dataout_mux dataout_mux_arch /home/rrivera/ots/srcs/otsdaq-firmware/cactus/projects/ftbf/stib_slave_ots/work_eth/dataout_mux.vhd sub00/vhpl13 1548260679
AR data_manager behavioral /home/rrivera/ots/srcs/otsdaq-firmware/cactus/projects/ftbf/stib_slave_ots/work_eth/data_manager.vhd sub00/vhpl59 1548260727
EN info_fifo_0 NULL /home/rrivera/ots/srcs/otsdaq-firmware/cactus/projects/ftbf/stib_slave_ots/work_eth/ipcore_dir/INFO_FIFO_0.vhd sub00/vhpl28 1548260694
EN arp_reply NULL /home/rrivera/ots/srcs/otsdaq-firmware/cactus/projects/ftbf/stib_slave_ots/work_eth/arp_reply.vhd sub00/vhpl04 1548260670
MO crc_chk NULL ../work_eth/crc_chk.v vlg49/crc__chk.bin 1548260666
AR mii_100_1000_handler arch /home/rrivera/ots/srcs/otsdaq-firmware/cactus/projects/ftbf/stib_slave_ots/work_eth/xmii_handler.vhd sub00/vhpl43 1548260709
PB params_package params_package /home/rrivera/ots/srcs/otsdaq-firmware/cactus/projects/ftbf/stib_slave_ots/work_eth/params_package.vhd sub00/vhpl01 1548260667
EN decipherer NULL /home/rrivera/ots/srcs/otsdaq-firmware/cactus/projects/ftbf/stib_slave_ots/work_eth/decipherer.vhd sub00/vhpl14 1548260680
EN addr_fifo NULL /home/rrivera/ots/srcs/otsdaq-firmware/cactus/projects/ftbf/stib_slave_ots/work_eth/ipcore_dir/ADDR_FIFO.vhd sub00/vhpl30 1548260696
