V3 153
FL /home/rrivera/ots/srcs/otsdaq-firmware/cactus/projects/ftbf/stib_slave_ots/slave/top.vhd 2018/06/05.14:07:42 P.20131013
EN work/top 1528230018 \
      FL /home/rrivera/ots/srcs/otsdaq-firmware/cactus/projects/ftbf/stib_slave_ots/slave/top.vhd \
      PB ieee/std_logic_1164 1381692176 PB ieee/NUMERIC_STD 1381692181 \
      PB ieee/std_logic_misc 1381692178 LB UNISIM PH unisim/VCOMPONENTS 1381692182 \
      LB stib PH stib/iobus 1528229987
AR work/top/RTL 1528230019 \
      FL /home/rrivera/ots/srcs/otsdaq-firmware/cactus/projects/ftbf/stib_slave_ots/slave/top.vhd \
      EN work/top 1528230018 CP work/Ethernet_Interface CP std_logic \
      CP std_logic_vector CP unsigned CP chip_fifo CP strip/strip_interface \
      CP trigpattern CP BUFG CP IBUFG CP OBUF CP IBUF CP ODDR CP IBUFDS CP obufds
FL /home/rrivera/ots/srcs/otsdaq-firmware/cactus/projects/ftbf/stib_slave_ots/slave/trigpattern.vhd 2018/05/07.15:30:53 P.20131013
EN work/trigpattern 1528230016 \
      FL /home/rrivera/ots/srcs/otsdaq-firmware/cactus/projects/ftbf/stib_slave_ots/slave/trigpattern.vhd \
      PB ieee/std_logic_1164 1381692176
AR work/trigpattern/RTL 1528230017 \
      FL /home/rrivera/ots/srcs/otsdaq-firmware/cactus/projects/ftbf/stib_slave_ots/slave/trigpattern.vhd \
      EN work/trigpattern 1528230016
FL /home/rrivera/ots/srcs/otsdaq-firmware/cactus/projects/ftbf/stib_slave_ots/strip/bcocounter.vhd 2018/05/07.15:30:54 P.20131013
EN work/bcocounter 1528229975 \
      FL /home/rrivera/ots/srcs/otsdaq-firmware/cactus/projects/ftbf/stib_slave_ots/strip/bcocounter.vhd \
      PB ieee/std_logic_1164 1381692176
AR work/bcocounter/bcocounter_a 1528229976 \
      FL /home/rrivera/ots/srcs/otsdaq-firmware/cactus/projects/ftbf/stib_slave_ots/strip/bcocounter.vhd \
      EN work/bcocounter 1528229975
FL /home/rrivera/ots/srcs/otsdaq-firmware/cactus/projects/ftbf/stib_slave_ots/strip/chip_fifo.vhd 2018/05/07.15:30:55 P.20131013
EN work/chip_fifo 1528229971 \
      FL /home/rrivera/ots/srcs/otsdaq-firmware/cactus/projects/ftbf/stib_slave_ots/strip/chip_fifo.vhd \
      PB ieee/std_logic_1164 1381692176
AR work/chip_fifo/chip_fifo_a 1528229972 \
      FL /home/rrivera/ots/srcs/otsdaq-firmware/cactus/projects/ftbf/stib_slave_ots/strip/chip_fifo.vhd \
      EN work/chip_fifo 1528229971
FL /home/rrivera/ots/srcs/otsdaq-firmware/cactus/projects/ftbf/stib_slave_ots/strip/packetfifo.vhd 2018/05/07.15:30:54 P.20131013
EN work/packetfifo 1528229969 \
      FL /home/rrivera/ots/srcs/otsdaq-firmware/cactus/projects/ftbf/stib_slave_ots/strip/packetfifo.vhd \
      PB ieee/std_logic_1164 1381692176
AR work/packetfifo/packetfifo_a 1528229970 \
      FL /home/rrivera/ots/srcs/otsdaq-firmware/cactus/projects/ftbf/stib_slave_ots/strip/packetfifo.vhd \
      EN work/packetfifo 1528229969
FL /home/rrivera/ots/srcs/otsdaq-firmware/cactus/projects/ftbf/stib_slave_ots/strip/streamipbuf.vhd 2018/05/07.15:30:55 P.20131013
EN work/streamipbuf 1528229967 \
      FL /home/rrivera/ots/srcs/otsdaq-firmware/cactus/projects/ftbf/stib_slave_ots/strip/streamipbuf.vhd \
      PB ieee/std_logic_1164 1381692176
AR work/streamipbuf/streamipbuf_a 1528229968 \
      FL /home/rrivera/ots/srcs/otsdaq-firmware/cactus/projects/ftbf/stib_slave_ots/strip/streamipbuf.vhd \
      EN work/streamipbuf 1528229967
FL /home/rrivera/ots/srcs/otsdaq-firmware/cactus/projects/ftbf/stib_slave_ots/strip/trigbuf.vhd 2018/05/07.15:30:54 P.20131013
EN work/trigbuf 1528230002 \
      FL /home/rrivera/ots/srcs/otsdaq-firmware/cactus/projects/ftbf/stib_slave_ots/strip/trigbuf.vhd \
      PB ieee/std_logic_1164 1381692176
AR work/trigbuf/trigbuf_a 1528230003 \
      FL /home/rrivera/ots/srcs/otsdaq-firmware/cactus/projects/ftbf/stib_slave_ots/strip/trigbuf.vhd \
      EN work/trigbuf 1528230002
FL /home/rrivera/ots/srcs/otsdaq-firmware/cactus/projects/ftbf/stib_slave_ots/strip/trigcounter.vhd 2018/05/07.15:30:55 P.20131013
EN work/trigcounter 1528229973 \
      FL /home/rrivera/ots/srcs/otsdaq-firmware/cactus/projects/ftbf/stib_slave_ots/strip/trigcounter.vhd \
      PB ieee/std_logic_1164 1381692176
AR work/trigcounter/trigcounter_a 1528229974 \
      FL /home/rrivera/ots/srcs/otsdaq-firmware/cactus/projects/ftbf/stib_slave_ots/strip/trigcounter.vhd \
      EN work/trigcounter 1528229973
FL /home/rrivera/ots/srcs/otsdaq-firmware/cactus/projects/ftbf/stib_slave_ots/work_eth/address_container.vhd 2018/05/07.15:30:54 P.20131013
EN work/address_container 1528229923 \
      FL /home/rrivera/ots/srcs/otsdaq-firmware/cactus/projects/ftbf/stib_slave_ots/work_eth/address_container.vhd \
      PB ieee/std_logic_1164 1381692176 PB ieee/NUMERIC_STD 1381692181 \
      PB work/params_package 1528229922
AR work/address_container/arch 1528229924 \
      FL /home/rrivera/ots/srcs/otsdaq-firmware/cactus/projects/ftbf/stib_slave_ots/work_eth/address_container.vhd \
      EN work/address_container 1528229923
FL /home/rrivera/ots/srcs/otsdaq-firmware/cactus/projects/ftbf/stib_slave_ots/work_eth/arp_reply.vhd 2018/05/07.15:30:54 P.20131013
EN work/arp_reply 1528229925 \
      FL /home/rrivera/ots/srcs/otsdaq-firmware/cactus/projects/ftbf/stib_slave_ots/work_eth/arp_reply.vhd \
      PB ieee/std_logic_1164 1381692176 PB ieee/std_logic_arith 1381692177 \
      PB ieee/STD_LOGIC_UNSIGNED 1381692179
AR work/arp_reply/arp_reply_arch 1528229926 \
      FL /home/rrivera/ots/srcs/otsdaq-firmware/cactus/projects/ftbf/stib_slave_ots/work_eth/arp_reply.vhd \
      EN work/arp_reply 1528229925
FL /home/rrivera/ots/srcs/otsdaq-firmware/cactus/projects/ftbf/stib_slave_ots/work_eth/burst_controller_sm.vhd 2018/05/07.15:30:54 P.20131013
EN work/burst_controller_sm 1528229953 \
      FL /home/rrivera/ots/srcs/otsdaq-firmware/cactus/projects/ftbf/stib_slave_ots/work_eth/burst_controller_sm.vhd \
      PB ieee/std_logic_1164 1381692176 PB ieee/std_logic_arith 1381692177 \
      PB ieee/STD_LOGIC_UNSIGNED 1381692179
AR work/burst_controller_sm/burst_controller_sm_arch 1528229954 \
      FL /home/rrivera/ots/srcs/otsdaq-firmware/cactus/projects/ftbf/stib_slave_ots/work_eth/burst_controller_sm.vhd \
      EN work/burst_controller_sm 1528229953
FL /home/rrivera/ots/srcs/otsdaq-firmware/cactus/projects/ftbf/stib_slave_ots/work_eth/burst_traffic_controller.vhd 2018/05/07.15:30:54 P.20131013
EN work/burst_traffic_controller 1528229983 \
      FL /home/rrivera/ots/srcs/otsdaq-firmware/cactus/projects/ftbf/stib_slave_ots/work_eth/burst_traffic_controller.vhd \
      PB ieee/std_logic_1164 1381692176 PB ieee/std_logic_arith 1381692177 \
      PB ieee/STD_LOGIC_UNSIGNED 1381692179 PB work/params_package 1528229922
AR work/burst_traffic_controller/burst_traffic_controller_arch 1528229984 \
      FL /home/rrivera/ots/srcs/otsdaq-firmware/cactus/projects/ftbf/stib_slave_ots/work_eth/burst_traffic_controller.vhd \
      EN work/burst_traffic_controller 1528229983
FL /home/rrivera/ots/srcs/otsdaq-firmware/cactus/projects/ftbf/stib_slave_ots/work_eth/crc_splice.vhd 2018/05/07.15:30:54 P.20131013
EN work/crc_splice 1528229965 \
      FL /home/rrivera/ots/srcs/otsdaq-firmware/cactus/projects/ftbf/stib_slave_ots/work_eth/crc_splice.vhd \
      PB ieee/std_logic_1164 1381692176 PB ieee/std_logic_arith 1381692177 \
      PB ieee/STD_LOGIC_UNSIGNED 1381692179
AR work/crc_splice/arch 1528229966 \
      FL /home/rrivera/ots/srcs/otsdaq-firmware/cactus/projects/ftbf/stib_slave_ots/work_eth/crc_splice.vhd \
      EN work/crc_splice 1528229965
FL /home/rrivera/ots/srcs/otsdaq-firmware/cactus/projects/ftbf/stib_slave_ots/work_eth/create_packet.vhd 2018/05/07.15:30:54 P.20131013
EN work/create_packet 1528229931 \
      FL /home/rrivera/ots/srcs/otsdaq-firmware/cactus/projects/ftbf/stib_slave_ots/work_eth/create_packet.vhd \
      PB ieee/std_logic_1164 1381692176 PB ieee/std_logic_arith 1381692177 \
      PB ieee/STD_LOGIC_UNSIGNED 1381692179 PB work/params_package 1528229922
AR work/create_packet/create_packet_arch 1528229932 \
      FL /home/rrivera/ots/srcs/otsdaq-firmware/cactus/projects/ftbf/stib_slave_ots/work_eth/create_packet.vhd \
      EN work/create_packet 1528229931
FL /home/rrivera/ots/srcs/otsdaq-firmware/cactus/projects/ftbf/stib_slave_ots/work_eth/dataout_mux.vhd 2018/05/07.15:30:54 P.20131013
EN work/dataout_mux 1528229933 \
      FL /home/rrivera/ots/srcs/otsdaq-firmware/cactus/projects/ftbf/stib_slave_ots/work_eth/dataout_mux.vhd \
      PB ieee/std_logic_1164 1381692176 PB ieee/std_logic_arith 1381692177 \
      PB ieee/STD_LOGIC_UNSIGNED 1381692179
AR work/dataout_mux/dataout_mux_arch 1528229934 \
      FL /home/rrivera/ots/srcs/otsdaq-firmware/cactus/projects/ftbf/stib_slave_ots/work_eth/dataout_mux.vhd \
      EN work/dataout_mux 1528229933
FL /home/rrivera/ots/srcs/otsdaq-firmware/cactus/projects/ftbf/stib_slave_ots/work_eth/data_manager.vhd 2018/05/07.15:30:54 P.20131013
EN work/data_manager 1528229981 \
      FL /home/rrivera/ots/srcs/otsdaq-firmware/cactus/projects/ftbf/stib_slave_ots/work_eth/data_manager.vhd \
      PB ieee/std_logic_1164 1381692176 PB ieee/NUMERIC_STD 1381692181
AR work/data_manager/BEHAVIORAL 1528229982 \
      FL /home/rrivera/ots/srcs/otsdaq-firmware/cactus/projects/ftbf/stib_slave_ots/work_eth/data_manager.vhd \
      EN work/data_manager 1528229981 CP DATA_FIFO_0 CP INFO_FIFO_0 CP ADDR_FIFO \
      CP work/burst_controller_sm CP work/rx_ctl CP work/ram_comm_dec \
      CP work/tx_seq_ctl
FL /home/rrivera/ots/srcs/otsdaq-firmware/cactus/projects/ftbf/stib_slave_ots/work_eth/decipherer.vhd 2018/05/07.15:30:54 P.20131013
EN work/decipherer 1528229935 \
      FL /home/rrivera/ots/srcs/otsdaq-firmware/cactus/projects/ftbf/stib_slave_ots/work_eth/decipherer.vhd \
      PB ieee/std_logic_1164 1381692176 PB ieee/std_logic_arith 1381692177 \
      PB ieee/STD_LOGIC_UNSIGNED 1381692179
AR work/decipherer/decipherer_arch 1528229936 \
      FL /home/rrivera/ots/srcs/otsdaq-firmware/cactus/projects/ftbf/stib_slave_ots/work_eth/decipherer.vhd \
      EN work/decipherer 1528229935
FL /home/rrivera/ots/srcs/otsdaq-firmware/cactus/projects/ftbf/stib_slave_ots/work_eth/ethernet_controller.vhd 2018/05/07.15:30:54 P.20131013
EN work/ethernet_controller 1528229961 \
      FL /home/rrivera/ots/srcs/otsdaq-firmware/cactus/projects/ftbf/stib_slave_ots/work_eth/ethernet_controller.vhd \
      PB ieee/std_logic_1164 1381692176
AR work/ethernet_controller/arch 1528229962 \
      FL /home/rrivera/ots/srcs/otsdaq-firmware/cactus/projects/ftbf/stib_slave_ots/work_eth/ethernet_controller.vhd \
      EN work/ethernet_controller 1528229961 CP address_container CP arp_reply \
      CP or33 CP ip_checksum_calc CP create_packet CP dataout_mux CP decipherer \
      CP filter_data_out CP icmp_ping_checksum_calc CP icmp_ping_shift_reg \
      CP udp_data_splicer CP user_addrs_mux
FL /home/rrivera/ots/srcs/otsdaq-firmware/cactus/projects/ftbf/stib_slave_ots/work_eth/ethernet_controller_wrapper.vhd 2018/05/07.15:30:54 P.20131013
EN work/ethernet_controller_wrapper 1528229979 \
      FL /home/rrivera/ots/srcs/otsdaq-firmware/cactus/projects/ftbf/stib_slave_ots/work_eth/ethernet_controller_wrapper.vhd \
      PB ieee/std_logic_1164 1381692176 PB ieee/NUMERIC_STD 1381692181
AR work/ethernet_controller_wrapper/arch 1528229980 \
      FL /home/rrivera/ots/srcs/otsdaq-firmware/cactus/projects/ftbf/stib_slave_ots/work_eth/ethernet_controller_wrapper.vhd \
      EN work/ethernet_controller_wrapper 1528229979 CP work/ethernet_controller \
      CP work/MII_100_1000_handler CP crc_chk CP crc_gen CP std_logic CP unsigned \
      CP work/crc_splice
FL /home/rrivera/ots/srcs/otsdaq-firmware/cactus/projects/ftbf/stib_slave_ots/work_eth/ethernet_interface.vhd 2018/05/08.08:26:23 P.20131013
EN work/ethernet_interface 1528230014 \
      FL /home/rrivera/ots/srcs/otsdaq-firmware/cactus/projects/ftbf/stib_slave_ots/work_eth/ethernet_interface.vhd \
      PB ieee/std_logic_1164 1381692176 PB ieee/NUMERIC_STD 1381692181 \
      PB work/params_package 1528229922
AR work/ethernet_interface/BEHAVIORAL 1528230015 \
      FL /home/rrivera/ots/srcs/otsdaq-firmware/cactus/projects/ftbf/stib_slave_ots/work_eth/ethernet_interface.vhd \
      EN work/ethernet_interface 1528230014 CP work/ethernet_controller_wrapper \
      CP work/data_manager CP work/burst_traffic_controller CP work/reset_mgr
FL /home/rrivera/ots/srcs/otsdaq-firmware/cactus/projects/ftbf/stib_slave_ots/work_eth/filter_data_out.vhd 2018/05/07.15:30:54 P.20131013
EN work/filter_data_out 1528229937 \
      FL /home/rrivera/ots/srcs/otsdaq-firmware/cactus/projects/ftbf/stib_slave_ots/work_eth/filter_data_out.vhd \
      PB ieee/std_logic_1164 1381692176 PB ieee/std_logic_arith 1381692177 \
      PB ieee/STD_LOGIC_UNSIGNED 1381692179
AR work/filter_data_out/filter_data_out_arch 1528229938 \
      FL /home/rrivera/ots/srcs/otsdaq-firmware/cactus/projects/ftbf/stib_slave_ots/work_eth/filter_data_out.vhd \
      EN work/filter_data_out 1528229937
FL /home/rrivera/ots/srcs/otsdaq-firmware/cactus/projects/ftbf/stib_slave_ots/work_eth/icmp_ping_checksum_calc.vhd 2018/05/07.15:30:54 P.20131013
EN work/icmp_ping_checksum_calc 1528229939 \
      FL /home/rrivera/ots/srcs/otsdaq-firmware/cactus/projects/ftbf/stib_slave_ots/work_eth/icmp_ping_checksum_calc.vhd \
      PB ieee/std_logic_1164 1381692176 PB ieee/NUMERIC_STD 1381692181
AR work/icmp_ping_checksum_calc/icmp_ping_checksum_calc_arch 1528229940 \
      FL /home/rrivera/ots/srcs/otsdaq-firmware/cactus/projects/ftbf/stib_slave_ots/work_eth/icmp_ping_checksum_calc.vhd \
      EN work/icmp_ping_checksum_calc 1528229939
FL /home/rrivera/ots/srcs/otsdaq-firmware/cactus/projects/ftbf/stib_slave_ots/work_eth/icmp_ping_shift_reg.vhd 2018/05/07.15:30:54 P.20131013
EN work/icmp_ping_shift_reg 1528229941 \
      FL /home/rrivera/ots/srcs/otsdaq-firmware/cactus/projects/ftbf/stib_slave_ots/work_eth/icmp_ping_shift_reg.vhd \
      PB ieee/std_logic_1164 1381692176
AR work/icmp_ping_shift_reg/arch 1528229942 \
      FL /home/rrivera/ots/srcs/otsdaq-firmware/cactus/projects/ftbf/stib_slave_ots/work_eth/icmp_ping_shift_reg.vhd \
      EN work/icmp_ping_shift_reg 1528229941
FL /home/rrivera/ots/srcs/otsdaq-firmware/cactus/projects/ftbf/stib_slave_ots/work_eth/ipcore_dir/ADDR_FIFO.vhd 2018/05/07.15:30:54 P.20131013
EN work/ADDR_FIFO 1528229951 \
      FL /home/rrivera/ots/srcs/otsdaq-firmware/cactus/projects/ftbf/stib_slave_ots/work_eth/ipcore_dir/ADDR_FIFO.vhd \
      PB ieee/std_logic_1164 1381692176
AR work/ADDR_FIFO/ADDR_FIFO_a 1528229952 \
      FL /home/rrivera/ots/srcs/otsdaq-firmware/cactus/projects/ftbf/stib_slave_ots/work_eth/ipcore_dir/ADDR_FIFO.vhd \
      EN work/ADDR_FIFO 1528229951
FL /home/rrivera/ots/srcs/otsdaq-firmware/cactus/projects/ftbf/stib_slave_ots/work_eth/ipcore_dir/DATA_FIFO_0.vhd 2018/05/07.15:30:54 P.20131013
EN work/DATA_FIFO_0 1528229947 \
      FL /home/rrivera/ots/srcs/otsdaq-firmware/cactus/projects/ftbf/stib_slave_ots/work_eth/ipcore_dir/DATA_FIFO_0.vhd \
      PB ieee/std_logic_1164 1381692176
AR work/DATA_FIFO_0/DATA_FIFO_0_a 1528229948 \
      FL /home/rrivera/ots/srcs/otsdaq-firmware/cactus/projects/ftbf/stib_slave_ots/work_eth/ipcore_dir/DATA_FIFO_0.vhd \
      EN work/DATA_FIFO_0 1528229947
FL /home/rrivera/ots/srcs/otsdaq-firmware/cactus/projects/ftbf/stib_slave_ots/work_eth/ipcore_dir/INFO_FIFO_0.vhd 2018/05/07.15:30:54 P.20131013
EN work/INFO_FIFO_0 1528229949 \
      FL /home/rrivera/ots/srcs/otsdaq-firmware/cactus/projects/ftbf/stib_slave_ots/work_eth/ipcore_dir/INFO_FIFO_0.vhd \
      PB ieee/std_logic_1164 1381692176
AR work/INFO_FIFO_0/INFO_FIFO_0_a 1528229950 \
      FL /home/rrivera/ots/srcs/otsdaq-firmware/cactus/projects/ftbf/stib_slave_ots/work_eth/ipcore_dir/INFO_FIFO_0.vhd \
      EN work/INFO_FIFO_0 1528229949
FL /home/rrivera/ots/srcs/otsdaq-firmware/cactus/projects/ftbf/stib_slave_ots/work_eth/ip_checksum_calc.vhd 2018/05/07.15:30:54 P.20131013
EN work/ip_checksum_calc 1528229929 \
      FL /home/rrivera/ots/srcs/otsdaq-firmware/cactus/projects/ftbf/stib_slave_ots/work_eth/ip_checksum_calc.vhd \
      PB ieee/std_logic_1164 1381692176 PB ieee/NUMERIC_STD 1381692181 \
      PB work/params_package 1528229922
AR work/ip_checksum_calc/arch 1528229930 \
      FL /home/rrivera/ots/srcs/otsdaq-firmware/cactus/projects/ftbf/stib_slave_ots/work_eth/ip_checksum_calc.vhd \
      EN work/ip_checksum_calc 1528229929
FL /home/rrivera/ots/srcs/otsdaq-firmware/cactus/projects/ftbf/stib_slave_ots/work_eth/or33.vhd 2018/05/07.15:30:54 P.20131013
EN work/or33 1528229927 \
      FL /home/rrivera/ots/srcs/otsdaq-firmware/cactus/projects/ftbf/stib_slave_ots/work_eth/or33.vhd \
      PB ieee/std_logic_1164 1381692176 PB ieee/std_logic_arith 1381692177 \
      PB ieee/STD_LOGIC_UNSIGNED 1381692179
AR work/or33/or33_arch 1528229928 \
      FL /home/rrivera/ots/srcs/otsdaq-firmware/cactus/projects/ftbf/stib_slave_ots/work_eth/or33.vhd \
      EN work/or33 1528229927
FL /home/rrivera/ots/srcs/otsdaq-firmware/cactus/projects/ftbf/stib_slave_ots/work_eth/params_package.vhd 2018/05/07.15:30:54 P.20131013
PH work/params_package 1528229921 \
      FL /home/rrivera/ots/srcs/otsdaq-firmware/cactus/projects/ftbf/stib_slave_ots/work_eth/params_package.vhd \
      PB ieee/std_logic_1164 1381692176 PB ieee/NUMERIC_STD 1381692181
PB work/params_package 1528229922 \
      FL /home/rrivera/ots/srcs/otsdaq-firmware/cactus/projects/ftbf/stib_slave_ots/work_eth/params_package.vhd \
      PH work/params_package 1528229921
FL /home/rrivera/ots/srcs/otsdaq-firmware/cactus/projects/ftbf/stib_slave_ots/work_eth/ram_comm_dec.vhd 2018/05/07.15:30:54 P.20131013
EN work/ram_comm_dec 1528229957 \
      FL /home/rrivera/ots/srcs/otsdaq-firmware/cactus/projects/ftbf/stib_slave_ots/work_eth/ram_comm_dec.vhd \
      PB ieee/std_logic_1164 1381692176 PB ieee/NUMERIC_STD 1381692181 \
      PB work/params_package 1528229922
AR work/ram_comm_dec/arch 1528229958 \
      FL /home/rrivera/ots/srcs/otsdaq-firmware/cactus/projects/ftbf/stib_slave_ots/work_eth/ram_comm_dec.vhd \
      EN work/ram_comm_dec 1528229957 CP unsigned CP std_logic CP ram_addr
FL /home/rrivera/ots/srcs/otsdaq-firmware/cactus/projects/ftbf/stib_slave_ots/work_eth/reset_mgr.vhd 2018/05/07.15:30:54 P.20131013
EN work/reset_mgr 1528229985 \
      FL /home/rrivera/ots/srcs/otsdaq-firmware/cactus/projects/ftbf/stib_slave_ots/work_eth/reset_mgr.vhd \
      PB ieee/std_logic_1164 1381692176 PB ieee/NUMERIC_STD 1381692181 \
      PB ieee/std_logic_misc 1381692178
AR work/reset_mgr/Behavioral 1528229986 \
      FL /home/rrivera/ots/srcs/otsdaq-firmware/cactus/projects/ftbf/stib_slave_ots/work_eth/reset_mgr.vhd \
      EN work/reset_mgr 1528229985
FL /home/rrivera/ots/srcs/otsdaq-firmware/cactus/projects/ftbf/stib_slave_ots/work_eth/rx_ctl.vhd 2018/05/07.15:30:54 P.20131013
EN work/rx_ctl 1528229955 \
      FL /home/rrivera/ots/srcs/otsdaq-firmware/cactus/projects/ftbf/stib_slave_ots/work_eth/rx_ctl.vhd \
      PB ieee/std_logic_1164 1381692176 PB ieee/NUMERIC_STD 1381692181 \
      PB work/params_package 1528229922
AR work/rx_ctl/arch 1528229956 \
      FL /home/rrivera/ots/srcs/otsdaq-firmware/cactus/projects/ftbf/stib_slave_ots/work_eth/rx_ctl.vhd \
      EN work/rx_ctl 1528229955
FL /home/rrivera/ots/srcs/otsdaq-firmware/cactus/projects/ftbf/stib_slave_ots/work_eth/tx_seq_ctl.vhd 2018/05/07.15:30:54 P.20131013
EN work/tx_seq_ctl 1528229959 \
      FL /home/rrivera/ots/srcs/otsdaq-firmware/cactus/projects/ftbf/stib_slave_ots/work_eth/tx_seq_ctl.vhd \
      PB ieee/std_logic_1164 1381692176 PB ieee/NUMERIC_STD 1381692181 \
      PB work/params_package 1528229922
AR work/tx_seq_ctl/arch 1528229960 \
      FL /home/rrivera/ots/srcs/otsdaq-firmware/cactus/projects/ftbf/stib_slave_ots/work_eth/tx_seq_ctl.vhd \
      EN work/tx_seq_ctl 1528229959
FL /home/rrivera/ots/srcs/otsdaq-firmware/cactus/projects/ftbf/stib_slave_ots/work_eth/udp_data_splicer.vhd 2018/05/07.15:30:54 P.20131013
EN work/udp_data_splicer 1528229943 \
      FL /home/rrivera/ots/srcs/otsdaq-firmware/cactus/projects/ftbf/stib_slave_ots/work_eth/udp_data_splicer.vhd \
      PB ieee/std_logic_1164 1381692176 PB ieee/std_logic_arith 1381692177 \
      PB ieee/STD_LOGIC_UNSIGNED 1381692179
AR work/udp_data_splicer/udp_data_splicer_arch 1528229944 \
      FL /home/rrivera/ots/srcs/otsdaq-firmware/cactus/projects/ftbf/stib_slave_ots/work_eth/udp_data_splicer.vhd \
      EN work/udp_data_splicer 1528229943
FL /home/rrivera/ots/srcs/otsdaq-firmware/cactus/projects/ftbf/stib_slave_ots/work_eth/user_addrs_mux.vhd 2018/05/07.15:30:54 P.20131013
EN work/user_addrs_mux 1528229945 \
      FL /home/rrivera/ots/srcs/otsdaq-firmware/cactus/projects/ftbf/stib_slave_ots/work_eth/user_addrs_mux.vhd \
      PB ieee/std_logic_1164 1381692176 PB ieee/std_logic_arith 1381692177 \
      PB ieee/STD_LOGIC_UNSIGNED 1381692179
AR work/user_addrs_mux/user_addrs_mux_arch 1528229946 \
      FL /home/rrivera/ots/srcs/otsdaq-firmware/cactus/projects/ftbf/stib_slave_ots/work_eth/user_addrs_mux.vhd \
      EN work/user_addrs_mux 1528229945
FL /home/rrivera/ots/srcs/otsdaq-firmware/cactus/projects/ftbf/stib_slave_ots/work_eth/xmii_handler.vhd 2018/05/07.15:30:54 P.20131013
EN work/MII_100_1000_handler 1528229963 \
      FL /home/rrivera/ots/srcs/otsdaq-firmware/cactus/projects/ftbf/stib_slave_ots/work_eth/xmii_handler.vhd \
      PB ieee/std_logic_1164 1381692176 PB ieee/NUMERIC_STD 1381692181
AR work/MII_100_1000_handler/arch 1528229964 \
      FL /home/rrivera/ots/srcs/otsdaq-firmware/cactus/projects/ftbf/stib_slave_ots/work_eth/xmii_handler.vhd \
      EN work/MII_100_1000_handler 1528229963
