iMPACT Version: 14.7

iMPACT log file Started on Mon Feb  1 15:16:21 2016

Welcome to iMPACT
iMPACT Version: 14.7
// *** BATCH CMD : setMode -bs
GUI --- Auto connect to cable...
// *** BATCH CMD : setCable -port auto
AutoDetecting cable. Please wait.
*** WARNING ***: When port is set to auto detect mode, cable speed is set todefault 6 MHz regardless of explicit arguments supplied for setting the baudrates
PROGRESS_START - Starting Operation.
Connecting to cable (Usb Port - USB21).
Checking cable driver.
File version of /opt/local/xilinx/14.7/ISE_DS/ISE/bin/lin64/xusbdfwu.hex = 1030.
 Using libusb.
Please run `source ./setup_pcusb` from the/opt/local/xilinx/14.7/ISE_DS/ISE//bin/lin64 directory with root privilege toupdate the firmware. Disconnect and then reconnect the cable from the USB portto complete the driver update.
Cable connection failed.
INFO:Cse - The fxload application is not installed. This application is required   when using the Platform Cable USB. This warning should be ignored if you are   using the Parallel Cable III or Parallel Cable IV. Please download and   install the fxload-2002_04_11 package. Note that root access is required to   perform the installation.
Connecting to cable (Parallel Port - parport0).
 Linux release = 2.6.32-573.12.1.el6.x86_64.
WARNING:iMPACT -  Module windrvr6 is not loaded. Please reinstall the cable   drivers. See Answer Record 22648.
 Linux release = 2.6.32-573.12.1.el6.x86_64.
WARNING:iMPACT -  Module parport_pc is not loaded. Please reinstall the cable   drivers. See Answer Record 22648.
Cable connection failed.
Connecting to cable (Parallel Port - parport1).
 Linux release = 2.6.32-573.12.1.el6.x86_64.
WARNING:iMPACT -  Module windrvr6 is not loaded. Please reinstall the cable   drivers. See Answer Record 22648.
 Linux release = 2.6.32-573.12.1.el6.x86_64.
WARNING:iMPACT -  Module parport_pc is not loaded. Please reinstall the cable   drivers. See Answer Record 22648.
Cable connection failed.
Connecting to cable (Parallel Port - parport2).
 Linux release = 2.6.32-573.12.1.el6.x86_64.
WARNING:iMPACT -  Module windrvr6 is not loaded. Please reinstall the cable   drivers. See Answer Record 22648.
 Linux release = 2.6.32-573.12.1.el6.x86_64.
WARNING:iMPACT -  Module parport_pc is not loaded. Please reinstall the cable   drivers. See Answer Record 22648.
Cable connection failed.
Connecting to cable (Parallel Port - parport3).
 Linux release = 2.6.32-573.12.1.el6.x86_64.
WARNING:iMPACT -  Module windrvr6 is not loaded. Please reinstall the cable   drivers. See Answer Record 22648.
 Linux release = 2.6.32-573.12.1.el6.x86_64.
WARNING:iMPACT -  Module parport_pc is not loaded. Please reinstall the cable   drivers. See Answer Record 22648.
Cable connection failed.
PROGRESS_END - End Operation.
Elapsed time =    215 sec.
Cable autodetection failed.
GUI --- Auto connect to cable...
// *** BATCH CMD : setCable -port auto
AutoDetecting cable. Please wait.
*** WARNING ***: When port is set to auto detect mode, cable speed is set todefault 6 MHz regardless of explicit arguments supplied for setting the baudrates
PROGRESS_START - Starting Operation.
Connecting to cable (Usb Port - USB21).
Checking cable driver.
File version of /opt/local/xilinx/14.7/ISE_DS/ISE/bin/lin64/xusbdfwu.hex = 1030.
 Using libusb.
Please run `source ./setup_pcusb` from the/opt/local/xilinx/14.7/ISE_DS/ISE//bin/lin64 directory with root privilege toupdate the firmware. Disconnect and then reconnect the cable from the USB portto complete the driver update.
Cable connection failed.
INFO:Cse - The fxload application is not installed. This application is required   when using the Platform Cable USB. This warning should be ignored if you are   using the Parallel Cable III or Parallel Cable IV. Please download and   install the fxload-2002_04_11 package. Note that root access is required to   perform the installation.
Connecting to cable (Parallel Port - parport0).
 Linux release = 2.6.32-573.12.1.el6.x86_64.
WARNING:iMPACT -  Module windrvr6 is not loaded. Please reinstall the cable   drivers. See Answer Record 22648.
 Linux release = 2.6.32-573.12.1.el6.x86_64.
WARNING:iMPACT -  Module parport_pc is not loaded. Please reinstall the cable   drivers. See Answer Record 22648.
Cable connection failed.
Connecting to cable (Parallel Port - parport1).
 Linux release = 2.6.32-573.12.1.el6.x86_64.
WARNING:iMPACT -  Module windrvr6 is not loaded. Please reinstall the cable   drivers. See Answer Record 22648.
 Linux release = 2.6.32-573.12.1.el6.x86_64.
WARNING:iMPACT -  Module parport_pc is not loaded. Please reinstall the cable   drivers. See Answer Record 22648.
Cable connection failed.
Connecting to cable (Parallel Port - parport2).
 Linux release = 2.6.32-573.12.1.el6.x86_64.
WARNING:iMPACT -  Module windrvr6 is not loaded. Please reinstall the cable   drivers. See Answer Record 22648.
 Linux release = 2.6.32-573.12.1.el6.x86_64.
WARNING:iMPACT -  Module parport_pc is not loaded. Please reinstall the cable   drivers. See Answer Record 22648.
Cable connection failed.
Connecting to cable (Parallel Port - parport3).
 Linux release = 2.6.32-573.12.1.el6.x86_64.
WARNING:iMPACT -  Module windrvr6 is not loaded. Please reinstall the cable   drivers. See Answer Record 22648.
 Linux release = 2.6.32-573.12.1.el6.x86_64.
WARNING:iMPACT -  Module parport_pc is not loaded. Please reinstall the cable   drivers. See Answer Record 22648.
Cable connection failed.
PROGRESS_END - End Operation.
Elapsed time =      5 sec.
Cable autodetection failed.
WARNING:iMPACT:923 - Can not find cable, check cable setup !INFO:iMPACT - User_EnvOsname: 'ScientificFermi'
INFO:iMPACT - User_EnvOsrelease: 'Scientific Linux Fermi release 6.7 (Ramsey)'
// *** BATCH CMD : setMode -bs
INFO:iMPACT - Launching WebTalk, please refer to the webtalk log at   /home/swu/mrbots/srcs/otsdaq-firmware/work/webtalk.log for details.
INFO:iMPACT - Running wbtc successfully.
// *** BATCH CMD : setMode -bs
// *** BATCH CMD : setMode -ss
// *** BATCH CMD : setMode -sm
// *** BATCH CMD : setMode -hw140
// *** BATCH CMD : setMode -spi
// *** BATCH CMD : setMode -acecf
// *** BATCH CMD : setMode -acempm
// *** BATCH CMD : setMode -pff
