EN address_container NULL /home/ise/VirtualBoxISESharedData/FTBF_jan2022/stib_slave_ots_24jan2022_mod/stib_slave_ots/work_eth/address_container.vhd sub00/vhpl02 1643238204
EN ethernet_controller NULL /home/ise/VirtualBoxISESharedData/FTBF_jan2022/stib_slave_ots_24jan2022_mod/stib_slave_ots/work_eth/ethernet_controller.vhd sub00/vhpl40 1643238242
AR reset_mgr behavioral /home/ise/VirtualBoxISESharedData/FTBF_jan2022/stib_slave_ots_24jan2022_mod/stib_slave_ots/work_eth/reset_mgr.vhd sub00/vhpl63 1643238267
EN trigbuf NULL /home/ise/VirtualBoxISESharedData/FTBF_jan2022/stib_slave_ots_24jan2022_mod/stib_slave_ots/strip/trigbuf.vhd sub00/vhpl64 1643238283
EN filter_data_out NULL /home/ise/VirtualBoxISESharedData/FTBF_jan2022/stib_slave_ots_24jan2022_mod/stib_slave_ots/work_eth/filter_data_out.vhd sub00/vhpl16 1643238218
PH params_package NULL /home/ise/VirtualBoxISESharedData/FTBF_jan2022/stib_slave_ots_24jan2022_mod/stib_slave_ots/work_eth/params_package.vhd sub00/vhpl00 1643238202
EN ethernet_controller_wrapper NULL /home/ise/VirtualBoxISESharedData/FTBF_jan2022/stib_slave_ots_24jan2022_mod/stib_slave_ots/work_eth/ethernet_controller_wrapper.vhd sub00/vhpl56 1643238260
AR addr_fifo addr_fifo_a /home/ise/VirtualBoxISESharedData/FTBF_jan2022/stib_slave_ots_24jan2022_mod/stib_slave_ots/work_eth/ipcore_dir/ADDR_FIFO.vhd sub00/vhpl31 1643238233
EN reset_mgr NULL /home/ise/VirtualBoxISESharedData/FTBF_jan2022/stib_slave_ots_24jan2022_mod/stib_slave_ots/work_eth/reset_mgr.vhd sub00/vhpl62 1643238266
AR ram_comm_dec arch /home/ise/VirtualBoxISESharedData/FTBF_jan2022/stib_slave_ots_24jan2022_mod/stib_slave_ots/work_eth/ram_comm_dec.vhd sub00/vhpl37 1643238239
EN ip_checksum_calc NULL /home/ise/VirtualBoxISESharedData/FTBF_jan2022/stib_slave_ots_24jan2022_mod/stib_slave_ots/work_eth/ip_checksum_calc.vhd sub00/vhpl08 1643238210
EN data_manager NULL /home/ise/VirtualBoxISESharedData/FTBF_jan2022/stib_slave_ots_24jan2022_mod/stib_slave_ots/work_eth/data_manager.vhd sub00/vhpl58 1643238262
EN packetfifo NULL /home/ise/VirtualBoxISESharedData/FTBF_jan2022/stib_slave_ots_24jan2022_mod/stib_slave_ots/strip/packetfifo.vhd sub00/vhpl48 1643238250
AR bcocounter bcocounter_a /home/ise/VirtualBoxISESharedData/FTBF_jan2022/stib_slave_ots_24jan2022_mod/stib_slave_ots/strip/bcocounter.vhd sub00/vhpl55 1643238257
EN burst_controller_sm NULL /home/ise/VirtualBoxISESharedData/FTBF_jan2022/stib_slave_ots_24jan2022_mod/stib_slave_ots/work_eth/burst_controller_sm.vhd sub00/vhpl32 1643238234
EN bcocounter NULL /home/ise/VirtualBoxISESharedData/FTBF_jan2022/stib_slave_ots_24jan2022_mod/stib_slave_ots/strip/bcocounter.vhd sub00/vhpl54 1643238256
EN dataout_mux NULL /home/ise/VirtualBoxISESharedData/FTBF_jan2022/stib_slave_ots_24jan2022_mod/stib_slave_ots/work_eth/dataout_mux.vhd sub00/vhpl12 1643238214
AR burst_traffic_controller burst_traffic_controller_arch /home/ise/VirtualBoxISESharedData/FTBF_jan2022/stib_slave_ots_24jan2022_mod/stib_slave_ots/work_eth/burst_traffic_controller.vhd sub00/vhpl61 1643238265
EN data_fifo_0 NULL /home/ise/VirtualBoxISESharedData/FTBF_jan2022/stib_slave_ots_24jan2022_mod/stib_slave_ots/work_eth/ipcore_dir/DATA_FIFO_0.vhd sub00/vhpl26 1643238228
AR udp_data_splicer udp_data_splicer_arch /home/ise/VirtualBoxISESharedData/FTBF_jan2022/stib_slave_ots_24jan2022_mod/stib_slave_ots/work_eth/udp_data_splicer.vhd sub00/vhpl23 1643238225
AR address_container arch /home/ise/VirtualBoxISESharedData/FTBF_jan2022/stib_slave_ots_24jan2022_mod/stib_slave_ots/work_eth/address_container.vhd sub00/vhpl03 1643238205
EN or33 NULL /home/ise/VirtualBoxISESharedData/FTBF_jan2022/stib_slave_ots_24jan2022_mod/stib_slave_ots/work_eth/or33.vhd sub00/vhpl06 1643238208
AR chip_fifo chip_fifo_a /home/ise/VirtualBoxISESharedData/FTBF_jan2022/stib_slave_ots_24jan2022_mod/stib_slave_ots/strip/chip_fifo.vhd sub00/vhpl51 1643238253
AR tx_seq_ctl arch /home/ise/VirtualBoxISESharedData/FTBF_jan2022/stib_slave_ots_24jan2022_mod/stib_slave_ots/work_eth/tx_seq_ctl.vhd sub00/vhpl39 1643238241
AR icmp_ping_shift_reg arch /home/ise/VirtualBoxISESharedData/FTBF_jan2022/stib_slave_ots_24jan2022_mod/stib_slave_ots/work_eth/icmp_ping_shift_reg.vhd sub00/vhpl21 1643238223
EN streamipbuf NULL /home/ise/VirtualBoxISESharedData/FTBF_jan2022/stib_slave_ots_24jan2022_mod/stib_slave_ots/strip/streamipbuf.vhd sub00/vhpl46 1643238248
EN trigpattern NULL /home/ise/VirtualBoxISESharedData/FTBF_jan2022/stib_slave_ots_24jan2022_mod/stib_slave_ots/slave/trigpattern.vhd sub00/vhpl68 1643238297
AR trigpattern rtl /home/ise/VirtualBoxISESharedData/FTBF_jan2022/stib_slave_ots_24jan2022_mod/stib_slave_ots/slave/trigpattern.vhd sub00/vhpl69 1643238298
AR decipherer decipherer_arch /home/ise/VirtualBoxISESharedData/FTBF_jan2022/stib_slave_ots_24jan2022_mod/stib_slave_ots/work_eth/decipherer.vhd sub00/vhpl15 1643238217
EN ram_comm_dec NULL /home/ise/VirtualBoxISESharedData/FTBF_jan2022/stib_slave_ots_24jan2022_mod/stib_slave_ots/work_eth/ram_comm_dec.vhd sub00/vhpl36 1643238238
EN tx_seq_ctl NULL /home/ise/VirtualBoxISESharedData/FTBF_jan2022/stib_slave_ots_24jan2022_mod/stib_slave_ots/work_eth/tx_seq_ctl.vhd sub00/vhpl38 1643238240
AR ethernet_controller_wrapper arch /home/ise/VirtualBoxISESharedData/FTBF_jan2022/stib_slave_ots_24jan2022_mod/stib_slave_ots/work_eth/ethernet_controller_wrapper.vhd sub00/vhpl57 1643238261
EN rx_ctl NULL /home/ise/VirtualBoxISESharedData/FTBF_jan2022/stib_slave_ots_24jan2022_mod/stib_slave_ots/work_eth/rx_ctl.vhd sub00/vhpl34 1643238236
AR filter_data_out filter_data_out_arch /home/ise/VirtualBoxISESharedData/FTBF_jan2022/stib_slave_ots_24jan2022_mod/stib_slave_ots/work_eth/filter_data_out.vhd sub00/vhpl17 1643238219
MO crc_gen NULL ../work_eth/crc_gen.v vlg21/crc__gen.bin 1643238206
AR info_fifo_0 info_fifo_0_a /home/ise/VirtualBoxISESharedData/FTBF_jan2022/stib_slave_ots_24jan2022_mod/stib_slave_ots/work_eth/ipcore_dir/INFO_FIFO_0.vhd sub00/vhpl29 1643238231
AR rx_ctl arch /home/ise/VirtualBoxISESharedData/FTBF_jan2022/stib_slave_ots_24jan2022_mod/stib_slave_ots/work_eth/rx_ctl.vhd sub00/vhpl35 1643238237
AR streamipbuf streamipbuf_a /home/ise/VirtualBoxISESharedData/FTBF_jan2022/stib_slave_ots_24jan2022_mod/stib_slave_ots/strip/streamipbuf.vhd sub00/vhpl47 1643238249
EN top NULL /home/ise/VirtualBoxISESharedData/FTBF_jan2022/stib_slave_ots_24jan2022_mod/stib_slave_ots/slave/top.vhd sub00/vhpl70 1643238299
AR top rtl /home/ise/VirtualBoxISESharedData/FTBF_jan2022/stib_slave_ots_24jan2022_mod/stib_slave_ots/slave/top.vhd sub00/vhpl71 1643238300
AR data_fifo_0 data_fifo_0_a /home/ise/VirtualBoxISESharedData/FTBF_jan2022/stib_slave_ots_24jan2022_mod/stib_slave_ots/work_eth/ipcore_dir/DATA_FIFO_0.vhd sub00/vhpl27 1643238229
EN chip_fifo NULL /home/ise/VirtualBoxISESharedData/FTBF_jan2022/stib_slave_ots_24jan2022_mod/stib_slave_ots/strip/chip_fifo.vhd sub00/vhpl50 1643238252
AR ip_checksum_calc arch /home/ise/VirtualBoxISESharedData/FTBF_jan2022/stib_slave_ots_24jan2022_mod/stib_slave_ots/work_eth/ip_checksum_calc.vhd sub00/vhpl09 1643238211
EN create_packet NULL /home/ise/VirtualBoxISESharedData/FTBF_jan2022/stib_slave_ots_24jan2022_mod/stib_slave_ots/work_eth/create_packet.vhd sub00/vhpl10 1643238212
EN trigcounter NULL /home/ise/VirtualBoxISESharedData/FTBF_jan2022/stib_slave_ots_24jan2022_mod/stib_slave_ots/strip/trigcounter.vhd sub00/vhpl52 1643238254
AR burst_controller_sm burst_controller_sm_arch /home/ise/VirtualBoxISESharedData/FTBF_jan2022/stib_slave_ots_24jan2022_mod/stib_slave_ots/work_eth/burst_controller_sm.vhd sub00/vhpl33 1643238235
AR crc_splice arch /home/ise/VirtualBoxISESharedData/FTBF_jan2022/stib_slave_ots_24jan2022_mod/stib_slave_ots/work_eth/crc_splice.vhd sub00/vhpl45 1643238247
AR trigbuf trigbuf_a /home/ise/VirtualBoxISESharedData/FTBF_jan2022/stib_slave_ots_24jan2022_mod/stib_slave_ots/strip/trigbuf.vhd sub00/vhpl65 1643238284
EN icmp_ping_shift_reg NULL /home/ise/VirtualBoxISESharedData/FTBF_jan2022/stib_slave_ots_24jan2022_mod/stib_slave_ots/work_eth/icmp_ping_shift_reg.vhd sub00/vhpl20 1643238222
AR ethernet_controller arch /home/ise/VirtualBoxISESharedData/FTBF_jan2022/stib_slave_ots_24jan2022_mod/stib_slave_ots/work_eth/ethernet_controller.vhd sub00/vhpl41 1643238243
EN icmp_ping_checksum_calc NULL /home/ise/VirtualBoxISESharedData/FTBF_jan2022/stib_slave_ots_24jan2022_mod/stib_slave_ots/work_eth/icmp_ping_checksum_calc.vhd sub00/vhpl18 1643238220
AR icmp_ping_checksum_calc icmp_ping_checksum_calc_arch /home/ise/VirtualBoxISESharedData/FTBF_jan2022/stib_slave_ots_24jan2022_mod/stib_slave_ots/work_eth/icmp_ping_checksum_calc.vhd sub00/vhpl19 1643238221
AR trigcounter trigcounter_a /home/ise/VirtualBoxISESharedData/FTBF_jan2022/stib_slave_ots_24jan2022_mod/stib_slave_ots/strip/trigcounter.vhd sub00/vhpl53 1643238255
AR packetfifo packetfifo_a /home/ise/VirtualBoxISESharedData/FTBF_jan2022/stib_slave_ots_24jan2022_mod/stib_slave_ots/strip/packetfifo.vhd sub00/vhpl49 1643238251
AR user_addrs_mux user_addrs_mux_arch /home/ise/VirtualBoxISESharedData/FTBF_jan2022/stib_slave_ots_24jan2022_mod/stib_slave_ots/work_eth/user_addrs_mux.vhd sub00/vhpl25 1643238227
AR create_packet create_packet_arch /home/ise/VirtualBoxISESharedData/FTBF_jan2022/stib_slave_ots_24jan2022_mod/stib_slave_ots/work_eth/create_packet.vhd sub00/vhpl11 1643238213
EN burst_traffic_controller NULL /home/ise/VirtualBoxISESharedData/FTBF_jan2022/stib_slave_ots_24jan2022_mod/stib_slave_ots/work_eth/burst_traffic_controller.vhd sub00/vhpl60 1643238264
AR or33 or33_arch /home/ise/VirtualBoxISESharedData/FTBF_jan2022/stib_slave_ots_24jan2022_mod/stib_slave_ots/work_eth/or33.vhd sub00/vhpl07 1643238209
AR arp_reply arp_reply_arch /home/ise/VirtualBoxISESharedData/FTBF_jan2022/stib_slave_ots_24jan2022_mod/stib_slave_ots/work_eth/arp_reply.vhd sub00/vhpl05 1643238207
EN user_addrs_mux NULL /home/ise/VirtualBoxISESharedData/FTBF_jan2022/stib_slave_ots_24jan2022_mod/stib_slave_ots/work_eth/user_addrs_mux.vhd sub00/vhpl24 1643238226
EN mii_100_1000_handler NULL /home/ise/VirtualBoxISESharedData/FTBF_jan2022/stib_slave_ots_24jan2022_mod/stib_slave_ots/work_eth/xmii_handler.vhd sub00/vhpl42 1643238244
EN crc_splice NULL /home/ise/VirtualBoxISESharedData/FTBF_jan2022/stib_slave_ots_24jan2022_mod/stib_slave_ots/work_eth/crc_splice.vhd sub00/vhpl44 1643238246
AR ethernet_interface behavioral /home/ise/VirtualBoxISESharedData/FTBF_jan2022/stib_slave_ots_24jan2022_mod/stib_slave_ots/work_eth/ethernet_interface.vhd sub00/vhpl67 1643238296
EN ethernet_interface NULL /home/ise/VirtualBoxISESharedData/FTBF_jan2022/stib_slave_ots_24jan2022_mod/stib_slave_ots/work_eth/ethernet_interface.vhd sub00/vhpl66 1643238295
EN udp_data_splicer NULL /home/ise/VirtualBoxISESharedData/FTBF_jan2022/stib_slave_ots_24jan2022_mod/stib_slave_ots/work_eth/udp_data_splicer.vhd sub00/vhpl22 1643238224
AR dataout_mux dataout_mux_arch /home/ise/VirtualBoxISESharedData/FTBF_jan2022/stib_slave_ots_24jan2022_mod/stib_slave_ots/work_eth/dataout_mux.vhd sub00/vhpl13 1643238215
AR data_manager behavioral /home/ise/VirtualBoxISESharedData/FTBF_jan2022/stib_slave_ots_24jan2022_mod/stib_slave_ots/work_eth/data_manager.vhd sub00/vhpl59 1643238263
EN info_fifo_0 NULL /home/ise/VirtualBoxISESharedData/FTBF_jan2022/stib_slave_ots_24jan2022_mod/stib_slave_ots/work_eth/ipcore_dir/INFO_FIFO_0.vhd sub00/vhpl28 1643238230
EN arp_reply NULL /home/ise/VirtualBoxISESharedData/FTBF_jan2022/stib_slave_ots_24jan2022_mod/stib_slave_ots/work_eth/arp_reply.vhd sub00/vhpl04 1643238206
MO crc_chk NULL ../work_eth/crc_chk.v vlg49/crc__chk.bin 1643238206
AR mii_100_1000_handler arch /home/ise/VirtualBoxISESharedData/FTBF_jan2022/stib_slave_ots_24jan2022_mod/stib_slave_ots/work_eth/xmii_handler.vhd sub00/vhpl43 1643238245
PB params_package params_package /home/ise/VirtualBoxISESharedData/FTBF_jan2022/stib_slave_ots_24jan2022_mod/stib_slave_ots/work_eth/params_package.vhd sub00/vhpl01 1643238203
EN decipherer NULL /home/ise/VirtualBoxISESharedData/FTBF_jan2022/stib_slave_ots_24jan2022_mod/stib_slave_ots/work_eth/decipherer.vhd sub00/vhpl14 1643238216
EN addr_fifo NULL /home/ise/VirtualBoxISESharedData/FTBF_jan2022/stib_slave_ots_24jan2022_mod/stib_slave_ots/work_eth/ipcore_dir/ADDR_FIFO.vhd sub00/vhpl30 1643238232
