
*** Running vivado
    with args -log NIM_CLKS.vds -m64 -mode batch -messageDb vivado.pb -notrace -source NIM_CLKS.tcl


****** Vivado v2015.2 (64-bit)
  **** SW Build 1266856 on Fri Jun 26 16:35:25 MDT 2015
  **** IP Build 1264090 on Wed Jun 24 14:22:01 MDT 2015
    ** Copyright 1986-2015 Xilinx, Inc. All Rights Reserved.

source NIM_CLKS.tcl -notrace
INFO: [IP_Flow 19-234] Refreshing IP repositories
INFO: [IP_Flow 19-1704] No user IP repositories specified
INFO: [IP_Flow 19-2313] Loaded Vivado IP repository '/opt/local/xilinx/Vivado/2015.2/data/ip'.
WARNING: [IP_Flow 19-3664] IP 'NIM_CLKS' generated file not found '/home/rrivera/ots/srcs/otsdaq-firmware/cactus/projects/nim_plus_x_320/top/top.srcs/sources_1/ip/NIM_CLKS/NIM_CLKS.dcp'. Please regenerate to continue.
WARNING: [IP_Flow 19-3664] IP 'NIM_CLKS' generated file not found '/home/rrivera/ots/srcs/otsdaq-firmware/cactus/projects/nim_plus_x_320/top/top.srcs/sources_1/ip/NIM_CLKS/NIM_CLKS_stub.v'. Please regenerate to continue.
WARNING: [IP_Flow 19-3664] IP 'NIM_CLKS' generated file not found '/home/rrivera/ots/srcs/otsdaq-firmware/cactus/projects/nim_plus_x_320/top/top.srcs/sources_1/ip/NIM_CLKS/NIM_CLKS_stub.vhdl'. Please regenerate to continue.
WARNING: [IP_Flow 19-3664] IP 'NIM_CLKS' generated file not found '/home/rrivera/ots/srcs/otsdaq-firmware/cactus/projects/nim_plus_x_320/top/top.srcs/sources_1/ip/NIM_CLKS/NIM_CLKS_funcsim.v'. Please regenerate to continue.
WARNING: [IP_Flow 19-3664] IP 'NIM_CLKS' generated file not found '/home/rrivera/ots/srcs/otsdaq-firmware/cactus/projects/nim_plus_x_320/top/top.srcs/sources_1/ip/NIM_CLKS/NIM_CLKS_funcsim.vhdl'. Please regenerate to continue.
Command: synth_design -top NIM_CLKS -part xc7k325tffg900-2 -mode out_of_context
Starting synth_design
Attempting to get a license for feature 'Synthesis' and/or device 'xc7k325t'
INFO: [Common 17-349] Got license for feature 'Synthesis' and/or device 'xc7k325t'
INFO: [Common 17-1223] The version limit for your license is '2018.05' and will expire in 14 days. A version limit expiration means that, although you may be able to continue to use the current version of tools or IP with this license, you will not be eligible for any updates or new releases.
---------------------------------------------------------------------------------
Starting RTL Elaboration : Time (s): cpu = 00:00:05 ; elapsed = 00:00:05 . Memory (MB): peak = 1034.285 ; gain = 164.520 ; free physical = 3312 ; free virtual = 40247
---------------------------------------------------------------------------------
INFO: [Synth 8-638] synthesizing module 'NIM_CLKS' [/home/rrivera/ots/srcs/otsdaq-firmware/cactus/projects/nim_plus_x_320/top/top.srcs/sources_1/ip/NIM_CLKS/NIM_CLKS.vhd:86]
INFO: [Synth 8-3491] module 'NIM_CLKS_clk_wiz' declared at '/home/rrivera/ots/srcs/otsdaq-firmware/cactus/projects/nim_plus_x_320/top/top.srcs/sources_1/ip/NIM_CLKS/NIM_CLKS_clk_wiz.vhd:74' bound to instance 'U0' of component 'NIM_CLKS_clk_wiz' [/home/rrivera/ots/srcs/otsdaq-firmware/cactus/projects/nim_plus_x_320/top/top.srcs/sources_1/ip/NIM_CLKS/NIM_CLKS.vhd:104]
INFO: [Synth 8-638] synthesizing module 'NIM_CLKS_clk_wiz' [/home/rrivera/ots/srcs/otsdaq-firmware/cactus/projects/nim_plus_x_320/top/top.srcs/sources_1/ip/NIM_CLKS/NIM_CLKS_clk_wiz.vhd:86]
INFO: [Synth 8-113] binding component instance 'clkin1_bufg' to cell 'BUFG' [/home/rrivera/ots/srcs/otsdaq-firmware/cactus/projects/nim_plus_x_320/top/top.srcs/sources_1/ip/NIM_CLKS/NIM_CLKS_clk_wiz.vhd:120]
	Parameter BANDWIDTH bound to: OPTIMIZED - type: string 
	Parameter CLKFBOUT_MULT bound to: 7 - type: integer 
	Parameter CLKFBOUT_PHASE bound to: 0.000000 - type: float 
	Parameter CLKIN1_PERIOD bound to: 8.000000 - type: float 
	Parameter CLKIN2_PERIOD bound to: 0.000000 - type: float 
	Parameter CLKOUT0_DIVIDE bound to: 7 - type: integer 
	Parameter CLKOUT0_DUTY_CYCLE bound to: 0.500000 - type: float 
	Parameter CLKOUT0_PHASE bound to: 0.000000 - type: float 
	Parameter CLKOUT1_DIVIDE bound to: 1 - type: integer 
	Parameter CLKOUT1_DUTY_CYCLE bound to: 0.500000 - type: float 
	Parameter CLKOUT1_PHASE bound to: 0.000000 - type: float 
	Parameter CLKOUT2_DIVIDE bound to: 1 - type: integer 
	Parameter CLKOUT2_DUTY_CYCLE bound to: 0.500000 - type: float 
	Parameter CLKOUT2_PHASE bound to: 0.000000 - type: float 
	Parameter CLKOUT3_DIVIDE bound to: 1 - type: integer 
	Parameter CLKOUT3_DUTY_CYCLE bound to: 0.500000 - type: float 
	Parameter CLKOUT3_PHASE bound to: 0.000000 - type: float 
	Parameter CLKOUT4_DIVIDE bound to: 1 - type: integer 
	Parameter CLKOUT4_DUTY_CYCLE bound to: 0.500000 - type: float 
	Parameter CLKOUT4_PHASE bound to: 0.000000 - type: float 
	Parameter CLKOUT5_DIVIDE bound to: 1 - type: integer 
	Parameter CLKOUT5_DUTY_CYCLE bound to: 0.500000 - type: float 
	Parameter CLKOUT5_PHASE bound to: 0.000000 - type: float 
	Parameter COMPENSATION bound to: ZHOLD - type: string 
	Parameter DIVCLK_DIVIDE bound to: 1 - type: integer 
	Parameter IS_CLKINSEL_INVERTED bound to: 1'b0 
	Parameter IS_PWRDWN_INVERTED bound to: 1'b0 
	Parameter IS_RST_INVERTED bound to: 1'b0 
	Parameter REF_JITTER1 bound to: 0.000000 - type: float 
	Parameter REF_JITTER2 bound to: 0.000000 - type: float 
	Parameter STARTUP_WAIT bound to: FALSE - type: string 
INFO: [Synth 8-113] binding component instance 'plle2_adv_inst' to cell 'PLLE2_ADV' [/home/rrivera/ots/srcs/otsdaq-firmware/cactus/projects/nim_plus_x_320/top/top.srcs/sources_1/ip/NIM_CLKS/NIM_CLKS_clk_wiz.vhd:133]
INFO: [Synth 8-113] binding component instance 'clkf_buf' to cell 'BUFG' [/home/rrivera/ots/srcs/otsdaq-firmware/cactus/projects/nim_plus_x_320/top/top.srcs/sources_1/ip/NIM_CLKS/NIM_CLKS_clk_wiz.vhd:181]
INFO: [Synth 8-113] binding component instance 'clkout1_buf' to cell 'BUFG' [/home/rrivera/ots/srcs/otsdaq-firmware/cactus/projects/nim_plus_x_320/top/top.srcs/sources_1/ip/NIM_CLKS/NIM_CLKS_clk_wiz.vhd:188]
INFO: [Synth 8-256] done synthesizing module 'NIM_CLKS_clk_wiz' (1#1) [/home/rrivera/ots/srcs/otsdaq-firmware/cactus/projects/nim_plus_x_320/top/top.srcs/sources_1/ip/NIM_CLKS/NIM_CLKS_clk_wiz.vhd:86]
INFO: [Synth 8-256] done synthesizing module 'NIM_CLKS' (2#1) [/home/rrivera/ots/srcs/otsdaq-firmware/cactus/projects/nim_plus_x_320/top/top.srcs/sources_1/ip/NIM_CLKS/NIM_CLKS.vhd:86]
---------------------------------------------------------------------------------
Finished RTL Elaboration : Time (s): cpu = 00:00:06 ; elapsed = 00:00:06 . Memory (MB): peak = 1070.574 ; gain = 200.809 ; free physical = 3170 ; free virtual = 40107
---------------------------------------------------------------------------------

Report Check Netlist: 
+------+------------------+-------+---------+-------+------------------+
|      |Item              |Errors |Warnings |Status |Description       |
+------+------------------+-------+---------+-------+------------------+
|1     |multi_driven_nets |      0|        0|Passed |Multi driven nets |
+------+------------------+-------+---------+-------+------------------+
---------------------------------------------------------------------------------
Finished RTL Optimization Phase 1 : Time (s): cpu = 00:00:06 ; elapsed = 00:00:06 . Memory (MB): peak = 1070.574 ; gain = 200.809 ; free physical = 3148 ; free virtual = 40085
---------------------------------------------------------------------------------
INFO: [Netlist 29-17] Analyzing 1 Unisim elements for replacement
INFO: [Netlist 29-28] Unisim Transformation completed in 0 CPU seconds
INFO: [Device 21-403] Loading part xc7k325tffg900-2
INFO: [Project 1-570] Preparing netlist for logic optimization

Processing XDC Constraints
Initializing timing engine
Parsing XDC File [/home/rrivera/ots/srcs/otsdaq-firmware/cactus/projects/nim_plus_x_320/top/top.srcs/sources_1/ip/NIM_CLKS/NIM_CLKS_ooc.xdc] for cell 'U0'
Finished Parsing XDC File [/home/rrivera/ots/srcs/otsdaq-firmware/cactus/projects/nim_plus_x_320/top/top.srcs/sources_1/ip/NIM_CLKS/NIM_CLKS_ooc.xdc] for cell 'U0'
Parsing XDC File [/home/rrivera/ots/srcs/otsdaq-firmware/cactus/projects/nim_plus_x_320/top/top.srcs/sources_1/ip/NIM_CLKS/NIM_CLKS_board.xdc] for cell 'U0'
Finished Parsing XDC File [/home/rrivera/ots/srcs/otsdaq-firmware/cactus/projects/nim_plus_x_320/top/top.srcs/sources_1/ip/NIM_CLKS/NIM_CLKS_board.xdc] for cell 'U0'
Parsing XDC File [/home/rrivera/ots/srcs/otsdaq-firmware/cactus/projects/nim_plus_x_320/top/top.srcs/sources_1/ip/NIM_CLKS/NIM_CLKS.xdc] for cell 'U0'
Finished Parsing XDC File [/home/rrivera/ots/srcs/otsdaq-firmware/cactus/projects/nim_plus_x_320/top/top.srcs/sources_1/ip/NIM_CLKS/NIM_CLKS.xdc] for cell 'U0'
Parsing XDC File [/home/rrivera/ots/srcs/otsdaq-firmware/cactus/projects/nim_plus_x_320/top/top.runs/NIM_CLKS_synth_1/dont_touch.xdc]
Finished Parsing XDC File [/home/rrivera/ots/srcs/otsdaq-firmware/cactus/projects/nim_plus_x_320/top/top.runs/NIM_CLKS_synth_1/dont_touch.xdc]
Completed Processing XDC Constraints

INFO: [Project 1-111] Unisim Transformation Summary:
No Unisim elements were transformed.

INFO: [Timing 38-2] Deriving generated clocks
Constraint Validation Runtime : Time (s): cpu = 00:00:00.05 ; elapsed = 00:00:00.05 . Memory (MB): peak = 1386.621 ; gain = 0.000 ; free physical = 2151 ; free virtual = 39087
---------------------------------------------------------------------------------
Finished Constraint Validation : Time (s): cpu = 00:00:13 ; elapsed = 00:00:14 . Memory (MB): peak = 1386.621 ; gain = 516.855 ; free physical = 2042 ; free virtual = 38979
---------------------------------------------------------------------------------
---------------------------------------------------------------------------------
Start Loading Part and Timing Information
---------------------------------------------------------------------------------
Loading part: xc7k325tffg900-2
---------------------------------------------------------------------------------
Finished Loading Part and Timing Information : Time (s): cpu = 00:00:13 ; elapsed = 00:00:14 . Memory (MB): peak = 1386.621 ; gain = 516.855 ; free physical = 2042 ; free virtual = 38979
---------------------------------------------------------------------------------
---------------------------------------------------------------------------------
Start Applying 'set_property' XDC Constraints
---------------------------------------------------------------------------------
Applied set_property DONT_TOUCH = true for U0. (constraint file  auto generated constraint, line ).
---------------------------------------------------------------------------------
Finished applying 'set_property' XDC Constraints : Time (s): cpu = 00:00:13 ; elapsed = 00:00:14 . Memory (MB): peak = 1386.621 ; gain = 516.855 ; free physical = 2042 ; free virtual = 38979
---------------------------------------------------------------------------------
---------------------------------------------------------------------------------
Finished RTL Optimization Phase 2 : Time (s): cpu = 00:00:13 ; elapsed = 00:00:14 . Memory (MB): peak = 1386.621 ; gain = 516.855 ; free physical = 2042 ; free virtual = 38979
---------------------------------------------------------------------------------

Report RTL Partitions: 
+-+--------------+------------+----------+
| |RTL Partition |Replication |Instances |
+-+--------------+------------+----------+
+-+--------------+------------+----------+
---------------------------------------------------------------------------------
Start RTL Component Statistics 
---------------------------------------------------------------------------------
Detailed RTL Component Info : 
---------------------------------------------------------------------------------
Finished RTL Component Statistics 
---------------------------------------------------------------------------------
---------------------------------------------------------------------------------
Start RTL Hierarchical Component Statistics 
---------------------------------------------------------------------------------
Hierarchical RTL Component report 
---------------------------------------------------------------------------------
Finished RTL Hierarchical Component Statistics
---------------------------------------------------------------------------------
---------------------------------------------------------------------------------
Start Part Resource Summary
---------------------------------------------------------------------------------
Part Resources:
DSPs: 840 (col length:140)
BRAMs: 890 (col length: RAMB18 140 RAMB36 70)
---------------------------------------------------------------------------------
Finished Part Resource Summary
---------------------------------------------------------------------------------
Start Parallel Synthesis Optimization  : Time (s): cpu = 00:00:13 ; elapsed = 00:00:14 . Memory (MB): peak = 1386.621 ; gain = 516.855 ; free physical = 2041 ; free virtual = 38979
---------------------------------------------------------------------------------
Start Cross Boundary Optimization
---------------------------------------------------------------------------------
---------------------------------------------------------------------------------
Finished Cross Boundary Optimization : Time (s): cpu = 00:00:13 ; elapsed = 00:00:14 . Memory (MB): peak = 1386.621 ; gain = 516.855 ; free physical = 2041 ; free virtual = 38979
---------------------------------------------------------------------------------
Finished Parallel Reinference  : Time (s): cpu = 00:00:13 ; elapsed = 00:00:14 . Memory (MB): peak = 1386.621 ; gain = 516.855 ; free physical = 2041 ; free virtual = 38979

Report RTL Partitions: 
+-+--------------+------------+----------+
| |RTL Partition |Replication |Instances |
+-+--------------+------------+----------+
+-+--------------+------------+----------+
---------------------------------------------------------------------------------
Start Area Optimization
---------------------------------------------------------------------------------
---------------------------------------------------------------------------------
Finished Area Optimization : Time (s): cpu = 00:00:13 ; elapsed = 00:00:14 . Memory (MB): peak = 1386.621 ; gain = 516.855 ; free physical = 2041 ; free virtual = 38979
---------------------------------------------------------------------------------
Finished Parallel Area Optimization  : Time (s): cpu = 00:00:13 ; elapsed = 00:00:14 . Memory (MB): peak = 1386.621 ; gain = 516.855 ; free physical = 2041 ; free virtual = 38979

Report RTL Partitions: 
+-+--------------+------------+----------+
| |RTL Partition |Replication |Instances |
+-+--------------+------------+----------+
+-+--------------+------------+----------+
Finished Parallel Synthesis Optimization  : Time (s): cpu = 00:00:13 ; elapsed = 00:00:14 . Memory (MB): peak = 1386.621 ; gain = 516.855 ; free physical = 2041 ; free virtual = 38979
---------------------------------------------------------------------------------
Start Timing Optimization
---------------------------------------------------------------------------------
---------------------------------------------------------------------------------
Start Applying XDC Timing Constraints
---------------------------------------------------------------------------------
---------------------------------------------------------------------------------
Finished Applying XDC Timing Constraints : Time (s): cpu = 00:00:21 ; elapsed = 00:00:22 . Memory (MB): peak = 1386.621 ; gain = 516.855 ; free physical = 1847 ; free virtual = 38785
---------------------------------------------------------------------------------
---------------------------------------------------------------------------------
Finished Timing Optimization : Time (s): cpu = 00:00:21 ; elapsed = 00:00:22 . Memory (MB): peak = 1386.621 ; gain = 516.855 ; free physical = 1846 ; free virtual = 38784
---------------------------------------------------------------------------------

Report RTL Partitions: 
+-+--------------+------------+----------+
| |RTL Partition |Replication |Instances |
+-+--------------+------------+----------+
+-+--------------+------------+----------+
---------------------------------------------------------------------------------
Start Technology Mapping
---------------------------------------------------------------------------------
---------------------------------------------------------------------------------
Finished Technology Mapping : Time (s): cpu = 00:00:21 ; elapsed = 00:00:22 . Memory (MB): peak = 1386.621 ; gain = 516.855 ; free physical = 1835 ; free virtual = 38772
---------------------------------------------------------------------------------

Report RTL Partitions: 
+-+--------------+------------+----------+
| |RTL Partition |Replication |Instances |
+-+--------------+------------+----------+
+-+--------------+------------+----------+
---------------------------------------------------------------------------------
Start IO Insertion
---------------------------------------------------------------------------------
---------------------------------------------------------------------------------
Start Final Netlist Cleanup
---------------------------------------------------------------------------------
---------------------------------------------------------------------------------
Finished Final Netlist Cleanup
---------------------------------------------------------------------------------
---------------------------------------------------------------------------------
Finished IO Insertion : Time (s): cpu = 00:00:21 ; elapsed = 00:00:22 . Memory (MB): peak = 1386.621 ; gain = 516.855 ; free physical = 1808 ; free virtual = 38746
---------------------------------------------------------------------------------

Report Check Netlist: 
+------+------------------+-------+---------+-------+------------------+
|      |Item              |Errors |Warnings |Status |Description       |
+------+------------------+-------+---------+-------+------------------+
|1     |multi_driven_nets |      0|        0|Passed |Multi driven nets |
+------+------------------+-------+---------+-------+------------------+
---------------------------------------------------------------------------------
Start Renaming Generated Instances
---------------------------------------------------------------------------------
---------------------------------------------------------------------------------
Finished Renaming Generated Instances : Time (s): cpu = 00:00:21 ; elapsed = 00:00:22 . Memory (MB): peak = 1386.621 ; gain = 516.855 ; free physical = 1808 ; free virtual = 38746
---------------------------------------------------------------------------------

Report RTL Partitions: 
+-+--------------+------------+----------+
| |RTL Partition |Replication |Instances |
+-+--------------+------------+----------+
+-+--------------+------------+----------+
---------------------------------------------------------------------------------
Start Rebuilding User Hierarchy
---------------------------------------------------------------------------------
---------------------------------------------------------------------------------
Finished Rebuilding User Hierarchy : Time (s): cpu = 00:00:21 ; elapsed = 00:00:22 . Memory (MB): peak = 1386.621 ; gain = 516.855 ; free physical = 1808 ; free virtual = 38746
---------------------------------------------------------------------------------
---------------------------------------------------------------------------------
Start Renaming Generated Ports : Time (s): cpu = 00:00:21 ; elapsed = 00:00:22 . Memory (MB): peak = 1386.621 ; gain = 516.855 ; free physical = 1808 ; free virtual = 38746
---------------------------------------------------------------------------------
---------------------------------------------------------------------------------
Finished Renaming Generated Ports : Time (s): cpu = 00:00:21 ; elapsed = 00:00:22 . Memory (MB): peak = 1386.621 ; gain = 516.855 ; free physical = 1808 ; free virtual = 38746
---------------------------------------------------------------------------------
---------------------------------------------------------------------------------
Start Writing Synthesis Report
---------------------------------------------------------------------------------

Report BlackBoxes: 
+-+--------------+----------+
| |BlackBox name |Instances |
+-+--------------+----------+
+-+--------------+----------+

Report Cell Usage: 
+------+----------+------+
|      |Cell      |Count |
+------+----------+------+
|1     |BUFG      |     3|
|2     |PLLE2_ADV |     1|
+------+----------+------+

Report Instance Areas: 
+------+---------+-----------------+------+
|      |Instance |Module           |Cells |
+------+---------+-----------------+------+
|1     |top      |                 |     4|
|2     |  U0     |NIM_CLKS_clk_wiz |     4|
+------+---------+-----------------+------+
---------------------------------------------------------------------------------
Finished Writing Synthesis Report : Time (s): cpu = 00:00:21 ; elapsed = 00:00:22 . Memory (MB): peak = 1386.621 ; gain = 516.855 ; free physical = 1808 ; free virtual = 38746
---------------------------------------------------------------------------------
Synthesis finished with 0 errors, 0 critical warnings and 0 warnings.
Synthesis Optimization Runtime : Time (s): cpu = 00:00:13 ; elapsed = 00:00:13 . Memory (MB): peak = 1386.621 ; gain = 82.285 ; free physical = 1808 ; free virtual = 38746
Synthesis Optimization Complete : Time (s): cpu = 00:00:21 ; elapsed = 00:00:22 . Memory (MB): peak = 1386.621 ; gain = 516.855 ; free physical = 1808 ; free virtual = 38746
INFO: [Project 1-571] Translating synthesized netlist
INFO: [Netlist 29-17] Analyzing 1 Unisim elements for replacement
INFO: [Netlist 29-28] Unisim Transformation completed in 0 CPU seconds
INFO: [Project 1-570] Preparing netlist for logic optimization
Parsing XDC File [/home/rrivera/ots/srcs/otsdaq-firmware/cactus/projects/nim_plus_x_320/top/top.srcs/sources_1/ip/NIM_CLKS/NIM_CLKS_ooc.xdc] for cell 'U0'
Finished Parsing XDC File [/home/rrivera/ots/srcs/otsdaq-firmware/cactus/projects/nim_plus_x_320/top/top.srcs/sources_1/ip/NIM_CLKS/NIM_CLKS_ooc.xdc] for cell 'U0'
Parsing XDC File [/home/rrivera/ots/srcs/otsdaq-firmware/cactus/projects/nim_plus_x_320/top/top.srcs/sources_1/ip/NIM_CLKS/NIM_CLKS_board.xdc] for cell 'U0'
Finished Parsing XDC File [/home/rrivera/ots/srcs/otsdaq-firmware/cactus/projects/nim_plus_x_320/top/top.srcs/sources_1/ip/NIM_CLKS/NIM_CLKS_board.xdc] for cell 'U0'
Parsing XDC File [/home/rrivera/ots/srcs/otsdaq-firmware/cactus/projects/nim_plus_x_320/top/top.srcs/sources_1/ip/NIM_CLKS/NIM_CLKS.xdc] for cell 'U0'
Finished Parsing XDC File [/home/rrivera/ots/srcs/otsdaq-firmware/cactus/projects/nim_plus_x_320/top/top.srcs/sources_1/ip/NIM_CLKS/NIM_CLKS.xdc] for cell 'U0'
INFO: [Opt 31-138] Pushed 0 inverter(s) to 0 load pin(s).
INFO: [Project 1-111] Unisim Transformation Summary:
No Unisim elements were transformed.

INFO: [Common 17-83] Releasing license: Synthesis
27 Infos, 5 Warnings, 0 Critical Warnings and 0 Errors encountered.
synth_design completed successfully
synth_design: Time (s): cpu = 00:00:20 ; elapsed = 00:00:21 . Memory (MB): peak = 1386.621 ; gain = 408.336 ; free physical = 1807 ; free virtual = 38744
report_utilization: Time (s): cpu = 00:00:00.05 ; elapsed = 00:00:00.10 . Memory (MB): peak = 1389.625 ; gain = 0.000 ; free physical = 1804 ; free virtual = 38742
INFO: [Common 17-206] Exiting Vivado at Thu May 17 15:04:05 2018...
