AR tlkfifo tlkfifo_a /home/cmstestbeam/stib_June2015/stib/tlkfifo.vhd sub00/vhpl09 1433266940
AR sb sb_a /home/cmstestbeam/stib_June2015/stib/sb.vhd sub00/vhpl07 1433266938
EN fb NULL /home/cmstestbeam/stib_June2015/stib/fb.vhd sub00/vhpl00 1433266894
AR fb fb_a /home/cmstestbeam/stib_June2015/stib/fb.vhd sub00/vhpl01 1433266895
EN tlkfifo NULL /home/cmstestbeam/stib_June2015/stib/tlkfifo.vhd sub00/vhpl08 1433266939
AR master_interface behavioral /home/cmstestbeam/stib_June2015/master/master_interface.vhd sub00/vhpl11 1433266952
AR add8 add8_a /home/cmstestbeam/stib_June2015/stib/add8.vhd sub00/vhpl03 1433266897
EN sb NULL /home/cmstestbeam/stib_June2015/stib/sb.vhd sub00/vhpl06 1433266937
EN arptab_dpram NULL /home/cmstestbeam/stib_June2015/stib/arptab_dpram.vhd sub00/vhpl04 1433266905
AR arptab_dpram arptab_dpram_a /home/cmstestbeam/stib_June2015/stib/arptab_dpram.vhd sub00/vhpl05 1433266906
EN add8 NULL /home/cmstestbeam/stib_June2015/stib/add8.vhd sub00/vhpl02 1433266896
EN master NULL /home/cmstestbeam/stib_June2015/master/top.vhd sub00/vhpl12 1433266953
EN master_interface NULL /home/cmstestbeam/stib_June2015/master/master_interface.vhd sub00/vhpl10 1433266951
AR master rtl /home/cmstestbeam/stib_June2015/master/top.vhd sub00/vhpl13 1433266954
