#
# An unexpected error has occurred (11)
#
Stack:
/lib64/libc.so.6(+0x35250) [0x7f71ada8c250]
/opt/local/xilinx/Vivado/2015.2/lib/lnx64.o/librdi_dlyest.so(HADE4UnplacedPinMapperCache::getSiteFromCache(HDLHInstance const&, HDDMSite const&, bool) const+0xd6) [0x7f718406f606]
/opt/local/xilinx/Vivado/2015.2/lib/lnx64.o/librdi_dlyest.so(HADE4UnplacedPinMapperV7::getLocNearSite(HDLHInstance const&, HDDMSite const&, int, bool, bool) const+0x159) [0x7f7184071909]
/opt/local/xilinx/Vivado/2015.2/lib/lnx64.o/librdi_place.so(HAPLFPhyPinMapper::getLocNearSite(HDLHInstance const&, HDDMSite const&, int, bool, bool) const+0x48) [0x7f718bafb8f8]
/opt/local/xilinx/Vivado/2015.2/lib/lnx64.o/librdi_dlyest.so(HADEPinMapper::getLocs(HDLHInstance const&, HDLHInstance const&, HDPLLoc&, HDPLLoc&, int, bool, HDLHInstTerm const&) const+0x28d) [0x7f718407320d]
/opt/local/xilinx/Vivado/2015.2/lib/lnx64.o/librdi_dlyest.so(HADEPinMapper::getPhyPins(HDLHInstTerm const&, HDLHInstTerm const&, HSTVector<HDPLPhyPin, std::allocator<HDPLPhyPin> >&, HSTVector<HDPLPhyPin, std::allocator<HDPLPhyPin> >&, bool&, bool&, bool, bool&) const+0x1b6) [0x7f7184074e36]
/opt/local/xilinx/Vivado/2015.2/lib/lnx64.o/librdi_dlyest.so(HADE4WireDlyCalc::getDelay(HDLHElement const&, HDLHElement const&, bool, bool, bool, bool, bool, int) const+0xbb7) [0x7f71840d0a97]
/opt/local/xilinx/Vivado/2015.2/lib/lnx64.o/librdi_dlyest.so(HADE4WireDlyCalc::getDelay(HDLHElement const&, HDLHElement const&, int, bool, bool, bool, bool) const+0x74) [0x7f71840d3984]
/opt/local/xilinx/Vivado/2015.2/lib/lnx64.o/librdi_dlyest.so(HADE4WireDlyCalc::getDelay(HDLHElement const&, HDLHElement const&, int) const+0x391) [0x7f71840cd471]
/opt/local/xilinx/Vivado/2015.2/lib/lnx64.o/librdi_dlyest.so(HADE4WireDlyCalc::getDelay(HDLHElement const&, HDLHElement const&, sta::TimingArc const*, int) const+0xc) [0x7f71840cd53c]
/opt/local/xilinx/Vivado/2015.2/lib/lnx64.o/librdi_dlyest.so(HADEDlyMediator::fallBackWireDlyCalc(HDLHNet const*, HDLHInstTerm const*, int, std::vector<HADEDlyMediatorPacket, std::allocator<HADEDlyMediatorPacket> >&, HADEDlyMediatorPacket::HADEDLYMED_DLYTYPE) const+0x112) [0x7f71840ebc42]
/opt/local/xilinx/Vivado/2015.2/lib/lnx64.o/librdi_dlyest.so(HADEDlyMediator::oldGetDelay(HDLHNet const*, HDLHInstTerm const*, std::vector<HADEDlyMediatorPacket, std::allocator<HADEDlyMediatorPacket> >&, int) const+0x3f6) [0x7f71841096a6]
/opt/local/xilinx/Vivado/2015.2/lib/lnx64.o/librdi_dlyest.so(HADEDlyMediator::getDelay(HDLHNet const*, HDLHInstTerm const*, std::vector<HADEDlyMediatorPacket, std::allocator<HADEDlyMediatorPacket> >&, int) const+0x464) [0x7f7184103634]
/opt/local/xilinx/Vivado/2015.2/lib/lnx64.o/librdi_timing.so(HAST3Sta::setWireDelayOnVertex(sta::Vertex*, HSTVector<sta::Edge*, std::allocator<sta::Edge*> > const*, HAST3TimingParams const&)+0x64c) [0x7f71882e0f0c]
/opt/local/xilinx/Vivado/2015.2/lib/lnx64.o/librdi_timing.so(void* HCTThreadUtils::forEachStart<__gnu_cxx::__normal_iterator<std::pair<sta::Vertex*, unsigned int>*, std::vector<std::pair<sta::Vertex*, unsigned int>, std::allocator<std::pair<sta::Vertex*, unsigned int> > > >, boost::function<void (std::pair<sta::Vertex*, unsigned int>&)> >(void*)+0x91) [0x7f71882e9601]
/opt/local/xilinx/Vivado/2015.2/lib/lnx64.o/librdi_timing.so(void HCTThreadUtils::forEach<__gnu_cxx::__normal_iterator<std::pair<sta::Vertex*, unsigned int>*, std::vector<std::pair<sta::Vertex*, unsigned int>, std::allocator<std::pair<sta::Vertex*, unsigned int> > > >, boost::function<void (std::pair<sta::Vertex*, unsigned int>&)> >(__gnu_cxx::__normal_iterator<std::pair<sta::Vertex*, unsigned int>*, std::vector<std::pair<sta::Vertex*, unsigned int>, std::allocator<std::pair<sta::Vertex*, unsigned int> > > >, __gnu_cxx::__normal_iterator<std::pair<sta::Vertex*, unsigned int>*, std::vector<std::pair<sta::Vertex*, unsigned int>, std::allocator<std::pair<sta::Vertex*, unsigned int> > > >, boost::function<void (std::pair<sta::Vertex*, unsigned int>&)>&, int, int)+0x10a) [0x7f71882ea00a]
/opt/local/xilinx/Vivado/2015.2/lib/lnx64.o/librdi_timing.so(void HAST3Sta::executeInMT<std::vector<std::pair<sta::Vertex*, unsigned int>, std::allocator<std::pair<sta::Vertex*, unsigned int> > >, boost::function<void (std::pair<sta::Vertex*, unsigned int>&)> >(std::vector<std::pair<sta::Vertex*, unsigned int>, std::allocator<std::pair<sta::Vertex*, unsigned int> > >&, boost::function<void (std::pair<sta::Vertex*, unsigned int>&)>&, int, char const*)+0xfa) [0x7f71882ea19a]
/opt/local/xilinx/Vivado/2015.2/lib/lnx64.o/librdi_timing.so(HAST3Sta::setWireDelaysNetByNet(HAST3TimingParams const&)+0x33c) [0x7f71882dba7c]
/opt/local/xilinx/Vivado/2015.2/lib/lnx64.o/librdi_timing.so(HAST3Sta::setDelays(HAST3TimingParams const&)+0x5e6) [0x7f71882e6256]
/opt/local/xilinx/Vivado/2015.2/lib/lnx64.o/librdi_timing.so(HAST3TimeAhead::setDelays()+0x3d) [0x7f71882f240d]
/opt/local/xilinx/Vivado/2015.2/lib/lnx64.o/librdi_timing.so(HAST3TimeAhead::updateDelays(HDGUIStatus*, HASTUpdateTimingParams const&)+0x2ec) [0x7f7188308dec]
/opt/local/xilinx/Vivado/2015.2/lib/lnx64.o/librdi_timing.so(HAST3TimeAhead::updateTiming1(HASTUpdateTimingParams const&, HDGUIStatus*)+0x1c0) [0x7f718830bb10]
/opt/local/xilinx/Vivado/2015.2/lib/lnx64.o/librdi_timing.so(HAST3TimeAhead::updateTiming(HASTUpdateTimingParams const&, HDGUIStatus*)+0x536) [0x7f718830c526]
/opt/local/xilinx/Vivado/2015.2/lib/lnx64.o/librdi_place.so(HAPLFTiming::updateTimingTa(HASTUpdateTimingParams const&)+0x351) [0x7f718bbdfdd1]
/opt/local/xilinx/Vivado/2015.2/lib/lnx64.o/librdi_place.so(HAPLFTiming::updateTimingAll(bool)+0x95) [0x7f718bbef8a5]
/opt/local/xilinx/Vivado/2015.2/lib/lnx64.o/librdi_place.so(HAPLFTimingHelper::updateTimingAndCritPaths(double, bool, bool, bool, bool, std::string const&, bool, bool)+0xc9) [0x7f718bc08699]
/opt/local/xilinx/Vivado/2015.2/lib/lnx64.o/librdi_place.so(HAPLFFlowInitializer::placeInitDesign(bool, bool, HSTDList<HDPLUndoInfo, std::allocator<HDPLUndoInfo> >*, bool)+0x48b) [0x7f718ba753db]
/opt/local/xilinx/Vivado/2015.2/lib/lnx64.o/librdi_place.so(HAPLFFlowInitializer::placeInitPart2(bool&)+0x50) [0x7f718ba757f0]
/opt/local/xilinx/Vivado/2015.2/lib/lnx64.o/librdi_place.so(HAPLFFlowInitializer::placeIOClockAndInit()+0x32a) [0x7f718ba7674a]
/opt/local/xilinx/Vivado/2015.2/lib/lnx64.o/librdi_place.so(HAPLFFlowInitializer::run()+0xaf) [0x7f718ba7719f]
/opt/local/xilinx/Vivado/2015.2/lib/lnx64.o/librdi_implflow.so(HAPLFFastPlace3::initialize(HAPLPlaceApi&, HFLFloorplan&, HDPLTask&, HAPLFFastFlowParam const&)+0x53) [0x7f7179bada63]
/opt/local/xilinx/Vivado/2015.2/lib/lnx64.o/librdi_implflow.so(HAPLFFastPlace3::place(HAPLPlaceApi&, HFLFloorplan&, HAPLFFastFlowParam const&, HDPLTask&)+0x25) [0x7f7179bc5685]
/opt/local/xilinx/Vivado/2015.2/lib/lnx64.o/librdi_implflow.so(HAPLFFastFlow3::place(HAPLFFastFlowParam const&)+0x7db) [0x7f7179b9f19b]
/opt/local/xilinx/Vivado/2015.2/lib/lnx64.o/librdi_vivadotasks.so(+0x1bb4f3) [0x7f717a2ff4f3]
/opt/local/xilinx/Vivado/2015.2/lib/lnx64.o/librdi_vivadotasks.so(+0x1bead3) [0x7f717a302ad3]
/opt/local/xilinx/Vivado/2015.2/lib/lnx64.o/librdi_common.so(+0x62104f) [0x7f71aeb5d04f]
/opt/local/xilinx/Vivado/2015.2/lib/lnx64.o/libtcl8.5.so(+0x331f5) [0x7f71a9b071f5]
/opt/local/xilinx/Vivado/2015.2/lib/lnx64.o/libtcl8.5.so(+0x76bbe) [0x7f71a9b4abbe]
/opt/local/xilinx/Vivado/2015.2/lib/lnx64.o/libtcl8.5.so(+0x7e767) [0x7f71a9b52767]
/opt/local/xilinx/Vivado/2015.2/lib/lnx64.o/libtcl8.5.so(TclEvalObjEx+0x77) [0x7f71a9b09327]
/opt/local/xilinx/Vivado/2015.2/lib/lnx64.o/librdi_commontasks.so(+0x2d30f4) [0x7f71a01430f4]
/opt/local/xilinx/Vivado/2015.2/lib/lnx64.o/libtcl8.5.so(+0x331f5) [0x7f71a9b071f5]
/opt/local/xilinx/Vivado/2015.2/lib/lnx64.o/libtcl8.5.so(+0x34d6b) [0x7f71a9b08d6b]
/opt/local/xilinx/Vivado/2015.2/lib/lnx64.o/libtcl8.5.so(+0xad531) [0x7f71a9b81531]
/opt/local/xilinx/Vivado/2015.2/lib/lnx64.o/libtcl8.5.so(+0x3491c) [0x7f71a9b0891c]
/opt/local/xilinx/Vivado/2015.2/lib/lnx64.o/libtcl8.5.so(Tcl_EvalEx+0x16) [0x7f71a9b09276]
/opt/local/xilinx/Vivado/2015.2/lib/lnx64.o/libtcl8.5.so(Tcl_FSEvalFileEx+0x1d2) [0x7f71a9b6dd02]
/opt/local/xilinx/Vivado/2015.2/lib/lnx64.o/librdi_commontasks.so(+0x2f0425) [0x7f71a0160425]
/opt/local/xilinx/Vivado/2015.2/lib/lnx64.o/librdi_common.so(+0x62104f) [0x7f71aeb5d04f]
/opt/local/xilinx/Vivado/2015.2/lib/lnx64.o/libtcl8.5.so(+0x331f5) [0x7f71a9b071f5]
/opt/local/xilinx/Vivado/2015.2/lib/lnx64.o/libtcl8.5.so(Tcl_EvalObjv+0x32) [0x7f71a9b077e2]
/opt/local/xilinx/Vivado/2015.2/lib/lnx64.o/libtcl8.5.so(TclEvalObjEx+0x322) [0x7f71a9b095d2]
/opt/local/xilinx/Vivado/2015.2/lib/lnx64.o/librdi_commontasks.so(+0x3074a2) [0x7f71a01774a2]
/opt/local/xilinx/Vivado/2015.2/lib/lnx64.o/librdi_commontasks.so(+0x30dd9d) [0x7f71a017dd9d]
/opt/local/xilinx/Vivado/2015.2/lib/lnx64.o/librdi_commontasks.so(+0x3078e3) [0x7f71a01778e3]
/opt/local/xilinx/Vivado/2015.2/lib/lnx64.o/librdi_common.so(+0x62104f) [0x7f71aeb5d04f]
/opt/local/xilinx/Vivado/2015.2/lib/lnx64.o/libtcl8.5.so(+0x331f5) [0x7f71a9b071f5]
/opt/local/xilinx/Vivado/2015.2/lib/lnx64.o/libtcl8.5.so(Tcl_EvalObjv+0x32) [0x7f71a9b077e2]
/opt/local/xilinx/Vivado/2015.2/lib/lnx64.o/libtcl8.5.so(TclEvalObjEx+0x322) [0x7f71a9b095d2]
/opt/local/xilinx/Vivado/2015.2/lib/lnx64.o/librdi_commonmain.so(+0x7110) [0x7f71ae337110]
/opt/local/xilinx/Vivado/2015.2/lib/lnx64.o/libtcl8.5.so(Tcl_Main+0x1d5) [0x7f71a9b74175]
/opt/local/xilinx/Vivado/2015.2/lib/lnx64.o/librdi_common.so(+0x659c89) [0x7f71aeb95c89]
/lib64/libpthread.so.0(+0x7dc5) [0x7f71ad540dc5]
/lib64/libc.so.6(clone+0x6d) [0x7f71adb4e73d]
