Copyright 1986-2019 Xilinx, Inc. All Rights Reserved.
-------------------------------------------------------------------------------------------------------------------------------
| Tool Version     : Vivado v.2019.1 (lin64) Build 2552052 Fri May 24 14:47:09 MDT 2019
| Date             : Thu Oct 29 15:41:21 2020
| Host             : correlator2.fnal.gov running 64-bit Scientific Linux release 7.9 (Nitrogen)
| Command          : report_power -file top_power_routed.rpt -pb top_power_summary_routed.pb -rpx top_power_routed.rpx
| Design           : top
| Device           : xc7a200tffg1156-2
| Design State     : routed
| Grade            : commercial
| Process          : typical
| Characterization : Production
-------------------------------------------------------------------------------------------------------------------------------

Power Report

Table of Contents
-----------------
1. Summary
1.1 On-Chip Components
1.2 Power Supply Summary
1.3 Confidence Level
2. Settings
2.1 Environment
2.2 Clock Constraints
3. Detailed Reports
3.1 By Hierarchy

1. Summary
----------

+--------------------------+--------------+
| Total On-Chip Power (W)  | 0.967        |
| Design Power Budget (W)  | Unspecified* |
| Power Budget Margin (W)  | NA           |
| Dynamic (W)              | 0.831        |
| Device Static (W)        | 0.137        |
| Effective TJA (C/W)      | 1.5          |
| Max Ambient (C)          | 83.6         |
| Junction Temperature (C) | 26.4         |
| Confidence Level         | Low          |
| Setting File             | ---          |
| Simulation Activity File | ---          |
| Design Nets Matched      | NA           |
+--------------------------+--------------+
* Specify Design Power Budget using, set_operating_conditions -design_power_budget <value in Watts>


1.1 On-Chip Components
----------------------

+--------------------------+-----------+----------+-----------+-----------------+
| On-Chip                  | Power (W) | Used     | Available | Utilization (%) |
+--------------------------+-----------+----------+-----------+-----------------+
| Clocks                   |     0.136 |       16 |       --- |             --- |
| Slice Logic              |     0.015 |    42325 |       --- |             --- |
|   LUT as Logic           |     0.010 |    10875 |    133800 |            8.13 |
|   Register               |     0.002 |    22371 |    267600 |            8.36 |
|   CARRY4                 |     0.001 |     1022 |     33450 |            3.06 |
|   LUT as Shift Register  |    <0.001 |      707 |     46200 |            1.53 |
|   F7/F8 Muxes            |    <0.001 |     1306 |    133800 |            0.98 |
|   BUFG                   |    <0.001 |        9 |        32 |           28.13 |
|   LUT as Distributed RAM |    <0.001 |       24 |     46200 |            0.05 |
|   Others                 |     0.000 |     3608 |       --- |             --- |
| Signals                  |     0.031 |    29391 |       --- |             --- |
| Block RAM                |     0.022 |     17.5 |       365 |            4.79 |
| MMCM                     |     0.155 |        2 |        10 |           20.00 |
| PLL                      |     0.106 |        1 |        10 |           10.00 |
| I/O                      |     0.366 |       72 |       500 |           14.40 |
| Static Power             |     0.137 |          |           |                 |
| Total                    |     0.967 |          |           |                 |
+--------------------------+-----------+----------+-----------+-----------------+


1.2 Power Supply Summary
------------------------

+-----------+-------------+-----------+-------------+------------+
| Source    | Voltage (V) | Total (A) | Dynamic (A) | Static (A) |
+-----------+-------------+-----------+-------------+------------+
| Vccint    |       1.000 |     0.247 |       0.215 |      0.032 |
| Vccaux    |       1.800 |     0.183 |       0.153 |      0.031 |
| Vcco33    |       3.300 |     0.000 |       0.000 |      0.000 |
| Vcco25    |       2.500 |     0.141 |       0.136 |      0.005 |
| Vcco18    |       1.800 |     0.000 |       0.000 |      0.000 |
| Vcco15    |       1.500 |     0.000 |       0.000 |      0.000 |
| Vcco135   |       1.350 |     0.000 |       0.000 |      0.000 |
| Vcco12    |       1.200 |     0.000 |       0.000 |      0.000 |
| Vccaux_io |       1.800 |     0.000 |       0.000 |      0.000 |
| Vccbram   |       1.000 |     0.002 |       0.001 |      0.001 |
| MGTAVcc   |       1.000 |     0.000 |       0.000 |      0.000 |
| MGTAVtt   |       1.200 |     0.000 |       0.000 |      0.000 |
| Vccadc    |       1.800 |     0.020 |       0.000 |      0.020 |
+-----------+-------------+-----------+-------------+------------+


1.3 Confidence Level
--------------------

+-----------------------------+------------+--------------------------------------------------------+------------------------------------------------------------------------------------------------------------+
| User Input Data             | Confidence | Details                                                | Action                                                                                                     |
+-----------------------------+------------+--------------------------------------------------------+------------------------------------------------------------------------------------------------------------+
| Design implementation state | High       | Design is routed                                       |                                                                                                            |
| Clock nodes activity        | High       | User specified more than 95% of clocks                 |                                                                                                            |
| I/O nodes activity          | Low        | More than 75% of inputs are missing user specification | Provide missing input activity with simulation results or by editing the "By Resource Type -> I/Os" view   |
| Internal nodes activity     | Medium     | User specified less than 25% of internal nodes         | Provide missing internal nodes activity with simulation results or by editing the "By Resource Type" views |
| Device models               | High       | Device models are Production                           |                                                                                                            |
|                             |            |                                                        |                                                                                                            |
| Overall confidence level    | Low        |                                                        |                                                                                                            |
+-----------------------------+------------+--------------------------------------------------------+------------------------------------------------------------------------------------------------------------+


2. Settings
-----------

2.1 Environment
---------------

+-----------------------+--------------------------+
| Ambient Temp (C)      | 25.0                     |
| ThetaJA (C/W)         | 1.5                      |
| Airflow (LFM)         | 250                      |
| Heat Sink             | medium (Medium Profile)  |
| ThetaSA (C/W)         | 2.4                      |
| Board Selection       | medium (10"x10")         |
| # of Board Layers     | 12to15 (12 to 15 Layers) |
| Board Temperature (C) | 25.0                     |
+-----------------------+--------------------------+


2.2 Clock Constraints
---------------------

+--------------------------------------------------------------------------------------------+----------------------------------------------------------------------+-----------------+
| Clock                                                                                      | Domain                                                               | Constraint (ns) |
+--------------------------------------------------------------------------------------------+----------------------------------------------------------------------+-----------------+
| CLK_bmx_320                                                                                | bmx_320                                                              |             6.2 |
| CLK_bmx_40                                                                                 | bmx_40                                                               |            25.0 |
| DAC_IN_CLK                                                                                 | b_nim_dac_clk                                                        |            80.0 |
| PHY_RXCLK                                                                                  | PHY_RXCLK                                                            |             8.0 |
| clk_out_dac125_NIM_CLKS                                                                    | NIM_CLKS_BLOCK/inst/clk_out_dac125_NIM_CLKS                          |             8.0 |
| clk_out_internal13_clk_wiz_internalClocks                                                  | internal_clk_BLOCK/inst/clk_out_internal13_clk_wiz_internalClocks    |            75.0 |
| clk_out_internal160_clk_wiz_internalClocks                                                 | internal_clk_BLOCK/inst/clk_out_internal160_clk_wiz_internalClocks   |             6.2 |
| clk_out_internal26_clk_wiz_internalClocks                                                  | internal_clk_BLOCK/inst/clk_out_internal26_clk_wiz_internalClocks    |            37.5 |
| clk_out_internal40_NIM_CLKS                                                                | NIM_CLKS_BLOCK/inst/clk_out_internal40_NIM_CLKS                      |            25.0 |
| clk_out_internal6_clk_wiz_internalClocks                                                   | internal_clk_BLOCK/inst/clk_out_internal6_clk_wiz_internalClocks     |           150.0 |
| clkfbout_NIM_CLKS                                                                          | NIM_CLKS_BLOCK/inst/clkfbout_NIM_CLKS                                |             8.0 |
| clkfbout_clk_wiz_internalClocks                                                            | internal_clk_BLOCK/inst/clkfbout_clk_wiz_internalClocks              |            25.0 |
| dbg_hub/inst/BSCANID.u_xsdbm_id/SWITCH_N_EXT_BSCAN.bscan_inst/SERIES7_BSCAN.bscan_inst/TCK | dbg_hub/inst/BSCANID.u_xsdbm_id/SWITCH_N_EXT_BSCAN.bscan_inst/tck_bs |            33.0 |
+--------------------------------------------------------------------------------------------+----------------------------------------------------------------------+-----------------+


3. Detailed Reports
-------------------

3.1 By Hierarchy
----------------

+-------------------------------------------------------+-----------+
| Name                                                  | Power (W) |
+-------------------------------------------------------+-----------+
| top                                                   |     0.831 |
|   CLK_MUX                                             |     0.001 |
|   NIM_BLOCK_a                                         |     0.053 |
|     U115                                              |     0.001 |
|     U117                                              |     0.001 |
|     U121                                              |     0.003 |
|       U10                                             |     0.002 |
|     U123                                              |     0.003 |
|       U10                                             |     0.001 |
|     U245                                              |     0.001 |
|     U266                                              |     0.001 |
|     U311                                              |     0.008 |
|     U322                                              |     0.005 |
|     U334                                              |     0.002 |
|   NIM_BLOCK_b                                         |     0.052 |
|     U115                                              |     0.001 |
|     U117                                              |     0.001 |
|     U121                                              |     0.003 |
|       U10                                             |     0.001 |
|     U123                                              |     0.003 |
|       U10                                             |     0.001 |
|     U266                                              |     0.001 |
|     U311                                              |     0.008 |
|     U322                                              |     0.004 |
|     U334                                              |     0.002 |
|   NIM_CLKS_BLOCK                                      |     0.107 |
|     inst                                              |     0.107 |
|   clk_wiz_1_BLOCK                                     |     0.060 |
|     inst                                              |     0.060 |
|   dbg_hub                                             |     0.003 |
|     inst                                              |     0.003 |
|       BSCANID.u_xsdbm_id                              |     0.003 |
|   eth_interface                                       |     0.023 |
|     data_manager_blk                                  |     0.011 |
|       RAM_COMM_DEC                                    |     0.001 |
|       RX_DATA_FIFO                                    |     0.004 |
|     ec_wrapper                                        |     0.010 |
|       ethernet_controller                             |     0.009 |
|   genNimPlusAndBurstFifo[0].FIFO_DUALCLOCK_MACRO_inst |     0.008 |
|   internal_clk_BLOCK                                  |     0.096 |
|     inst                                              |     0.096 |
|   u_ila_0                                             |     0.057 |
|     inst                                              |     0.057 |
|       ila_core_inst                                   |     0.044 |
+-------------------------------------------------------+-----------+


