Copyright 1986-2015 Xilinx, Inc. All Rights Reserved.
---------------------------------------------------------------------------------------------------------
| Tool Version      : Vivado v.2015.2 (lin64) Build 1266856 Fri Jun 26 16:35:25 MDT 2015
| Date              : Thu Oct 17 10:46:27 2019
| Host              : rulinux03.dhcp.fnal.gov running 64-bit Scientific Linux Fermi release 6.9 (Ramsey)
| Command           : report_clock_utilization -file top_clock_utilization_routed.rpt
| Design            : top
| Device            : 7a200t-ffg1156
| Speed File        : -2  PRODUCTION 1.14 2014-09-11
| Temperature Grade : C
---------------------------------------------------------------------------------------------------------

Clock Utilization Report

Table of Contents
-----------------
1. Clock Primitive Utilization
2. Details of Global Clocks
3. Details of Regional Clocks
4. Details of Multi-Regional Clocks
5. Details of I/O Clocks
6. Details of Local Clocks
7. Clock Regions : Key Resource Utilization
8. Net wise resources used in clock region X0Y0
9. Net wise resources used in clock region X1Y0
10. Net wise resources used in clock region X0Y1
11. Net wise resources used in clock region X1Y1
12. Net wise resources used in clock region X0Y2
13. Net wise resources used in clock region X1Y2
14. Net wise resources used in clock region X0Y4

1. Clock Primitive Utilization
------------------------------

+-------+------+-----------+-----------+
| Type  | Used | Available | Num Fixed |
+-------+------+-----------+-----------+
| BUFG  |   21 |        32 |         0 |
| BUFH  |    0 |       120 |         0 |
| BUFIO |    0 |        40 |         0 |
| MMCM  |    2 |        10 |         0 |
| PLL   |    1 |        10 |         0 |
| BUFR  |    0 |        40 |         0 |
| BUFMR |    0 |        20 |         0 |
+-------+------+-----------+-----------+


2. Details of Global Clocks
---------------------------

+-------+---------------------------------------------+-----------------------------------------------------------+---------------+-------+
|       |                                             |                                                           |   Num Loads   |       |
+-------+---------------------------------------------+-----------------------------------------------------------+-------+-------+-------+
| Index | BUFG Cell                                   | Net Name                                                  |  BELs | Sites | Fixed |
+-------+---------------------------------------------+-----------------------------------------------------------+-------+-------+-------+
|     1 | NIM_CLKS_BLOCK/U0/clkf_buf                  | NIM_CLKS_BLOCK/U0/clkfbout_buf_NIM_CLKS                   |     1 |     1 |    no |
|     2 | clk_wiz_1_BLOCK/U0/clkout2_buf              | clk_wiz_1_BLOCK/U0/clk_out_external13                     |     1 |     1 |    no |
|     3 | clk_wiz_1_BLOCK/U0/clkout1_buf              | clk_wiz_1_BLOCK/U0/clk_out_external160                    |     1 |     1 |    no |
|     4 | clk_wiz_1_BLOCK/U0/clkout6_buf              | clk_wiz_1_BLOCK/U0/clk_out_external26                     |     1 |     1 |    no |
|     5 | clk_wiz_1_BLOCK/U0/clkout3_buf              | clk_wiz_1_BLOCK/U0/clk_out_external6                      |     1 |     1 |    no |
|     6 | clk_wiz_1_BLOCK/U0/clkf_buf                 | clk_wiz_1_BLOCK/U0/clkfbout_buf_clk_wiz_1                 |     1 |     1 |    no |
|     7 | dbg_hub/inst/N_EXT_BSCAN.u_bufg_icon_update | dbg_hub/inst/UPDATE_temp                                  |     1 |     1 |    no |
|     8 | internal_clk_BLOCK/U0/clkout2_buf           | internal_clk_BLOCK/U0/clk_out_internal13                  |     1 |     1 |    no |
|     9 | internal_clk_BLOCK/U0/clkout1_buf           | internal_clk_BLOCK/U0/clk_out_internal160                 |     1 |     1 |    no |
|    10 | internal_clk_BLOCK/U0/clkout4_buf           | internal_clk_BLOCK/U0/clk_out_internal26                  |     1 |     1 |    no |
|    11 | internal_clk_BLOCK/U0/clkout3_buf           | internal_clk_BLOCK/U0/clk_out_internal6                   |     1 |     1 |    no |
|    12 | internal_clk_BLOCK/U0/clkf_buf              | internal_clk_BLOCK/U0/clkfbout_buf_clk_wiz_internalClocks |     1 |     1 |    no |
|    13 | clk_wiz_1_BLOCK/U0/clkout4_buf              | clk_wiz_1_BLOCK/U0/clk_out_external40                     |     2 |     2 |    no |
|    14 | NIM_CLKS_BLOCK/U0/clkout2_buf               | NIM_CLKS_BLOCK/U0/clk_out_internal40                      |     3 |     3 |    no |
|    15 | CLK_mx_40_bufg                              | bmx_40                                                    |    10 |    10 |    no |
|    16 | IBUF_USER_CLK                               | IBUF_USER_CLK_n_161                                       |    18 |     6 |    no |
|    17 | genExtClkMux[0].extClkMuxBUFG               | selected_ext_clkg                                         |    18 |    14 |    no |
|    18 | DAC_CLK_bufg                                | DAC_CLK_bufg_n_161                                        |    26 |     8 |    no |
|    19 | dbg_hub/inst/N_EXT_BSCAN.u_bufg_icon        | dbg_hub/inst/idrck                                        |   269 |    69 |    no |
|    20 | CLK_mx_160_bufg                             | bmx_320                                                   |  9758 |  2457 |    no |
|    21 | IBUF_PHY_RXCLK                              | MASTER_CLK                                                | 13700 |  4620 |    no |
+-------+---------------------------------------------+-----------------------------------------------------------+-------+-------+-------+


+-------+-------------------------------------+------------------------------------------------------------------+--------------+-------+
|       |                                     |                                                                  |   Num Loads  |       |
+-------+-------------------------------------+------------------------------------------------------------------+------+-------+-------+
| Index | MMCM Cell                           | Net Name                                                         | BELs | Sites | Fixed |
+-------+-------------------------------------+------------------------------------------------------------------+------+-------+-------+
|     1 | clk_wiz_1_BLOCK/U0/mmcm_adv_inst    | clk_wiz_1_BLOCK/U0/clk_out_external13_clk_wiz_1                  |    1 |     1 |    no |
|     2 | clk_wiz_1_BLOCK/U0/mmcm_adv_inst    | clk_wiz_1_BLOCK/U0/clk_out_external160_clk_wiz_1                 |    1 |     1 |    no |
|     3 | clk_wiz_1_BLOCK/U0/mmcm_adv_inst    | clk_wiz_1_BLOCK/U0/clk_out_external26_clk_wiz_1                  |    1 |     1 |    no |
|     4 | clk_wiz_1_BLOCK/U0/mmcm_adv_inst    | clk_wiz_1_BLOCK/U0/clk_out_external40_clk_wiz_1                  |    1 |     1 |    no |
|     5 | clk_wiz_1_BLOCK/U0/mmcm_adv_inst    | clk_wiz_1_BLOCK/U0/clk_out_external6_clk_wiz_1                   |    1 |     1 |    no |
|     6 | clk_wiz_1_BLOCK/U0/mmcm_adv_inst    | clk_wiz_1_BLOCK/U0/clkfbout_clk_wiz_1                            |    1 |     1 |    no |
|     7 | internal_clk_BLOCK/U0/mmcm_adv_inst | internal_clk_BLOCK/U0/clk_out_internal13_clk_wiz_internalClocks  |    1 |     1 |    no |
|     8 | internal_clk_BLOCK/U0/mmcm_adv_inst | internal_clk_BLOCK/U0/clk_out_internal160_clk_wiz_internalClocks |    1 |     1 |    no |
|     9 | internal_clk_BLOCK/U0/mmcm_adv_inst | internal_clk_BLOCK/U0/clk_out_internal26_clk_wiz_internalClocks  |    1 |     1 |    no |
|    10 | internal_clk_BLOCK/U0/mmcm_adv_inst | internal_clk_BLOCK/U0/clk_out_internal6_clk_wiz_internalClocks   |    1 |     1 |    no |
|    11 | internal_clk_BLOCK/U0/mmcm_adv_inst | internal_clk_BLOCK/U0/clkfbout_clk_wiz_internalClocks            |    1 |     1 |    no |
+-------+-------------------------------------+------------------------------------------------------------------+------+-------+-------+


+-------+----------------------------------+-----------------------------------------------+--------------+-------+
|       |                                  |                                               |   Num Loads  |       |
+-------+----------------------------------+-----------------------------------------------+------+-------+-------+
| Index | PLL Cell                         | Net Name                                      | BELs | Sites | Fixed |
+-------+----------------------------------+-----------------------------------------------+------+-------+-------+
|     1 | NIM_CLKS_BLOCK/U0/plle2_adv_inst | NIM_CLKS_BLOCK/U0/clk_out_dac125_NIM_CLKS     |    1 |     1 |    no |
|     2 | NIM_CLKS_BLOCK/U0/plle2_adv_inst | NIM_CLKS_BLOCK/U0/clk_out_internal40_NIM_CLKS |    1 |     1 |    no |
|     3 | NIM_CLKS_BLOCK/U0/plle2_adv_inst | NIM_CLKS_BLOCK/U0/clkfbout_NIM_CLKS           |    1 |     1 |    no |
+-------+----------------------------------+-----------------------------------------------+------+-------+-------+


3. Details of Regional Clocks
-----------------------------

4. Details of Multi-Regional Clocks
-----------------------------------

5. Details of I/O Clocks
------------------------

6. Details of Local Clocks
--------------------------

7. Clock Regions : Key Resource Utilization
-------------------------------------------

+-------------------+--------------+--------------+--------------+--------------+--------------+--------------+--------------+--------------+--------------+--------------+---------------+--------------+--------------+--------------+--------------+
|                   | Global Clock |     BUFRs    |    BUFMRs    |    BUFIOs    |     MMCM     |      PLL     |      GT      |      PCI     |    ILOGIC    |    OLOGIC    |       FF      |     LUTM     |    RAMB18    |    RAMB36    |    DSP48E1   |
+-------------------+------+-------+------+-------+------+-------+------+-------+------+-------+------+-------+------+-------+------+-------+------+-------+------+-------+-------+-------+------+-------+------+-------+------+-------+------+-------+
| Clock Region Name | Used | Avail | Used | Avail | Used | Avail | Used | Avail | Used | Avail | Used | Avail | Used | Avail | Used | Avail | Used | Avail | Used | Avail |  Used | Avail | Used | Avail | Used | Avail | Used | Avail | Used | Avail |
+-------------------+------+-------+------+-------+------+-------+------+-------+------+-------+------+-------+------+-------+------+-------+------+-------+------+-------+-------+-------+------+-------+------+-------+------+-------+------+-------+
| X0Y0              |    1 |    12 |    0 |     4 |    0 |     2 |    0 |     4 |    0 |     1 |    0 |     1 |    0 |     5 |    0 |     0 |    0 |    50 |    0 |    50 |  2287 | 21600 |  459 |  3200 |    0 |    60 |    7 |    30 |    0 |    60 |
| X1Y0              |    3 |    12 |    0 |     4 |    0 |     2 |    0 |     4 |    1 |     1 |    0 |     1 |    0 |     5 |    0 |     0 |    0 |    50 |    0 |    50 |     0 | 20000 |    0 |  3200 |    0 |    40 |    0 |    20 |    0 |    40 |
| X0Y1              |    3 |    12 |    0 |     4 |    0 |     2 |    0 |     4 |    0 |     1 |    0 |     1 |    0 |     0 |    0 |     0 |    0 |    50 |    0 |    50 | 10009 | 33600 |  732 |  5600 |    3 |   100 |    9 |    50 |    0 |   100 |
| X1Y1              |    4 |    12 |    0 |     4 |    0 |     2 |    0 |     4 |    0 |     1 |    0 |     1 |    0 |     0 |    0 |     0 |    0 |    50 |    0 |    50 |  3203 | 32000 |  265 |  5600 |    0 |    80 |    0 |    40 |    0 |    80 |
| X0Y2              |    5 |    12 |    0 |     4 |    0 |     2 |    0 |     4 |    1 |     1 |    0 |     1 |    0 |     0 |    0 |     0 |    0 |    50 |    0 |    50 |  5763 | 28800 |    0 |  5600 |    0 |   100 |    0 |    50 |    0 |   100 |
| X1Y2              |    3 |    12 |    0 |     4 |    0 |     2 |    0 |     4 |    0 |     1 |    0 |     1 |    0 |     0 |    0 |     0 |    0 |    50 |    0 |    50 |  1031 | 32000 |    0 |  5600 |    0 |    80 |    0 |    40 |    0 |    80 |
| X0Y3              |    0 |    12 |    0 |     4 |    0 |     2 |    0 |     4 |    0 |     1 |    0 |     1 |    0 |     0 |    0 |     0 |    0 |    50 |    0 |    50 |     0 | 28800 |    0 |  5600 |    0 |   100 |    0 |    50 |    0 |   100 |
| X1Y3              |    0 |    12 |    0 |     4 |    0 |     2 |    0 |     4 |    0 |     1 |    0 |     1 |    0 |     0 |    0 |     0 |    0 |    50 |    0 |    50 |     0 | 32000 |    0 |  5600 |    0 |    80 |    0 |    40 |    0 |    80 |
| X0Y4              |    2 |    12 |    0 |     4 |    0 |     2 |    0 |     4 |    0 |     1 |    1 |     1 |    0 |     5 |    0 |     1 |    0 |    50 |    0 |    50 |     0 | 20400 |    0 |  3000 |    0 |    50 |    0 |    25 |    0 |    60 |
| X1Y4              |    0 |    12 |    0 |     4 |    0 |     2 |    0 |     4 |    0 |     1 |    0 |     1 |    0 |     5 |    0 |     0 |    0 |    50 |    0 |    50 |     0 | 20000 |    0 |  3200 |    0 |    40 |    0 |    20 |    0 |    40 |
+-------------------+------+-------+------+-------+------+-------+------+-------+------+-------+------+-------+------+-------+------+-------+------+-------+------+-------+-------+-------+------+-------+------+-------+------+-------+------+-------+
* RAMB36 site can be used as two RAMB18/FIFO18 sites.


8. Net wise resources used in clock region X0Y0
-----------------------------------------------

+-------------+-------------+-------+-----------+----------+---------+-----------+---------+---------+------+-------+----------+----------------+
| Source Type | BUFHCE Site | Fixed | MMCM Pins | PLL Pins | GT Pins | BRAM Pins | ILOGICs | OLOGICs |  FFs | LUTMs | DSP48E1s | Clock Net Name |
+-------------+-------------+-------+-----------+----------+---------+-----------+---------+---------+------+-------+----------+----------------+
| BUFG        | BUFHCE_X0Y8 |   no  |         0 |        0 |       0 |        14 |       0 |       0 | 2287 |   459 |        0 | MASTER_CLK     |
+-------------+-------------+-------+-----------+----------+---------+-----------+---------+---------+------+-------+----------+----------------+


9. Net wise resources used in clock region X1Y0
-----------------------------------------------

+-------------+-------------+-------+-----------+----------+---------+-----------+---------+---------+-----+-------+----------+-----------------------------------------------------------+
| Source Type | BUFHCE Site | Fixed | MMCM Pins | PLL Pins | GT Pins | BRAM Pins | ILOGICs | OLOGICs | FFs | LUTMs | DSP48E1s |                       Clock Net Name                      |
+-------------+-------------+-------+-----------+----------+---------+-----------+---------+---------+-----+-------+----------+-----------------------------------------------------------+
| BUFG        | BUFHCE_X1Y1 |   no  |         1 |        0 |       0 |         0 |       0 |       0 |   0 |     0 |        0 | NIM_CLKS_BLOCK/U0/clk_out_internal40                      |
| BUFG        | BUFHCE_X1Y0 |   no  |         1 |        0 |       0 |         0 |       0 |       0 |   0 |     0 |        0 | internal_clk_BLOCK/U0/clkfbout_buf_clk_wiz_internalClocks |
+-------------+-------------+-------+-----------+----------+---------+-----------+---------+---------+-----+-------+----------+-----------------------------------------------------------+


10. Net wise resources used in clock region X0Y1
------------------------------------------------

+-------------+--------------+-------+-----------+----------+---------+-----------+---------+---------+------+-------+----------+---------------------+
| Source Type | BUFHCE Site  | Fixed | MMCM Pins | PLL Pins | GT Pins | BRAM Pins | ILOGICs | OLOGICs |  FFs | LUTMs | DSP48E1s |    Clock Net Name   |
+-------------+--------------+-------+-----------+----------+---------+-----------+---------+---------+------+-------+----------+---------------------+
| BUFG        | BUFHCE_X0Y20 |   no  |         0 |        0 |       0 |         0 |       0 |       0 |   18 |     0 |        0 | IBUF_USER_CLK_n_161 |
| BUFG        | BUFHCE_X0Y22 |   no  |         0 |        0 |       0 |         1 |       0 |       0 | 4563 |     0 |        0 | bmx_320             |
| BUFG        | BUFHCE_X0Y21 |   no  |         0 |        0 |       0 |        23 |       0 |       0 | 5428 |   732 |        0 | MASTER_CLK          |
+-------------+--------------+-------+-----------+----------+---------+-----------+---------+---------+------+-------+----------+---------------------+


11. Net wise resources used in clock region X1Y1
------------------------------------------------

+-------------+--------------+-------+-----------+----------+---------+-----------+---------+---------+------+-------+----------+--------------------------+
| Source Type | BUFHCE Site  | Fixed | MMCM Pins | PLL Pins | GT Pins | BRAM Pins | ILOGICs | OLOGICs |  FFs | LUTMs | DSP48E1s |      Clock Net Name      |
+-------------+--------------+-------+-----------+----------+---------+-----------+---------+---------+------+-------+----------+--------------------------+
| BUFG        | BUFHCE_X1Y21 |   no  |         0 |        0 |       0 |         0 |       0 |       0 |    1 |     0 |        0 | dbg_hub/inst/UPDATE_temp |
| BUFG        | BUFHCE_X1Y20 |   no  |         0 |        0 |       0 |         0 |       0 |       0 |  245 |    24 |        0 | dbg_hub/inst/idrck       |
| BUFG        | BUFHCE_X1Y23 |   no  |         0 |        0 |       0 |         0 |       0 |       0 |  970 |     0 |        0 | bmx_320                  |
| BUFG        | BUFHCE_X1Y22 |   no  |         0 |        0 |       0 |         0 |       0 |       0 | 1987 |   241 |        0 | MASTER_CLK               |
+-------------+--------------+-------+-----------+----------+---------+-----------+---------+---------+------+-------+----------+--------------------------+


12. Net wise resources used in clock region X0Y2
------------------------------------------------

+-------------+--------------+-------+-----------+----------+---------+-----------+---------+---------+------+-------+----------+-------------------------------------------+
| Source Type | BUFHCE Site  | Fixed | MMCM Pins | PLL Pins | GT Pins | BRAM Pins | ILOGICs | OLOGICs |  FFs | LUTMs | DSP48E1s |               Clock Net Name              |
+-------------+--------------+-------+-----------+----------+---------+-----------+---------+---------+------+-------+----------+-------------------------------------------+
| BUFG        | BUFHCE_X0Y25 |   no  |         1 |        0 |       0 |         0 |       0 |       0 |    0 |     0 |        0 | clk_wiz_1_BLOCK/U0/clkfbout_buf_clk_wiz_1 |
| BUFG        | BUFHCE_X0Y24 |   no  |         1 |        0 |       0 |         0 |       0 |       0 |    0 |     0 |        0 | selected_ext_clkg                         |
| BUFG        | BUFHCE_X0Y32 |   no  |         0 |        0 |       0 |         0 |       0 |       0 |   26 |     0 |        0 | DAC_CLK_bufg_n_161                        |
| BUFG        | BUFHCE_X0Y33 |   no  |         0 |        0 |       0 |         0 |       0 |       0 | 2230 |     0 |        0 | MASTER_CLK                                |
| BUFG        | BUFHCE_X0Y34 |   no  |         0 |        0 |       0 |         0 |       0 |       0 | 3507 |     0 |        0 | bmx_320                                   |
+-------------+--------------+-------+-----------+----------+---------+-----------+---------+---------+------+-------+----------+-------------------------------------------+


13. Net wise resources used in clock region X1Y2
------------------------------------------------

+-------------+--------------+-------+-----------+----------+---------+-----------+---------+---------+-----+-------+----------+----------------+
| Source Type | BUFHCE Site  | Fixed | MMCM Pins | PLL Pins | GT Pins | BRAM Pins | ILOGICs | OLOGICs | FFs | LUTMs | DSP48E1s | Clock Net Name |
+-------------+--------------+-------+-----------+----------+---------+-----------+---------+---------+-----+-------+----------+----------------+
| BUFG        | BUFHCE_X1Y32 |   no  |         0 |        0 |       0 |         0 |       0 |       0 | 315 |     0 |        0 | MASTER_CLK     |
| BUFG        | BUFHCE_X1Y33 |   no  |         0 |        0 |       0 |         0 |       0 |       0 | 716 |     0 |        0 | bmx_320        |
+-------------+--------------+-------+-----------+----------+---------+-----------+---------+---------+-----+-------+----------+----------------+


14. Net wise resources used in clock region X0Y4
------------------------------------------------

+-------------+--------------+-------+-----------+----------+---------+-----------+---------+---------+-----+-------+----------+-----------------------------------------+
| Source Type | BUFHCE Site  | Fixed | MMCM Pins | PLL Pins | GT Pins | BRAM Pins | ILOGICs | OLOGICs | FFs | LUTMs | DSP48E1s |              Clock Net Name             |
+-------------+--------------+-------+-----------+----------+---------+-----------+---------+---------+-----+-------+----------+-----------------------------------------+
| BUFG        | BUFHCE_X0Y48 |   no  |         0 |        1 |       0 |         0 |       0 |       0 |   0 |     0 |        0 | MASTER_CLK                              |
| BUFG        | BUFHCE_X0Y49 |   no  |         0 |        1 |       0 |         0 |       0 |       0 |   0 |     0 |        0 | NIM_CLKS_BLOCK/U0/clkfbout_buf_NIM_CLKS |
+-------------+--------------+-------+-----------+----------+---------+-----------+---------+---------+-----+-------+----------+-----------------------------------------+



# Location of BUFG Primitives 
set_property LOC BUFGCTRL_X0Y18 [get_cells DAC_CLK_bufg]
set_property LOC BUFGCTRL_X0Y2 [get_cells IBUF_USER_CLK]
set_property LOC BUFGCTRL_X0Y0 [get_cells IBUF_PHY_RXCLK]
set_property LOC BUFGCTRL_X0Y19 [get_cells NIM_CLKS_BLOCK/U0/clkout2_buf]
set_property LOC BUFGCTRL_X0Y20 [get_cells NIM_CLKS_BLOCK/U0/clkf_buf]
set_property LOC BUFGCTRL_X0Y17 [get_cells CLK_mx_160_bufg]
set_property LOC BUFGCTRL_X0Y16 [get_cells CLK_mx_40_bufg]
set_property LOC BUFGCTRL_X0Y7 [get_cells clk_wiz_1_BLOCK/U0/clkout2_buf]
set_property LOC BUFGCTRL_X0Y6 [get_cells clk_wiz_1_BLOCK/U0/clkout1_buf]
set_property LOC BUFGCTRL_X0Y9 [get_cells clk_wiz_1_BLOCK/U0/clkout6_buf]
set_property LOC BUFGCTRL_X0Y4 [get_cells clk_wiz_1_BLOCK/U0/clkout4_buf]
set_property LOC BUFGCTRL_X0Y8 [get_cells clk_wiz_1_BLOCK/U0/clkout3_buf]
set_property LOC BUFGCTRL_X0Y5 [get_cells clk_wiz_1_BLOCK/U0/clkf_buf]
set_property LOC BUFGCTRL_X0Y10 [get_cells dbg_hub/inst/N_EXT_BSCAN.u_bufg_icon_update]
set_property LOC BUFGCTRL_X0Y1 [get_cells dbg_hub/inst/N_EXT_BSCAN.u_bufg_icon]
set_property LOC BUFGCTRL_X0Y13 [get_cells internal_clk_BLOCK/U0/clkout2_buf]
set_property LOC BUFGCTRL_X0Y12 [get_cells internal_clk_BLOCK/U0/clkout1_buf]
set_property LOC BUFGCTRL_X0Y15 [get_cells internal_clk_BLOCK/U0/clkout4_buf]
set_property LOC BUFGCTRL_X0Y14 [get_cells internal_clk_BLOCK/U0/clkout3_buf]
set_property LOC BUFGCTRL_X0Y11 [get_cells internal_clk_BLOCK/U0/clkf_buf]
set_property LOC BUFGCTRL_X0Y3 [get_cells genExtClkMux[0].extClkMuxBUFG]

# Location of IO Clock Primitives

# Location of MMCM Clock Primitives
set_property LOC MMCME2_ADV_X0Y2 [get_cells clk_wiz_1_BLOCK/U0/mmcm_adv_inst]
set_property LOC MMCME2_ADV_X1Y0 [get_cells internal_clk_BLOCK/U0/mmcm_adv_inst]

# Location of BUFH Clock Primitives

# Location of BUFR Clock Primitives

# Location of BUFMR Clock Primitives

# Location of PLL Clock Primitives
set_property LOC PLLE2_ADV_X0Y4 [get_cells NIM_CLKS_BLOCK/U0/plle2_adv_inst]

# Location of IO Primitives which is load of clock spine
set_property LOC IOB_X1Y106 [get_cells OBUFDS_CMS_CLK40A_OUT]
set_property LOC IOB_X1Y40 [get_cells OBUFDS_CMS_CLK40B_OUT]
set_property LOC IOB_X0Y125 [get_cells OBUF_PHY_TXCLK]

# Location of clock ports
set_property LOC IOB_X0Y126 [get_ports PHY_RXCLK]
set_property LOC IOB_X0Y124 [get_ports USER_CLOCK]

# Clock net "DAC_CLK_bufg_n_161" driven by instance "DAC_CLK_bufg" located at site "BUFGCTRL_X0Y18"
#startgroup
create_pblock {CLKAG_DAC_CLK_bufg_n_161}
add_cells_to_pblock [get_pblocks  {CLKAG_DAC_CLK_bufg_n_161}] [get_cells -filter { PRIMITIVE_GROUP != I/O && IS_PRIMITIVE==1 && PRIMITIVE_LEVEL !=INTERNAL } -of_object [get_pins -filter {DIRECTION==IN} -of_objects [get_nets -hierarchical -filter {PARENT=="DAC_CLK_bufg_n_161"}]]]
resize_pblock [get_pblocks {CLKAG_DAC_CLK_bufg_n_161}] -add {CLOCKREGION_X0Y2:CLOCKREGION_X0Y2}
#endgroup

# Clock net "IBUF_USER_CLK_n_161" driven by instance "IBUF_USER_CLK" located at site "BUFGCTRL_X0Y2"
#startgroup
create_pblock {CLKAG_IBUF_USER_CLK_n_161}
add_cells_to_pblock [get_pblocks  {CLKAG_IBUF_USER_CLK_n_161}] [get_cells -filter { PRIMITIVE_GROUP != I/O && IS_PRIMITIVE==1 && PRIMITIVE_LEVEL !=INTERNAL } -of_object [get_pins -filter {DIRECTION==IN} -of_objects [get_nets -hierarchical -filter {PARENT=="IBUF_USER_CLK_n_161"}]]]
resize_pblock [get_pblocks {CLKAG_IBUF_USER_CLK_n_161}] -add {CLOCKREGION_X0Y1:CLOCKREGION_X0Y1}
#endgroup

# Clock net "MASTER_CLK" driven by instance "IBUF_PHY_RXCLK" located at site "BUFGCTRL_X0Y0"
#startgroup
create_pblock {CLKAG_MASTER_CLK}
add_cells_to_pblock [get_pblocks  {CLKAG_MASTER_CLK}] [get_cells -filter { PRIMITIVE_GROUP != I/O && IS_PRIMITIVE==1 && PRIMITIVE_LEVEL !=INTERNAL && NAME!=NIM_CLKS_BLOCK/U0/plle2_adv_inst && NAME!=OBUF_PHY_TXCLK} -of_object [get_pins -filter {DIRECTION==IN} -of_objects [get_nets -hierarchical -filter {PARENT=="MASTER_CLK"}]]]
resize_pblock [get_pblocks {CLKAG_MASTER_CLK}] -add {CLOCKREGION_X0Y0:CLOCKREGION_X0Y0 CLOCKREGION_X0Y1:CLOCKREGION_X0Y1 CLOCKREGION_X0Y2:CLOCKREGION_X0Y2 CLOCKREGION_X1Y1:CLOCKREGION_X1Y1 CLOCKREGION_X1Y2:CLOCKREGION_X1Y2}
#endgroup

# Clock net "NIM_CLKS_BLOCK/U0/clk_out_internal40" driven by instance "NIM_CLKS_BLOCK/U0/clkout2_buf" located at site "BUFGCTRL_X0Y19"
#startgroup
create_pblock {CLKAG_NIM_CLKS_BLOCK/U0/clk_out_internal40}
add_cells_to_pblock [get_pblocks  {CLKAG_NIM_CLKS_BLOCK/U0/clk_out_internal40}] [get_cells -filter { PRIMITIVE_GROUP != I/O && IS_PRIMITIVE==1 && PRIMITIVE_LEVEL !=INTERNAL && NAME!=internal_clk_BLOCK/U0/mmcm_adv_inst} -of_object [get_pins -filter {DIRECTION==IN} -of_objects [get_nets -hierarchical -filter {PARENT=="NIM_CLKS_BLOCK/U0/clk_out_internal40"}]]]
resize_pblock [get_pblocks {CLKAG_NIM_CLKS_BLOCK/U0/clk_out_internal40}] -add {CLOCKREGION_X0Y0:CLOCKREGION_X0Y0 CLOCKREGION_X0Y3:CLOCKREGION_X0Y3}
#endgroup

# Clock net "bmx_320" driven by instance "CLK_mx_160_bufg" located at site "BUFGCTRL_X0Y17"
#startgroup
create_pblock {CLKAG_bmx_320}
add_cells_to_pblock [get_pblocks  {CLKAG_bmx_320}] [get_cells -filter { PRIMITIVE_GROUP != I/O && IS_PRIMITIVE==1 && PRIMITIVE_LEVEL !=INTERNAL } -of_object [get_pins -filter {DIRECTION==IN} -of_objects [get_nets -hierarchical -filter {PARENT=="bmx_320"}]]]
resize_pblock [get_pblocks {CLKAG_bmx_320}] -add {CLOCKREGION_X0Y0:CLOCKREGION_X0Y0 CLOCKREGION_X0Y1:CLOCKREGION_X0Y1 CLOCKREGION_X0Y2:CLOCKREGION_X0Y2 CLOCKREGION_X1Y1:CLOCKREGION_X1Y1 CLOCKREGION_X1Y2:CLOCKREGION_X1Y2}
#endgroup

# Clock net "bmx_40" driven by instance "CLK_mx_40_bufg" located at site "BUFGCTRL_X0Y16"
#startgroup
create_pblock {CLKAG_bmx_40}
add_cells_to_pblock [get_pblocks  {CLKAG_bmx_40}] [get_cells -filter { PRIMITIVE_GROUP != I/O && IS_PRIMITIVE==1 && PRIMITIVE_LEVEL !=INTERNAL && NAME!=OBUFDS_CMS_CLK40B_OUT && NAME!=OBUFDS_CMS_CLK40A_OUT} -of_object [get_pins -filter {DIRECTION==IN} -of_objects [get_nets -hierarchical -filter {PARENT=="bmx_40"}]]]
resize_pblock [get_pblocks {CLKAG_bmx_40}] -add {CLOCKREGION_X0Y2:CLOCKREGION_X0Y2}
#endgroup

# Clock net "clk_wiz_1_BLOCK/U0/clk_out_external13" driven by instance "clk_wiz_1_BLOCK/U0/clkout2_buf" located at site "BUFGCTRL_X0Y7"
#startgroup
create_pblock {CLKAG_clk_wiz_1_BLOCK/U0/clk_out_external13}
add_cells_to_pblock [get_pblocks  {CLKAG_clk_wiz_1_BLOCK/U0/clk_out_external13}] [get_cells -filter { PRIMITIVE_GROUP != I/O && IS_PRIMITIVE==1 && PRIMITIVE_LEVEL !=INTERNAL } -of_object [get_pins -filter {DIRECTION==IN} -of_objects [get_nets -hierarchical -filter {PARENT=="clk_wiz_1_BLOCK/U0/clk_out_external13"}]]]
resize_pblock [get_pblocks {CLKAG_clk_wiz_1_BLOCK/U0/clk_out_external13}] -add {CLOCKREGION_X0Y3:CLOCKREGION_X0Y3}
#endgroup

# Clock net "clk_wiz_1_BLOCK/U0/clk_out_external160" driven by instance "clk_wiz_1_BLOCK/U0/clkout1_buf" located at site "BUFGCTRL_X0Y6"
#startgroup
create_pblock {CLKAG_clk_wiz_1_BLOCK/U0/clk_out_external160}
add_cells_to_pblock [get_pblocks  {CLKAG_clk_wiz_1_BLOCK/U0/clk_out_external160}] [get_cells -filter { PRIMITIVE_GROUP != I/O && IS_PRIMITIVE==1 && PRIMITIVE_LEVEL !=INTERNAL } -of_object [get_pins -filter {DIRECTION==IN} -of_objects [get_nets -hierarchical -filter {PARENT=="clk_wiz_1_BLOCK/U0/clk_out_external160"}]]]
resize_pblock [get_pblocks {CLKAG_clk_wiz_1_BLOCK/U0/clk_out_external160}] -add {CLOCKREGION_X0Y2:CLOCKREGION_X0Y2}
#endgroup

# Clock net "clk_wiz_1_BLOCK/U0/clk_out_external26" driven by instance "clk_wiz_1_BLOCK/U0/clkout6_buf" located at site "BUFGCTRL_X0Y9"
#startgroup
create_pblock {CLKAG_clk_wiz_1_BLOCK/U0/clk_out_external26}
add_cells_to_pblock [get_pblocks  {CLKAG_clk_wiz_1_BLOCK/U0/clk_out_external26}] [get_cells -filter { PRIMITIVE_GROUP != I/O && IS_PRIMITIVE==1 && PRIMITIVE_LEVEL !=INTERNAL } -of_object [get_pins -filter {DIRECTION==IN} -of_objects [get_nets -hierarchical -filter {PARENT=="clk_wiz_1_BLOCK/U0/clk_out_external26"}]]]
resize_pblock [get_pblocks {CLKAG_clk_wiz_1_BLOCK/U0/clk_out_external26}] -add {CLOCKREGION_X0Y2:CLOCKREGION_X0Y2}
#endgroup

# Clock net "clk_wiz_1_BLOCK/U0/clk_out_external40" driven by instance "clk_wiz_1_BLOCK/U0/clkout4_buf" located at site "BUFGCTRL_X0Y4"
#startgroup
create_pblock {CLKAG_clk_wiz_1_BLOCK/U0/clk_out_external40}
add_cells_to_pblock [get_pblocks  {CLKAG_clk_wiz_1_BLOCK/U0/clk_out_external40}] [get_cells -filter { PRIMITIVE_GROUP != I/O && IS_PRIMITIVE==1 && PRIMITIVE_LEVEL !=INTERNAL } -of_object [get_pins -filter {DIRECTION==IN} -of_objects [get_nets -hierarchical -filter {PARENT=="clk_wiz_1_BLOCK/U0/clk_out_external40"}]]]
resize_pblock [get_pblocks {CLKAG_clk_wiz_1_BLOCK/U0/clk_out_external40}] -add {CLOCKREGION_X0Y1:CLOCKREGION_X0Y1 CLOCKREGION_X0Y3:CLOCKREGION_X0Y3}
#endgroup

# Clock net "clk_wiz_1_BLOCK/U0/clk_out_external6" driven by instance "clk_wiz_1_BLOCK/U0/clkout3_buf" located at site "BUFGCTRL_X0Y8"
#startgroup
create_pblock {CLKAG_clk_wiz_1_BLOCK/U0/clk_out_external6}
add_cells_to_pblock [get_pblocks  {CLKAG_clk_wiz_1_BLOCK/U0/clk_out_external6}] [get_cells -filter { PRIMITIVE_GROUP != I/O && IS_PRIMITIVE==1 && PRIMITIVE_LEVEL !=INTERNAL } -of_object [get_pins -filter {DIRECTION==IN} -of_objects [get_nets -hierarchical -filter {PARENT=="clk_wiz_1_BLOCK/U0/clk_out_external6"}]]]
resize_pblock [get_pblocks {CLKAG_clk_wiz_1_BLOCK/U0/clk_out_external6}] -add {CLOCKREGION_X0Y3:CLOCKREGION_X0Y3}
#endgroup

# Clock net "dbg_hub/inst/UPDATE_temp" driven by instance "dbg_hub/inst/N_EXT_BSCAN.u_bufg_icon_update" located at site "BUFGCTRL_X0Y10"
#startgroup
create_pblock {CLKAG_dbg_hub/inst/UPDATE_temp}
add_cells_to_pblock [get_pblocks  {CLKAG_dbg_hub/inst/UPDATE_temp}] [get_cells -filter { PRIMITIVE_GROUP != I/O && IS_PRIMITIVE==1 && PRIMITIVE_LEVEL !=INTERNAL } -of_object [get_pins -filter {DIRECTION==IN} -of_objects [get_nets -hierarchical -filter {PARENT=="dbg_hub/inst/UPDATE_temp"}]]]
resize_pblock [get_pblocks {CLKAG_dbg_hub/inst/UPDATE_temp}] -add {CLOCKREGION_X1Y1:CLOCKREGION_X1Y1}
#endgroup

# Clock net "dbg_hub/inst/idrck" driven by instance "dbg_hub/inst/N_EXT_BSCAN.u_bufg_icon" located at site "BUFGCTRL_X0Y1"
#startgroup
create_pblock {CLKAG_dbg_hub/inst/idrck}
add_cells_to_pblock [get_pblocks  {CLKAG_dbg_hub/inst/idrck}] [get_cells -filter { PRIMITIVE_GROUP != I/O && IS_PRIMITIVE==1 && PRIMITIVE_LEVEL !=INTERNAL } -of_object [get_pins -filter {DIRECTION==IN} -of_objects [get_nets -hierarchical -filter {PARENT=="dbg_hub/inst/idrck"}]]]
resize_pblock [get_pblocks {CLKAG_dbg_hub/inst/idrck}] -add {CLOCKREGION_X1Y1:CLOCKREGION_X1Y1}
#endgroup

# Clock net "internal_clk_BLOCK/U0/clk_out_internal13" driven by instance "internal_clk_BLOCK/U0/clkout2_buf" located at site "BUFGCTRL_X0Y13"
#startgroup
create_pblock {CLKAG_internal_clk_BLOCK/U0/clk_out_internal13}
add_cells_to_pblock [get_pblocks  {CLKAG_internal_clk_BLOCK/U0/clk_out_internal13}] [get_cells -filter { PRIMITIVE_GROUP != I/O && IS_PRIMITIVE==1 && PRIMITIVE_LEVEL !=INTERNAL } -of_object [get_pins -filter {DIRECTION==IN} -of_objects [get_nets -hierarchical -filter {PARENT=="internal_clk_BLOCK/U0/clk_out_internal13"}]]]
resize_pblock [get_pblocks {CLKAG_internal_clk_BLOCK/U0/clk_out_internal13}] -add {CLOCKREGION_X0Y3:CLOCKREGION_X0Y3}
#endgroup

# Clock net "internal_clk_BLOCK/U0/clk_out_internal160" driven by instance "internal_clk_BLOCK/U0/clkout1_buf" located at site "BUFGCTRL_X0Y12"
#startgroup
create_pblock {CLKAG_internal_clk_BLOCK/U0/clk_out_internal160}
add_cells_to_pblock [get_pblocks  {CLKAG_internal_clk_BLOCK/U0/clk_out_internal160}] [get_cells -filter { PRIMITIVE_GROUP != I/O && IS_PRIMITIVE==1 && PRIMITIVE_LEVEL !=INTERNAL } -of_object [get_pins -filter {DIRECTION==IN} -of_objects [get_nets -hierarchical -filter {PARENT=="internal_clk_BLOCK/U0/clk_out_internal160"}]]]
resize_pblock [get_pblocks {CLKAG_internal_clk_BLOCK/U0/clk_out_internal160}] -add {CLOCKREGION_X0Y2:CLOCKREGION_X0Y2}
#endgroup

# Clock net "internal_clk_BLOCK/U0/clk_out_internal26" driven by instance "internal_clk_BLOCK/U0/clkout4_buf" located at site "BUFGCTRL_X0Y15"
#startgroup
create_pblock {CLKAG_internal_clk_BLOCK/U0/clk_out_internal26}
add_cells_to_pblock [get_pblocks  {CLKAG_internal_clk_BLOCK/U0/clk_out_internal26}] [get_cells -filter { PRIMITIVE_GROUP != I/O && IS_PRIMITIVE==1 && PRIMITIVE_LEVEL !=INTERNAL } -of_object [get_pins -filter {DIRECTION==IN} -of_objects [get_nets -hierarchical -filter {PARENT=="internal_clk_BLOCK/U0/clk_out_internal26"}]]]
resize_pblock [get_pblocks {CLKAG_internal_clk_BLOCK/U0/clk_out_internal26}] -add {CLOCKREGION_X0Y2:CLOCKREGION_X0Y2}
#endgroup

# Clock net "internal_clk_BLOCK/U0/clk_out_internal6" driven by instance "internal_clk_BLOCK/U0/clkout3_buf" located at site "BUFGCTRL_X0Y14"
#startgroup
create_pblock {CLKAG_internal_clk_BLOCK/U0/clk_out_internal6}
add_cells_to_pblock [get_pblocks  {CLKAG_internal_clk_BLOCK/U0/clk_out_internal6}] [get_cells -filter { PRIMITIVE_GROUP != I/O && IS_PRIMITIVE==1 && PRIMITIVE_LEVEL !=INTERNAL } -of_object [get_pins -filter {DIRECTION==IN} -of_objects [get_nets -hierarchical -filter {PARENT=="internal_clk_BLOCK/U0/clk_out_internal6"}]]]
resize_pblock [get_pblocks {CLKAG_internal_clk_BLOCK/U0/clk_out_internal6}] -add {CLOCKREGION_X0Y3:CLOCKREGION_X0Y3}
#endgroup

# Clock net "selected_ext_clkg" driven by instance "genExtClkMux[0].extClkMuxBUFG" located at site "BUFGCTRL_X0Y3"
#startgroup
create_pblock {CLKAG_selected_ext_clkg}
add_cells_to_pblock [get_pblocks  {CLKAG_selected_ext_clkg}] [get_cells -filter { PRIMITIVE_GROUP != I/O && IS_PRIMITIVE==1 && PRIMITIVE_LEVEL !=INTERNAL && NAME!=clk_wiz_1_BLOCK/U0/mmcm_adv_inst} -of_object [get_pins -filter {DIRECTION==IN} -of_objects [get_nets -hierarchical -filter {PARENT=="selected_ext_clkg"}]]]
resize_pblock [get_pblocks {CLKAG_selected_ext_clkg}] -add {CLOCKREGION_X0Y1:CLOCKREGION_X0Y1 CLOCKREGION_X0Y2:CLOCKREGION_X0Y2}
#endgroup
