V3 205
FL /home/rrivera/g-2/fromWindows/KickerControllerFirmware-master/GEL_CAPTAN/buffer_10bit.vhd 2017/10/08.10:24:44 P.20131013
EN work/buffer_10bit 1510848719 \
      FL /home/rrivera/g-2/fromWindows/KickerControllerFirmware-master/GEL_CAPTAN/buffer_10bit.vhd \
      PB ieee/std_logic_1164 1381692176 PB ieee/std_logic_arith 1381692177 \
      PB ieee/STD_LOGIC_UNSIGNED 1381692179
AR work/buffer_10bit/Behavioral 1510848720 \
      FL /home/rrivera/g-2/fromWindows/KickerControllerFirmware-master/GEL_CAPTAN/buffer_10bit.vhd \
      EN work/buffer_10bit 1510848719
FL /home/rrivera/g-2/fromWindows/KickerControllerFirmware-master/GEL_CAPTAN/ClockLatchSignals.vhd 2017/10/08.10:24:38 P.20131013
EN work/ClockLatchSignals 1510848727 \
      FL /home/rrivera/g-2/fromWindows/KickerControllerFirmware-master/GEL_CAPTAN/ClockLatchSignals.vhd \
      PB ieee/NUMERIC_STD 1381692181 PB ieee/std_logic_1164 1381692176 \
      PB ieee/STD_LOGIC_UNSIGNED 1381692179
AR work/ClockLatchSignals/Behavioral 1510848728 \
      FL /home/rrivera/g-2/fromWindows/KickerControllerFirmware-master/GEL_CAPTAN/ClockLatchSignals.vhd \
      EN work/ClockLatchSignals 1510848727
FL /home/rrivera/g-2/fromWindows/KickerControllerFirmware-master/GEL_CAPTAN/data_send.vhd 2017/10/17.17:14:30 P.20131013
EN work/data_send 1510848725 \
      FL /home/rrivera/g-2/fromWindows/KickerControllerFirmware-master/GEL_CAPTAN/data_send.vhd \
      PB ieee/std_logic_1164 1381692176 PB ieee/NUMERIC_STD 1381692181 \
      PB ieee/STD_LOGIC_UNSIGNED 1381692179
AR work/data_send/Behavioral 1510848726 \
      FL /home/rrivera/g-2/fromWindows/KickerControllerFirmware-master/GEL_CAPTAN/data_send.vhd \
      EN work/data_send 1510848725
FL /home/rrivera/g-2/fromWindows/KickerControllerFirmware-master/GEL_CAPTAN/event_analysis.vhd 2017/10/23.16:07:50 P.20131013
EN work/event_analysis 1510848735 \
      FL /home/rrivera/g-2/fromWindows/KickerControllerFirmware-master/GEL_CAPTAN/event_analysis.vhd \
      PB ieee/std_logic_1164 1381692176 PB ieee/NUMERIC_STD 1381692181 \
      PB ieee/STD_LOGIC_UNSIGNED 1381692179
AR work/event_analysis/Behavioral 1510848736 \
      FL /home/rrivera/g-2/fromWindows/KickerControllerFirmware-master/GEL_CAPTAN/event_analysis.vhd \
      EN work/event_analysis 1510848735
FL /home/rrivera/g-2/fromWindows/KickerControllerFirmware-master/GEL_CAPTAN/ext_ip_addr_map.vhd 2017/10/08.10:24:48 P.20131013
EN work/ext_ip_addr_map 1510848737 \
      FL /home/rrivera/g-2/fromWindows/KickerControllerFirmware-master/GEL_CAPTAN/ext_ip_addr_map.vhd \
      PB ieee/std_logic_1164 1381692176
AR work/ext_ip_addr_map/Behavioral 1510848738 \
      FL /home/rrivera/g-2/fromWindows/KickerControllerFirmware-master/GEL_CAPTAN/ext_ip_addr_map.vhd \
      EN work/ext_ip_addr_map 1510848737
FL /home/rrivera/g-2/fromWindows/KickerControllerFirmware-master/GEL_CAPTAN/ipcore_dir/ADC_FIFO.vhd 2017/10/08.10:24:50 P.20131013
EN work/ADC_FIFO 1510848729 \
      FL /home/rrivera/g-2/fromWindows/KickerControllerFirmware-master/GEL_CAPTAN/ipcore_dir/ADC_FIFO.vhd \
      PB ieee/std_logic_1164 1381692176
AR work/ADC_FIFO/ADC_FIFO_a 1510848730 \
      FL /home/rrivera/g-2/fromWindows/KickerControllerFirmware-master/GEL_CAPTAN/ipcore_dir/ADC_FIFO.vhd \
      EN work/ADC_FIFO 1510848729
FL /home/rrivera/g-2/fromWindows/KickerControllerFirmware-master/GEL_CAPTAN/ipcore_dir/EthernetRAM.vhd 2017/10/08.10:24:50 P.20131013
EN work/EthernetRAM 1510848733 \
      FL /home/rrivera/g-2/fromWindows/KickerControllerFirmware-master/GEL_CAPTAN/ipcore_dir/EthernetRAM.vhd \
      PB ieee/std_logic_1164 1381692176
AR work/EthernetRAM/EthernetRAM_a 1510848734 \
      FL /home/rrivera/g-2/fromWindows/KickerControllerFirmware-master/GEL_CAPTAN/ipcore_dir/EthernetRAM.vhd \
      EN work/EthernetRAM 1510848733
FL /home/rrivera/g-2/fromWindows/KickerControllerFirmware-master/GEL_CAPTAN/MUX64_8.vhd 2017/10/08.10:24:42 P.20131013
EN work/MUX64_8 1510848717 \
      FL /home/rrivera/g-2/fromWindows/KickerControllerFirmware-master/GEL_CAPTAN/MUX64_8.vhd \
      PB ieee/std_logic_1164 1381692176 PB ieee/std_logic_arith 1381692177 \
      PB ieee/STD_LOGIC_UNSIGNED 1381692179
AR work/MUX64_8/Behavioral 1510848718 \
      FL /home/rrivera/g-2/fromWindows/KickerControllerFirmware-master/GEL_CAPTAN/MUX64_8.vhd \
      EN work/MUX64_8 1510848717
FL /home/rrivera/g-2/fromWindows/KickerControllerFirmware-master/GEL_CAPTAN/PeakFinder.vhd 2017/11/16.10:06:40 P.20131013
EN work/PeakFinder 1510848731 \
      FL /home/rrivera/g-2/fromWindows/KickerControllerFirmware-master/GEL_CAPTAN/PeakFinder.vhd \
      PB ieee/NUMERIC_STD 1381692181 PB ieee/std_logic_1164 1381692176 \
      PB ieee/STD_LOGIC_UNSIGNED 1381692179
AR work/PeakFinder/Behavioral 1510848732 \
      FL /home/rrivera/g-2/fromWindows/KickerControllerFirmware-master/GEL_CAPTAN/PeakFinder.vhd \
      EN work/PeakFinder 1510848731
FL /home/rrivera/g-2/fromWindows/KickerControllerFirmware-master/GEL_CAPTAN/TOP_LEVEL.vhf 2017/11/16.10:10:57 P.20131013
EN work/M2_1_MXILINX_TOP_LEVEL 1510848739 \
      FL /home/rrivera/g-2/fromWindows/KickerControllerFirmware-master/GEL_CAPTAN/TOP_LEVEL.vhf \
      PB ieee/std_logic_1164 1381692176 PB ieee/NUMERIC_STD 1381692181 LB UNISIM \
      PH unisim/VCOMPONENTS 1381692182
AR work/M2_1_MXILINX_TOP_LEVEL/BEHAVIORAL 1510848740 \
      FL /home/rrivera/g-2/fromWindows/KickerControllerFirmware-master/GEL_CAPTAN/TOP_LEVEL.vhf \
      EN work/M2_1_MXILINX_TOP_LEVEL 1510848739 CP AND2B1 CP OR2 CP AND2
EN work/FD16RE_MXILINX_TOP_LEVEL 1510848741 \
      FL /home/rrivera/g-2/fromWindows/KickerControllerFirmware-master/GEL_CAPTAN/TOP_LEVEL.vhf \
      PB ieee/std_logic_1164 1381692176 PB ieee/NUMERIC_STD 1381692181 LB UNISIM \
      PH unisim/VCOMPONENTS 1381692182
AR work/FD16RE_MXILINX_TOP_LEVEL/BEHAVIORAL 1510848742 \
      FL /home/rrivera/g-2/fromWindows/KickerControllerFirmware-master/GEL_CAPTAN/TOP_LEVEL.vhf \
      EN work/FD16RE_MXILINX_TOP_LEVEL 1510848741 CP FDRE
EN work/FD8RE_MXILINX_TOP_LEVEL 1510848743 \
      FL /home/rrivera/g-2/fromWindows/KickerControllerFirmware-master/GEL_CAPTAN/TOP_LEVEL.vhf \
      PB ieee/std_logic_1164 1381692176 PB ieee/NUMERIC_STD 1381692181 LB UNISIM \
      PH unisim/VCOMPONENTS 1381692182
AR work/FD8RE_MXILINX_TOP_LEVEL/BEHAVIORAL 1510848744 \
      FL /home/rrivera/g-2/fromWindows/KickerControllerFirmware-master/GEL_CAPTAN/TOP_LEVEL.vhf \
      EN work/FD8RE_MXILINX_TOP_LEVEL 1510848743 CP FDRE
EN work/OBUF8_MXILINX_TOP_LEVEL 1510848745 \
      FL /home/rrivera/g-2/fromWindows/KickerControllerFirmware-master/GEL_CAPTAN/TOP_LEVEL.vhf \
      PB ieee/std_logic_1164 1381692176 PB ieee/NUMERIC_STD 1381692181 LB UNISIM \
      PH unisim/VCOMPONENTS 1381692182
AR work/OBUF8_MXILINX_TOP_LEVEL/BEHAVIORAL 1510848746 \
      FL /home/rrivera/g-2/fromWindows/KickerControllerFirmware-master/GEL_CAPTAN/TOP_LEVEL.vhf \
      EN work/OBUF8_MXILINX_TOP_LEVEL 1510848745 CP OBUF
EN work/D4_16E_MXILINX_TOP_LEVEL 1510848747 \
      FL /home/rrivera/g-2/fromWindows/KickerControllerFirmware-master/GEL_CAPTAN/TOP_LEVEL.vhf \
      PB ieee/std_logic_1164 1381692176 PB ieee/NUMERIC_STD 1381692181 LB UNISIM \
      PH unisim/VCOMPONENTS 1381692182
AR work/D4_16E_MXILINX_TOP_LEVEL/BEHAVIORAL 1510848748 \
      FL /home/rrivera/g-2/fromWindows/KickerControllerFirmware-master/GEL_CAPTAN/TOP_LEVEL.vhf \
      EN work/D4_16E_MXILINX_TOP_LEVEL 1510848747 CP AND5B3 CP AND5B2 CP AND5B1 \
      CP AND5 CP AND5B4
EN work/TOP_LEVEL 1510848749 \
      FL /home/rrivera/g-2/fromWindows/KickerControllerFirmware-master/GEL_CAPTAN/TOP_LEVEL.vhf \
      PB ieee/std_logic_1164 1381692176 PB ieee/NUMERIC_STD 1381692181 LB UNISIM \
      PH unisim/VCOMPONENTS 1381692182
AR work/TOP_LEVEL/BEHAVIORAL 1510848750 \
      FL /home/rrivera/g-2/fromWindows/KickerControllerFirmware-master/GEL_CAPTAN/TOP_LEVEL.vhf \
      EN work/TOP_LEVEL 1510848749 CP IDDR CP M2_1_MXILINX_TOP_LEVEL CP IDELAY \
      CP IDELAYCTRL CP AND2 CP DCM_BASE CP BUFG CP D4_16E_MXILINX_TOP_LEVEL CP IBUFG \
      CP OBUF CP IBUF CP VERSION_BLK CP AND2B1 CP MUX64_8 CP IBUFGDS CP FDRE CP XOR2 \
      CP FD16RE_MXILINX_TOP_LEVEL CP IBUFDS CP buffer_10bit CP BUF \
      CP trigger_recv_blk CP GND CP ethernet_interface CP INV \
      CP FD8RE_MXILINX_TOP_LEVEL CP data_send CP ClockLatchSignals CP ADC_FIFO \
      CP VCC CP PeakFinder CP EthernetRAM CP FDCE CP event_analysis \
      CP OBUF8_MXILINX_TOP_LEVEL CP ext_ip_addr_map CP FD
FL /home/rrivera/g-2/fromWindows/KickerControllerFirmware-master/GEL_CAPTAN/trigger_recv_blk.vhd 2017/10/08.10:24:50 P.20131013
EN work/trigger_recv_blk 1510848721 \
      FL /home/rrivera/g-2/fromWindows/KickerControllerFirmware-master/GEL_CAPTAN/trigger_recv_blk.vhd \
      PB ieee/std_logic_1164 1381692176 PB ieee/std_logic_arith 1381692177 \
      PB ieee/STD_LOGIC_UNSIGNED 1381692179
AR work/trigger_recv_blk/Behavioral 1510848722 \
      FL /home/rrivera/g-2/fromWindows/KickerControllerFirmware-master/GEL_CAPTAN/trigger_recv_blk.vhd \
      EN work/trigger_recv_blk 1510848721
FL /home/rrivera/g-2/fromWindows/KickerControllerFirmware-master/GEL_CAPTAN/VERSION_BLK.vhd 2017/11/16.10:10:30 P.20131013
EN work/VERSION_BLK 1510848715 \
      FL /home/rrivera/g-2/fromWindows/KickerControllerFirmware-master/GEL_CAPTAN/VERSION_BLK.vhd \
      PB ieee/std_logic_1164 1381692176 PB ieee/std_logic_arith 1381692177 \
      PB ieee/STD_LOGIC_UNSIGNED 1381692179
AR work/VERSION_BLK/Behavioral 1510848716 \
      FL /home/rrivera/g-2/fromWindows/KickerControllerFirmware-master/GEL_CAPTAN/VERSION_BLK.vhd \
      EN work/VERSION_BLK 1510848715
FL /home/rrivera/g-2/fromWindows/KickerControllerFirmware-master/ipcore_dir/ADDR_FIFO.vhd 2017/10/08.10:25:18 P.20131013
EN work/ADDR_FIFO 1510848691 \
      FL /home/rrivera/g-2/fromWindows/KickerControllerFirmware-master/ipcore_dir/ADDR_FIFO.vhd \
      PB ieee/std_logic_1164 1381692176
AR work/ADDR_FIFO/ADDR_FIFO_a 1510848692 \
      FL /home/rrivera/g-2/fromWindows/KickerControllerFirmware-master/ipcore_dir/ADDR_FIFO.vhd \
      EN work/ADDR_FIFO 1510848691
FL /home/rrivera/g-2/fromWindows/KickerControllerFirmware-master/ipcore_dir/DATA_FIFO_0.vhd 2017/10/08.10:25:18 P.20131013
EN work/DATA_FIFO_0 1510848687 \
      FL /home/rrivera/g-2/fromWindows/KickerControllerFirmware-master/ipcore_dir/DATA_FIFO_0.vhd \
      PB ieee/std_logic_1164 1381692176
AR work/DATA_FIFO_0/DATA_FIFO_0_a 1510848688 \
      FL /home/rrivera/g-2/fromWindows/KickerControllerFirmware-master/ipcore_dir/DATA_FIFO_0.vhd \
      EN work/DATA_FIFO_0 1510848687
FL /home/rrivera/g-2/fromWindows/KickerControllerFirmware-master/ipcore_dir/INFO_FIFO_0.vhd 2017/10/08.10:25:18 P.20131013
EN work/INFO_FIFO_0 1510848689 \
      FL /home/rrivera/g-2/fromWindows/KickerControllerFirmware-master/ipcore_dir/INFO_FIFO_0.vhd \
      PB ieee/std_logic_1164 1381692176
AR work/INFO_FIFO_0/INFO_FIFO_0_a 1510848690 \
      FL /home/rrivera/g-2/fromWindows/KickerControllerFirmware-master/ipcore_dir/INFO_FIFO_0.vhd \
      EN work/INFO_FIFO_0 1510848689
FL /home/rrivera/g-2/fromWindows/KickerControllerFirmware-master/oei/address_container.vhd 2017/10/08.10:25:26 P.20131013
EN work/address_container 1510848663 \
      FL /home/rrivera/g-2/fromWindows/KickerControllerFirmware-master/oei/address_container.vhd \
      PB ieee/std_logic_1164 1381692176 PB ieee/NUMERIC_STD 1381692181 \
      PB work/params_package 1510848662
AR work/address_container/arch 1510848664 \
      FL /home/rrivera/g-2/fromWindows/KickerControllerFirmware-master/oei/address_container.vhd \
      EN work/address_container 1510848663
FL /home/rrivera/g-2/fromWindows/KickerControllerFirmware-master/oei/arp_reply.vhd 2017/10/08.10:25:26 P.20131013
EN work/arp_reply 1510848665 \
      FL /home/rrivera/g-2/fromWindows/KickerControllerFirmware-master/oei/arp_reply.vhd \
      PB ieee/std_logic_1164 1381692176 PB ieee/std_logic_arith 1381692177 \
      PB ieee/STD_LOGIC_UNSIGNED 1381692179
AR work/arp_reply/arp_reply_arch 1510848666 \
      FL /home/rrivera/g-2/fromWindows/KickerControllerFirmware-master/oei/arp_reply.vhd \
      EN work/arp_reply 1510848665
FL /home/rrivera/g-2/fromWindows/KickerControllerFirmware-master/oei/burst_controller_sm.vhd 2017/10/08.10:25:26 P.20131013
EN work/burst_controller_sm 1510848693 \
      FL /home/rrivera/g-2/fromWindows/KickerControllerFirmware-master/oei/burst_controller_sm.vhd \
      PB ieee/std_logic_1164 1381692176 PB ieee/std_logic_arith 1381692177 \
      PB ieee/STD_LOGIC_UNSIGNED 1381692179
AR work/burst_controller_sm/burst_controller_sm_arch 1510848694 \
      FL /home/rrivera/g-2/fromWindows/KickerControllerFirmware-master/oei/burst_controller_sm.vhd \
      EN work/burst_controller_sm 1510848693
FL /home/rrivera/g-2/fromWindows/KickerControllerFirmware-master/oei/burst_traffic_controller.vhd 2017/10/23.09:39:23 P.20131013
EN work/burst_traffic_controller 1510848711 \
      FL /home/rrivera/g-2/fromWindows/KickerControllerFirmware-master/oei/burst_traffic_controller.vhd \
      PB ieee/std_logic_1164 1381692176 PB ieee/std_logic_arith 1381692177 \
      PB ieee/STD_LOGIC_UNSIGNED 1381692179 PB work/params_package 1510848662
AR work/burst_traffic_controller/burst_traffic_controller_arch 1510848712 \
      FL /home/rrivera/g-2/fromWindows/KickerControllerFirmware-master/oei/burst_traffic_controller.vhd \
      EN work/burst_traffic_controller 1510848711
FL /home/rrivera/g-2/fromWindows/KickerControllerFirmware-master/oei/crc_splice.vhd 2017/10/08.10:25:26 P.20131013
EN work/crc_splice 1510848705 \
      FL /home/rrivera/g-2/fromWindows/KickerControllerFirmware-master/oei/crc_splice.vhd \
      PB ieee/std_logic_1164 1381692176 PB ieee/std_logic_arith 1381692177 \
      PB ieee/STD_LOGIC_UNSIGNED 1381692179
AR work/crc_splice/arch 1510848706 \
      FL /home/rrivera/g-2/fromWindows/KickerControllerFirmware-master/oei/crc_splice.vhd \
      EN work/crc_splice 1510848705
FL /home/rrivera/g-2/fromWindows/KickerControllerFirmware-master/oei/create_packet.vhd 2017/10/08.10:25:26 P.20131013
EN work/create_packet 1510848671 \
      FL /home/rrivera/g-2/fromWindows/KickerControllerFirmware-master/oei/create_packet.vhd \
      PB ieee/std_logic_1164 1381692176 PB ieee/std_logic_arith 1381692177 \
      PB ieee/STD_LOGIC_UNSIGNED 1381692179 PB work/params_package 1510848662
AR work/create_packet/create_packet_arch 1510848672 \
      FL /home/rrivera/g-2/fromWindows/KickerControllerFirmware-master/oei/create_packet.vhd \
      EN work/create_packet 1510848671
FL /home/rrivera/g-2/fromWindows/KickerControllerFirmware-master/oei/dataout_mux.vhd 2017/10/08.10:25:26 P.20131013
EN work/dataout_mux 1510848673 \
      FL /home/rrivera/g-2/fromWindows/KickerControllerFirmware-master/oei/dataout_mux.vhd \
      PB ieee/std_logic_1164 1381692176 PB ieee/std_logic_arith 1381692177 \
      PB ieee/STD_LOGIC_UNSIGNED 1381692179
AR work/dataout_mux/dataout_mux_arch 1510848674 \
      FL /home/rrivera/g-2/fromWindows/KickerControllerFirmware-master/oei/dataout_mux.vhd \
      EN work/dataout_mux 1510848673
FL /home/rrivera/g-2/fromWindows/KickerControllerFirmware-master/oei/data_manager.vhd 2017/10/08.10:25:26 P.20131013
EN work/data_manager 1510848709 \
      FL /home/rrivera/g-2/fromWindows/KickerControllerFirmware-master/oei/data_manager.vhd \
      PB ieee/std_logic_1164 1381692176 PB ieee/NUMERIC_STD 1381692181
AR work/data_manager/BEHAVIORAL 1510848710 \
      FL /home/rrivera/g-2/fromWindows/KickerControllerFirmware-master/oei/data_manager.vhd \
      EN work/data_manager 1510848709 CP DATA_FIFO_0 CP INFO_FIFO_0 CP ADDR_FIFO \
      CP work/burst_controller_sm CP work/rx_ctl CP work/ram_comm_dec \
      CP work/tx_seq_ctl
FL /home/rrivera/g-2/fromWindows/KickerControllerFirmware-master/oei/decipherer.vhd 2017/10/08.10:25:26 P.20131013
EN work/decipherer 1510848675 \
      FL /home/rrivera/g-2/fromWindows/KickerControllerFirmware-master/oei/decipherer.vhd \
      PB ieee/std_logic_1164 1381692176 PB ieee/std_logic_arith 1381692177 \
      PB ieee/STD_LOGIC_UNSIGNED 1381692179
AR work/decipherer/decipherer_arch 1510848676 \
      FL /home/rrivera/g-2/fromWindows/KickerControllerFirmware-master/oei/decipherer.vhd \
      EN work/decipherer 1510848675
FL /home/rrivera/g-2/fromWindows/KickerControllerFirmware-master/oei/ethernet_controller.vhd 2017/10/08.10:25:26 P.20131013
EN work/ethernet_controller 1510848701 \
      FL /home/rrivera/g-2/fromWindows/KickerControllerFirmware-master/oei/ethernet_controller.vhd \
      PB ieee/std_logic_1164 1381692176
AR work/ethernet_controller/arch 1510848702 \
      FL /home/rrivera/g-2/fromWindows/KickerControllerFirmware-master/oei/ethernet_controller.vhd \
      EN work/ethernet_controller 1510848701 CP address_container CP arp_reply \
      CP or33 CP ip_checksum_calc CP create_packet CP dataout_mux CP decipherer \
      CP filter_data_out CP icmp_ping_checksum_calc CP icmp_ping_shift_reg \
      CP udp_data_splicer CP user_addrs_mux
FL /home/rrivera/g-2/fromWindows/KickerControllerFirmware-master/oei/ethernet_controller_wrapper.vhd 2017/10/08.10:25:26 P.20131013
EN work/ethernet_controller_wrapper 1510848707 \
      FL /home/rrivera/g-2/fromWindows/KickerControllerFirmware-master/oei/ethernet_controller_wrapper.vhd \
      PB ieee/std_logic_1164 1381692176 PB ieee/NUMERIC_STD 1381692181
AR work/ethernet_controller_wrapper/arch 1510848708 \
      FL /home/rrivera/g-2/fromWindows/KickerControllerFirmware-master/oei/ethernet_controller_wrapper.vhd \
      EN work/ethernet_controller_wrapper 1510848707 CP work/ethernet_controller \
      CP work/MII_100_1000_handler CP crc_chk CP crc_gen CP std_logic CP unsigned \
      CP work/crc_splice
FL /home/rrivera/g-2/fromWindows/KickerControllerFirmware-master/oei/ethernet_interface.vhd 2017/10/08.10:25:26 P.20131013
EN work/ethernet_interface 1510848723 \
      FL /home/rrivera/g-2/fromWindows/KickerControllerFirmware-master/oei/ethernet_interface.vhd \
      PB ieee/std_logic_1164 1381692176 PB ieee/NUMERIC_STD 1381692181 \
      PB work/params_package 1510848662
AR work/ethernet_interface/BEHAVIORAL 1510848724 \
      FL /home/rrivera/g-2/fromWindows/KickerControllerFirmware-master/oei/ethernet_interface.vhd \
      EN work/ethernet_interface 1510848723 CP work/ethernet_controller_wrapper \
      CP work/data_manager CP work/burst_traffic_controller CP work/reset_mgr
FL /home/rrivera/g-2/fromWindows/KickerControllerFirmware-master/oei/filter_data_out.vhd 2017/10/08.10:25:26 P.20131013
EN work/filter_data_out 1510848677 \
      FL /home/rrivera/g-2/fromWindows/KickerControllerFirmware-master/oei/filter_data_out.vhd \
      PB ieee/std_logic_1164 1381692176 PB ieee/std_logic_arith 1381692177 \
      PB ieee/STD_LOGIC_UNSIGNED 1381692179
AR work/filter_data_out/filter_data_out_arch 1510848678 \
      FL /home/rrivera/g-2/fromWindows/KickerControllerFirmware-master/oei/filter_data_out.vhd \
      EN work/filter_data_out 1510848677
FL /home/rrivera/g-2/fromWindows/KickerControllerFirmware-master/oei/icmp_ping_checksum_calc.vhd 2017/10/08.10:25:26 P.20131013
EN work/icmp_ping_checksum_calc 1510848679 \
      FL /home/rrivera/g-2/fromWindows/KickerControllerFirmware-master/oei/icmp_ping_checksum_calc.vhd \
      PB ieee/std_logic_1164 1381692176 PB ieee/NUMERIC_STD 1381692181
AR work/icmp_ping_checksum_calc/icmp_ping_checksum_calc_arch 1510848680 \
      FL /home/rrivera/g-2/fromWindows/KickerControllerFirmware-master/oei/icmp_ping_checksum_calc.vhd \
      EN work/icmp_ping_checksum_calc 1510848679
FL /home/rrivera/g-2/fromWindows/KickerControllerFirmware-master/oei/icmp_ping_shift_reg.vhd 2017/10/08.10:25:26 P.20131013
EN work/icmp_ping_shift_reg 1510848681 \
      FL /home/rrivera/g-2/fromWindows/KickerControllerFirmware-master/oei/icmp_ping_shift_reg.vhd \
      PB ieee/std_logic_1164 1381692176
AR work/icmp_ping_shift_reg/arch 1510848682 \
      FL /home/rrivera/g-2/fromWindows/KickerControllerFirmware-master/oei/icmp_ping_shift_reg.vhd \
      EN work/icmp_ping_shift_reg 1510848681
FL /home/rrivera/g-2/fromWindows/KickerControllerFirmware-master/oei/ip_checksum_calc.vhd 2017/10/08.10:25:26 P.20131013
EN work/ip_checksum_calc 1510848669 \
      FL /home/rrivera/g-2/fromWindows/KickerControllerFirmware-master/oei/ip_checksum_calc.vhd \
      PB ieee/std_logic_1164 1381692176 PB ieee/NUMERIC_STD 1381692181 \
      PB work/params_package 1510848662
AR work/ip_checksum_calc/arch 1510848670 \
      FL /home/rrivera/g-2/fromWindows/KickerControllerFirmware-master/oei/ip_checksum_calc.vhd \
      EN work/ip_checksum_calc 1510848669
FL /home/rrivera/g-2/fromWindows/KickerControllerFirmware-master/oei/or33.vhd 2017/10/08.10:25:26 P.20131013
EN work/or33 1510848667 \
      FL /home/rrivera/g-2/fromWindows/KickerControllerFirmware-master/oei/or33.vhd \
      PB ieee/std_logic_1164 1381692176 PB ieee/std_logic_arith 1381692177 \
      PB ieee/STD_LOGIC_UNSIGNED 1381692179
AR work/or33/or33_arch 1510848668 \
      FL /home/rrivera/g-2/fromWindows/KickerControllerFirmware-master/oei/or33.vhd \
      EN work/or33 1510848667
FL /home/rrivera/g-2/fromWindows/KickerControllerFirmware-master/oei/params_package.vhd 2017/10/08.10:25:26 P.20131013
PH work/params_package 1510848661 \
      FL /home/rrivera/g-2/fromWindows/KickerControllerFirmware-master/oei/params_package.vhd \
      PB ieee/std_logic_1164 1381692176 PB ieee/NUMERIC_STD 1381692181
PB work/params_package 1510848662 \
      FL /home/rrivera/g-2/fromWindows/KickerControllerFirmware-master/oei/params_package.vhd \
      PH work/params_package 1510848661
FL /home/rrivera/g-2/fromWindows/KickerControllerFirmware-master/oei/ram_comm_dec.vhd 2017/10/08.10:25:26 P.20131013
EN work/ram_comm_dec 1510848697 \
      FL /home/rrivera/g-2/fromWindows/KickerControllerFirmware-master/oei/ram_comm_dec.vhd \
      PB ieee/std_logic_1164 1381692176 PB ieee/NUMERIC_STD 1381692181 \
      PB work/params_package 1510848662
AR work/ram_comm_dec/arch 1510848698 \
      FL /home/rrivera/g-2/fromWindows/KickerControllerFirmware-master/oei/ram_comm_dec.vhd \
      EN work/ram_comm_dec 1510848697 CP unsigned CP std_logic CP ram_addr
FL /home/rrivera/g-2/fromWindows/KickerControllerFirmware-master/oei/reset_mgr.vhd 2017/10/08.10:25:26 P.20131013
EN work/reset_mgr 1510848713 \
      FL /home/rrivera/g-2/fromWindows/KickerControllerFirmware-master/oei/reset_mgr.vhd \
      PB ieee/std_logic_1164 1381692176 PB ieee/NUMERIC_STD 1381692181 \
      PB ieee/std_logic_misc 1381692178
AR work/reset_mgr/Behavioral 1510848714 \
      FL /home/rrivera/g-2/fromWindows/KickerControllerFirmware-master/oei/reset_mgr.vhd \
      EN work/reset_mgr 1510848713
FL /home/rrivera/g-2/fromWindows/KickerControllerFirmware-master/oei/rx_ctl.vhd 2017/10/08.10:25:26 P.20131013
EN work/rx_ctl 1510848695 \
      FL /home/rrivera/g-2/fromWindows/KickerControllerFirmware-master/oei/rx_ctl.vhd \
      PB ieee/std_logic_1164 1381692176 PB ieee/NUMERIC_STD 1381692181 \
      PB work/params_package 1510848662
AR work/rx_ctl/arch 1510848696 \
      FL /home/rrivera/g-2/fromWindows/KickerControllerFirmware-master/oei/rx_ctl.vhd \
      EN work/rx_ctl 1510848695
FL /home/rrivera/g-2/fromWindows/KickerControllerFirmware-master/oei/tx_seq_ctl.vhd 2017/10/08.10:25:26 P.20131013
EN work/tx_seq_ctl 1510848699 \
      FL /home/rrivera/g-2/fromWindows/KickerControllerFirmware-master/oei/tx_seq_ctl.vhd \
      PB ieee/std_logic_1164 1381692176 PB ieee/NUMERIC_STD 1381692181 \
      PB work/params_package 1510848662
AR work/tx_seq_ctl/arch 1510848700 \
      FL /home/rrivera/g-2/fromWindows/KickerControllerFirmware-master/oei/tx_seq_ctl.vhd \
      EN work/tx_seq_ctl 1510848699
FL /home/rrivera/g-2/fromWindows/KickerControllerFirmware-master/oei/udp_data_splicer.vhd 2017/10/08.10:25:26 P.20131013
EN work/udp_data_splicer 1510848683 \
      FL /home/rrivera/g-2/fromWindows/KickerControllerFirmware-master/oei/udp_data_splicer.vhd \
      PB ieee/std_logic_1164 1381692176 PB ieee/std_logic_arith 1381692177 \
      PB ieee/STD_LOGIC_UNSIGNED 1381692179
AR work/udp_data_splicer/udp_data_splicer_arch 1510848684 \
      FL /home/rrivera/g-2/fromWindows/KickerControllerFirmware-master/oei/udp_data_splicer.vhd \
      EN work/udp_data_splicer 1510848683
FL /home/rrivera/g-2/fromWindows/KickerControllerFirmware-master/oei/user_addrs_mux.vhd 2017/10/08.10:25:26 P.20131013
EN work/user_addrs_mux 1510848685 \
      FL /home/rrivera/g-2/fromWindows/KickerControllerFirmware-master/oei/user_addrs_mux.vhd \
      PB ieee/std_logic_1164 1381692176 PB ieee/std_logic_arith 1381692177 \
      PB ieee/STD_LOGIC_UNSIGNED 1381692179
AR work/user_addrs_mux/user_addrs_mux_arch 1510848686 \
      FL /home/rrivera/g-2/fromWindows/KickerControllerFirmware-master/oei/user_addrs_mux.vhd \
      EN work/user_addrs_mux 1510848685
FL /home/rrivera/g-2/fromWindows/KickerControllerFirmware-master/oei/xmii_handler.vhd 2017/10/08.10:25:26 P.20131013
EN work/MII_100_1000_handler 1510848703 \
      FL /home/rrivera/g-2/fromWindows/KickerControllerFirmware-master/oei/xmii_handler.vhd \
      PB ieee/std_logic_1164 1381692176 PB ieee/NUMERIC_STD 1381692181
AR work/MII_100_1000_handler/arch 1510848704 \
      FL /home/rrivera/g-2/fromWindows/KickerControllerFirmware-master/oei/xmii_handler.vhd \
      EN work/MII_100_1000_handler 1510848703
