AR stripstream behavioral /home/rrivera/tmp/stib_ots_tk2_/strip/stripstream.vhd sub00/vhpl25 1515802277
AR stripdac rtl /home/rrivera/tmp/stib_ots_tk2_/strip/stripdac.vhd sub00/vhpl07 1515802257
EN stripreset NULL /home/rrivera/tmp/stib_ots_tk2_/strip/stripreset.vhd sub00/vhpl08 1515802258
AR trigproc behavioral /home/rrivera/tmp/stib_ots_tk2_/strip/trigproc.vhd sub00/vhpl19 1515802271
AR striptbm behavioral /home/rrivera/tmp/stib_ots_tk2_/strip/striptbm.vhd sub00/vhpl21 1515802273
AR stripana rtl /home/rrivera/tmp/stib_ots_tk2_/strip/stripana.vhd sub00/vhpl23 1515802275
AR stripreset rtl /home/rrivera/tmp/stib_ots_tk2_/strip/stripreset.vhd sub00/vhpl09 1515802259
AR strip_interface behavioral /home/rrivera/tmp/stib_ots_tk2_/strip/strip_interface.vhd sub00/vhpl27 1515802285
AR stripclk behavioral /home/rrivera/tmp/stib_ots_tk2_/strip/stripclk.vhd sub00/vhpl03 1515802253
EN trigprim NULL /home/rrivera/tmp/stib_ots_tk2_/strip/trigprim.vhd sub00/vhpl16 1515802268
EN strip_interface NULL /home/rrivera/tmp/stib_ots_tk2_/strip/strip_interface.vhd sub00/vhpl26 1515802284
AR stripfifo behavioral /home/rrivera/tmp/stib_ots_tk2_/strip/stripfifo.vhd sub00/vhpl15 1515802265
EN trigproc NULL /home/rrivera/tmp/stib_ots_tk2_/strip/trigproc.vhd sub00/vhpl18 1515802270
EN stripsc NULL /home/rrivera/tmp/stib_ots_tk2_/strip/stripsc.vhd sub00/vhpl10 1515802260
EN stripana NULL /home/rrivera/tmp/stib_ots_tk2_/strip/stripana.vhd sub00/vhpl22 1515802274
EN stripdac NULL /home/rrivera/tmp/stib_ots_tk2_/strip/stripdac.vhd sub00/vhpl06 1515802256
EN stripfifo NULL /home/rrivera/tmp/stib_ots_tk2_/strip/stripfifo.vhd sub00/vhpl14 1515802264
AR fastbcocounter rtl /home/rrivera/tmp/stib_ots_tk2_/strip/fastbcocounter.vhd sub00/vhpl01 1515802242
AR stripdacspi rtl /home/rrivera/tmp/stib_ots_tk2_/strip/stripdacspi.vhd sub00/vhpl05 1515802255
AR trigprim behavioral /home/rrivera/tmp/stib_ots_tk2_/strip/trigprim.vhd sub00/vhpl17 1515802269
EN stripstream NULL /home/rrivera/tmp/stib_ots_tk2_/strip/stripstream.vhd sub00/vhpl24 1515802276
AR chipserdes rtl /home/rrivera/tmp/stib_ots_tk2_/strip/chipserdes.vhd sub00/vhpl13 1515802263
AR stripsc behavioral /home/rrivera/tmp/stib_ots_tk2_/strip/stripsc.vhd sub00/vhpl11 1515802261
EN fastbcocounter NULL /home/rrivera/tmp/stib_ots_tk2_/strip/fastbcocounter.vhd sub00/vhpl00 1515802241
EN stripdacspi NULL /home/rrivera/tmp/stib_ots_tk2_/strip/stripdacspi.vhd sub00/vhpl04 1515802254
EN striptbm NULL /home/rrivera/tmp/stib_ots_tk2_/strip/striptbm.vhd sub00/vhpl20 1515802272
EN stripclk NULL /home/rrivera/tmp/stib_ots_tk2_/strip/stripclk.vhd sub00/vhpl02 1515802252
EN chipserdes NULL /home/rrivera/tmp/stib_ots_tk2_/strip/chipserdes.vhd sub00/vhpl12 1515802262
