AR stripstream behavioral /home/rrivera/ots/srcs/otsdaq-firmware/cactus/projects/ftbf/stib_slave_ots/strip/stripstream.vhd sub00/vhpl25 1527628630
AR stripdac rtl /home/rrivera/ots/srcs/otsdaq-firmware/cactus/projects/ftbf/stib_slave_ots/strip/stripdac.vhd sub00/vhpl07 1527628610
EN stripreset NULL /home/rrivera/ots/srcs/otsdaq-firmware/cactus/projects/ftbf/stib_slave_ots/strip/stripreset.vhd sub00/vhpl08 1527628611
AR trigproc behavioral /home/rrivera/ots/srcs/otsdaq-firmware/cactus/projects/ftbf/stib_slave_ots/strip/trigproc.vhd sub00/vhpl19 1527628624
AR striptbm behavioral /home/rrivera/ots/srcs/otsdaq-firmware/cactus/projects/ftbf/stib_slave_ots/strip/striptbm.vhd sub00/vhpl21 1527628626
AR stripana rtl /home/rrivera/ots/srcs/otsdaq-firmware/cactus/projects/ftbf/stib_slave_ots/strip/stripana.vhd sub00/vhpl23 1527628628
AR stripreset rtl /home/rrivera/ots/srcs/otsdaq-firmware/cactus/projects/ftbf/stib_slave_ots/strip/stripreset.vhd sub00/vhpl09 1527628612
AR strip_interface behavioral /home/rrivera/ots/srcs/otsdaq-firmware/cactus/projects/ftbf/stib_slave_ots/strip/strip_interface.vhd sub00/vhpl27 1527628638
AR stripclk behavioral /home/rrivera/ots/srcs/otsdaq-firmware/cactus/projects/ftbf/stib_slave_ots/strip/stripclk.vhd sub00/vhpl03 1527628606
EN trigprim NULL /home/rrivera/ots/srcs/otsdaq-firmware/cactus/projects/ftbf/stib_slave_ots/strip/trigprim.vhd sub00/vhpl16 1527628621
EN strip_interface NULL /home/rrivera/ots/srcs/otsdaq-firmware/cactus/projects/ftbf/stib_slave_ots/strip/strip_interface.vhd sub00/vhpl26 1527628637
AR stripfifo behavioral /home/rrivera/ots/srcs/otsdaq-firmware/cactus/projects/ftbf/stib_slave_ots/strip/stripfifo.vhd sub00/vhpl15 1527628618
EN trigproc NULL /home/rrivera/ots/srcs/otsdaq-firmware/cactus/projects/ftbf/stib_slave_ots/strip/trigproc.vhd sub00/vhpl18 1527628623
EN stripsc NULL /home/rrivera/ots/srcs/otsdaq-firmware/cactus/projects/ftbf/stib_slave_ots/strip/stripsc.vhd sub00/vhpl10 1527628613
EN stripana NULL /home/rrivera/ots/srcs/otsdaq-firmware/cactus/projects/ftbf/stib_slave_ots/strip/stripana.vhd sub00/vhpl22 1527628627
EN stripdac NULL /home/rrivera/ots/srcs/otsdaq-firmware/cactus/projects/ftbf/stib_slave_ots/strip/stripdac.vhd sub00/vhpl06 1527628609
EN stripfifo NULL /home/rrivera/ots/srcs/otsdaq-firmware/cactus/projects/ftbf/stib_slave_ots/strip/stripfifo.vhd sub00/vhpl14 1527628617
AR fastbcocounter rtl /home/rrivera/ots/srcs/otsdaq-firmware/cactus/projects/ftbf/stib_slave_ots/strip/fastbcocounter.vhd sub00/vhpl01 1527628595
AR stripdacspi rtl /home/rrivera/ots/srcs/otsdaq-firmware/cactus/projects/ftbf/stib_slave_ots/strip/stripdacspi.vhd sub00/vhpl05 1527628608
AR trigprim behavioral /home/rrivera/ots/srcs/otsdaq-firmware/cactus/projects/ftbf/stib_slave_ots/strip/trigprim.vhd sub00/vhpl17 1527628622
EN stripstream NULL /home/rrivera/ots/srcs/otsdaq-firmware/cactus/projects/ftbf/stib_slave_ots/strip/stripstream.vhd sub00/vhpl24 1527628629
AR chipserdes rtl /home/rrivera/ots/srcs/otsdaq-firmware/cactus/projects/ftbf/stib_slave_ots/strip/chipserdes.vhd sub00/vhpl13 1527628616
AR stripsc behavioral /home/rrivera/ots/srcs/otsdaq-firmware/cactus/projects/ftbf/stib_slave_ots/strip/stripsc.vhd sub00/vhpl11 1527628614
EN fastbcocounter NULL /home/rrivera/ots/srcs/otsdaq-firmware/cactus/projects/ftbf/stib_slave_ots/strip/fastbcocounter.vhd sub00/vhpl00 1527628594
EN stripdacspi NULL /home/rrivera/ots/srcs/otsdaq-firmware/cactus/projects/ftbf/stib_slave_ots/strip/stripdacspi.vhd sub00/vhpl04 1527628607
EN striptbm NULL /home/rrivera/ots/srcs/otsdaq-firmware/cactus/projects/ftbf/stib_slave_ots/strip/striptbm.vhd sub00/vhpl20 1527628625
EN stripclk NULL /home/rrivera/ots/srcs/otsdaq-firmware/cactus/projects/ftbf/stib_slave_ots/strip/stripclk.vhd sub00/vhpl02 1527628605
EN chipserdes NULL /home/rrivera/ots/srcs/otsdaq-firmware/cactus/projects/ftbf/stib_slave_ots/strip/chipserdes.vhd sub00/vhpl12 1527628615
