AR stripstream behavioral /home/rrivera/ots/srcs/otsdaq-firmware/cactus/projects/ftbf/stib_slave_ots/strip/stripstream.vhd sub00/vhpl25 1543429192
AR stripdac rtl /home/rrivera/ots/srcs/otsdaq-firmware/cactus/projects/ftbf/stib_slave_ots/strip/stripdac.vhd sub00/vhpl07 1543429172
EN stripreset NULL /home/rrivera/ots/srcs/otsdaq-firmware/cactus/projects/ftbf/stib_slave_ots/strip/stripreset.vhd sub00/vhpl08 1543429173
AR trigproc behavioral /home/rrivera/ots/srcs/otsdaq-firmware/cactus/projects/ftbf/stib_slave_ots/strip/trigproc.vhd sub00/vhpl19 1543429186
AR striptbm behavioral /home/rrivera/ots/srcs/otsdaq-firmware/cactus/projects/ftbf/stib_slave_ots/strip/striptbm.vhd sub00/vhpl21 1543429188
AR stripana rtl /home/rrivera/ots/srcs/otsdaq-firmware/cactus/projects/ftbf/stib_slave_ots/strip/stripana.vhd sub00/vhpl23 1543429190
AR stripreset rtl /home/rrivera/ots/srcs/otsdaq-firmware/cactus/projects/ftbf/stib_slave_ots/strip/stripreset.vhd sub00/vhpl09 1543429174
AR strip_interface behavioral /home/rrivera/ots/srcs/otsdaq-firmware/cactus/projects/ftbf/stib_slave_ots/strip/strip_interface.vhd sub00/vhpl27 1543429200
AR stripclk behavioral /home/rrivera/ots/srcs/otsdaq-firmware/cactus/projects/ftbf/stib_slave_ots/strip/stripclk.vhd sub00/vhpl03 1543429168
EN trigprim NULL /home/rrivera/ots/srcs/otsdaq-firmware/cactus/projects/ftbf/stib_slave_ots/strip/trigprim.vhd sub00/vhpl16 1543429183
EN strip_interface NULL /home/rrivera/ots/srcs/otsdaq-firmware/cactus/projects/ftbf/stib_slave_ots/strip/strip_interface.vhd sub00/vhpl26 1543429199
AR stripfifo behavioral /home/rrivera/ots/srcs/otsdaq-firmware/cactus/projects/ftbf/stib_slave_ots/strip/stripfifo.vhd sub00/vhpl15 1543429180
EN trigproc NULL /home/rrivera/ots/srcs/otsdaq-firmware/cactus/projects/ftbf/stib_slave_ots/strip/trigproc.vhd sub00/vhpl18 1543429185
EN stripsc NULL /home/rrivera/ots/srcs/otsdaq-firmware/cactus/projects/ftbf/stib_slave_ots/strip/stripsc.vhd sub00/vhpl10 1543429175
EN stripana NULL /home/rrivera/ots/srcs/otsdaq-firmware/cactus/projects/ftbf/stib_slave_ots/strip/stripana.vhd sub00/vhpl22 1543429189
EN stripdac NULL /home/rrivera/ots/srcs/otsdaq-firmware/cactus/projects/ftbf/stib_slave_ots/strip/stripdac.vhd sub00/vhpl06 1543429171
EN stripfifo NULL /home/rrivera/ots/srcs/otsdaq-firmware/cactus/projects/ftbf/stib_slave_ots/strip/stripfifo.vhd sub00/vhpl14 1543429179
AR fastbcocounter rtl /home/rrivera/ots/srcs/otsdaq-firmware/cactus/projects/ftbf/stib_slave_ots/strip/fastbcocounter.vhd sub00/vhpl01 1543429157
AR stripdacspi rtl /home/rrivera/ots/srcs/otsdaq-firmware/cactus/projects/ftbf/stib_slave_ots/strip/stripdacspi.vhd sub00/vhpl05 1543429170
AR trigprim behavioral /home/rrivera/ots/srcs/otsdaq-firmware/cactus/projects/ftbf/stib_slave_ots/strip/trigprim.vhd sub00/vhpl17 1543429184
EN stripstream NULL /home/rrivera/ots/srcs/otsdaq-firmware/cactus/projects/ftbf/stib_slave_ots/strip/stripstream.vhd sub00/vhpl24 1543429191
AR chipserdes rtl /home/rrivera/ots/srcs/otsdaq-firmware/cactus/projects/ftbf/stib_slave_ots/strip/chipserdes.vhd sub00/vhpl13 1543429178
AR stripsc behavioral /home/rrivera/ots/srcs/otsdaq-firmware/cactus/projects/ftbf/stib_slave_ots/strip/stripsc.vhd sub00/vhpl11 1543429176
EN fastbcocounter NULL /home/rrivera/ots/srcs/otsdaq-firmware/cactus/projects/ftbf/stib_slave_ots/strip/fastbcocounter.vhd sub00/vhpl00 1543429156
EN stripdacspi NULL /home/rrivera/ots/srcs/otsdaq-firmware/cactus/projects/ftbf/stib_slave_ots/strip/stripdacspi.vhd sub00/vhpl04 1543429169
EN striptbm NULL /home/rrivera/ots/srcs/otsdaq-firmware/cactus/projects/ftbf/stib_slave_ots/strip/striptbm.vhd sub00/vhpl20 1543429187
EN stripclk NULL /home/rrivera/ots/srcs/otsdaq-firmware/cactus/projects/ftbf/stib_slave_ots/strip/stripclk.vhd sub00/vhpl02 1543429167
EN chipserdes NULL /home/rrivera/ots/srcs/otsdaq-firmware/cactus/projects/ftbf/stib_slave_ots/strip/chipserdes.vhd sub00/vhpl12 1543429177
