V3 72
FL /home/rrivera/ots/srcs/otsdaq-firmware/cactus/projects/ftbf/stib_slave_ots/strip/chipserdes.vhd 2018/05/07.15:30:54 P.20131013
EN strip/chipserdes 1548260743 \
      FL /home/rrivera/ots/srcs/otsdaq-firmware/cactus/projects/ftbf/stib_slave_ots/strip/chipserdes.vhd \
      PB ieee/std_logic_1164 1381692176 PB ieee/NUMERIC_STD 1381692181 LB UNISIM \
      PH unisim/VCOMPONENTS 1381692182
AR strip/chipserdes/RTL 1548260744 \
      FL /home/rrivera/ots/srcs/otsdaq-firmware/cactus/projects/ftbf/stib_slave_ots/strip/chipserdes.vhd \
      EN strip/chipserdes 1548260743 CP ISERDES
FL /home/rrivera/ots/srcs/otsdaq-firmware/cactus/projects/ftbf/stib_slave_ots/strip/fastbcocounter.vhd 2018/05/07.15:30:55 P.20131013
EN strip/fastbcocounter 1548260722 \
      FL /home/rrivera/ots/srcs/otsdaq-firmware/cactus/projects/ftbf/stib_slave_ots/strip/fastbcocounter.vhd \
      PB ieee/std_logic_1164 1381692176 PB ieee/NUMERIC_STD 1381692181
AR strip/fastbcocounter/RTL 1548260723 \
      FL /home/rrivera/ots/srcs/otsdaq-firmware/cactus/projects/ftbf/stib_slave_ots/strip/fastbcocounter.vhd \
      EN strip/fastbcocounter 1548260722
FL /home/rrivera/ots/srcs/otsdaq-firmware/cactus/projects/ftbf/stib_slave_ots/strip/stripana.vhd 2018/05/07.15:30:54 P.20131013
EN strip/stripana 1548260755 \
      FL /home/rrivera/ots/srcs/otsdaq-firmware/cactus/projects/ftbf/stib_slave_ots/strip/stripana.vhd \
      PB ieee/std_logic_1164 1381692176 PB ieee/NUMERIC_STD 1381692181
AR strip/stripana/RTL 1548260756 \
      FL /home/rrivera/ots/srcs/otsdaq-firmware/cactus/projects/ftbf/stib_slave_ots/strip/stripana.vhd \
      EN strip/stripana 1548260755
FL /home/rrivera/ots/srcs/otsdaq-firmware/cactus/projects/ftbf/stib_slave_ots/strip/stripclk.vhd 2018/06/05.15:03:30 P.20131013
EN strip/stripclk 1548260733 \
      FL /home/rrivera/ots/srcs/otsdaq-firmware/cactus/projects/ftbf/stib_slave_ots/strip/stripclk.vhd \
      PB ieee/std_logic_1164 1381692176 PB ieee/NUMERIC_STD 1381692181 LB UNISIM \
      PH unisim/VCOMPONENTS 1381692182
AR strip/stripclk/Behavioral 1548260734 \
      FL /home/rrivera/ots/srcs/otsdaq-firmware/cactus/projects/ftbf/stib_slave_ots/strip/stripclk.vhd \
      EN strip/stripclk 1548260733 CP dcm_base CP bufg CP idelayctrl CP bufgctrl \
      CP std_logic CP unsigned CP dcm_adv CP bcocounter CP fastbcocounter
FL /home/rrivera/ots/srcs/otsdaq-firmware/cactus/projects/ftbf/stib_slave_ots/strip/stripdac.vhd 2018/05/07.15:30:54 P.20131013
EN strip/stripdac 1548260737 \
      FL /home/rrivera/ots/srcs/otsdaq-firmware/cactus/projects/ftbf/stib_slave_ots/strip/stripdac.vhd \
      PB ieee/std_logic_1164 1381692176 PB ieee/NUMERIC_STD 1381692181 LB UNISIM \
      PH unisim/VCOMPONENTS 1381692182
AR strip/stripdac/RTL 1548260738 \
      FL /home/rrivera/ots/srcs/otsdaq-firmware/cactus/projects/ftbf/stib_slave_ots/strip/stripdac.vhd \
      EN strip/stripdac 1548260737
FL /home/rrivera/ots/srcs/otsdaq-firmware/cactus/projects/ftbf/stib_slave_ots/strip/stripdacspi.vhd 2018/05/07.15:30:55 P.20131013
EN strip/stripdacspi 1548260735 \
      FL /home/rrivera/ots/srcs/otsdaq-firmware/cactus/projects/ftbf/stib_slave_ots/strip/stripdacspi.vhd \
      PB ieee/std_logic_1164 1381692176 PB ieee/NUMERIC_STD 1381692181 LB UNISIM \
      PH unisim/VCOMPONENTS 1381692182
AR strip/stripdacspi/RTL 1548260736 \
      FL /home/rrivera/ots/srcs/otsdaq-firmware/cactus/projects/ftbf/stib_slave_ots/strip/stripdacspi.vhd \
      EN strip/stripdacspi 1548260735
FL /home/rrivera/ots/srcs/otsdaq-firmware/cactus/projects/ftbf/stib_slave_ots/strip/stripfifo.vhd 2018/05/29.15:32:06 P.20131013
EN strip/stripfifo 1548260745 \
      FL /home/rrivera/ots/srcs/otsdaq-firmware/cactus/projects/ftbf/stib_slave_ots/strip/stripfifo.vhd \
      PB ieee/std_logic_1164 1381692176 PB ieee/NUMERIC_STD 1381692181
AR strip/stripfifo/Behavioral 1548260746 \
      FL /home/rrivera/ots/srcs/otsdaq-firmware/cactus/projects/ftbf/stib_slave_ots/strip/stripfifo.vhd \
      EN strip/stripfifo 1548260745 CP chip_fifo
FL /home/rrivera/ots/srcs/otsdaq-firmware/cactus/projects/ftbf/stib_slave_ots/strip/stripreset.vhd 2018/05/07.15:30:54 P.20131013
EN strip/stripreset 1548260739 \
      FL /home/rrivera/ots/srcs/otsdaq-firmware/cactus/projects/ftbf/stib_slave_ots/strip/stripreset.vhd \
      PB ieee/std_logic_1164 1381692176 PB ieee/NUMERIC_STD 1381692181
AR strip/stripreset/RTL 1548260740 \
      FL /home/rrivera/ots/srcs/otsdaq-firmware/cactus/projects/ftbf/stib_slave_ots/strip/stripreset.vhd \
      EN strip/stripreset 1548260739
FL /home/rrivera/ots/srcs/otsdaq-firmware/cactus/projects/ftbf/stib_slave_ots/strip/stripsc.vhd 2018/05/07.15:30:55 P.20131013
EN strip/stripsc 1548260741 \
      FL /home/rrivera/ots/srcs/otsdaq-firmware/cactus/projects/ftbf/stib_slave_ots/strip/stripsc.vhd \
      PB ieee/std_logic_1164 1381692176 PB ieee/NUMERIC_STD 1381692181
AR strip/stripsc/Behavioral 1548260742 \
      FL /home/rrivera/ots/srcs/otsdaq-firmware/cactus/projects/ftbf/stib_slave_ots/strip/stripsc.vhd \
      EN strip/stripsc 1548260741
FL /home/rrivera/ots/srcs/otsdaq-firmware/cactus/projects/ftbf/stib_slave_ots/strip/stripstream.vhd 2018/05/07.15:30:54 P.20131013
EN strip/stripstream 1548260757 \
      FL /home/rrivera/ots/srcs/otsdaq-firmware/cactus/projects/ftbf/stib_slave_ots/strip/stripstream.vhd \
      PB ieee/std_logic_1164 1381692176 PB ieee/NUMERIC_STD 1381692181
AR strip/stripstream/Behavioral 1548260758 \
      FL /home/rrivera/ots/srcs/otsdaq-firmware/cactus/projects/ftbf/stib_slave_ots/strip/stripstream.vhd \
      EN strip/stripstream 1548260757 CP streamipbuf CP packetfifo
FL /home/rrivera/ots/srcs/otsdaq-firmware/cactus/projects/ftbf/stib_slave_ots/strip/striptbm.vhd 2018/05/10.16:39:14 P.20131013
EN strip/striptbm 1548260753 \
      FL /home/rrivera/ots/srcs/otsdaq-firmware/cactus/projects/ftbf/stib_slave_ots/strip/striptbm.vhd \
      PB ieee/std_logic_1164 1381692176 PB ieee/NUMERIC_STD 1381692181
AR strip/striptbm/Behavioral 1548260754 \
      FL /home/rrivera/ots/srcs/otsdaq-firmware/cactus/projects/ftbf/stib_slave_ots/strip/striptbm.vhd \
      EN strip/striptbm 1548260753
FL /home/rrivera/ots/srcs/otsdaq-firmware/cactus/projects/ftbf/stib_slave_ots/strip/strip_interface.vhd 2018/05/29.16:15:15 P.20131013
EN strip/strip_interface 1548260765 \
      FL /home/rrivera/ots/srcs/otsdaq-firmware/cactus/projects/ftbf/stib_slave_ots/strip/strip_interface.vhd \
      PB ieee/std_logic_1164 1381692176 LB stib PH stib/iobus 1548260732 \
      PB ieee/NUMERIC_STD 1381692181 LB UNISIM PH unisim/VCOMPONENTS 1381692182
AR strip/strip_interface/behavioral 1548260766 \
      FL /home/rrivera/ots/srcs/otsdaq-firmware/cactus/projects/ftbf/stib_slave_ots/strip/strip_interface.vhd \
      EN strip/strip_interface 1548260765 CP stripclk CP stripdacspi CP stripdac \
      CP stripreset CP stripsc CP BUFGMUX CP chipserdes CP stripfifo CP trigbuf \
      CP trigprim CP trigproc CP striptbm CP stripana CP stripstream
FL /home/rrivera/ots/srcs/otsdaq-firmware/cactus/projects/ftbf/stib_slave_ots/strip/trigprim.vhd 2018/05/07.15:30:54 P.20131013
EN strip/trigprim 1548260749 \
      FL /home/rrivera/ots/srcs/otsdaq-firmware/cactus/projects/ftbf/stib_slave_ots/strip/trigprim.vhd \
      PB ieee/std_logic_1164 1381692176 PB ieee/NUMERIC_STD 1381692181 LB UNISIM \
      PH unisim/VCOMPONENTS 1381692182
AR strip/trigprim/Behavioral 1548260750 \
      FL /home/rrivera/ots/srcs/otsdaq-firmware/cactus/projects/ftbf/stib_slave_ots/strip/trigprim.vhd \
      EN strip/trigprim 1548260749 CP chip_fifo
FL /home/rrivera/ots/srcs/otsdaq-firmware/cactus/projects/ftbf/stib_slave_ots/strip/trigproc.vhd 2018/05/07.15:30:54 P.20131013
EN strip/trigproc 1548260751 \
      FL /home/rrivera/ots/srcs/otsdaq-firmware/cactus/projects/ftbf/stib_slave_ots/strip/trigproc.vhd \
      PB ieee/std_logic_1164 1381692176 PB ieee/NUMERIC_STD 1381692181
AR strip/trigproc/Behavioral 1548260752 \
      FL /home/rrivera/ots/srcs/otsdaq-firmware/cactus/projects/ftbf/stib_slave_ots/strip/trigproc.vhd \
      EN strip/trigproc 1548260751 CP chip_fifo CP trigcounter
