V3 71
FL /home/rrivera/tmp/stib_ots_tk2_/strip/chipserdes.vhd 2017/06/02.12:02:00 P.20131013
EN strip/chipserdes 1515802262 \
      FL /home/rrivera/tmp/stib_ots_tk2_/strip/chipserdes.vhd \
      PB ieee/std_logic_1164 1381692176 PB ieee/NUMERIC_STD 1381692181 LB UNISIM \
      PH unisim/VCOMPONENTS 1381692182
AR strip/chipserdes/RTL 1515802263 \
      FL /home/rrivera/tmp/stib_ots_tk2_/strip/chipserdes.vhd EN strip/chipserdes 1515802262 \
      CP ISERDES
FL /home/rrivera/tmp/stib_ots_tk2_/strip/fastbcocounter.vhd 2017/06/02.12:02:00 P.20131013
EN strip/fastbcocounter 1515802241 \
      FL /home/rrivera/tmp/stib_ots_tk2_/strip/fastbcocounter.vhd \
      PB ieee/std_logic_1164 1381692176 PB ieee/NUMERIC_STD 1381692181
AR strip/fastbcocounter/RTL 1515802242 \
      FL /home/rrivera/tmp/stib_ots_tk2_/strip/fastbcocounter.vhd \
      EN strip/fastbcocounter 1515802241
FL /home/rrivera/tmp/stib_ots_tk2_/strip/stripana.vhd 2017/06/02.12:02:00 P.20131013
EN strip/stripana 1515802274 \
      FL /home/rrivera/tmp/stib_ots_tk2_/strip/stripana.vhd \
      PB ieee/std_logic_1164 1381692176 PB ieee/NUMERIC_STD 1381692181
AR strip/stripana/RTL 1515802275 \
      FL /home/rrivera/tmp/stib_ots_tk2_/strip/stripana.vhd EN strip/stripana 1515802274
FL /home/rrivera/tmp/stib_ots_tk2_/strip/stripclk.vhd 2017/06/02.12:02:00 P.20131013
EN strip/stripclk 1515802252 \
      FL /home/rrivera/tmp/stib_ots_tk2_/strip/stripclk.vhd \
      PB ieee/std_logic_1164 1381692176 PB ieee/NUMERIC_STD 1381692181 LB UNISIM \
      PH unisim/VCOMPONENTS 1381692182
AR strip/stripclk/Behavioral 1515802253 \
      FL /home/rrivera/tmp/stib_ots_tk2_/strip/stripclk.vhd EN strip/stripclk 1515802252 \
      CP dcm_base CP bufg CP idelayctrl CP bufgctrl CP dcm_adv CP pmcd CP bcocounter \
      CP fastbcocounter
FL /home/rrivera/tmp/stib_ots_tk2_/strip/stripdac.vhd 2017/06/02.12:02:00 P.20131013
EN strip/stripdac 1515802256 \
      FL /home/rrivera/tmp/stib_ots_tk2_/strip/stripdac.vhd \
      PB ieee/std_logic_1164 1381692176 PB ieee/NUMERIC_STD 1381692181 LB UNISIM \
      PH unisim/VCOMPONENTS 1381692182
AR strip/stripdac/RTL 1515802257 \
      FL /home/rrivera/tmp/stib_ots_tk2_/strip/stripdac.vhd EN strip/stripdac 1515802256
FL /home/rrivera/tmp/stib_ots_tk2_/strip/stripdacspi.vhd 2017/06/02.12:02:00 P.20131013
EN strip/stripdacspi 1515802254 \
      FL /home/rrivera/tmp/stib_ots_tk2_/strip/stripdacspi.vhd \
      PB ieee/std_logic_1164 1381692176 PB ieee/NUMERIC_STD 1381692181 LB UNISIM \
      PH unisim/VCOMPONENTS 1381692182
AR strip/stripdacspi/RTL 1515802255 \
      FL /home/rrivera/tmp/stib_ots_tk2_/strip/stripdacspi.vhd \
      EN strip/stripdacspi 1515802254
FL /home/rrivera/tmp/stib_ots_tk2_/strip/stripfifo.vhd 2018/01/12.16:16:50 P.20131013
EN strip/stripfifo 1515802264 \
      FL /home/rrivera/tmp/stib_ots_tk2_/strip/stripfifo.vhd \
      PB ieee/std_logic_1164 1381692176 PB ieee/NUMERIC_STD 1381692181
AR strip/stripfifo/Behavioral 1515802265 \
      FL /home/rrivera/tmp/stib_ots_tk2_/strip/stripfifo.vhd EN strip/stripfifo 1515802264 \
      CP chip_fifo
FL /home/rrivera/tmp/stib_ots_tk2_/strip/stripreset.vhd 2017/06/02.12:02:00 P.20131013
EN strip/stripreset 1515802258 \
      FL /home/rrivera/tmp/stib_ots_tk2_/strip/stripreset.vhd \
      PB ieee/std_logic_1164 1381692176 PB ieee/NUMERIC_STD 1381692181
AR strip/stripreset/RTL 1515802259 \
      FL /home/rrivera/tmp/stib_ots_tk2_/strip/stripreset.vhd EN strip/stripreset 1515802258
FL /home/rrivera/tmp/stib_ots_tk2_/strip/stripsc.vhd 2017/06/02.12:02:00 P.20131013
EN strip/stripsc 1515802260 FL /home/rrivera/tmp/stib_ots_tk2_/strip/stripsc.vhd \
      PB ieee/std_logic_1164 1381692176 PB ieee/NUMERIC_STD 1381692181
AR strip/stripsc/Behavioral 1515802261 \
      FL /home/rrivera/tmp/stib_ots_tk2_/strip/stripsc.vhd EN strip/stripsc 1515802260
FL /home/rrivera/tmp/stib_ots_tk2_/strip/stripstream.vhd 2017/06/02.12:02:00 P.20131013
EN strip/stripstream 1515802276 \
      FL /home/rrivera/tmp/stib_ots_tk2_/strip/stripstream.vhd \
      PB ieee/std_logic_1164 1381692176 PB ieee/NUMERIC_STD 1381692181
AR strip/stripstream/Behavioral 1515802277 \
      FL /home/rrivera/tmp/stib_ots_tk2_/strip/stripstream.vhd \
      EN strip/stripstream 1515802276 CP streamipbuf CP packetfifo
FL /home/rrivera/tmp/stib_ots_tk2_/strip/striptbm.vhd 2018/01/12.11:10:38 P.20131013
EN strip/striptbm 1515802272 \
      FL /home/rrivera/tmp/stib_ots_tk2_/strip/striptbm.vhd \
      PB ieee/std_logic_1164 1381692176 PB ieee/NUMERIC_STD 1381692181
AR strip/striptbm/Behavioral 1515802273 \
      FL /home/rrivera/tmp/stib_ots_tk2_/strip/striptbm.vhd EN strip/striptbm 1515802272
FL /home/rrivera/tmp/stib_ots_tk2_/strip/strip_interface.vhd 2018/01/12.18:09:01 P.20131013
EN strip/strip_interface 1515802284 \
      FL /home/rrivera/tmp/stib_ots_tk2_/strip/strip_interface.vhd \
      PB ieee/std_logic_1164 1381692176 LB stib PH stib/iobus 1515802251 \
      PB ieee/NUMERIC_STD 1381692181 LB UNISIM PH unisim/VCOMPONENTS 1381692182
AR strip/strip_interface/behavioral 1515802285 \
      FL /home/rrivera/tmp/stib_ots_tk2_/strip/strip_interface.vhd \
      EN strip/strip_interface 1515802284 CP stripclk CP stripdacspi CP stripdac \
      CP stripreset CP stripsc CP BUFGMUX CP chipserdes CP stripfifo CP trigbuf \
      CP trigprim CP trigproc CP striptbm CP stripana CP stripstream
FL /home/rrivera/tmp/stib_ots_tk2_/strip/trigprim.vhd 2017/06/02.12:02:00 P.20131013
EN strip/trigprim 1515802268 \
      FL /home/rrivera/tmp/stib_ots_tk2_/strip/trigprim.vhd \
      PB ieee/std_logic_1164 1381692176 PB ieee/NUMERIC_STD 1381692181 LB UNISIM \
      PH unisim/VCOMPONENTS 1381692182
AR strip/trigprim/Behavioral 1515802269 \
      FL /home/rrivera/tmp/stib_ots_tk2_/strip/trigprim.vhd EN strip/trigprim 1515802268 \
      CP chip_fifo
FL /home/rrivera/tmp/stib_ots_tk2_/strip/trigproc.vhd 2018/01/12.13:43:13 P.20131013
EN strip/trigproc 1515802270 \
      FL /home/rrivera/tmp/stib_ots_tk2_/strip/trigproc.vhd \
      PB ieee/std_logic_1164 1381692176 PB ieee/NUMERIC_STD 1381692181
AR strip/trigproc/Behavioral 1515802271 \
      FL /home/rrivera/tmp/stib_ots_tk2_/strip/trigproc.vhd EN strip/trigproc 1515802270 \
      CP chip_fifo CP trigcounter
