V3 72
FL /home/rrivera/ots/srcs/otsdaq-firmware/cactus/projects/ftbf/stib_slave_ots/strip/chipserdes.vhd 2018/05/07.15:30:54 P.20131013
EN strip/chipserdes 1526069353 \
      FL /home/rrivera/ots/srcs/otsdaq-firmware/cactus/projects/ftbf/stib_slave_ots/strip/chipserdes.vhd \
      PB ieee/std_logic_1164 1381692176 PB ieee/NUMERIC_STD 1381692181 LB UNISIM \
      PH unisim/VCOMPONENTS 1381692182
AR strip/chipserdes/RTL 1526069354 \
      FL /home/rrivera/ots/srcs/otsdaq-firmware/cactus/projects/ftbf/stib_slave_ots/strip/chipserdes.vhd \
      EN strip/chipserdes 1526069353 CP ISERDES
FL /home/rrivera/ots/srcs/otsdaq-firmware/cactus/projects/ftbf/stib_slave_ots/strip/fastbcocounter.vhd 2018/05/07.15:30:55 P.20131013
EN strip/fastbcocounter 1526069332 \
      FL /home/rrivera/ots/srcs/otsdaq-firmware/cactus/projects/ftbf/stib_slave_ots/strip/fastbcocounter.vhd \
      PB ieee/std_logic_1164 1381692176 PB ieee/NUMERIC_STD 1381692181
AR strip/fastbcocounter/RTL 1526069333 \
      FL /home/rrivera/ots/srcs/otsdaq-firmware/cactus/projects/ftbf/stib_slave_ots/strip/fastbcocounter.vhd \
      EN strip/fastbcocounter 1526069332
FL /home/rrivera/ots/srcs/otsdaq-firmware/cactus/projects/ftbf/stib_slave_ots/strip/stripana.vhd 2018/05/07.15:30:54 P.20131013
EN strip/stripana 1526069365 \
      FL /home/rrivera/ots/srcs/otsdaq-firmware/cactus/projects/ftbf/stib_slave_ots/strip/stripana.vhd \
      PB ieee/std_logic_1164 1381692176 PB ieee/NUMERIC_STD 1381692181
AR strip/stripana/RTL 1526069366 \
      FL /home/rrivera/ots/srcs/otsdaq-firmware/cactus/projects/ftbf/stib_slave_ots/strip/stripana.vhd \
      EN strip/stripana 1526069365
FL /home/rrivera/ots/srcs/otsdaq-firmware/cactus/projects/ftbf/stib_slave_ots/strip/stripclk.vhd 2018/05/11.14:34:48 P.20131013
EN strip/stripclk 1526069343 \
      FL /home/rrivera/ots/srcs/otsdaq-firmware/cactus/projects/ftbf/stib_slave_ots/strip/stripclk.vhd \
      PB ieee/std_logic_1164 1381692176 PB ieee/NUMERIC_STD 1381692181 LB UNISIM \
      PH unisim/VCOMPONENTS 1381692182
AR strip/stripclk/Behavioral 1526069344 \
      FL /home/rrivera/ots/srcs/otsdaq-firmware/cactus/projects/ftbf/stib_slave_ots/strip/stripclk.vhd \
      EN strip/stripclk 1526069343 CP dcm_base CP bufg CP idelayctrl CP bufgctrl \
      CP std_logic CP unsigned CP dcm_adv CP bcocounter CP fastbcocounter
FL /home/rrivera/ots/srcs/otsdaq-firmware/cactus/projects/ftbf/stib_slave_ots/strip/stripdac.vhd 2018/05/07.15:30:54 P.20131013
EN strip/stripdac 1526069347 \
      FL /home/rrivera/ots/srcs/otsdaq-firmware/cactus/projects/ftbf/stib_slave_ots/strip/stripdac.vhd \
      PB ieee/std_logic_1164 1381692176 PB ieee/NUMERIC_STD 1381692181 LB UNISIM \
      PH unisim/VCOMPONENTS 1381692182
AR strip/stripdac/RTL 1526069348 \
      FL /home/rrivera/ots/srcs/otsdaq-firmware/cactus/projects/ftbf/stib_slave_ots/strip/stripdac.vhd \
      EN strip/stripdac 1526069347
FL /home/rrivera/ots/srcs/otsdaq-firmware/cactus/projects/ftbf/stib_slave_ots/strip/stripdacspi.vhd 2018/05/07.15:30:55 P.20131013
EN strip/stripdacspi 1526069345 \
      FL /home/rrivera/ots/srcs/otsdaq-firmware/cactus/projects/ftbf/stib_slave_ots/strip/stripdacspi.vhd \
      PB ieee/std_logic_1164 1381692176 PB ieee/NUMERIC_STD 1381692181 LB UNISIM \
      PH unisim/VCOMPONENTS 1381692182
AR strip/stripdacspi/RTL 1526069346 \
      FL /home/rrivera/ots/srcs/otsdaq-firmware/cactus/projects/ftbf/stib_slave_ots/strip/stripdacspi.vhd \
      EN strip/stripdacspi 1526069345
FL /home/rrivera/ots/srcs/otsdaq-firmware/cactus/projects/ftbf/stib_slave_ots/strip/stripfifo.vhd 2018/05/07.15:30:55 P.20131013
EN strip/stripfifo 1526069355 \
      FL /home/rrivera/ots/srcs/otsdaq-firmware/cactus/projects/ftbf/stib_slave_ots/strip/stripfifo.vhd \
      PB ieee/std_logic_1164 1381692176 PB ieee/NUMERIC_STD 1381692181
AR strip/stripfifo/Behavioral 1526069356 \
      FL /home/rrivera/ots/srcs/otsdaq-firmware/cactus/projects/ftbf/stib_slave_ots/strip/stripfifo.vhd \
      EN strip/stripfifo 1526069355 CP chip_fifo
FL /home/rrivera/ots/srcs/otsdaq-firmware/cactus/projects/ftbf/stib_slave_ots/strip/stripreset.vhd 2018/05/07.15:30:54 P.20131013
EN strip/stripreset 1526069349 \
      FL /home/rrivera/ots/srcs/otsdaq-firmware/cactus/projects/ftbf/stib_slave_ots/strip/stripreset.vhd \
      PB ieee/std_logic_1164 1381692176 PB ieee/NUMERIC_STD 1381692181
AR strip/stripreset/RTL 1526069350 \
      FL /home/rrivera/ots/srcs/otsdaq-firmware/cactus/projects/ftbf/stib_slave_ots/strip/stripreset.vhd \
      EN strip/stripreset 1526069349
FL /home/rrivera/ots/srcs/otsdaq-firmware/cactus/projects/ftbf/stib_slave_ots/strip/stripsc.vhd 2018/05/07.15:30:55 P.20131013
EN strip/stripsc 1526069351 \
      FL /home/rrivera/ots/srcs/otsdaq-firmware/cactus/projects/ftbf/stib_slave_ots/strip/stripsc.vhd \
      PB ieee/std_logic_1164 1381692176 PB ieee/NUMERIC_STD 1381692181
AR strip/stripsc/Behavioral 1526069352 \
      FL /home/rrivera/ots/srcs/otsdaq-firmware/cactus/projects/ftbf/stib_slave_ots/strip/stripsc.vhd \
      EN strip/stripsc 1526069351
FL /home/rrivera/ots/srcs/otsdaq-firmware/cactus/projects/ftbf/stib_slave_ots/strip/stripstream.vhd 2018/05/07.15:30:54 P.20131013
EN strip/stripstream 1526069367 \
      FL /home/rrivera/ots/srcs/otsdaq-firmware/cactus/projects/ftbf/stib_slave_ots/strip/stripstream.vhd \
      PB ieee/std_logic_1164 1381692176 PB ieee/NUMERIC_STD 1381692181
AR strip/stripstream/Behavioral 1526069368 \
      FL /home/rrivera/ots/srcs/otsdaq-firmware/cactus/projects/ftbf/stib_slave_ots/strip/stripstream.vhd \
      EN strip/stripstream 1526069367 CP streamipbuf CP packetfifo
FL /home/rrivera/ots/srcs/otsdaq-firmware/cactus/projects/ftbf/stib_slave_ots/strip/striptbm.vhd 2018/05/10.16:39:14 P.20131013
EN strip/striptbm 1526069363 \
      FL /home/rrivera/ots/srcs/otsdaq-firmware/cactus/projects/ftbf/stib_slave_ots/strip/striptbm.vhd \
      PB ieee/std_logic_1164 1381692176 PB ieee/NUMERIC_STD 1381692181
AR strip/striptbm/Behavioral 1526069364 \
      FL /home/rrivera/ots/srcs/otsdaq-firmware/cactus/projects/ftbf/stib_slave_ots/strip/striptbm.vhd \
      EN strip/striptbm 1526069363
FL /home/rrivera/ots/srcs/otsdaq-firmware/cactus/projects/ftbf/stib_slave_ots/strip/strip_interface.vhd 2018/05/07.15:30:54 P.20131013
EN strip/strip_interface 1526069375 \
      FL /home/rrivera/ots/srcs/otsdaq-firmware/cactus/projects/ftbf/stib_slave_ots/strip/strip_interface.vhd \
      PB ieee/std_logic_1164 1381692176 LB stib PH stib/iobus 1526069342 \
      PB ieee/NUMERIC_STD 1381692181 LB UNISIM PH unisim/VCOMPONENTS 1381692182
AR strip/strip_interface/behavioral 1526069376 \
      FL /home/rrivera/ots/srcs/otsdaq-firmware/cactus/projects/ftbf/stib_slave_ots/strip/strip_interface.vhd \
      EN strip/strip_interface 1526069375 CP stripclk CP stripdacspi CP stripdac \
      CP stripreset CP stripsc CP BUFGMUX CP chipserdes CP stripfifo CP trigbuf \
      CP trigprim CP trigproc CP striptbm CP stripana CP stripstream
FL /home/rrivera/ots/srcs/otsdaq-firmware/cactus/projects/ftbf/stib_slave_ots/strip/trigprim.vhd 2018/05/07.15:30:54 P.20131013
EN strip/trigprim 1526069359 \
      FL /home/rrivera/ots/srcs/otsdaq-firmware/cactus/projects/ftbf/stib_slave_ots/strip/trigprim.vhd \
      PB ieee/std_logic_1164 1381692176 PB ieee/NUMERIC_STD 1381692181 LB UNISIM \
      PH unisim/VCOMPONENTS 1381692182
AR strip/trigprim/Behavioral 1526069360 \
      FL /home/rrivera/ots/srcs/otsdaq-firmware/cactus/projects/ftbf/stib_slave_ots/strip/trigprim.vhd \
      EN strip/trigprim 1526069359 CP chip_fifo
FL /home/rrivera/ots/srcs/otsdaq-firmware/cactus/projects/ftbf/stib_slave_ots/strip/trigproc.vhd 2018/05/07.15:30:54 P.20131013
EN strip/trigproc 1526069361 \
      FL /home/rrivera/ots/srcs/otsdaq-firmware/cactus/projects/ftbf/stib_slave_ots/strip/trigproc.vhd \
      PB ieee/std_logic_1164 1381692176 PB ieee/NUMERIC_STD 1381692181
AR strip/trigproc/Behavioral 1526069362 \
      FL /home/rrivera/ots/srcs/otsdaq-firmware/cactus/projects/ftbf/stib_slave_ots/strip/trigproc.vhd \
      EN strip/trigproc 1526069361 CP chip_fifo CP trigcounter
