#-----------------------------------------------------------
# Vivado v2015.2 (64-bit)
# SW Build 1266856 on Fri Jun 26 16:35:25 MDT 2015
# IP Build 1264090 on Wed Jun 24 14:22:01 MDT 2015
# Start of session at: Thu Aug 23 10:06:32 2018
# Process ID: 16723
# Log file: /home/rrivera/ots/srcs/otsdaq-firmware/cactus/projects/nim_plus/vivado.log
# Journal file: /home/rrivera/ots/srcs/otsdaq-firmware/cactus/projects/nim_plus/vivado.jou
#-----------------------------------------------------------
start_gui
open_project top/top.xpr
Scanning sources...
Finished scanning sources
INFO: [IP_Flow 19-234] Refreshing IP repositories
INFO: [IP_Flow 19-1704] No user IP repositories specified
INFO: [IP_Flow 19-2313] Loaded Vivado IP repository '/opt/local/xilinx/Vivado/2015.2/data/ip'.
open_project: Time (s): cpu = 00:00:17 ; elapsed = 00:00:06 . Memory (MB): peak = 5954.379 ; gain = 162.219 ; free physical = 3802 ; free virtual = 45224
close_project
****** Webtalk v2015.2 (64-bit)
  **** SW Build 1266856 on Fri Jun 26 16:35:25 MDT 2015
  **** IP Build 1264090 on Wed Jun 24 14:22:01 MDT 2015
    ** Copyright 1986-2015 Xilinx, Inc. All Rights Reserved.

source /home/rrivera/ots/srcs/otsdaq-firmware/cactus/projects/nim_plus/top/top.hw/webtalk/labtool_webtalk.tcl -notrace

    while executing
"webtalk_transmit -clientid 496623698 -regid "174141420_1777517734_210658789_367" -xml /home/rrivera/ots/srcs/otsdaq-firmware/cactus/projects/nim_plus/..."
    (file "/home/rrivera/ots/srcs/otsdaq-firmware/cactus/projects/nim_plus/top/top.hw/webtalk/labtool_webtalk.tcl" line 27)
INFO: [Common 17-206] Exiting Webtalk at Fri Oct 19 11:44:45 2018...
open_project /home/rrivera/ots/srcs/otsdaq-firmware/cactus/projects/nim_plus_x/top/top.xpr
Scanning sources...
Finished scanning sources
INFO: [IP_Flow 19-234] Refreshing IP repositories
INFO: [IP_Flow 19-1704] No user IP repositories specified
INFO: [IP_Flow 19-2313] Loaded Vivado IP repository '/opt/local/xilinx/Vivado/2015.2/data/ip'.
reset_run synth_1
launch_runs impl_1 -to_step write_bitstream -jobs 6
[Fri Oct 19 11:47:36 2018] Launched synth_1...
Run output will be captured here: /home/rrivera/ots/srcs/otsdaq-firmware/cactus/projects/nim_plus_x/top/top.runs/synth_1/runme.log
[Fri Oct 19 11:47:36 2018] Launched impl_1...
Run output will be captured here: /home/rrivera/ots/srcs/otsdaq-firmware/cactus/projects/nim_plus_x/top/top.runs/impl_1/runme.log
